review	Set up job	﻿2025-10-31T21:35:28.6149790Z Current runner version: '2.329.0'
review	Set up job	2025-10-31T21:35:28.6184858Z ##[group]Runner Image Provisioner
review	Set up job	2025-10-31T21:35:28.6186105Z Hosted Compute Agent
review	Set up job	2025-10-31T21:35:28.6187268Z Version: 20251016.436
review	Set up job	2025-10-31T21:35:28.6188287Z Commit: 8ab8ac8bfd662a3739dab9fe09456aba92132568
review	Set up job	2025-10-31T21:35:28.6189409Z Build Date: 2025-10-15T20:44:12Z
review	Set up job	2025-10-31T21:35:28.6190481Z ##[endgroup]
review	Set up job	2025-10-31T21:35:28.6191354Z ##[group]Operating System
review	Set up job	2025-10-31T21:35:28.6192253Z Ubuntu
review	Set up job	2025-10-31T21:35:28.6193083Z 24.04.3
review	Set up job	2025-10-31T21:35:28.6193815Z LTS
review	Set up job	2025-10-31T21:35:28.6194629Z ##[endgroup]
review	Set up job	2025-10-31T21:35:28.6195442Z ##[group]Runner Image
review	Set up job	2025-10-31T21:35:28.6196377Z Image: ubuntu-24.04
review	Set up job	2025-10-31T21:35:28.6197414Z Version: 20251030.96.2
review	Set up job	2025-10-31T21:35:28.6199321Z Included Software: https://github.com/actions/runner-images/blob/ubuntu24/20251030.96/images/ubuntu/Ubuntu2404-Readme.md
review	Set up job	2025-10-31T21:35:28.6201791Z Image Release: https://github.com/actions/runner-images/releases/tag/ubuntu24%2F20251030.96
review	Set up job	2025-10-31T21:35:28.6203673Z ##[endgroup]
review	Set up job	2025-10-31T21:35:28.6205376Z ##[group]GITHUB_TOKEN Permissions
review	Set up job	2025-10-31T21:35:28.6208066Z Contents: read
review	Set up job	2025-10-31T21:35:28.6208919Z Metadata: read
review	Set up job	2025-10-31T21:35:28.6209687Z PullRequests: write
review	Set up job	2025-10-31T21:35:28.6210602Z ##[endgroup]
review	Set up job	2025-10-31T21:35:28.6213431Z Secret source: Actions
review	Set up job	2025-10-31T21:35:28.6214449Z Prepare workflow directory
review	Set up job	2025-10-31T21:35:28.6668441Z Prepare all required actions
review	Set up job	2025-10-31T21:35:28.6724163Z Getting action download info
review	Set up job	2025-10-31T21:35:28.9595826Z Download action repository 'actions/checkout@v4' (SHA:08eba0b27e820071cde6df949e0beb9ba4906955)
review	Set up job	2025-10-31T21:35:29.1304071Z Download action repository 'actions/upload-artifact@v4' (SHA:ea165f8d65b6e75b540449e92b4886f43607fa02)
review	Set up job	2025-10-31T21:35:29.2491384Z Download action repository 'actions/github-script@v7' (SHA:f28e40c7f34bde8b3046d885e986cb6290c5673b)
review	Set up job	2025-10-31T21:35:29.5048050Z Complete job name: review
review	⬇️ Checkout	﻿2025-10-31T21:35:29.5707483Z ##[group]Run actions/checkout@v4
review	⬇️ Checkout	2025-10-31T21:35:29.5708393Z with:
review	⬇️ Checkout	2025-10-31T21:35:29.5708843Z   repository: Tazaai/medplat
review	⬇️ Checkout	2025-10-31T21:35:29.5709510Z   token: ***
review	⬇️ Checkout	2025-10-31T21:35:29.5709914Z   ssh-strict: true
review	⬇️ Checkout	2025-10-31T21:35:29.5710326Z   ssh-user: git
review	⬇️ Checkout	2025-10-31T21:35:29.5710755Z   persist-credentials: true
review	⬇️ Checkout	2025-10-31T21:35:29.5711222Z   clean: true
review	⬇️ Checkout	2025-10-31T21:35:29.5711647Z   sparse-checkout-cone-mode: true
review	⬇️ Checkout	2025-10-31T21:35:29.5712156Z   fetch-depth: 1
review	⬇️ Checkout	2025-10-31T21:35:29.5712574Z   fetch-tags: false
review	⬇️ Checkout	2025-10-31T21:35:29.5713000Z   show-progress: true
review	⬇️ Checkout	2025-10-31T21:35:29.5713414Z   lfs: false
review	⬇️ Checkout	2025-10-31T21:35:29.5713805Z   submodules: false
review	⬇️ Checkout	2025-10-31T21:35:29.5714216Z   set-safe-directory: true
review	⬇️ Checkout	2025-10-31T21:35:29.5715003Z ##[endgroup]
review	⬇️ Checkout	2025-10-31T21:35:29.6924875Z Syncing repository: Tazaai/medplat
review	⬇️ Checkout	2025-10-31T21:35:29.6927046Z ##[group]Getting Git version info
review	⬇️ Checkout	2025-10-31T21:35:29.6927820Z Working directory is '/home/runner/work/medplat/medplat'
review	⬇️ Checkout	2025-10-31T21:35:29.6928862Z [command]/usr/bin/git version
review	⬇️ Checkout	2025-10-31T21:35:29.7008649Z git version 2.51.2
review	⬇️ Checkout	2025-10-31T21:35:29.7033716Z ##[endgroup]
review	⬇️ Checkout	2025-10-31T21:35:29.7047455Z Temporarily overriding HOME='/home/runner/work/_temp/41c63324-a822-4d5d-9dd6-5a305ac23be8' before making global git config changes
review	⬇️ Checkout	2025-10-31T21:35:29.7049501Z Adding repository directory to the temporary git global config as a safe directory
review	⬇️ Checkout	2025-10-31T21:35:29.7052120Z [command]/usr/bin/git config --global --add safe.directory /home/runner/work/medplat/medplat
review	⬇️ Checkout	2025-10-31T21:35:29.7089261Z Deleting the contents of '/home/runner/work/medplat/medplat'
review	⬇️ Checkout	2025-10-31T21:35:29.7092590Z ##[group]Initializing the repository
review	⬇️ Checkout	2025-10-31T21:35:29.7096493Z [command]/usr/bin/git init /home/runner/work/medplat/medplat
review	⬇️ Checkout	2025-10-31T21:35:29.7195928Z hint: Using 'master' as the name for the initial branch. This default branch name
review	⬇️ Checkout	2025-10-31T21:35:29.7198566Z hint: is subject to change. To configure the initial branch name to use in all
review	⬇️ Checkout	2025-10-31T21:35:29.7201361Z hint: of your new repositories, which will suppress this warning, call:
review	⬇️ Checkout	2025-10-31T21:35:29.7203550Z hint:
review	⬇️ Checkout	2025-10-31T21:35:29.7204698Z hint: 	git config --global init.defaultBranch <name>
review	⬇️ Checkout	2025-10-31T21:35:29.7205641Z hint:
review	⬇️ Checkout	2025-10-31T21:35:29.7206527Z hint: Names commonly chosen instead of 'master' are 'main', 'trunk' and
review	⬇️ Checkout	2025-10-31T21:35:29.7208210Z hint: 'development'. The just-created branch can be renamed via this command:
review	⬇️ Checkout	2025-10-31T21:35:29.7210022Z hint:
review	⬇️ Checkout	2025-10-31T21:35:29.7210638Z hint: 	git branch -m <name>
review	⬇️ Checkout	2025-10-31T21:35:29.7211369Z hint:
review	⬇️ Checkout	2025-10-31T21:35:29.7212422Z hint: Disable this message with "git config set advice.defaultBranchName false"
review	⬇️ Checkout	2025-10-31T21:35:29.7213720Z Initialized empty Git repository in /home/runner/work/medplat/medplat/.git/
review	⬇️ Checkout	2025-10-31T21:35:29.7216075Z [command]/usr/bin/git remote add origin https://github.com/Tazaai/medplat
review	⬇️ Checkout	2025-10-31T21:35:29.7248712Z ##[endgroup]
review	⬇️ Checkout	2025-10-31T21:35:29.7249660Z ##[group]Disabling automatic garbage collection
review	⬇️ Checkout	2025-10-31T21:35:29.7252203Z [command]/usr/bin/git config --local gc.auto 0
review	⬇️ Checkout	2025-10-31T21:35:29.7283646Z ##[endgroup]
review	⬇️ Checkout	2025-10-31T21:35:29.7284616Z ##[group]Setting up auth
review	⬇️ Checkout	2025-10-31T21:35:29.7294093Z [command]/usr/bin/git config --local --name-only --get-regexp core\.sshCommand
review	⬇️ Checkout	2025-10-31T21:35:29.7328974Z [command]/usr/bin/git submodule foreach --recursive sh -c "git config --local --name-only --get-regexp 'core\.sshCommand' && git config --local --unset-all 'core.sshCommand' || :"
review	⬇️ Checkout	2025-10-31T21:35:29.7656445Z [command]/usr/bin/git config --local --name-only --get-regexp http\.https\:\/\/github\.com\/\.extraheader
review	⬇️ Checkout	2025-10-31T21:35:29.7690502Z [command]/usr/bin/git submodule foreach --recursive sh -c "git config --local --name-only --get-regexp 'http\.https\:\/\/github\.com\/\.extraheader' && git config --local --unset-all 'http.https://github.com/.extraheader' || :"
review	⬇️ Checkout	2025-10-31T21:35:29.7925929Z [command]/usr/bin/git config --local http.https://github.com/.extraheader AUTHORIZATION: basic ***
review	⬇️ Checkout	2025-10-31T21:35:29.7961488Z ##[endgroup]
review	⬇️ Checkout	2025-10-31T21:35:29.7962936Z ##[group]Fetching the repository
review	⬇️ Checkout	2025-10-31T21:35:29.7972416Z [command]/usr/bin/git -c protocol.version=2 fetch --no-tags --prune --no-recurse-submodules --depth=1 origin +527c1c3cf1eb93ef1405288cc69811e9116d54df:refs/remotes/pull/18/merge
review	⬇️ Checkout	2025-10-31T21:35:31.0785906Z From https://github.com/Tazaai/medplat
review	⬇️ Checkout	2025-10-31T21:35:31.0788508Z  * [new ref]         527c1c3cf1eb93ef1405288cc69811e9116d54df -> pull/18/merge
review	⬇️ Checkout	2025-10-31T21:35:31.0826450Z ##[endgroup]
review	⬇️ Checkout	2025-10-31T21:35:31.0827583Z ##[group]Determining the checkout info
review	⬇️ Checkout	2025-10-31T21:35:31.0829703Z ##[endgroup]
review	⬇️ Checkout	2025-10-31T21:35:31.0836396Z [command]/usr/bin/git sparse-checkout disable
review	⬇️ Checkout	2025-10-31T21:35:31.0884035Z [command]/usr/bin/git config --local --unset-all extensions.worktreeConfig
review	⬇️ Checkout	2025-10-31T21:35:31.0913646Z ##[group]Checking out the ref
review	⬇️ Checkout	2025-10-31T21:35:31.0918089Z [command]/usr/bin/git checkout --progress --force refs/remotes/pull/18/merge
review	⬇️ Checkout	2025-10-31T21:35:31.1589255Z Note: switching to 'refs/remotes/pull/18/merge'.
review	⬇️ Checkout	2025-10-31T21:35:31.1590878Z 
review	⬇️ Checkout	2025-10-31T21:35:31.1592120Z You are in 'detached HEAD' state. You can look around, make experimental
review	⬇️ Checkout	2025-10-31T21:35:31.1594376Z changes and commit them, and you can discard any commits you make in this
review	⬇️ Checkout	2025-10-31T21:35:31.1596449Z state without impacting any branches by switching back to a branch.
review	⬇️ Checkout	2025-10-31T21:35:31.1597703Z 
review	⬇️ Checkout	2025-10-31T21:35:31.1598442Z If you want to create a new branch to retain commits you create, you may
review	⬇️ Checkout	2025-10-31T21:35:31.1600081Z do so (now or later) by using -c with the switch command. Example:
review	⬇️ Checkout	2025-10-31T21:35:31.1600762Z 
review	⬇️ Checkout	2025-10-31T21:35:31.1601037Z   git switch -c <new-branch-name>
review	⬇️ Checkout	2025-10-31T21:35:31.1601501Z 
review	⬇️ Checkout	2025-10-31T21:35:31.1601769Z Or undo this operation with:
review	⬇️ Checkout	2025-10-31T21:35:31.1602197Z 
review	⬇️ Checkout	2025-10-31T21:35:31.1602433Z   git switch -
review	⬇️ Checkout	2025-10-31T21:35:31.1602784Z 
review	⬇️ Checkout	2025-10-31T21:35:31.1603326Z Turn off this advice by setting config variable advice.detachedHead to false
review	⬇️ Checkout	2025-10-31T21:35:31.1604162Z 
review	⬇️ Checkout	2025-10-31T21:35:31.1605088Z HEAD is now at 527c1c3 Merge 53a8a54f376ce74005bc52e1f585c9b963512d36 into 13d4fe9e950be7f795c910c1f2d80d15ef051a44
review	⬇️ Checkout	2025-10-31T21:35:31.1608506Z ##[endgroup]
review	⬇️ Checkout	2025-10-31T21:35:31.1638550Z [command]/usr/bin/git log -1 --format=%H
review	⬇️ Checkout	2025-10-31T21:35:31.1663933Z 527c1c3cf1eb93ef1405288cc69811e9116d54df
review	🧠 Run review_report.sh (CI-safe)	﻿2025-10-31T21:35:31.1869330Z ##[group]Run set -e
review	🧠 Run review_report.sh (CI-safe)	2025-10-31T21:35:31.1869894Z [36;1mset -e[0m
review	🧠 Run review_report.sh (CI-safe)	2025-10-31T21:35:31.1870639Z [36;1m# Run in CI-safe mode to avoid requiring local secrets, but still produce agent.md[0m
review	🧠 Run review_report.sh (CI-safe)	2025-10-31T21:35:31.1871580Z [36;1mGITHUB_ACTIONS=true ./review_report.sh || true[0m
review	🧠 Run review_report.sh (CI-safe)	2025-10-31T21:35:31.1872252Z [36;1mecho "---"[0m
review	🧠 Run review_report.sh (CI-safe)	2025-10-31T21:35:31.1872720Z [36;1mecho "agent.md preview:"[0m
review	🧠 Run review_report.sh (CI-safe)	2025-10-31T21:35:31.1873443Z [36;1mtest -f agent.md && sed -n '1,120p' agent.md || echo "agent.md not found"[0m
review	🧠 Run review_report.sh (CI-safe)	2025-10-31T21:35:31.1912601Z shell: /usr/bin/bash --noprofile --norc -e -o pipefail {0}
review	🧠 Run review_report.sh (CI-safe)	2025-10-31T21:35:31.1913383Z ##[endgroup]
review	🧠 Run review_report.sh (CI-safe)	2025-10-31T21:35:31.1994996Z /home/runner/work/_temp/0a3194ab-367b-415a-93f2-807a6ccab93c.sh: line 3: ./review_report.sh: Permission denied
review	🧠 Run review_report.sh (CI-safe)	2025-10-31T21:35:31.1996564Z ---
review	🧠 Run review_report.sh (CI-safe)	2025-10-31T21:35:31.1997444Z agent.md preview:
review	🧠 Run review_report.sh (CI-safe)	2025-10-31T21:35:31.2009784Z =====================================================
review	🧠 Run review_report.sh (CI-safe)	2025-10-31T21:35:31.2011560Z 🧠 MedPlat Diagnostic & Readiness Review
review	🧠 Run review_report.sh (CI-safe)	2025-10-31T21:35:31.2012407Z =====================================================
review	🧠 Run review_report.sh (CI-safe)	2025-10-31T21:35:31.2013767Z 📘 PROJECT_GUIDE.md found — master documentation loaded
review	🧠 Run review_report.sh (CI-safe)	2025-10-31T21:35:31.2014773Z 
review	🧠 Run review_report.sh (CI-safe)	2025-10-31T21:35:31.2015255Z ## 📁 Checking key directories...
review	🧠 Run review_report.sh (CI-safe)	2025-10-31T21:35:31.2015967Z ✅ backend/
review	🧠 Run review_report.sh (CI-safe)	2025-10-31T21:35:31.2016502Z ✅ frontend/
review	🧠 Run review_report.sh (CI-safe)	2025-10-31T21:35:31.2017315Z ✅ .github/workflows/
review	🧠 Run review_report.sh (CI-safe)	2025-10-31T21:35:31.2017671Z 
review	🧠 Run review_report.sh (CI-safe)	2025-10-31T21:35:31.2018222Z ## 🔐 Validating environment variables (GitHub Secrets expected)...
review	🧠 Run review_report.sh (CI-safe)	2025-10-31T21:35:31.2019223Z ❌ Missing OPENAI_API_KEY
review	🧠 Run review_report.sh (CI-safe)	2025-10-31T21:35:31.2019881Z ❌ Missing GCP_PROJECT
review	🧠 Run review_report.sh (CI-safe)	2025-10-31T21:35:31.2020483Z ❌ Missing GCP_SA_KEY
review	🧠 Run review_report.sh (CI-safe)	2025-10-31T21:35:31.2021060Z ❌ Missing FIREBASE_SERVICE_KEY
review	🧠 Run review_report.sh (CI-safe)	2025-10-31T21:35:31.2021680Z ❌ Missing VITE_API_BASE
review	🧠 Run review_report.sh (CI-safe)	2025-10-31T21:35:31.2022653Z 🚨 5 required secrets missing. Configure them in GitHub → Settings → Secrets → Actions.
review	🧠 Run review_report.sh (CI-safe)	2025-10-31T21:35:31.2023475Z 
review	🧠 Run review_report.sh (CI-safe)	2025-10-31T21:35:31.2023745Z ## 🧱 Backend diagnostics...
review	🧠 Run review_report.sh (CI-safe)	2025-10-31T21:35:31.2024362Z ✅ backend/index.js found
review	🧠 Run review_report.sh (CI-safe)	2025-10-31T21:35:31.2024952Z ✅ Port binding OK
review	🧠 Run review_report.sh (CI-safe)	2025-10-31T21:35:31.2025467Z ✅ Host binding OK
review	🧠 Run review_report.sh (CI-safe)	2025-10-31T21:35:31.2025981Z ✅ Routes mounted
review	🧠 Run review_report.sh (CI-safe)	2025-10-31T21:35:31.2026267Z 
review	🧠 Run review_report.sh (CI-safe)	2025-10-31T21:35:31.2026512Z ## 🧩 Backend routes...
review	🧠 Run review_report.sh (CI-safe)	2025-10-31T21:35:31.2027330Z ✅ topics_api.mjs present
review	🧠 Run review_report.sh (CI-safe)	2025-10-31T21:35:31.2027928Z ✅ dialog_api.mjs present
review	🧠 Run review_report.sh (CI-safe)	2025-10-31T21:35:31.2028518Z ✅ gamify_api.mjs present
review	🧠 Run review_report.sh (CI-safe)	2025-10-31T21:35:31.2029111Z ✅ comment_api.mjs present
review	🧠 Run review_report.sh (CI-safe)	2025-10-31T21:35:31.2029458Z 
review	🧠 Run review_report.sh (CI-safe)	2025-10-31T21:35:31.2029724Z ## 🎨 Frontend diagnostics...
review	🧠 Run review_report.sh (CI-safe)	2025-10-31T21:35:31.2030344Z ✅ CaseView.jsx present
review	🧠 Run review_report.sh (CI-safe)	2025-10-31T21:35:31.2030876Z ✅ Level2CaseLogic.jsx present
review	🧠 Run review_report.sh (CI-safe)	2025-10-31T21:35:31.2031452Z ✅ DialogChat.jsx present
review	🧠 Run review_report.sh (CI-safe)	2025-10-31T21:35:31.2031762Z 
review	🧠 Run review_report.sh (CI-safe)	2025-10-31T21:35:31.2032006Z ## 🔥 Firebase configuration...
review	🧠 Run review_report.sh (CI-safe)	2025-10-31T21:35:31.2032596Z ✅ Firebase client found
review	🧠 Run review_report.sh (CI-safe)	2025-10-31T21:35:31.2033111Z ✅ Firebase initialized
review	🧠 Run review_report.sh (CI-safe)	2025-10-31T21:35:31.2033411Z 
review	🧠 Run review_report.sh (CI-safe)	2025-10-31T21:35:31.2033652Z ## 🧠 OpenAI configuration...
review	🧠 Run review_report.sh (CI-safe)	2025-10-31T21:35:31.2034255Z ⚠️ OpenAI API key reference missing
review	🧠 Run review_report.sh (CI-safe)	2025-10-31T21:35:31.2034652Z 
review	🧠 Run review_report.sh (CI-safe)	2025-10-31T21:35:31.2034900Z ## 🐳 Docker & Cloud Run config...
review	🧠 Run review_report.sh (CI-safe)	2025-10-31T21:35:31.2035490Z ✅ Backend Dockerfile OK
review	🧠 Run review_report.sh (CI-safe)	2025-10-31T21:35:31.2036030Z ✅ Frontend Dockerfile OK
review	🧠 Run review_report.sh (CI-safe)	2025-10-31T21:35:31.2036342Z 
review	🧠 Run review_report.sh (CI-safe)	2025-10-31T21:35:31.2036746Z ## ⚙️ GitHub Actions workflow...
review	🧠 Run review_report.sh (CI-safe)	2025-10-31T21:35:31.2037350Z ✅ deploy.yml found
review	🧠 Run review_report.sh (CI-safe)	2025-10-31T21:35:31.2037863Z ✅ Artifact Registry configured
review	🧠 Run review_report.sh (CI-safe)	2025-10-31T21:35:31.2038212Z 
review	🧠 Run review_report.sh (CI-safe)	2025-10-31T21:35:31.2038427Z =====================================================
review	🧠 Run review_report.sh (CI-safe)	2025-10-31T21:35:31.2039036Z 📊 SUMMARY
review	🧠 Run review_report.sh (CI-safe)	2025-10-31T21:35:31.2039473Z =====================================================
review	🧠 Run review_report.sh (CI-safe)	2025-10-31T21:35:31.2040052Z Backend: OK
review	🧠 Run review_report.sh (CI-safe)	2025-10-31T21:35:31.2040474Z Frontend: OK
review	🧠 Run review_report.sh (CI-safe)	2025-10-31T21:35:31.2040885Z Secrets configured: 0 / 5
review	🧠 Run review_report.sh (CI-safe)	2025-10-31T21:35:31.2041591Z =====================================================
review	🧠 Run review_report.sh (CI-safe)	2025-10-31T21:35:31.2042245Z 🚨 Deployment NOT READY — missing secrets.
review	📎 Upload agent.md artifact	﻿2025-10-31T21:35:31.2121092Z ##[group]Run actions/upload-artifact@v4
review	📎 Upload agent.md artifact	2025-10-31T21:35:31.2121725Z with:
review	📎 Upload agent.md artifact	2025-10-31T21:35:31.2122106Z   name: agent-md
review	📎 Upload agent.md artifact	2025-10-31T21:35:31.2122522Z   path: agent.md
review	📎 Upload agent.md artifact	2025-10-31T21:35:31.2122950Z   if-no-files-found: warn
review	📎 Upload agent.md artifact	2025-10-31T21:35:31.2123432Z   compression-level: 6
review	📎 Upload agent.md artifact	2025-10-31T21:35:31.2123871Z   overwrite: false
review	📎 Upload agent.md artifact	2025-10-31T21:35:31.2124316Z   include-hidden-files: false
review	📎 Upload agent.md artifact	2025-10-31T21:35:31.2124803Z ##[endgroup]
review	📎 Upload agent.md artifact	2025-10-31T21:35:31.4327580Z With the provided path, there will be 1 file uploaded
review	📎 Upload agent.md artifact	2025-10-31T21:35:31.4331991Z Artifact name is valid!
review	📎 Upload agent.md artifact	2025-10-31T21:35:31.4333290Z Root directory input is valid!
review	📎 Upload agent.md artifact	2025-10-31T21:35:31.5148398Z Beginning upload of artifact content to blob storage
review	📎 Upload agent.md artifact	2025-10-31T21:35:31.5562446Z Uploaded bytes 818
review	📎 Upload agent.md artifact	2025-10-31T21:35:31.5757165Z Finished uploading artifact content to blob storage!
review	📎 Upload agent.md artifact	2025-10-31T21:35:31.5847574Z SHA256 digest of uploaded artifact zip is 3b2dd5320da1a2c80f61e1f5e965c3f3f7f0160d09023f111e51794525a44ac4
review	📎 Upload agent.md artifact	2025-10-31T21:35:31.5849948Z Finalizing artifact upload
review	📎 Upload agent.md artifact	2025-10-31T21:35:31.6448013Z Artifact agent-md.zip successfully finalized. Artifact ID 4434489711
review	📎 Upload agent.md artifact	2025-10-31T21:35:31.6451132Z Artifact agent-md has been successfully uploaded! Final size is 818 bytes. Artifact ID is 4434489711
review	📎 Upload agent.md artifact	2025-10-31T21:35:31.6458458Z Artifact download URL: https://github.com/Tazaai/medplat/actions/runs/18985812851/artifacts/4434489711
review	💬 Comment review report on PR	﻿2025-10-31T21:35:31.6696556Z ##[group]Run actions/github-script@v7
review	💬 Comment review report on PR	2025-10-31T21:35:31.6697702Z with:
review	💬 Comment review report on PR	2025-10-31T21:35:31.6705309Z   script: const fs = require('fs');
review	💬 Comment review report on PR	const path = 'agent.md';
review	💬 Comment review report on PR	let body = fs.existsSync(path) ? fs.readFileSync(path, 'utf8') : 'agent.md not found';
review	💬 Comment review report on PR	// Truncate to avoid hitting GitHub comment limits
review	💬 Comment review report on PR	const MAX = 60000;
review	💬 Comment review report on PR	if (body.length > MAX) body = body.slice(0, MAX) + '\n\n… (truncated)';
review	💬 Comment review report on PR	const number = context.payload.pull_request?.number;
review	💬 Comment review report on PR	if (!number) {
review	💬 Comment review report on PR	  core.info('No PR number — skipping comment');
review	💬 Comment review report on PR	} else {
review	💬 Comment review report on PR	  await github.rest.issues.createComment({
review	💬 Comment review report on PR	    owner: context.repo.owner,
review	💬 Comment review report on PR	    repo: context.repo.repo,
review	💬 Comment review report on PR	    issue_number: number,
review	💬 Comment review report on PR	    body: `🧠 MedPlat – review_report.sh output (CI mode)\n\n\n\n\n${'```'}\n${body}\n${'```'}`
review	💬 Comment review report on PR	  });
review	💬 Comment review report on PR	}
review	💬 Comment review report on PR	
review	💬 Comment review report on PR	2025-10-31T21:35:31.6713451Z   github-token: ***
review	💬 Comment review report on PR	2025-10-31T21:35:31.6714188Z   debug: false
review	💬 Comment review report on PR	2025-10-31T21:35:31.6714946Z   user-agent: actions/github-script
review	💬 Comment review report on PR	2025-10-31T21:35:31.6715888Z   result-encoding: json
review	💬 Comment review report on PR	2025-10-31T21:35:31.6716815Z   retries: 0
review	💬 Comment review report on PR	2025-10-31T21:35:31.6717695Z   retry-exempt-status-codes: 400,401,403,404,422
review	💬 Comment review report on PR	2025-10-31T21:35:31.6718760Z ##[endgroup]
review	Post ⬇️ Checkout	﻿2025-10-31T21:35:32.3525232Z Post job cleanup.
review	Post ⬇️ Checkout	2025-10-31T21:35:32.4494142Z [command]/usr/bin/git version
review	Post ⬇️ Checkout	2025-10-31T21:35:32.4531744Z git version 2.51.2
review	Post ⬇️ Checkout	2025-10-31T21:35:32.4582432Z Temporarily overriding HOME='/home/runner/work/_temp/a6d99f3f-4453-49f5-823d-cebf6e92fd53' before making global git config changes
review	Post ⬇️ Checkout	2025-10-31T21:35:32.4585090Z Adding repository directory to the temporary git global config as a safe directory
review	Post ⬇️ Checkout	2025-10-31T21:35:32.4588054Z [command]/usr/bin/git config --global --add safe.directory /home/runner/work/medplat/medplat
review	Post ⬇️ Checkout	2025-10-31T21:35:32.4622770Z [command]/usr/bin/git config --local --name-only --get-regexp core\.sshCommand
review	Post ⬇️ Checkout	2025-10-31T21:35:32.4657355Z [command]/usr/bin/git submodule foreach --recursive sh -c "git config --local --name-only --get-regexp 'core\.sshCommand' && git config --local --unset-all 'core.sshCommand' || :"
review	Post ⬇️ Checkout	2025-10-31T21:35:32.4894231Z [command]/usr/bin/git config --local --name-only --get-regexp http\.https\:\/\/github\.com\/\.extraheader
review	Post ⬇️ Checkout	2025-10-31T21:35:32.4916836Z http.https://github.com/.extraheader
review	Post ⬇️ Checkout	2025-10-31T21:35:32.4930497Z [command]/usr/bin/git config --local --unset-all http.https://github.com/.extraheader
review	Post ⬇️ Checkout	2025-10-31T21:35:32.4961278Z [command]/usr/bin/git submodule foreach --recursive sh -c "git config --local --name-only --get-regexp 'http\.https\:\/\/github\.com\/\.extraheader' && git config --local --unset-all 'http.https://github.com/.extraheader' || :"
review	Complete job	﻿2025-10-31T21:35:32.5320151Z Cleaning up orphan processes
