validate-secrets	Set up job	Ôªø2025-10-31T21:37:12.0303848Z Current runner version: '2.329.0'
validate-secrets	Set up job	2025-10-31T21:37:12.0354223Z ##[group]Runner Image Provisioner
validate-secrets	Set up job	2025-10-31T21:37:12.0355514Z Hosted Compute Agent
validate-secrets	Set up job	2025-10-31T21:37:12.0356443Z Version: 20251016.436
validate-secrets	Set up job	2025-10-31T21:37:12.0357456Z Commit: 8ab8ac8bfd662a3739dab9fe09456aba92132568
validate-secrets	Set up job	2025-10-31T21:37:12.0358547Z Build Date: 2025-10-15T20:44:12Z
validate-secrets	Set up job	2025-10-31T21:37:12.0359434Z ##[endgroup]
validate-secrets	Set up job	2025-10-31T21:37:12.0360425Z ##[group]Operating System
validate-secrets	Set up job	2025-10-31T21:37:12.0361322Z Ubuntu
validate-secrets	Set up job	2025-10-31T21:37:12.0362244Z 24.04.3
validate-secrets	Set up job	2025-10-31T21:37:12.0363108Z LTS
validate-secrets	Set up job	2025-10-31T21:37:12.0363882Z ##[endgroup]
validate-secrets	Set up job	2025-10-31T21:37:12.0364686Z ##[group]Runner Image
validate-secrets	Set up job	2025-10-31T21:37:12.0365609Z Image: ubuntu-24.04
validate-secrets	Set up job	2025-10-31T21:37:12.0366410Z Version: 20251030.96.2
validate-secrets	Set up job	2025-10-31T21:37:12.0367825Z Included Software: https://github.com/actions/runner-images/blob/ubuntu24/20251030.96/images/ubuntu/Ubuntu2404-Readme.md
validate-secrets	Set up job	2025-10-31T21:37:12.0369586Z Image Release: https://github.com/actions/runner-images/releases/tag/ubuntu24%2F20251030.96
validate-secrets	Set up job	2025-10-31T21:37:12.0371168Z ##[endgroup]
validate-secrets	Set up job	2025-10-31T21:37:12.0373229Z ##[group]GITHUB_TOKEN Permissions
validate-secrets	Set up job	2025-10-31T21:37:12.0375449Z Contents: read
validate-secrets	Set up job	2025-10-31T21:37:12.0376414Z Metadata: read
validate-secrets	Set up job	2025-10-31T21:37:12.0377290Z ##[endgroup]
validate-secrets	Set up job	2025-10-31T21:37:12.0379713Z Secret source: Actions
validate-secrets	Set up job	2025-10-31T21:37:12.0380844Z Prepare workflow directory
validate-secrets	Set up job	2025-10-31T21:37:12.0716839Z Prepare all required actions
validate-secrets	Set up job	2025-10-31T21:37:12.0757790Z Getting action download info
validate-secrets	Set up job	2025-10-31T21:37:12.4830523Z Download action repository 'actions/checkout@v4' (SHA:08eba0b27e820071cde6df949e0beb9ba4906955)
validate-secrets	Set up job	2025-10-31T21:37:12.7261605Z Complete job name: validate-secrets
validate-secrets	Run actions/checkout@v4	Ôªø2025-10-31T21:37:12.7958481Z ##[group]Run actions/checkout@v4
validate-secrets	Run actions/checkout@v4	2025-10-31T21:37:12.7959574Z with:
validate-secrets	Run actions/checkout@v4	2025-10-31T21:37:12.7960212Z   repository: Tazaai/medplat
validate-secrets	Run actions/checkout@v4	2025-10-31T21:37:12.7961101Z   token: ***
validate-secrets	Run actions/checkout@v4	2025-10-31T21:37:12.7961712Z   ssh-strict: true
validate-secrets	Run actions/checkout@v4	2025-10-31T21:37:12.7962517Z   ssh-user: git
validate-secrets	Run actions/checkout@v4	2025-10-31T21:37:12.7963171Z   persist-credentials: true
validate-secrets	Run actions/checkout@v4	2025-10-31T21:37:12.7963855Z   clean: true
validate-secrets	Run actions/checkout@v4	2025-10-31T21:37:12.7964522Z   sparse-checkout-cone-mode: true
validate-secrets	Run actions/checkout@v4	2025-10-31T21:37:12.7965275Z   fetch-depth: 1
validate-secrets	Run actions/checkout@v4	2025-10-31T21:37:12.7965919Z   fetch-tags: false
validate-secrets	Run actions/checkout@v4	2025-10-31T21:37:12.7966570Z   show-progress: true
validate-secrets	Run actions/checkout@v4	2025-10-31T21:37:12.7967215Z   lfs: false
validate-secrets	Run actions/checkout@v4	2025-10-31T21:37:12.7967826Z   submodules: false
validate-secrets	Run actions/checkout@v4	2025-10-31T21:37:12.7968476Z   set-safe-directory: true
validate-secrets	Run actions/checkout@v4	2025-10-31T21:37:12.7969421Z ##[endgroup]
validate-secrets	Run actions/checkout@v4	2025-10-31T21:37:12.9044327Z Syncing repository: Tazaai/medplat
validate-secrets	Run actions/checkout@v4	2025-10-31T21:37:12.9046582Z ##[group]Getting Git version info
validate-secrets	Run actions/checkout@v4	2025-10-31T21:37:12.9047524Z Working directory is '/home/runner/work/medplat/medplat'
validate-secrets	Run actions/checkout@v4	2025-10-31T21:37:12.9048796Z [command]/usr/bin/git version
validate-secrets	Run actions/checkout@v4	2025-10-31T21:37:12.9132023Z git version 2.51.2
validate-secrets	Run actions/checkout@v4	2025-10-31T21:37:12.9159425Z ##[endgroup]
validate-secrets	Run actions/checkout@v4	2025-10-31T21:37:12.9175774Z Temporarily overriding HOME='/home/runner/work/_temp/b8b9fbff-e78f-49ef-acb5-c6ecb5bd5a77' before making global git config changes
validate-secrets	Run actions/checkout@v4	2025-10-31T21:37:12.9178663Z Adding repository directory to the temporary git global config as a safe directory
validate-secrets	Run actions/checkout@v4	2025-10-31T21:37:12.9190701Z [command]/usr/bin/git config --global --add safe.directory /home/runner/work/medplat/medplat
validate-secrets	Run actions/checkout@v4	2025-10-31T21:37:12.9227559Z Deleting the contents of '/home/runner/work/medplat/medplat'
validate-secrets	Run actions/checkout@v4	2025-10-31T21:37:12.9231573Z ##[group]Initializing the repository
validate-secrets	Run actions/checkout@v4	2025-10-31T21:37:12.9236711Z [command]/usr/bin/git init /home/runner/work/medplat/medplat
validate-secrets	Run actions/checkout@v4	2025-10-31T21:37:12.9337716Z hint: Using 'master' as the name for the initial branch. This default branch name
validate-secrets	Run actions/checkout@v4	2025-10-31T21:37:12.9339238Z hint: is subject to change. To configure the initial branch name to use in all
validate-secrets	Run actions/checkout@v4	2025-10-31T21:37:12.9341104Z hint: of your new repositories, which will suppress this warning, call:
validate-secrets	Run actions/checkout@v4	2025-10-31T21:37:12.9342646Z hint:
validate-secrets	Run actions/checkout@v4	2025-10-31T21:37:12.9343980Z hint: 	git config --global init.defaultBranch <name>
validate-secrets	Run actions/checkout@v4	2025-10-31T21:37:12.9345513Z hint:
validate-secrets	Run actions/checkout@v4	2025-10-31T21:37:12.9346966Z hint: Names commonly chosen instead of 'master' are 'main', 'trunk' and
validate-secrets	Run actions/checkout@v4	2025-10-31T21:37:12.9349123Z hint: 'development'. The just-created branch can be renamed via this command:
validate-secrets	Run actions/checkout@v4	2025-10-31T21:37:12.9351150Z hint:
validate-secrets	Run actions/checkout@v4	2025-10-31T21:37:12.9352438Z hint: 	git branch -m <name>
validate-secrets	Run actions/checkout@v4	2025-10-31T21:37:12.9353729Z hint:
validate-secrets	Run actions/checkout@v4	2025-10-31T21:37:12.9355271Z hint: Disable this message with "git config set advice.defaultBranchName false"
validate-secrets	Run actions/checkout@v4	2025-10-31T21:37:12.9357484Z Initialized empty Git repository in /home/runner/work/medplat/medplat/.git/
validate-secrets	Run actions/checkout@v4	2025-10-31T21:37:12.9360865Z [command]/usr/bin/git remote add origin https://github.com/Tazaai/medplat
validate-secrets	Run actions/checkout@v4	2025-10-31T21:37:12.9392259Z ##[endgroup]
validate-secrets	Run actions/checkout@v4	2025-10-31T21:37:12.9394158Z ##[group]Disabling automatic garbage collection
validate-secrets	Run actions/checkout@v4	2025-10-31T21:37:12.9396492Z [command]/usr/bin/git config --local gc.auto 0
validate-secrets	Run actions/checkout@v4	2025-10-31T21:37:12.9425884Z ##[endgroup]
validate-secrets	Run actions/checkout@v4	2025-10-31T21:37:12.9426914Z ##[group]Setting up auth
validate-secrets	Run actions/checkout@v4	2025-10-31T21:37:12.9432653Z [command]/usr/bin/git config --local --name-only --get-regexp core\.sshCommand
validate-secrets	Run actions/checkout@v4	2025-10-31T21:37:12.9462941Z [command]/usr/bin/git submodule foreach --recursive sh -c "git config --local --name-only --get-regexp 'core\.sshCommand' && git config --local --unset-all 'core.sshCommand' || :"
validate-secrets	Run actions/checkout@v4	2025-10-31T21:37:12.9802580Z [command]/usr/bin/git config --local --name-only --get-regexp http\.https\:\/\/github\.com\/\.extraheader
validate-secrets	Run actions/checkout@v4	2025-10-31T21:37:12.9833010Z [command]/usr/bin/git submodule foreach --recursive sh -c "git config --local --name-only --get-regexp 'http\.https\:\/\/github\.com\/\.extraheader' && git config --local --unset-all 'http.https://github.com/.extraheader' || :"
validate-secrets	Run actions/checkout@v4	2025-10-31T21:37:13.0068109Z [command]/usr/bin/git config --local http.https://github.com/.extraheader AUTHORIZATION: basic ***
validate-secrets	Run actions/checkout@v4	2025-10-31T21:37:13.0115302Z ##[endgroup]
validate-secrets	Run actions/checkout@v4	2025-10-31T21:37:13.0123855Z ##[group]Fetching the repository
validate-secrets	Run actions/checkout@v4	2025-10-31T21:37:13.0126396Z [command]/usr/bin/git -c protocol.version=2 fetch --no-tags --prune --no-recurse-submodules --depth=1 origin +7f59dfaa272744fbaa2c30123af354167e29284a:refs/remotes/origin/main
validate-secrets	Run actions/checkout@v4	2025-10-31T21:37:18.7663195Z From https://github.com/Tazaai/medplat
validate-secrets	Run actions/checkout@v4	2025-10-31T21:37:18.7664731Z  * [new ref]         7f59dfaa272744fbaa2c30123af354167e29284a -> origin/main
validate-secrets	Run actions/checkout@v4	2025-10-31T21:37:18.7696847Z ##[endgroup]
validate-secrets	Run actions/checkout@v4	2025-10-31T21:37:18.7698782Z ##[group]Determining the checkout info
validate-secrets	Run actions/checkout@v4	2025-10-31T21:37:18.7700916Z ##[endgroup]
validate-secrets	Run actions/checkout@v4	2025-10-31T21:37:18.7703807Z [command]/usr/bin/git sparse-checkout disable
validate-secrets	Run actions/checkout@v4	2025-10-31T21:37:18.7745254Z [command]/usr/bin/git config --local --unset-all extensions.worktreeConfig
validate-secrets	Run actions/checkout@v4	2025-10-31T21:37:18.7775804Z ##[group]Checking out the ref
validate-secrets	Run actions/checkout@v4	2025-10-31T21:37:18.7778377Z [command]/usr/bin/git checkout --progress --force -B main refs/remotes/origin/main
validate-secrets	Run actions/checkout@v4	2025-10-31T21:37:18.8436969Z Switched to a new branch 'main'
validate-secrets	Run actions/checkout@v4	2025-10-31T21:37:18.8438929Z branch 'main' set up to track 'origin/main'.
validate-secrets	Run actions/checkout@v4	2025-10-31T21:37:18.8444645Z ##[endgroup]
validate-secrets	Run actions/checkout@v4	2025-10-31T21:37:18.8480568Z [command]/usr/bin/git log -1 --format=%H
validate-secrets	Run actions/checkout@v4	2025-10-31T21:37:18.8503398Z 7f59dfaa272744fbaa2c30123af354167e29284a
validate-secrets	üîê Validate Secrets	Ôªø2025-10-31T21:37:18.8745470Z ##[group]Run MISSING=0
validate-secrets	üîê Validate Secrets	2025-10-31T21:37:18.8747073Z [36;1mMISSING=0[0m
validate-secrets	üîê Validate Secrets	2025-10-31T21:37:18.8748943Z [36;1m# Required always: OPENAI_API_KEY, GCP_PROJECT, FIREBASE_SERVICE_KEY[0m
validate-secrets	üîê Validate Secrets	2025-10-31T21:37:18.8751464Z [36;1mfor name in OPENAI_API_KEY GCP_PROJECT FIREBASE_SERVICE_KEY; do[0m
validate-secrets	üîê Validate Secrets	2025-10-31T21:37:18.8753679Z [36;1m  val="$(printenv "$name")"[0m
validate-secrets	üîê Validate Secrets	2025-10-31T21:37:18.8755273Z [36;1m  if [ -z "$val" ]; then[0m
validate-secrets	üîê Validate Secrets	2025-10-31T21:37:18.8756844Z [36;1m    echo "‚ùå $name missing"[0m
validate-secrets	üîê Validate Secrets	2025-10-31T21:37:18.8758420Z [36;1m    MISSING=$((MISSING+1))[0m
validate-secrets	üîê Validate Secrets	2025-10-31T21:37:18.8759957Z [36;1m  else[0m
validate-secrets	üîê Validate Secrets	2025-10-31T21:37:18.8761583Z [36;1m    echo "‚úÖ $name present (len=$(printf '%s' \"$val\" | wc -c))"[0m
validate-secrets	üîê Validate Secrets	2025-10-31T21:37:18.8763584Z [36;1m  fi[0m
validate-secrets	üîê Validate Secrets	2025-10-31T21:37:18.8764850Z [36;1mdone[0m
validate-secrets	üîê Validate Secrets	2025-10-31T21:37:18.8766106Z [36;1m[0m
validate-secrets	üîê Validate Secrets	2025-10-31T21:37:18.8767830Z [36;1m# For GCP authentication we accept either a service account key JSON[0m
validate-secrets	üîê Validate Secrets	2025-10-31T21:37:18.8770260Z [36;1m# in GCP_SA_KEY, or Workload Identity Federation configuration via[0m
validate-secrets	üîê Validate Secrets	2025-10-31T21:37:18.8772832Z [36;1m# WORKLOAD_IDENTITY_PROVIDER + WORKLOAD_IDENTITY_SERVICE_ACCOUNT.[0m
validate-secrets	üîê Validate Secrets	2025-10-31T21:37:18.8775257Z [36;1mif [ -n "$(printenv GCP_SA_KEY)" ]; then[0m
validate-secrets	üîê Validate Secrets	2025-10-31T21:37:18.8777159Z [36;1m  echo "‚úÖ GCP_SA_KEY present (service-account key)"[0m
validate-secrets	üîê Validate Secrets	2025-10-31T21:37:18.8778885Z [36;1m  AUTH="sa"[0m
validate-secrets	üîê Validate Secrets	2025-10-31T21:37:18.8781211Z [36;1melif [ -n "$(printenv WORKLOAD_IDENTITY_PROVIDER)" ] && [ -n "$(printenv WORKLOAD_IDENTITY_SERVICE_ACCOUNT)" ]; then[0m
validate-secrets	üîê Validate Secrets	2025-10-31T21:37:18.8784423Z [36;1m  echo "‚úÖ Workload Identity provider and service account present"[0m
validate-secrets	üîê Validate Secrets	2025-10-31T21:37:18.8846833Z [36;1m  AUTH="wif"[0m
validate-secrets	üîê Validate Secrets	2025-10-31T21:37:18.8848404Z [36;1melse[0m
validate-secrets	üîê Validate Secrets	2025-10-31T21:37:18.8851109Z [36;1m  echo "‚ùå GCP auth configuration missing: provide either GCP_SA_KEY or WORKLOAD_IDENTITY_PROVIDER + WORKLOAD_IDENTITY_SERVICE_ACCOUNT"[0m
validate-secrets	üîê Validate Secrets	2025-10-31T21:37:18.8854229Z [36;1m  MISSING=$((MISSING+1))[0m
validate-secrets	üîê Validate Secrets	2025-10-31T21:37:18.8855680Z [36;1mfi[0m
validate-secrets	üîê Validate Secrets	2025-10-31T21:37:18.8856870Z [36;1m[0m
validate-secrets	üîê Validate Secrets	2025-10-31T21:37:18.8858112Z [36;1mif [ $MISSING -eq 0 ]; then[0m
validate-secrets	üîê Validate Secrets	2025-10-31T21:37:18.8859722Z [36;1m  echo "ok=true" >> $GITHUB_OUTPUT[0m
validate-secrets	üîê Validate Secrets	2025-10-31T21:37:18.8862619Z [36;1m  # export which auth method to use: 'sa' or 'wif'[0m
validate-secrets	üîê Validate Secrets	2025-10-31T21:37:18.8866048Z [36;1m  # default to 'sa' if both present prefer service-account key (we set AUTH above)[0m
validate-secrets	üîê Validate Secrets	2025-10-31T21:37:18.8869499Z [36;1m  if [ -z "$AUTH" ]; then[0m
validate-secrets	üîê Validate Secrets	2025-10-31T21:37:18.8871881Z [36;1m    AUTH="sa"[0m
validate-secrets	üîê Validate Secrets	2025-10-31T21:37:18.8873936Z [36;1m  fi[0m
validate-secrets	üîê Validate Secrets	2025-10-31T21:37:18.8875306Z [36;1m  echo "auth=$AUTH" >> $GITHUB_OUTPUT[0m
validate-secrets	üîê Validate Secrets	2025-10-31T21:37:18.8876853Z [36;1melse[0m
validate-secrets	üîê Validate Secrets	2025-10-31T21:37:18.8878155Z [36;1m  echo "ok=false" >> $GITHUB_OUTPUT[0m
validate-secrets	üîê Validate Secrets	2025-10-31T21:37:18.8879691Z [36;1m  exit 1[0m
validate-secrets	üîê Validate Secrets	2025-10-31T21:37:18.8880933Z [36;1mfi[0m
validate-secrets	üîê Validate Secrets	2025-10-31T21:37:18.8919612Z shell: /usr/bin/bash -e ***0***
validate-secrets	üîê Validate Secrets	2025-10-31T21:37:18.8921085Z env:
validate-secrets	üîê Validate Secrets	2025-10-31T21:37:18.8925028Z   OPENAI_API_KEY: ***
validate-secrets	üîê Validate Secrets	2025-10-31T21:37:18.8926382Z   GCP_PROJECT: ***
validate-secrets	üîê Validate Secrets	2025-10-31T21:37:18.8963379Z   GCP_SA_KEY: ***
validate-secrets	üîê Validate Secrets	
validate-secrets	üîê Validate Secrets	2025-10-31T21:37:18.8965999Z   WORKLOAD_IDENTITY_PROVIDER: ***
validate-secrets	üîê Validate Secrets	2025-10-31T21:37:18.8968088Z   WORKLOAD_IDENTITY_SERVICE_ACCOUNT: ***
validate-secrets	üîê Validate Secrets	2025-10-31T21:37:18.9000251Z   FIREBASE_SERVICE_KEY: ***
validate-secrets	üîê Validate Secrets	
validate-secrets	üîê Validate Secrets	2025-10-31T21:37:18.9001605Z ##[endgroup]
validate-secrets	üîê Validate Secrets	2025-10-31T21:37:18.9245428Z ‚úÖ OPENAI_API_KEY present (len=166)
validate-secrets	üîê Validate Secrets	2025-10-31T21:37:18.9273080Z ‚úÖ GCP_PROJECT present (len=16)
validate-secrets	üîê Validate Secrets	2025-10-31T21:37:18.9301156Z ‚úÖ FIREBASE_SERVICE_KEY present (len=2334)
validate-secrets	üîê Validate Secrets	2025-10-31T21:37:18.9314164Z ‚úÖ GCP_SA_KEY present (service-account key)
validate-secrets	Post Run actions/checkout@v4	Ôªø2025-10-31T21:37:18.9508279Z Post job cleanup.
validate-secrets	Post Run actions/checkout@v4	2025-10-31T21:37:19.0468384Z [command]/usr/bin/git version
validate-secrets	Post Run actions/checkout@v4	2025-10-31T21:37:19.0505432Z git version 2.51.2
validate-secrets	Post Run actions/checkout@v4	2025-10-31T21:37:19.0548737Z Temporarily overriding HOME='/home/runner/work/_temp/c03a9bb1-24f1-4744-8227-8dcf67c91682' before making global git config changes
validate-secrets	Post Run actions/checkout@v4	2025-10-31T21:37:19.0551916Z Adding repository directory to the temporary git global config as a safe directory
validate-secrets	Post Run actions/checkout@v4	2025-10-31T21:37:19.0555195Z [command]/usr/bin/git config --global --add safe.directory /home/runner/work/medplat/medplat
validate-secrets	Post Run actions/checkout@v4	2025-10-31T21:37:19.0589566Z [command]/usr/bin/git config --local --name-only --get-regexp core\.sshCommand
validate-secrets	Post Run actions/checkout@v4	2025-10-31T21:37:19.0622828Z [command]/usr/bin/git submodule foreach --recursive sh -c "git config --local --name-only --get-regexp 'core\.sshCommand' && git config --local --unset-all 'core.sshCommand' || :"
validate-secrets	Post Run actions/checkout@v4	2025-10-31T21:37:19.0851336Z [command]/usr/bin/git config --local --name-only --get-regexp http\.https\:\/\/github\.com\/\.extraheader
validate-secrets	Post Run actions/checkout@v4	2025-10-31T21:37:19.0872545Z http.https://github.com/.extraheader
validate-secrets	Post Run actions/checkout@v4	2025-10-31T21:37:19.0885038Z [command]/usr/bin/git config --local --unset-all http.https://github.com/.extraheader
validate-secrets	Post Run actions/checkout@v4	2025-10-31T21:37:19.0915014Z [command]/usr/bin/git submodule foreach --recursive sh -c "git config --local --name-only --get-regexp 'http\.https\:\/\/github\.com\/\.extraheader' && git config --local --unset-all 'http.https://github.com/.extraheader' || :"
validate-secrets	Complete job	Ôªø2025-10-31T21:37:19.1256951Z Evaluate and set job outputs
validate-secrets	Complete job	2025-10-31T21:37:19.1266247Z Set output 'ok'
validate-secrets	Complete job	2025-10-31T21:37:19.1269205Z Set output 'auth'
validate-secrets	Complete job	2025-10-31T21:37:19.1271415Z Cleaning up orphan processes
deploy	Set up job	Ôªø2025-10-31T21:37:25.6777688Z Current runner version: '2.329.0'
deploy	Set up job	2025-10-31T21:37:25.6807182Z ##[group]Runner Image Provisioner
deploy	Set up job	2025-10-31T21:37:25.6808662Z Hosted Compute Agent
deploy	Set up job	2025-10-31T21:37:25.6809653Z Version: 20251016.436
deploy	Set up job	2025-10-31T21:37:25.6810603Z Commit: 8ab8ac8bfd662a3739dab9fe09456aba92132568
deploy	Set up job	2025-10-31T21:37:25.6811688Z Build Date: 2025-10-15T20:44:12Z
deploy	Set up job	2025-10-31T21:37:25.6812659Z ##[endgroup]
deploy	Set up job	2025-10-31T21:37:25.6813513Z ##[group]Operating System
deploy	Set up job	2025-10-31T21:37:25.6814430Z Ubuntu
deploy	Set up job	2025-10-31T21:37:25.6815183Z 24.04.3
deploy	Set up job	2025-10-31T21:37:25.6816046Z LTS
deploy	Set up job	2025-10-31T21:37:25.6817291Z ##[endgroup]
deploy	Set up job	2025-10-31T21:37:25.6818209Z ##[group]Runner Image
deploy	Set up job	2025-10-31T21:37:25.6819152Z Image: ubuntu-24.04
deploy	Set up job	2025-10-31T21:37:25.6820017Z Version: 20251030.96.2
deploy	Set up job	2025-10-31T21:37:25.6821422Z Included Software: https://github.com/actions/runner-images/blob/ubuntu24/20251030.96/images/ubuntu/Ubuntu2404-Readme.md
deploy	Set up job	2025-10-31T21:37:25.6823276Z Image Release: https://github.com/actions/runner-images/releases/tag/ubuntu24%2F20251030.96
deploy	Set up job	2025-10-31T21:37:25.6824967Z ##[endgroup]
deploy	Set up job	2025-10-31T21:37:25.6826990Z ##[group]GITHUB_TOKEN Permissions
deploy	Set up job	2025-10-31T21:37:25.6829817Z Contents: read
deploy	Set up job	2025-10-31T21:37:25.6830769Z Metadata: read
deploy	Set up job	2025-10-31T21:37:25.6831647Z ##[endgroup]
deploy	Set up job	2025-10-31T21:37:25.6834606Z Secret source: Actions
deploy	Set up job	2025-10-31T21:37:25.6835795Z Prepare workflow directory
deploy	Set up job	2025-10-31T21:37:25.7596945Z Prepare all required actions
deploy	Set up job	2025-10-31T21:37:25.7655937Z Getting action download info
deploy	Set up job	2025-10-31T21:37:26.1104490Z Download action repository 'actions/checkout@v4' (SHA:08eba0b27e820071cde6df949e0beb9ba4906955)
deploy	Set up job	2025-10-31T21:37:26.2913372Z Download action repository 'google-github-actions/auth@v2' (SHA:c200f3691d83b41bf9bbd8638997a462592937ed)
deploy	Set up job	2025-10-31T21:37:26.6626898Z Download action repository 'google-github-actions/setup-gcloud@v2' (SHA:e427ad8a34f8676edf47cf7d7925499adf3eb74f)
deploy	Set up job	2025-10-31T21:37:26.9945413Z Download action repository 'actions/upload-artifact@v4' (SHA:ea165f8d65b6e75b540449e92b4886f43607fa02)
deploy	Set up job	2025-10-31T21:37:27.1986755Z Complete job name: deploy
deploy	Run actions/checkout@v4	Ôªø2025-10-31T21:37:27.2814355Z ##[group]Run actions/checkout@v4
deploy	Run actions/checkout@v4	2025-10-31T21:37:27.2815462Z with:
deploy	Run actions/checkout@v4	2025-10-31T21:37:27.2816101Z   repository: Tazaai/medplat
deploy	Run actions/checkout@v4	2025-10-31T21:37:27.2817153Z   token: ***
deploy	Run actions/checkout@v4	2025-10-31T21:37:27.2817776Z   ssh-strict: true
deploy	Run actions/checkout@v4	2025-10-31T21:37:27.2818401Z   ssh-user: git
deploy	Run actions/checkout@v4	2025-10-31T21:37:27.2819031Z   persist-credentials: true
deploy	Run actions/checkout@v4	2025-10-31T21:37:27.2819716Z   clean: true
deploy	Run actions/checkout@v4	2025-10-31T21:37:27.2820349Z   sparse-checkout-cone-mode: true
deploy	Run actions/checkout@v4	2025-10-31T21:37:27.2821052Z   fetch-depth: 1
deploy	Run actions/checkout@v4	2025-10-31T21:37:27.2821676Z   fetch-tags: false
deploy	Run actions/checkout@v4	2025-10-31T21:37:27.2822312Z   show-progress: true
deploy	Run actions/checkout@v4	2025-10-31T21:37:27.2822932Z   lfs: false
deploy	Run actions/checkout@v4	2025-10-31T21:37:27.2823540Z   submodules: false
deploy	Run actions/checkout@v4	2025-10-31T21:37:27.2824168Z   set-safe-directory: true
deploy	Run actions/checkout@v4	2025-10-31T21:37:27.2825063Z env:
deploy	Run actions/checkout@v4	2025-10-31T21:37:27.2825717Z   GCP_PROJECT: ***
deploy	Run actions/checkout@v4	2025-10-31T21:37:27.2826540Z ##[endgroup]
deploy	Run actions/checkout@v4	2025-10-31T21:37:27.3919675Z Syncing repository: Tazaai/medplat
deploy	Run actions/checkout@v4	2025-10-31T21:37:27.3921870Z ##[group]Getting Git version info
deploy	Run actions/checkout@v4	2025-10-31T21:37:27.3922901Z Working directory is '/home/runner/work/medplat/medplat'
deploy	Run actions/checkout@v4	2025-10-31T21:37:27.3924268Z [command]/usr/bin/git version
deploy	Run actions/checkout@v4	2025-10-31T21:37:27.4001075Z git version 2.51.2
deploy	Run actions/checkout@v4	2025-10-31T21:37:27.4027775Z ##[endgroup]
deploy	Run actions/checkout@v4	2025-10-31T21:37:27.4041970Z Temporarily overriding HOME='/home/runner/work/_temp/c4bc553d-86aa-4ad5-a863-338a536bce79' before making global git config changes
deploy	Run actions/checkout@v4	2025-10-31T21:37:27.4044468Z Adding repository directory to the temporary git global config as a safe directory
deploy	Run actions/checkout@v4	2025-10-31T21:37:27.4054882Z [command]/usr/bin/git config --global --add safe.directory /home/runner/work/medplat/medplat
deploy	Run actions/checkout@v4	2025-10-31T21:37:27.4090829Z Deleting the contents of '/home/runner/work/medplat/medplat'
deploy	Run actions/checkout@v4	2025-10-31T21:37:27.4094156Z ##[group]Initializing the repository
deploy	Run actions/checkout@v4	2025-10-31T21:37:27.4098622Z [command]/usr/bin/git init /home/runner/work/medplat/medplat
deploy	Run actions/checkout@v4	2025-10-31T21:37:27.4228103Z hint: Using 'master' as the name for the initial branch. This default branch name
deploy	Run actions/checkout@v4	2025-10-31T21:37:27.4229613Z hint: is subject to change. To configure the initial branch name to use in all
deploy	Run actions/checkout@v4	2025-10-31T21:37:27.4231454Z hint: of your new repositories, which will suppress this warning, call:
deploy	Run actions/checkout@v4	2025-10-31T21:37:27.4233226Z hint:
deploy	Run actions/checkout@v4	2025-10-31T21:37:27.4234549Z hint: 	git config --global init.defaultBranch <name>
deploy	Run actions/checkout@v4	2025-10-31T21:37:27.4235795Z hint:
deploy	Run actions/checkout@v4	2025-10-31T21:37:27.4236833Z hint: Names commonly chosen instead of 'master' are 'main', 'trunk' and
deploy	Run actions/checkout@v4	2025-10-31T21:37:27.4238414Z hint: 'development'. The just-created branch can be renamed via this command:
deploy	Run actions/checkout@v4	2025-10-31T21:37:27.4239458Z hint:
deploy	Run actions/checkout@v4	2025-10-31T21:37:27.4240093Z hint: 	git branch -m <name>
deploy	Run actions/checkout@v4	2025-10-31T21:37:27.4240787Z hint:
deploy	Run actions/checkout@v4	2025-10-31T21:37:27.4241642Z hint: Disable this message with "git config set advice.defaultBranchName false"
deploy	Run actions/checkout@v4	2025-10-31T21:37:27.4243141Z Initialized empty Git repository in /home/runner/work/medplat/medplat/.git/
deploy	Run actions/checkout@v4	2025-10-31T21:37:27.4245770Z [command]/usr/bin/git remote add origin https://github.com/Tazaai/medplat
deploy	Run actions/checkout@v4	2025-10-31T21:37:27.4280783Z ##[endgroup]
deploy	Run actions/checkout@v4	2025-10-31T21:37:27.4281932Z ##[group]Disabling automatic garbage collection
deploy	Run actions/checkout@v4	2025-10-31T21:37:27.4285893Z [command]/usr/bin/git config --local gc.auto 0
deploy	Run actions/checkout@v4	2025-10-31T21:37:27.4314699Z ##[endgroup]
deploy	Run actions/checkout@v4	2025-10-31T21:37:27.4315731Z ##[group]Setting up auth
deploy	Run actions/checkout@v4	2025-10-31T21:37:27.4321414Z [command]/usr/bin/git config --local --name-only --get-regexp core\.sshCommand
deploy	Run actions/checkout@v4	2025-10-31T21:37:27.4351090Z [command]/usr/bin/git submodule foreach --recursive sh -c "git config --local --name-only --get-regexp 'core\.sshCommand' && git config --local --unset-all 'core.sshCommand' || :"
deploy	Run actions/checkout@v4	2025-10-31T21:37:27.4726628Z [command]/usr/bin/git config --local --name-only --get-regexp http\.https\:\/\/github\.com\/\.extraheader
deploy	Run actions/checkout@v4	2025-10-31T21:37:27.4755848Z [command]/usr/bin/git submodule foreach --recursive sh -c "git config --local --name-only --get-regexp 'http\.https\:\/\/github\.com\/\.extraheader' && git config --local --unset-all 'http.https://github.com/.extraheader' || :"
deploy	Run actions/checkout@v4	2025-10-31T21:37:27.4978554Z [command]/usr/bin/git config --local http.https://github.com/.extraheader AUTHORIZATION: basic ***
deploy	Run actions/checkout@v4	2025-10-31T21:37:27.5021978Z ##[endgroup]
deploy	Run actions/checkout@v4	2025-10-31T21:37:27.5023115Z ##[group]Fetching the repository
deploy	Run actions/checkout@v4	2025-10-31T21:37:27.5031414Z [command]/usr/bin/git -c protocol.version=2 fetch --no-tags --prune --no-recurse-submodules --depth=1 origin +7f59dfaa272744fbaa2c30123af354167e29284a:refs/remotes/origin/main
deploy	Run actions/checkout@v4	2025-10-31T21:37:28.9688042Z From https://github.com/Tazaai/medplat
deploy	Run actions/checkout@v4	2025-10-31T21:37:28.9690095Z  * [new ref]         7f59dfaa272744fbaa2c30123af354167e29284a -> origin/main
deploy	Run actions/checkout@v4	2025-10-31T21:37:28.9719758Z ##[endgroup]
deploy	Run actions/checkout@v4	2025-10-31T21:37:28.9720790Z ##[group]Determining the checkout info
deploy	Run actions/checkout@v4	2025-10-31T21:37:28.9722652Z ##[endgroup]
deploy	Run actions/checkout@v4	2025-10-31T21:37:28.9727468Z [command]/usr/bin/git sparse-checkout disable
deploy	Run actions/checkout@v4	2025-10-31T21:37:28.9766750Z [command]/usr/bin/git config --local --unset-all extensions.worktreeConfig
deploy	Run actions/checkout@v4	2025-10-31T21:37:28.9794134Z ##[group]Checking out the ref
deploy	Run actions/checkout@v4	2025-10-31T21:37:28.9797825Z [command]/usr/bin/git checkout --progress --force -B main refs/remotes/origin/main
deploy	Run actions/checkout@v4	2025-10-31T21:37:29.0453618Z Switched to a new branch 'main'
deploy	Run actions/checkout@v4	2025-10-31T21:37:29.0454934Z branch 'main' set up to track 'origin/main'.
deploy	Run actions/checkout@v4	2025-10-31T21:37:29.0461776Z ##[endgroup]
deploy	Run actions/checkout@v4	2025-10-31T21:37:29.0499540Z [command]/usr/bin/git log -1 --format=%H
deploy	Run actions/checkout@v4	2025-10-31T21:37:29.0521931Z 7f59dfaa272744fbaa2c30123af354167e29284a
deploy	‚òÅÔ∏è Authenticate to Google Cloud (service account key)	Ôªø2025-10-31T21:37:29.0821872Z ##[group]Run google-github-actions/auth@v2
deploy	‚òÅÔ∏è Authenticate to Google Cloud (service account key)	2025-10-31T21:37:29.0822451Z with:
deploy	‚òÅÔ∏è Authenticate to Google Cloud (service account key)	2025-10-31T21:37:29.0832559Z   credentials_json: ***
deploy	‚òÅÔ∏è Authenticate to Google Cloud (service account key)	
deploy	‚òÅÔ∏è Authenticate to Google Cloud (service account key)	2025-10-31T21:37:29.0833005Z   create_credentials_file: true
deploy	‚òÅÔ∏è Authenticate to Google Cloud (service account key)	2025-10-31T21:37:29.0833441Z   export_environment_variables: true
deploy	‚òÅÔ∏è Authenticate to Google Cloud (service account key)	2025-10-31T21:37:29.0833881Z   universe: googleapis.com
deploy	‚òÅÔ∏è Authenticate to Google Cloud (service account key)	2025-10-31T21:37:29.0834286Z   cleanup_credentials: true
deploy	‚òÅÔ∏è Authenticate to Google Cloud (service account key)	2025-10-31T21:37:29.0834690Z   access_token_lifetime: 3600s
deploy	‚òÅÔ∏è Authenticate to Google Cloud (service account key)	2025-10-31T21:37:29.0835216Z   access_token_scopes: https://www.googleapis.com/auth/cloud-platform
deploy	‚òÅÔ∏è Authenticate to Google Cloud (service account key)	2025-10-31T21:37:29.0835780Z   id_token_include_email: false
deploy	‚òÅÔ∏è Authenticate to Google Cloud (service account key)	2025-10-31T21:37:29.0836171Z env:
deploy	‚òÅÔ∏è Authenticate to Google Cloud (service account key)	2025-10-31T21:37:29.0836837Z   GCP_PROJECT: ***
deploy	‚òÅÔ∏è Authenticate to Google Cloud (service account key)	2025-10-31T21:37:29.0837438Z ##[endgroup]
deploy	‚òÅÔ∏è Authenticate to Google Cloud (service account key)	2025-10-31T21:37:29.1737018Z Created credentials file at "/home/runner/work/medplat/medplat/gha-creds-1921c1b9bec1c2bb.json"
deploy	üß∞ Setup gcloud	Ôªø2025-10-31T21:37:29.1897919Z ##[group]Run google-github-actions/setup-gcloud@v2
deploy	üß∞ Setup gcloud	2025-10-31T21:37:29.1898571Z with:
deploy	üß∞ Setup gcloud	2025-10-31T21:37:29.1898959Z   version: latest
deploy	üß∞ Setup gcloud	2025-10-31T21:37:29.1899333Z   skip_install: false
deploy	üß∞ Setup gcloud	2025-10-31T21:37:29.1899714Z   skip_tool_cache: false
deploy	üß∞ Setup gcloud	2025-10-31T21:37:29.1900098Z env:
deploy	üß∞ Setup gcloud	2025-10-31T21:37:29.1900489Z   GCP_PROJECT: ***
deploy	üß∞ Setup gcloud	2025-10-31T21:37:29.1901130Z   CLOUDSDK_AUTH_CREDENTIAL_FILE_OVERRIDE: /home/runner/work/medplat/medplat/gha-creds-1921c1b9bec1c2bb.json
deploy	üß∞ Setup gcloud	2025-10-31T21:37:29.1902038Z   GOOGLE_APPLICATION_CREDENTIALS: /home/runner/work/medplat/medplat/gha-creds-1921c1b9bec1c2bb.json
deploy	üß∞ Setup gcloud	2025-10-31T21:37:29.1902851Z   GOOGLE_GHA_CREDS_PATH: /home/runner/work/medplat/medplat/gha-creds-1921c1b9bec1c2bb.json
deploy	üß∞ Setup gcloud	2025-10-31T21:37:29.1903484Z   CLOUDSDK_CORE_PROJECT: ***
deploy	üß∞ Setup gcloud	2025-10-31T21:37:29.1903922Z   CLOUDSDK_PROJECT: ***
deploy	üß∞ Setup gcloud	2025-10-31T21:37:29.1904354Z   GCLOUD_PROJECT: ***
deploy	üß∞ Setup gcloud	2025-10-31T21:37:29.1904787Z   GOOGLE_CLOUD_PROJECT: ***
deploy	üß∞ Setup gcloud	2025-10-31T21:37:29.1905184Z ##[endgroup]
deploy	üß∞ Setup gcloud	2025-10-31T21:37:30.9487316Z [command]/usr/bin/tar xz --warning=no-unknown-keyword --overwrite -C /home/runner/work/_temp/2c84f78f-d095-4b1f-9fec-868aa46d6ae4 -f /home/runner/work/_temp/b33b1ca8-1aae-429b-b535-e22bf1e99b2d
deploy	üß∞ Setup gcloud	2025-10-31T21:37:49.1612094Z Successfully authenticated
deploy	üê≥ Configure Artifact Registry	Ôªø2025-10-31T21:37:49.1780578Z ##[group]Run gcloud auth configure-docker europe-west1-docker.pkg.dev
deploy	üê≥ Configure Artifact Registry	2025-10-31T21:37:49.1781336Z [36;1mgcloud auth configure-docker europe-west1-docker.pkg.dev[0m
deploy	üê≥ Configure Artifact Registry	2025-10-31T21:37:49.1820916Z shell: /usr/bin/bash -e ***0***
deploy	üê≥ Configure Artifact Registry	2025-10-31T21:37:49.1821283Z env:
deploy	üê≥ Configure Artifact Registry	2025-10-31T21:37:49.1821606Z   GCP_PROJECT: ***
deploy	üê≥ Configure Artifact Registry	2025-10-31T21:37:49.1822160Z   CLOUDSDK_AUTH_CREDENTIAL_FILE_OVERRIDE: /home/runner/work/medplat/medplat/gha-creds-1921c1b9bec1c2bb.json
deploy	üê≥ Configure Artifact Registry	2025-10-31T21:37:49.1822952Z   GOOGLE_APPLICATION_CREDENTIALS: /home/runner/work/medplat/medplat/gha-creds-1921c1b9bec1c2bb.json
deploy	üê≥ Configure Artifact Registry	2025-10-31T21:37:49.1823695Z   GOOGLE_GHA_CREDS_PATH: /home/runner/work/medplat/medplat/gha-creds-1921c1b9bec1c2bb.json
deploy	üê≥ Configure Artifact Registry	2025-10-31T21:37:49.1824232Z   CLOUDSDK_CORE_PROJECT: ***
deploy	üê≥ Configure Artifact Registry	2025-10-31T21:37:49.1824572Z   CLOUDSDK_PROJECT: ***
deploy	üê≥ Configure Artifact Registry	2025-10-31T21:37:49.1824887Z   GCLOUD_PROJECT: ***
deploy	üê≥ Configure Artifact Registry	2025-10-31T21:37:49.1825204Z   GOOGLE_CLOUD_PROJECT: ***
deploy	üê≥ Configure Artifact Registry	2025-10-31T21:37:49.1825591Z   CLOUDSDK_METRICS_ENVIRONMENT: github-actions-setup-gcloud
deploy	üê≥ Configure Artifact Registry	2025-10-31T21:37:49.1826080Z   CLOUDSDK_METRICS_ENVIRONMENT_VERSION: 2.2.1
deploy	üê≥ Configure Artifact Registry	2025-10-31T21:37:49.1826621Z ##[endgroup]
deploy	üê≥ Configure Artifact Registry	2025-10-31T21:37:49.7259600Z Adding credentials for: europe-west1-docker.pkg.dev
deploy	üê≥ Configure Artifact Registry	2025-10-31T21:37:49.7261558Z After update, the following will be written to your Docker config file located 
deploy	üê≥ Configure Artifact Registry	2025-10-31T21:37:49.7262591Z at [/home/runner/.docker/config.json]:
deploy	üê≥ Configure Artifact Registry	2025-10-31T21:37:49.7263429Z  ***
deploy	üê≥ Configure Artifact Registry	2025-10-31T21:37:49.7263909Z   "credHelpers": ***
deploy	üê≥ Configure Artifact Registry	2025-10-31T21:37:49.7264354Z     "europe-west1-docker.pkg.dev": "gcloud"
deploy	üê≥ Configure Artifact Registry	2025-10-31T21:37:49.7264821Z   ***
deploy	üê≥ Configure Artifact Registry	2025-10-31T21:37:49.7265147Z ***
deploy	üê≥ Configure Artifact Registry	2025-10-31T21:37:49.7265349Z 
deploy	üê≥ Configure Artifact Registry	2025-10-31T21:37:49.7265530Z Do you want to continue (Y/n)?  
deploy	üê≥ Configure Artifact Registry	2025-10-31T21:37:49.7453349Z Docker configuration file updated.
deploy	üîê Ensure Firebase key secret in Secret Manager	Ôªø2025-10-31T21:37:49.8446777Z ##[group]Run printf '%s' "$FIREBASE_SERVICE_KEY" > /tmp/firebase_key.json
deploy	üîê Ensure Firebase key secret in Secret Manager	2025-10-31T21:37:49.8447445Z [36;1mprintf '%s' "$FIREBASE_SERVICE_KEY" > /tmp/firebase_key.json[0m
deploy	üîê Ensure Firebase key secret in Secret Manager	2025-10-31T21:37:49.8448113Z [36;1mif ! gcloud secrets describe medplat-firebase-key --project=$GCP_PROJECT >/dev/null 2>&1; then[0m
deploy	üîê Ensure Firebase key secret in Secret Manager	2025-10-31T21:37:49.8448895Z [36;1m  gcloud secrets create medplat-firebase-key --data-file=/tmp/firebase_key.json --project=$GCP_PROJECT[0m
deploy	üîê Ensure Firebase key secret in Secret Manager	2025-10-31T21:37:49.8449451Z [36;1melse[0m
deploy	üîê Ensure Firebase key secret in Secret Manager	2025-10-31T21:37:49.8449974Z [36;1m  gcloud secrets versions add medplat-firebase-key --data-file=/tmp/firebase_key.json --project=$GCP_PROJECT[0m
deploy	üîê Ensure Firebase key secret in Secret Manager	2025-10-31T21:37:49.8450569Z [36;1mfi[0m
deploy	üîê Ensure Firebase key secret in Secret Manager	2025-10-31T21:37:49.8483213Z shell: /usr/bin/bash -e ***0***
deploy	üîê Ensure Firebase key secret in Secret Manager	2025-10-31T21:37:49.8483560Z env:
deploy	üîê Ensure Firebase key secret in Secret Manager	2025-10-31T21:37:49.8483851Z   GCP_PROJECT: ***
deploy	üîê Ensure Firebase key secret in Secret Manager	2025-10-31T21:37:49.8484582Z   CLOUDSDK_AUTH_CREDENTIAL_FILE_OVERRIDE: /home/runner/work/medplat/medplat/gha-creds-1921c1b9bec1c2bb.json
deploy	üîê Ensure Firebase key secret in Secret Manager	2025-10-31T21:37:49.8485373Z   GOOGLE_APPLICATION_CREDENTIALS: /home/runner/work/medplat/medplat/gha-creds-1921c1b9bec1c2bb.json
deploy	üîê Ensure Firebase key secret in Secret Manager	2025-10-31T21:37:49.8486121Z   GOOGLE_GHA_CREDS_PATH: /home/runner/work/medplat/medplat/gha-creds-1921c1b9bec1c2bb.json
deploy	üîê Ensure Firebase key secret in Secret Manager	2025-10-31T21:37:49.8486897Z   CLOUDSDK_CORE_PROJECT: ***
deploy	üîê Ensure Firebase key secret in Secret Manager	2025-10-31T21:37:49.8487245Z   CLOUDSDK_PROJECT: ***
deploy	üîê Ensure Firebase key secret in Secret Manager	2025-10-31T21:37:49.8487565Z   GCLOUD_PROJECT: ***
deploy	üîê Ensure Firebase key secret in Secret Manager	2025-10-31T21:37:49.8487881Z   GOOGLE_CLOUD_PROJECT: ***
deploy	üîê Ensure Firebase key secret in Secret Manager	2025-10-31T21:37:49.8488271Z   CLOUDSDK_METRICS_ENVIRONMENT: github-actions-setup-gcloud
deploy	üîê Ensure Firebase key secret in Secret Manager	2025-10-31T21:37:49.8488728Z   CLOUDSDK_METRICS_ENVIRONMENT_VERSION: 2.2.1
deploy	üîê Ensure Firebase key secret in Secret Manager	2025-10-31T21:37:49.8498394Z   FIREBASE_SERVICE_KEY: ***
deploy	üîê Ensure Firebase key secret in Secret Manager	
deploy	üîê Ensure Firebase key secret in Secret Manager	2025-10-31T21:37:49.8498726Z ##[endgroup]
deploy	üîê Ensure Firebase key secret in Secret Manager	2025-10-31T21:37:52.1361047Z Created version [32] of the secret [medplat-firebase-key].
deploy	üîê Ensure OpenAI key secret in Secret Manager	Ôªø2025-10-31T21:37:52.2654534Z ##[group]Run printf '%s' "$OPENAI_API_KEY" > /tmp/openai_key.txt
deploy	üîê Ensure OpenAI key secret in Secret Manager	2025-10-31T21:37:52.2655133Z [36;1mprintf '%s' "$OPENAI_API_KEY" > /tmp/openai_key.txt[0m
deploy	üîê Ensure OpenAI key secret in Secret Manager	2025-10-31T21:37:52.2655745Z [36;1mif ! gcloud secrets describe medplat-openai-key --project=$GCP_PROJECT >/dev/null 2>&1; then[0m
deploy	üîê Ensure OpenAI key secret in Secret Manager	2025-10-31T21:37:52.2656782Z [36;1m  gcloud secrets create medplat-openai-key --data-file=/tmp/openai_key.txt --project=$GCP_PROJECT[0m
deploy	üîê Ensure OpenAI key secret in Secret Manager	2025-10-31T21:37:52.2657320Z [36;1melse[0m
deploy	üîê Ensure OpenAI key secret in Secret Manager	2025-10-31T21:37:52.2657825Z [36;1m  gcloud secrets versions add medplat-openai-key --data-file=/tmp/openai_key.txt --project=$GCP_PROJECT[0m
deploy	üîê Ensure OpenAI key secret in Secret Manager	2025-10-31T21:37:52.2658372Z [36;1mfi[0m
deploy	üîê Ensure OpenAI key secret in Secret Manager	2025-10-31T21:37:52.2701929Z shell: /usr/bin/bash -e ***0***
deploy	üîê Ensure OpenAI key secret in Secret Manager	2025-10-31T21:37:52.2702273Z env:
deploy	üîê Ensure OpenAI key secret in Secret Manager	2025-10-31T21:37:52.2702561Z   GCP_PROJECT: ***
deploy	üîê Ensure OpenAI key secret in Secret Manager	2025-10-31T21:37:52.2703105Z   CLOUDSDK_AUTH_CREDENTIAL_FILE_OVERRIDE: /home/runner/work/medplat/medplat/gha-creds-1921c1b9bec1c2bb.json
deploy	üîê Ensure OpenAI key secret in Secret Manager	2025-10-31T21:37:52.2703900Z   GOOGLE_APPLICATION_CREDENTIALS: /home/runner/work/medplat/medplat/gha-creds-1921c1b9bec1c2bb.json
deploy	üîê Ensure OpenAI key secret in Secret Manager	2025-10-31T21:37:52.2704662Z   GOOGLE_GHA_CREDS_PATH: /home/runner/work/medplat/medplat/gha-creds-1921c1b9bec1c2bb.json
deploy	üîê Ensure OpenAI key secret in Secret Manager	2025-10-31T21:37:52.2705186Z   CLOUDSDK_CORE_PROJECT: ***
deploy	üîê Ensure OpenAI key secret in Secret Manager	2025-10-31T21:37:52.2705519Z   CLOUDSDK_PROJECT: ***
deploy	üîê Ensure OpenAI key secret in Secret Manager	2025-10-31T21:37:52.2705832Z   GCLOUD_PROJECT: ***
deploy	üîê Ensure OpenAI key secret in Secret Manager	2025-10-31T21:37:52.2706142Z   GOOGLE_CLOUD_PROJECT: ***
deploy	üîê Ensure OpenAI key secret in Secret Manager	2025-10-31T21:37:52.2706757Z   CLOUDSDK_METRICS_ENVIRONMENT: github-actions-setup-gcloud
deploy	üîê Ensure OpenAI key secret in Secret Manager	2025-10-31T21:37:52.2707199Z   CLOUDSDK_METRICS_ENVIRONMENT_VERSION: 2.2.1
deploy	üîê Ensure OpenAI key secret in Secret Manager	2025-10-31T21:37:52.2708151Z   OPENAI_API_KEY: ***
deploy	üîê Ensure OpenAI key secret in Secret Manager	2025-10-31T21:37:52.2708445Z ##[endgroup]
deploy	üîê Ensure OpenAI key secret in Secret Manager	2025-10-31T21:37:54.2439332Z Created version [32] of the secret [medplat-openai-key].
deploy	üöÄ Deploy Backend	Ôªø2025-10-31T21:37:54.3845601Z ##[group]Run cd backend
deploy	üöÄ Deploy Backend	2025-10-31T21:37:54.3846004Z [36;1mcd backend[0m
deploy	üöÄ Deploy Backend	2025-10-31T21:37:54.3846857Z [36;1mgcloud builds submit --tag europe-west1-docker.pkg.dev/$GCP_PROJECT/medplat/backend .[0m
deploy	üöÄ Deploy Backend	2025-10-31T21:37:54.3847455Z [36;1mgcloud run deploy medplat-backend \[0m
deploy	üöÄ Deploy Backend	2025-10-31T21:37:54.3847951Z [36;1m  --image europe-west1-docker.pkg.dev/$GCP_PROJECT/medplat/backend \[0m
deploy	üöÄ Deploy Backend	2025-10-31T21:37:54.3848462Z [36;1m  --region europe-west1 \[0m
deploy	üöÄ Deploy Backend	2025-10-31T21:37:54.3848827Z [36;1m  --allow-unauthenticated \[0m
deploy	üöÄ Deploy Backend	2025-10-31T21:37:54.3849175Z [36;1m  --port 8080 \[0m
deploy	üöÄ Deploy Backend	2025-10-31T21:37:54.3849738Z [36;1m  --set-secrets "OPENAI_API_KEY=medplat-openai-key:latest,FIREBASE_SERVICE_KEY=medplat-firebase-key:latest" \[0m
deploy	üöÄ Deploy Backend	2025-10-31T21:37:54.3850338Z [36;1m  --project $GCP_PROJECT[0m
deploy	üöÄ Deploy Backend	2025-10-31T21:37:54.3882942Z shell: /usr/bin/bash -e ***0***
deploy	üöÄ Deploy Backend	2025-10-31T21:37:54.3883290Z env:
deploy	üöÄ Deploy Backend	2025-10-31T21:37:54.3883582Z   GCP_PROJECT: ***
deploy	üöÄ Deploy Backend	2025-10-31T21:37:54.3884126Z   CLOUDSDK_AUTH_CREDENTIAL_FILE_OVERRIDE: /home/runner/work/medplat/medplat/gha-creds-1921c1b9bec1c2bb.json
deploy	üöÄ Deploy Backend	2025-10-31T21:37:54.3884971Z   GOOGLE_APPLICATION_CREDENTIALS: /home/runner/work/medplat/medplat/gha-creds-1921c1b9bec1c2bb.json
deploy	üöÄ Deploy Backend	2025-10-31T21:37:54.3885673Z   GOOGLE_GHA_CREDS_PATH: /home/runner/work/medplat/medplat/gha-creds-1921c1b9bec1c2bb.json
deploy	üöÄ Deploy Backend	2025-10-31T21:37:54.3886667Z   CLOUDSDK_CORE_PROJECT: ***
deploy	üöÄ Deploy Backend	2025-10-31T21:37:54.3887024Z   CLOUDSDK_PROJECT: ***
deploy	üöÄ Deploy Backend	2025-10-31T21:37:54.3887343Z   GCLOUD_PROJECT: ***
deploy	üöÄ Deploy Backend	2025-10-31T21:37:54.3887693Z   GOOGLE_CLOUD_PROJECT: ***
deploy	üöÄ Deploy Backend	2025-10-31T21:37:54.3888080Z   CLOUDSDK_METRICS_ENVIRONMENT: github-actions-setup-gcloud
deploy	üöÄ Deploy Backend	2025-10-31T21:37:54.3888520Z   CLOUDSDK_METRICS_ENVIRONMENT_VERSION: 2.2.1
deploy	üöÄ Deploy Backend	2025-10-31T21:37:54.3888880Z ##[endgroup]
deploy	üöÄ Deploy Backend	2025-10-31T21:37:55.6691630Z Creating temporary archive of 27 file(s) totalling 86.3 KiB before compression.
deploy	üöÄ Deploy Backend	2025-10-31T21:37:55.6885051Z Uploading tarball of [.] to [gs://***_cloudbuild/source/1761946675.327961-42dc7d7289504545b2d8206cdf85a21a.tgz]
deploy	üöÄ Deploy Backend	2025-10-31T21:37:57.3598496Z Created [https://cloudbuild.googleapis.com/v1/projects/***/locations/global/builds/39a9abe2-22d2-4349-8e59-c29f414e04e6].
deploy	üöÄ Deploy Backend	2025-10-31T21:37:57.3599998Z Logs are available at [ https://console.cloud.google.com/cloud-build/builds/39a9abe2-22d2-4349-8e59-c29f414e04e6?project=139218747785 ].
deploy	üöÄ Deploy Backend	2025-10-31T21:37:57.5957756Z Waiting for build to complete. Polling interval: 1 second(s).
deploy	üöÄ Deploy Backend	2025-10-31T21:38:47.5134219Z ----------------------------- REMOTE BUILD OUTPUT ------------------------------
deploy	üöÄ Deploy Backend	2025-10-31T21:38:47.5135212Z starting build "39a9abe2-22d2-4349-8e59-c29f414e04e6"
deploy	üöÄ Deploy Backend	2025-10-31T21:38:47.5135620Z 
deploy	üöÄ Deploy Backend	2025-10-31T21:38:47.5135832Z FETCHSOURCE
deploy	üöÄ Deploy Backend	2025-10-31T21:38:47.5137286Z Fetching storage object: gs://***_cloudbuild/source/1761946675.327961-42dc7d7289504545b2d8206cdf85a21a.tgz#1761946675779726
deploy	üöÄ Deploy Backend	2025-10-31T21:38:47.5139274Z Copying gs://***_cloudbuild/source/1761946675.327961-42dc7d7289504545b2d8206cdf85a21a.tgz#1761946675779726...
deploy	üöÄ Deploy Backend	2025-10-31T21:38:47.5140666Z / [0 files][    0.0 B/ 26.4 KiB]                                                
deploy	üöÄ Deploy Backend	2025-10-31T21:38:47.5141705Z / [1 files][ 26.4 KiB/ 26.4 KiB]                                                
deploy	üöÄ Deploy Backend	2025-10-31T21:38:47.5142699Z Operation completed over 1 objects/26.4 KiB.
deploy	üöÄ Deploy Backend	2025-10-31T21:38:47.5143479Z BUILD
deploy	üöÄ Deploy Backend	2025-10-31T21:38:47.5144268Z Already have image (with digest): gcr.io/cloud-builders/gcb-internal
deploy	üöÄ Deploy Backend	2025-10-31T21:38:47.5145311Z Sending build context to Docker daemon  112.6kB
deploy	üöÄ Deploy Backend	2025-10-31T21:38:47.5145824Z 
deploy	üöÄ Deploy Backend	2025-10-31T21:38:47.5146103Z Step 1/7 : FROM node:18
deploy	üöÄ Deploy Backend	2025-10-31T21:38:47.5147017Z 18: Pulling from library/node
deploy	üöÄ Deploy Backend	2025-10-31T21:38:47.5147803Z 3e6b9d1a9511: Pulling fs layer
deploy	üöÄ Deploy Backend	2025-10-31T21:38:47.5148555Z 37927ed901b1: Pulling fs layer
deploy	üöÄ Deploy Backend	2025-10-31T21:38:47.5149335Z 79b2f47ad444: Pulling fs layer
deploy	üöÄ Deploy Backend	2025-10-31T21:38:47.5149988Z e23f099911d6: Pulling fs layer
deploy	üöÄ Deploy Backend	2025-10-31T21:38:47.5150542Z cda7f44f2bdd: Pulling fs layer
deploy	üöÄ Deploy Backend	2025-10-31T21:38:47.5151120Z c6b30c3f1696: Pulling fs layer
deploy	üöÄ Deploy Backend	2025-10-31T21:38:47.5151702Z 3697be50c98b: Pulling fs layer
deploy	üöÄ Deploy Backend	2025-10-31T21:38:47.5152303Z 461077a72fb7: Pulling fs layer
deploy	üöÄ Deploy Backend	2025-10-31T21:38:47.5153345Z e23f099911d6: Waiting
deploy	üöÄ Deploy Backend	2025-10-31T21:38:47.5153859Z cda7f44f2bdd: Waiting
deploy	üöÄ Deploy Backend	2025-10-31T21:38:47.5154357Z c6b30c3f1696: Waiting
deploy	üöÄ Deploy Backend	2025-10-31T21:38:47.5154844Z 3697be50c98b: Waiting
deploy	üöÄ Deploy Backend	2025-10-31T21:38:47.5155320Z 461077a72fb7: Waiting
deploy	üöÄ Deploy Backend	2025-10-31T21:38:47.5155827Z 37927ed901b1: Verifying Checksum
deploy	üöÄ Deploy Backend	2025-10-31T21:38:47.5156672Z 37927ed901b1: Download complete
deploy	üöÄ Deploy Backend	2025-10-31T21:38:47.5157246Z 3e6b9d1a9511: Verifying Checksum
deploy	üöÄ Deploy Backend	2025-10-31T21:38:47.5157827Z 3e6b9d1a9511: Download complete
deploy	üöÄ Deploy Backend	2025-10-31T21:38:47.5158493Z cda7f44f2bdd: Verifying Checksum
deploy	üöÄ Deploy Backend	2025-10-31T21:38:47.5159093Z cda7f44f2bdd: Download complete
deploy	üöÄ Deploy Backend	2025-10-31T21:38:47.5159667Z 79b2f47ad444: Verifying Checksum
deploy	üöÄ Deploy Backend	2025-10-31T21:38:47.5160238Z 79b2f47ad444: Download complete
deploy	üöÄ Deploy Backend	2025-10-31T21:38:47.5160800Z 3697be50c98b: Verifying Checksum
deploy	üöÄ Deploy Backend	2025-10-31T21:38:47.5161384Z 3697be50c98b: Download complete
deploy	üöÄ Deploy Backend	2025-10-31T21:38:47.5161992Z 461077a72fb7: Download complete
deploy	üöÄ Deploy Backend	2025-10-31T21:38:47.5162536Z c6b30c3f1696: Verifying Checksum
deploy	üöÄ Deploy Backend	2025-10-31T21:38:47.5163061Z c6b30c3f1696: Download complete
deploy	üöÄ Deploy Backend	2025-10-31T21:38:47.5163609Z e23f099911d6: Verifying Checksum
deploy	üöÄ Deploy Backend	2025-10-31T21:38:47.5164145Z e23f099911d6: Download complete
deploy	üöÄ Deploy Backend	2025-10-31T21:38:47.5164653Z 3e6b9d1a9511: Pull complete
deploy	üöÄ Deploy Backend	2025-10-31T21:38:47.5165184Z 37927ed901b1: Pull complete
deploy	üöÄ Deploy Backend	2025-10-31T21:38:47.5165721Z 79b2f47ad444: Pull complete
deploy	üöÄ Deploy Backend	2025-10-31T21:38:47.5166923Z e23f099911d6: Pull complete
deploy	üöÄ Deploy Backend	2025-10-31T21:38:47.5167479Z cda7f44f2bdd: Pull complete
deploy	üöÄ Deploy Backend	2025-10-31T21:38:47.5168022Z c6b30c3f1696: Pull complete
deploy	üöÄ Deploy Backend	2025-10-31T21:38:47.5168565Z 3697be50c98b: Pull complete
deploy	üöÄ Deploy Backend	2025-10-31T21:38:47.5169118Z 461077a72fb7: Pull complete
deploy	üöÄ Deploy Backend	2025-10-31T21:38:47.5169957Z Digest: sha256:c6ae79e38498325db67193d391e6ec1d224d96c693a8a4d943498556716d3783
deploy	üöÄ Deploy Backend	2025-10-31T21:38:47.5170883Z Status: Downloaded newer image for node:18
deploy	üöÄ Deploy Backend	2025-10-31T21:38:47.5171538Z  ---> b50082bc3670
deploy	üöÄ Deploy Backend	2025-10-31T21:38:47.5172065Z Step 2/7 : WORKDIR /usr/src/app
deploy	üöÄ Deploy Backend	2025-10-31T21:38:47.5172652Z  ---> Running in 0f9d887f40e3
deploy	üöÄ Deploy Backend	2025-10-31T21:38:47.5173278Z Removing intermediate container 0f9d887f40e3
deploy	üöÄ Deploy Backend	2025-10-31T21:38:47.5173945Z  ---> 9b9f6ba4fe73
deploy	üöÄ Deploy Backend	2025-10-31T21:38:47.5174496Z Step 3/7 : COPY package*.json ./
deploy	üöÄ Deploy Backend	2025-10-31T21:38:47.5175061Z  ---> eb2d9734c2ff
deploy	üöÄ Deploy Backend	2025-10-31T21:38:47.5175598Z Step 4/7 : RUN npm install --production
deploy	üöÄ Deploy Backend	2025-10-31T21:38:47.5176434Z  ---> Running in b98217fc0c8a
deploy	üöÄ Deploy Backend	2025-10-31T21:38:47.5177450Z [91mnpm warn config production Use `--omit=dev` instead.
deploy	üöÄ Deploy Backend	2025-10-31T21:38:47.5178261Z [0m
deploy	üöÄ Deploy Backend	2025-10-31T21:38:47.5178788Z added 79 packages, and audited 80 packages in 1s
deploy	üöÄ Deploy Backend	2025-10-31T21:38:47.5179224Z 
deploy	üöÄ Deploy Backend	2025-10-31T21:38:47.5179462Z 14 packages are looking for funding
deploy	üöÄ Deploy Backend	2025-10-31T21:38:47.5180057Z   run `npm fund` for details
deploy	üöÄ Deploy Backend	2025-10-31T21:38:47.5180485Z 
deploy	üöÄ Deploy Backend	2025-10-31T21:38:47.5180715Z found 0 vulnerabilities
deploy	üöÄ Deploy Backend	2025-10-31T21:38:47.5181319Z [91mnpm notice
deploy	üöÄ Deploy Backend	2025-10-31T21:38:47.5181943Z npm notice New major version of npm available! 10.8.2 -> 11.6.2
deploy	üöÄ Deploy Backend	2025-10-31T21:38:47.5182849Z npm notice Changelog: https://github.com/npm/cli/releases/tag/v11.6.2
deploy	üöÄ Deploy Backend	2025-10-31T21:38:47.5183704Z npm notice To update run: npm install -g npm@11.6.2
deploy	üöÄ Deploy Backend	2025-10-31T21:38:47.5184366Z npm notice
deploy	üöÄ Deploy Backend	2025-10-31T21:38:47.5185008Z [0mRemoving intermediate container b98217fc0c8a
deploy	üöÄ Deploy Backend	2025-10-31T21:38:47.5185664Z  ---> c257f9fc874c
deploy	üöÄ Deploy Backend	2025-10-31T21:38:47.5186155Z Step 5/7 : COPY . .
deploy	üöÄ Deploy Backend	2025-10-31T21:38:47.5186889Z  ---> 476da013a8c3
deploy	üöÄ Deploy Backend	2025-10-31T21:38:47.5187379Z Step 6/7 : EXPOSE 8080
deploy	üöÄ Deploy Backend	2025-10-31T21:38:47.5187884Z  ---> Running in 910e54f6550c
deploy	üöÄ Deploy Backend	2025-10-31T21:38:47.5188483Z Removing intermediate container 910e54f6550c
deploy	üöÄ Deploy Backend	2025-10-31T21:38:47.5189095Z  ---> fd55aecedc8a
deploy	üöÄ Deploy Backend	2025-10-31T21:38:47.5189600Z Step 7/7 : CMD ["node", "index.js"]
deploy	üöÄ Deploy Backend	2025-10-31T21:38:47.5190203Z  ---> Running in 9989987ce2e7
deploy	üöÄ Deploy Backend	2025-10-31T21:38:47.5190797Z Removing intermediate container 9989987ce2e7
deploy	üöÄ Deploy Backend	2025-10-31T21:38:47.5191402Z  ---> 3a65767203e3
deploy	üöÄ Deploy Backend	2025-10-31T21:38:47.5191913Z Successfully built 3a65767203e3
deploy	üöÄ Deploy Backend	2025-10-31T21:38:47.5192828Z Successfully tagged europe-west1-docker.pkg.dev/***/medplat/backend:latest
deploy	üöÄ Deploy Backend	2025-10-31T21:38:47.5193626Z PUSH
deploy	üöÄ Deploy Backend	2025-10-31T21:38:47.5194290Z Pushing europe-west1-docker.pkg.dev/***/medplat/backend
deploy	üöÄ Deploy Backend	2025-10-31T21:38:47.5195644Z The push refers to repository [europe-west1-docker.pkg.dev/***/medplat/backend]
deploy	üöÄ Deploy Backend	2025-10-31T21:38:47.5196676Z 32afce035854: Preparing
deploy	üöÄ Deploy Backend	2025-10-31T21:38:47.5197185Z 953293c0475c: Preparing
deploy	üöÄ Deploy Backend	2025-10-31T21:38:47.5197683Z b7cd591f3ea8: Preparing
deploy	üöÄ Deploy Backend	2025-10-31T21:38:47.5198180Z d02f66773f40: Preparing
deploy	üöÄ Deploy Backend	2025-10-31T21:38:47.5198708Z d2a991bcab4d: Preparing
deploy	üöÄ Deploy Backend	2025-10-31T21:38:47.5199228Z b624aa2d5ea2: Preparing
deploy	üöÄ Deploy Backend	2025-10-31T21:38:47.5199728Z d399c9dc306f: Preparing
deploy	üöÄ Deploy Backend	2025-10-31T21:38:47.5200246Z 84f9fa179c1b: Preparing
deploy	üöÄ Deploy Backend	2025-10-31T21:38:47.5200739Z ce84ba212e49: Preparing
deploy	üöÄ Deploy Backend	2025-10-31T21:38:47.5201226Z e4dc8cd9ecc8: Preparing
deploy	üöÄ Deploy Backend	2025-10-31T21:38:47.5201796Z 6428cc293366: Preparing
deploy	üöÄ Deploy Backend	2025-10-31T21:38:47.5202308Z 2f7436e79a0b: Preparing
deploy	üöÄ Deploy Backend	2025-10-31T21:38:47.5202836Z 84f9fa179c1b: Waiting
deploy	üöÄ Deploy Backend	2025-10-31T21:38:47.5203358Z ce84ba212e49: Waiting
deploy	üöÄ Deploy Backend	2025-10-31T21:38:47.5203853Z b624aa2d5ea2: Waiting
deploy	üöÄ Deploy Backend	2025-10-31T21:38:47.5204347Z d399c9dc306f: Waiting
deploy	üöÄ Deploy Backend	2025-10-31T21:38:47.5204802Z 6428cc293366: Waiting
deploy	üöÄ Deploy Backend	2025-10-31T21:38:47.5205274Z 2f7436e79a0b: Waiting
deploy	üöÄ Deploy Backend	2025-10-31T21:38:47.5205739Z e4dc8cd9ecc8: Waiting
deploy	üöÄ Deploy Backend	2025-10-31T21:38:47.5206450Z d2a991bcab4d: Layer already exists
deploy	üöÄ Deploy Backend	2025-10-31T21:38:47.5207059Z b624aa2d5ea2: Layer already exists
deploy	üöÄ Deploy Backend	2025-10-31T21:38:47.5207642Z d399c9dc306f: Layer already exists
deploy	üöÄ Deploy Backend	2025-10-31T21:38:47.5208232Z 84f9fa179c1b: Layer already exists
deploy	üöÄ Deploy Backend	2025-10-31T21:38:47.5209109Z d02f66773f40: Pushed
deploy	üöÄ Deploy Backend	2025-10-31T21:38:47.5209628Z 32afce035854: Pushed
deploy	üöÄ Deploy Backend	2025-10-31T21:38:47.5210152Z ce84ba212e49: Layer already exists
deploy	üöÄ Deploy Backend	2025-10-31T21:38:47.5210728Z b7cd591f3ea8: Pushed
deploy	üöÄ Deploy Backend	2025-10-31T21:38:47.5211213Z 953293c0475c: Pushed
deploy	üöÄ Deploy Backend	2025-10-31T21:38:47.5211718Z e4dc8cd9ecc8: Layer already exists
deploy	üöÄ Deploy Backend	2025-10-31T21:38:47.5212305Z 6428cc293366: Layer already exists
deploy	üöÄ Deploy Backend	2025-10-31T21:38:47.5212854Z 2f7436e79a0b: Pushed
deploy	üöÄ Deploy Backend	2025-10-31T21:38:47.5213728Z latest: digest: sha256:a9f93d7459f31e35995a070120f475eb227d3d623e6d15bb546583f7ae4916c7 size: 2839
deploy	üöÄ Deploy Backend	2025-10-31T21:38:47.5214645Z DONE
deploy	üöÄ Deploy Backend	2025-10-31T21:38:47.5215205Z --------------------------------------------------------------------------------
deploy	üöÄ Deploy Backend	2025-10-31T21:38:47.5216528Z ID                                    CREATE_TIME                DURATION  SOURCE                                                                                        IMAGES                                                                STATUS
deploy	üöÄ Deploy Backend	2025-10-31T21:38:47.5218778Z 39a9abe2-22d2-4349-8e59-c29f414e04e6  2025-10-31T21:37:56+00:00  47S       gs://***_cloudbuild/source/1761946675.327961-42dc7d7289504545b2d8206cdf85a21a.tgz  europe-west1-docker.pkg.dev/***/medplat/backend (+1 more)  SUCCESS
deploy	üöÄ Deploy Backend	2025-10-31T21:38:49.9981414Z Deploying container to Cloud Run service [medplat-backend] in project [***] region [europe-west1]
deploy	üöÄ Deploy Backend	2025-10-31T21:38:49.9982208Z Deploying...
deploy	üöÄ Deploy Backend	2025-10-31T21:38:52.5078293Z Setting IAM Policy...................done
deploy	üöÄ Deploy Backend	2025-10-31T21:38:53.2889217Z Creating Revision.............done
deploy	üöÄ Deploy Backend	2025-10-31T21:38:54.5620999Z Done.
deploy	üöÄ Deploy Backend	2025-10-31T21:38:54.6061851Z Service [medplat-backend] revision [medplat-backend-00742-2w9] has been deployed and is serving 100 percent of traffic.
deploy	üöÄ Deploy Backend	2025-10-31T21:38:54.6063834Z Service URL: https://medplat-backend-139218747785.europe-west1.run.app
deploy	üé® Build Frontend (generate artifact)	Ôªø2025-10-31T21:38:54.8613160Z ##[group]Run cd frontend
deploy	üé® Build Frontend (generate artifact)	2025-10-31T21:38:54.8613821Z [36;1mcd frontend[0m
deploy	üé® Build Frontend (generate artifact)	2025-10-31T21:38:54.8615035Z [36;1mBACKEND_URL=$(gcloud run services describe medplat-backend --region=europe-west1 --project=$GCP_PROJECT --format='value(status.url)')[0m
deploy	üé® Build Frontend (generate artifact)	2025-10-31T21:38:54.8616555Z [36;1mecho "Detected backend URL: $BACKEND_URL"[0m
deploy	üé® Build Frontend (generate artifact)	2025-10-31T21:38:54.8617297Z [36;1mexport VITE_API_BASE=$BACKEND_URL[0m
deploy	üé® Build Frontend (generate artifact)	2025-10-31T21:38:54.8618001Z [36;1mnpm ci && npm run build[0m
deploy	üé® Build Frontend (generate artifact)	2025-10-31T21:38:54.8618851Z [36;1m# Use the environment file mechanism to set step outputs instead of the[0m
deploy	üé® Build Frontend (generate artifact)	2025-10-31T21:38:54.8619716Z [36;1m# deprecated ::set-output command.[0m
deploy	üé® Build Frontend (generate artifact)	2025-10-31T21:38:54.8620454Z [36;1mecho "backend_url=$BACKEND_URL" >> $GITHUB_OUTPUT[0m
deploy	üé® Build Frontend (generate artifact)	2025-10-31T21:38:54.8655829Z shell: /usr/bin/bash -e ***0***
deploy	üé® Build Frontend (generate artifact)	2025-10-31T21:38:54.8656192Z env:
deploy	üé® Build Frontend (generate artifact)	2025-10-31T21:38:54.8656659Z   GCP_PROJECT: ***
deploy	üé® Build Frontend (generate artifact)	2025-10-31T21:38:54.8657204Z   CLOUDSDK_AUTH_CREDENTIAL_FILE_OVERRIDE: /home/runner/work/medplat/medplat/gha-creds-1921c1b9bec1c2bb.json
deploy	üé® Build Frontend (generate artifact)	2025-10-31T21:38:54.8658706Z   GOOGLE_APPLICATION_CREDENTIALS: /home/runner/work/medplat/medplat/gha-creds-1921c1b9bec1c2bb.json
deploy	üé® Build Frontend (generate artifact)	2025-10-31T21:38:54.8659914Z   GOOGLE_GHA_CREDS_PATH: /home/runner/work/medplat/medplat/gha-creds-1921c1b9bec1c2bb.json
deploy	üé® Build Frontend (generate artifact)	2025-10-31T21:38:54.8660858Z   CLOUDSDK_CORE_PROJECT: ***
deploy	üé® Build Frontend (generate artifact)	2025-10-31T21:38:54.8661458Z   CLOUDSDK_PROJECT: ***
deploy	üé® Build Frontend (generate artifact)	2025-10-31T21:38:54.8661875Z   GCLOUD_PROJECT: ***
deploy	üé® Build Frontend (generate artifact)	2025-10-31T21:38:54.8662206Z   GOOGLE_CLOUD_PROJECT: ***
deploy	üé® Build Frontend (generate artifact)	2025-10-31T21:38:54.8662589Z   CLOUDSDK_METRICS_ENVIRONMENT: github-actions-setup-gcloud
deploy	üé® Build Frontend (generate artifact)	2025-10-31T21:38:54.8663041Z   CLOUDSDK_METRICS_ENVIRONMENT_VERSION: 2.2.1
deploy	üé® Build Frontend (generate artifact)	2025-10-31T21:38:54.8663391Z ##[endgroup]
deploy	üé® Build Frontend (generate artifact)	2025-10-31T21:38:56.4694293Z Detected backend URL: https://medplat-backend-2pr2rrffwq-ew.a.run.app
deploy	üé® Build Frontend (generate artifact)	2025-10-31T21:39:07.6862025Z 
deploy	üé® Build Frontend (generate artifact)	2025-10-31T21:39:07.6862895Z added 121 packages, and audited 122 packages in 8s
deploy	üé® Build Frontend (generate artifact)	2025-10-31T21:39:07.6863390Z 
deploy	üé® Build Frontend (generate artifact)	2025-10-31T21:39:07.6863573Z 8 packages are looking for funding
deploy	üé® Build Frontend (generate artifact)	2025-10-31T21:39:07.6864009Z   run `npm fund` for details
deploy	üé® Build Frontend (generate artifact)	2025-10-31T21:39:07.6981262Z 
deploy	üé® Build Frontend (generate artifact)	2025-10-31T21:39:07.6981783Z 2 moderate severity vulnerabilities
deploy	üé® Build Frontend (generate artifact)	2025-10-31T21:39:07.6984724Z 
deploy	üé® Build Frontend (generate artifact)	2025-10-31T21:39:07.6985611Z To address all issues (including breaking changes), run:
deploy	üé® Build Frontend (generate artifact)	2025-10-31T21:39:07.6986095Z   npm audit fix --force
deploy	üé® Build Frontend (generate artifact)	2025-10-31T21:39:07.6986605Z 
deploy	üé® Build Frontend (generate artifact)	2025-10-31T21:39:07.6986800Z Run `npm audit` for details.
deploy	üé® Build Frontend (generate artifact)	2025-10-31T21:39:07.8395846Z 
deploy	üé® Build Frontend (generate artifact)	2025-10-31T21:39:07.8396701Z > medplat-frontend@1.0.0 build
deploy	üé® Build Frontend (generate artifact)	2025-10-31T21:39:07.8397436Z > node ./scripts/verify_build_env.js && vite build && node ./scripts/write_build_api_base.js
deploy	üé® Build Frontend (generate artifact)	2025-10-31T21:39:07.8397943Z 
deploy	üé® Build Frontend (generate artifact)	2025-10-31T21:39:07.8695153Z VITE_API_BASE present: https://medplat-backend-2pr2rrffwq-ew.a.run.app
deploy	üé® Build Frontend (generate artifact)	2025-10-31T21:39:08.8683565Z [36mvite v4.5.14 [32mbuilding for production...[36m[39m
deploy	üé® Build Frontend (generate artifact)	2025-10-31T21:39:08.9067414Z transforming...
deploy	üé® Build Frontend (generate artifact)	2025-10-31T21:39:09.6467913Z [32m‚úì[39m 31 modules transformed.
deploy	üé® Build Frontend (generate artifact)	2025-10-31T21:39:09.7261883Z rendering chunks...
deploy	üé® Build Frontend (generate artifact)	2025-10-31T21:39:09.7311385Z computing gzip size...
deploy	üé® Build Frontend (generate artifact)	2025-10-31T21:39:09.7441384Z [2mdist/[22m[32mindex.html                 [39m[1m[2m  0.39 kB[22m[1m[22m[2m ‚îÇ gzip:  0.27 kB[22m
deploy	üé® Build Frontend (generate artifact)	2025-10-31T21:39:09.7443175Z [2mdist/[22m[2massets/[22m[35mindex-28c342d1.css  [39m[1m[2m  0.07 kB[22m[1m[22m[2m ‚îÇ gzip:  0.09 kB[22m
deploy	üé® Build Frontend (generate artifact)	2025-10-31T21:39:09.7444549Z [2mdist/[22m[2massets/[22m[36mindex-07999ac2.js   [39m[1m[2m142.81 kB[22m[1m[22m[2m ‚îÇ gzip: 45.89 kB[22m
deploy	üé® Build Frontend (generate artifact)	2025-10-31T21:39:09.7448408Z [32m‚úì built in 875ms[39m
deploy	üé® Build Frontend (generate artifact)	2025-10-31T21:39:09.7886212Z Wrote VITE_API_BASE to /home/runner/work/medplat/medplat/frontend/dist/VITE_API_BASE.txt
deploy	üîé Verify Frontend Build contains VITE_API_BASE	Ôªø2025-10-31T21:39:09.8078332Z ##[group]Run BACKEND_URL=https://medplat-backend-2pr2rrffwq-ew.a.run.app
deploy	üîé Verify Frontend Build contains VITE_API_BASE	2025-10-31T21:39:09.8079030Z [36;1mBACKEND_URL=https://medplat-backend-2pr2rrffwq-ew.a.run.app[0m
deploy	üîé Verify Frontend Build contains VITE_API_BASE	2025-10-31T21:39:09.8079578Z [36;1mif [ -f frontend/dist/VITE_API_BASE.txt ]; then[0m
deploy	üîé Verify Frontend Build contains VITE_API_BASE	2025-10-31T21:39:09.8080005Z [36;1m  FOUND=$(cat frontend/dist/VITE_API_BASE.txt)[0m
deploy	üîé Verify Frontend Build contains VITE_API_BASE	2025-10-31T21:39:09.8080427Z [36;1m  echo "Found VITE_API_BASE in artifact: $FOUND"[0m
deploy	üîé Verify Frontend Build contains VITE_API_BASE	2025-10-31T21:39:09.8080846Z [36;1m  if [ "$FOUND" != "$BACKEND_URL" ]; then[0m
deploy	üîé Verify Frontend Build contains VITE_API_BASE	2025-10-31T21:39:09.8081395Z [36;1m    echo "‚ùå Mismatch: expected $BACKEND_URL but frontend/dist/VITE_API_BASE.txt contains $FOUND"[0m
deploy	üîé Verify Frontend Build contains VITE_API_BASE	2025-10-31T21:39:09.8081933Z [36;1m    exit 1[0m
deploy	üîé Verify Frontend Build contains VITE_API_BASE	2025-10-31T21:39:09.8082209Z [36;1m  fi[0m
deploy	üîé Verify Frontend Build contains VITE_API_BASE	2025-10-31T21:39:09.8082468Z [36;1melse[0m
deploy	üîé Verify Frontend Build contains VITE_API_BASE	2025-10-31T21:39:09.8082968Z [36;1m  echo "‚ùå frontend/dist/VITE_API_BASE.txt not found ‚Äî build step did not produce the verification artifact"[0m
deploy	üîé Verify Frontend Build contains VITE_API_BASE	2025-10-31T21:39:09.8083525Z [36;1m  exit 1[0m
deploy	üîé Verify Frontend Build contains VITE_API_BASE	2025-10-31T21:39:09.8083793Z [36;1mfi[0m
deploy	üîé Verify Frontend Build contains VITE_API_BASE	2025-10-31T21:39:09.8115929Z shell: /usr/bin/bash -e ***0***
deploy	üîé Verify Frontend Build contains VITE_API_BASE	2025-10-31T21:39:09.8116453Z env:
deploy	üîé Verify Frontend Build contains VITE_API_BASE	2025-10-31T21:39:09.8116760Z   GCP_PROJECT: ***
deploy	üîé Verify Frontend Build contains VITE_API_BASE	2025-10-31T21:39:09.8117304Z   CLOUDSDK_AUTH_CREDENTIAL_FILE_OVERRIDE: /home/runner/work/medplat/medplat/gha-creds-1921c1b9bec1c2bb.json
deploy	üîé Verify Frontend Build contains VITE_API_BASE	2025-10-31T21:39:09.8118077Z   GOOGLE_APPLICATION_CREDENTIALS: /home/runner/work/medplat/medplat/gha-creds-1921c1b9bec1c2bb.json
deploy	üîé Verify Frontend Build contains VITE_API_BASE	2025-10-31T21:39:09.8118777Z   GOOGLE_GHA_CREDS_PATH: /home/runner/work/medplat/medplat/gha-creds-1921c1b9bec1c2bb.json
deploy	üîé Verify Frontend Build contains VITE_API_BASE	2025-10-31T21:39:09.8119326Z   CLOUDSDK_CORE_PROJECT: ***
deploy	üîé Verify Frontend Build contains VITE_API_BASE	2025-10-31T21:39:09.8119658Z   CLOUDSDK_PROJECT: ***
deploy	üîé Verify Frontend Build contains VITE_API_BASE	2025-10-31T21:39:09.8119972Z   GCLOUD_PROJECT: ***
deploy	üîé Verify Frontend Build contains VITE_API_BASE	2025-10-31T21:39:09.8120299Z   GOOGLE_CLOUD_PROJECT: ***
deploy	üîé Verify Frontend Build contains VITE_API_BASE	2025-10-31T21:39:09.8120673Z   CLOUDSDK_METRICS_ENVIRONMENT: github-actions-setup-gcloud
deploy	üîé Verify Frontend Build contains VITE_API_BASE	2025-10-31T21:39:09.8121106Z   CLOUDSDK_METRICS_ENVIRONMENT_VERSION: 2.2.1
deploy	üîé Verify Frontend Build contains VITE_API_BASE	2025-10-31T21:39:09.8121454Z ##[endgroup]
deploy	üîé Verify Frontend Build contains VITE_API_BASE	2025-10-31T21:39:09.8189871Z Found VITE_API_BASE in artifact: https://medplat-backend-2pr2rrffwq-ew.a.run.app
deploy	üì¶ Upload frontend build artifact	Ôªø2025-10-31T21:39:09.8241813Z ##[group]Run actions/upload-artifact@v4
deploy	üì¶ Upload frontend build artifact	2025-10-31T21:39:09.8242194Z with:
deploy	üì¶ Upload frontend build artifact	2025-10-31T21:39:09.8242464Z   name: frontend-dist
deploy	üì¶ Upload frontend build artifact	2025-10-31T21:39:09.8242755Z   path: frontend/dist
deploy	üì¶ Upload frontend build artifact	2025-10-31T21:39:09.8243055Z   if-no-files-found: warn
deploy	üì¶ Upload frontend build artifact	2025-10-31T21:39:09.8243365Z   compression-level: 6
deploy	üì¶ Upload frontend build artifact	2025-10-31T21:39:09.8243652Z   overwrite: false
deploy	üì¶ Upload frontend build artifact	2025-10-31T21:39:09.8243940Z   include-hidden-files: false
deploy	üì¶ Upload frontend build artifact	2025-10-31T21:39:09.8244244Z env:
deploy	üì¶ Upload frontend build artifact	2025-10-31T21:39:09.8244522Z   GCP_PROJECT: ***
deploy	üì¶ Upload frontend build artifact	2025-10-31T21:39:09.8245261Z   CLOUDSDK_AUTH_CREDENTIAL_FILE_OVERRIDE: /home/runner/work/medplat/medplat/gha-creds-1921c1b9bec1c2bb.json
deploy	üì¶ Upload frontend build artifact	2025-10-31T21:39:09.8246050Z   GOOGLE_APPLICATION_CREDENTIALS: /home/runner/work/medplat/medplat/gha-creds-1921c1b9bec1c2bb.json
deploy	üì¶ Upload frontend build artifact	2025-10-31T21:39:09.8246979Z   GOOGLE_GHA_CREDS_PATH: /home/runner/work/medplat/medplat/gha-creds-1921c1b9bec1c2bb.json
deploy	üì¶ Upload frontend build artifact	2025-10-31T21:39:09.8247519Z   CLOUDSDK_CORE_PROJECT: ***
deploy	üì¶ Upload frontend build artifact	2025-10-31T21:39:09.8247862Z   CLOUDSDK_PROJECT: ***
deploy	üì¶ Upload frontend build artifact	2025-10-31T21:39:09.8248174Z   GCLOUD_PROJECT: ***
deploy	üì¶ Upload frontend build artifact	2025-10-31T21:39:09.8248513Z   GOOGLE_CLOUD_PROJECT: ***
deploy	üì¶ Upload frontend build artifact	2025-10-31T21:39:09.8248889Z   CLOUDSDK_METRICS_ENVIRONMENT: github-actions-setup-gcloud
deploy	üì¶ Upload frontend build artifact	2025-10-31T21:39:09.8249328Z   CLOUDSDK_METRICS_ENVIRONMENT_VERSION: 2.2.1
deploy	üì¶ Upload frontend build artifact	2025-10-31T21:39:09.8249675Z ##[endgroup]
deploy	üì¶ Upload frontend build artifact	2025-10-31T21:39:10.0482391Z With the provided path, there will be 4 files uploaded
deploy	üì¶ Upload frontend build artifact	2025-10-31T21:39:10.0489481Z Artifact name is valid!
deploy	üì¶ Upload frontend build artifact	2025-10-31T21:39:10.0490634Z Root directory input is valid!
deploy	üì¶ Upload frontend build artifact	2025-10-31T21:39:10.2616657Z Beginning upload of artifact content to blob storage
deploy	üì¶ Upload frontend build artifact	2025-10-31T21:39:10.4358534Z Uploaded bytes 46783
deploy	üì¶ Upload frontend build artifact	2025-10-31T21:39:10.4707816Z Finished uploading artifact content to blob storage!
deploy	üì¶ Upload frontend build artifact	2025-10-31T21:39:10.4710816Z SHA256 digest of uploaded artifact zip is 445f16996cf31bbdb4920b0f6aa942a622c7feef3eee17115ab36c19efa1e188
deploy	üì¶ Upload frontend build artifact	2025-10-31T21:39:10.4712547Z Finalizing artifact upload
deploy	üì¶ Upload frontend build artifact	2025-10-31T21:39:10.5684053Z Artifact frontend-dist.zip successfully finalized. Artifact ID 4434514365
deploy	üì¶ Upload frontend build artifact	2025-10-31T21:39:10.5685560Z Artifact frontend-dist has been successfully uploaded! Final size is 46783 bytes. Artifact ID is 4434514365
deploy	üì¶ Upload frontend build artifact	2025-10-31T21:39:10.5693002Z Artifact download URL: https://github.com/Tazaai/medplat/actions/runs/18985843052/artifacts/4434514365
deploy	üöÄ Deploy Frontend	Ôªø2025-10-31T21:39:10.5805187Z ##[group]Run BACKEND_URL=https://medplat-backend-2pr2rrffwq-ew.a.run.app
deploy	üöÄ Deploy Frontend	2025-10-31T21:39:10.5805981Z [36;1mBACKEND_URL=https://medplat-backend-2pr2rrffwq-ew.a.run.app[0m
deploy	üöÄ Deploy Frontend	2025-10-31T21:39:10.5806781Z [36;1mcd frontend[0m
deploy	üöÄ Deploy Frontend	2025-10-31T21:39:10.5807251Z [36;1m# Force a fresh image by tagging with a timestamp. This avoids accidental reuse[0m
deploy	üöÄ Deploy Frontend	2025-10-31T21:39:10.5807855Z [36;1m# of older image tags or cached layers and guarantees Cloud Run receives the[0m
deploy	üöÄ Deploy Frontend	2025-10-31T21:39:10.5808394Z [36;1m# newly built image containing the latest frontend assets.[0m
deploy	üöÄ Deploy Frontend	2025-10-31T21:39:10.5808813Z [36;1mTIMESTAMP=$(date +%s)[0m
deploy	üöÄ Deploy Frontend	2025-10-31T21:39:10.5809310Z [36;1mIMAGE_TAG="europe-west1-docker.pkg.dev/$GCP_PROJECT/medplat/frontend:$TIMESTAMP"[0m
deploy	üöÄ Deploy Frontend	2025-10-31T21:39:10.5809850Z [36;1mecho "Building image $IMAGE_TAG"[0m
deploy	üöÄ Deploy Frontend	2025-10-31T21:39:10.5810346Z [36;1m# Ensure Cloud Build uses Kaniko-based execution so --no-cache is supported[0m
deploy	üöÄ Deploy Frontend	2025-10-31T21:39:10.5810961Z [36;1m# (some projects have builds/use_kaniko=false by default). Set it idempotently.[0m
deploy	üöÄ Deploy Frontend	2025-10-31T21:39:10.5811525Z [36;1mgcloud config set builds/use_kaniko true || true[0m
deploy	üöÄ Deploy Frontend	2025-10-31T21:39:10.5812018Z [36;1m# Force a fresh Cloud Build (no cached layers) to avoid stale assets[0m
deploy	üöÄ Deploy Frontend	2025-10-31T21:39:10.5812576Z [36;1m# and ensure the image contains the most recent `dist/` contents.[0m
deploy	üöÄ Deploy Frontend	2025-10-31T21:39:10.5813136Z [36;1m# Build and push the image with docker so we can pass --build-arg directly.[0m
deploy	üöÄ Deploy Frontend	2025-10-31T21:39:10.5813740Z [36;1m# gcloud builds submit doesn't accept --build-arg; using docker build + push[0m
deploy	üöÄ Deploy Frontend	2025-10-31T21:39:10.5814333Z [36;1m# works with the Artifact Registry credential helper (configured above).[0m
deploy	üöÄ Deploy Frontend	2025-10-31T21:39:10.5814917Z [36;1mdocker build --tag "$IMAGE_TAG" --build-arg BUILD_DATE="$TIMESTAMP" .[0m
deploy	üöÄ Deploy Frontend	2025-10-31T21:39:10.5815379Z [36;1mdocker push "$IMAGE_TAG"[0m
deploy	üöÄ Deploy Frontend	2025-10-31T21:39:10.5815751Z [36;1mgcloud run deploy medplat-frontend \[0m
deploy	üöÄ Deploy Frontend	2025-10-31T21:39:10.5816123Z [36;1m  --image "$IMAGE_TAG" \[0m
deploy	üöÄ Deploy Frontend	2025-10-31T21:39:10.5816726Z [36;1m  --region europe-west1 \[0m
deploy	üöÄ Deploy Frontend	2025-10-31T21:39:10.5817079Z [36;1m  --allow-unauthenticated \[0m
deploy	üöÄ Deploy Frontend	2025-10-31T21:39:10.5817415Z [36;1m  --port 8080 \[0m
deploy	üöÄ Deploy Frontend	2025-10-31T21:39:10.5817767Z [36;1m  --set-env-vars "VITE_API_BASE=$BACKEND_URL" \[0m
deploy	üöÄ Deploy Frontend	2025-10-31T21:39:10.5818364Z [36;1m  --project $GCP_PROJECT[0m
deploy	üöÄ Deploy Frontend	2025-10-31T21:39:10.5850814Z shell: /usr/bin/bash -e ***0***
deploy	üöÄ Deploy Frontend	2025-10-31T21:39:10.5851163Z env:
deploy	üöÄ Deploy Frontend	2025-10-31T21:39:10.5851452Z   GCP_PROJECT: ***
deploy	üöÄ Deploy Frontend	2025-10-31T21:39:10.5852003Z   CLOUDSDK_AUTH_CREDENTIAL_FILE_OVERRIDE: /home/runner/work/medplat/medplat/gha-creds-1921c1b9bec1c2bb.json
deploy	üöÄ Deploy Frontend	2025-10-31T21:39:10.5852786Z   GOOGLE_APPLICATION_CREDENTIALS: /home/runner/work/medplat/medplat/gha-creds-1921c1b9bec1c2bb.json
deploy	üöÄ Deploy Frontend	2025-10-31T21:39:10.5853500Z   GOOGLE_GHA_CREDS_PATH: /home/runner/work/medplat/medplat/gha-creds-1921c1b9bec1c2bb.json
deploy	üöÄ Deploy Frontend	2025-10-31T21:39:10.5854028Z   CLOUDSDK_CORE_PROJECT: ***
deploy	üöÄ Deploy Frontend	2025-10-31T21:39:10.5854371Z   CLOUDSDK_PROJECT: ***
deploy	üöÄ Deploy Frontend	2025-10-31T21:39:10.5854684Z   GCLOUD_PROJECT: ***
deploy	üöÄ Deploy Frontend	2025-10-31T21:39:10.5855007Z   GOOGLE_CLOUD_PROJECT: ***
deploy	üöÄ Deploy Frontend	2025-10-31T21:39:10.5855396Z   CLOUDSDK_METRICS_ENVIRONMENT: github-actions-setup-gcloud
deploy	üöÄ Deploy Frontend	2025-10-31T21:39:10.5855839Z   CLOUDSDK_METRICS_ENVIRONMENT_VERSION: 2.2.1
deploy	üöÄ Deploy Frontend	2025-10-31T21:39:10.5856190Z ##[endgroup]
deploy	üöÄ Deploy Frontend	2025-10-31T21:39:10.5927472Z Building image europe-west1-docker.pkg.dev/***/medplat/frontend:1761946750
deploy	üöÄ Deploy Frontend	2025-10-31T21:39:11.2005327Z Updated property [builds/use_kaniko].
deploy	üöÄ Deploy Frontend	2025-10-31T21:39:11.7266891Z #0 building with "default" instance using docker driver
deploy	üöÄ Deploy Frontend	2025-10-31T21:39:11.7267415Z 
deploy	üöÄ Deploy Frontend	2025-10-31T21:39:11.7267649Z #1 [internal] load build definition from Dockerfile
deploy	üöÄ Deploy Frontend	2025-10-31T21:39:11.7268223Z #1 transferring dockerfile: 937B done
deploy	üöÄ Deploy Frontend	2025-10-31T21:39:11.7268740Z #1 DONE 0.0s
deploy	üöÄ Deploy Frontend	2025-10-31T21:39:11.7268922Z 
deploy	üöÄ Deploy Frontend	2025-10-31T21:39:11.7269162Z #2 [auth] library/node:pull token for registry-1.docker.io
deploy	üöÄ Deploy Frontend	2025-10-31T21:39:11.8776182Z #2 DONE 0.0s
deploy	üöÄ Deploy Frontend	2025-10-31T21:39:11.8776681Z 
deploy	üöÄ Deploy Frontend	2025-10-31T21:39:11.8776963Z #3 [internal] load metadata for docker.io/library/node:18-alpine
deploy	üöÄ Deploy Frontend	2025-10-31T21:39:12.1082024Z #3 DONE 0.5s
deploy	üöÄ Deploy Frontend	2025-10-31T21:39:12.2245573Z 
deploy	üöÄ Deploy Frontend	2025-10-31T21:39:12.2249735Z #4 [internal] load .dockerignore
deploy	üöÄ Deploy Frontend	2025-10-31T21:39:12.2250500Z #4 transferring context: 113B done
deploy	üöÄ Deploy Frontend	2025-10-31T21:39:12.2251065Z #4 DONE 0.0s
deploy	üöÄ Deploy Frontend	2025-10-31T21:39:12.2252856Z 
deploy	üöÄ Deploy Frontend	2025-10-31T21:39:12.2253244Z #5 [internal] load build context
deploy	üöÄ Deploy Frontend	2025-10-31T21:39:12.2253883Z #5 transferring context: 89.01kB done
deploy	üöÄ Deploy Frontend	2025-10-31T21:39:12.2254405Z #5 DONE 0.0s
deploy	üöÄ Deploy Frontend	2025-10-31T21:39:12.2254651Z 
deploy	üöÄ Deploy Frontend	2025-10-31T21:39:12.2255334Z #6 [1/7] FROM docker.io/library/node:18-alpine@sha256:8d6421d663b4c28fd3ebc498332f249011d118945588d0a35cb9bc4b8ca09d9e
deploy	üöÄ Deploy Frontend	2025-10-31T21:39:12.2257088Z #6 resolve docker.io/library/node:18-alpine@sha256:8d6421d663b4c28fd3ebc498332f249011d118945588d0a35cb9bc4b8ca09d9e done
deploy	üöÄ Deploy Frontend	2025-10-31T21:39:12.2258399Z #6 sha256:f18232174bc91741fdf3da96d85011092101a032a93a388b79e99e69c2d5c870 2.10MB / 3.64MB 0.1s
deploy	üöÄ Deploy Frontend	2025-10-31T21:39:12.2259607Z #6 sha256:dd71dde834b5c203d162902e6b8994cb2309ae049a0eabc4efea161b2b5a3d0e 0B / 40.01MB 0.1s
deploy	üöÄ Deploy Frontend	2025-10-31T21:39:12.2260817Z #6 sha256:1e5a4c89cee5c0826c540ab06d4b6b491c96eda01837f430bd47f0d26702d6e3 0B / 1.26MB 0.1s
deploy	üöÄ Deploy Frontend	2025-10-31T21:39:12.2262064Z #6 sha256:8d6421d663b4c28fd3ebc498332f249011d118945588d0a35cb9bc4b8ca09d9e 7.67kB / 7.67kB done
deploy	üöÄ Deploy Frontend	2025-10-31T21:39:12.2263536Z #6 sha256:929b04d7c782f04f615cf785488fed452b6569f87c73ff666ad553a7554f0006 1.72kB / 1.72kB done
deploy	üöÄ Deploy Frontend	2025-10-31T21:39:12.2264988Z #6 sha256:ee77c6cd7c1886ecc802ad6cedef3a8ec1ea27d1fb96162bf03dd3710839b8da 6.18kB / 6.18kB done
deploy	üöÄ Deploy Frontend	2025-10-31T21:39:12.3375081Z #6 sha256:f18232174bc91741fdf3da96d85011092101a032a93a388b79e99e69c2d5c870 3.64MB / 3.64MB 0.1s done
deploy	üöÄ Deploy Frontend	2025-10-31T21:39:12.3376760Z #6 sha256:dd71dde834b5c203d162902e6b8994cb2309ae049a0eabc4efea161b2b5a3d0e 12.58MB / 40.01MB 0.2s
deploy	üöÄ Deploy Frontend	2025-10-31T21:39:12.3378137Z #6 sha256:1e5a4c89cee5c0826c540ab06d4b6b491c96eda01837f430bd47f0d26702d6e3 1.26MB / 1.26MB 0.1s done
deploy	üöÄ Deploy Frontend	2025-10-31T21:39:12.3379418Z #6 extracting sha256:f18232174bc91741fdf3da96d85011092101a032a93a388b79e99e69c2d5c870 0.1s
deploy	üöÄ Deploy Frontend	2025-10-31T21:39:12.3380694Z #6 sha256:25ff2da83641908f65c3a74d80409d6b1b62ccfaab220b9ea70b80df5a2e0549 446B / 446B 0.2s done
deploy	üöÄ Deploy Frontend	2025-10-31T21:39:12.5239104Z #6 sha256:dd71dde834b5c203d162902e6b8994cb2309ae049a0eabc4efea161b2b5a3d0e 28.31MB / 40.01MB 0.4s
deploy	üöÄ Deploy Frontend	2025-10-31T21:39:12.5240278Z #6 extracting sha256:f18232174bc91741fdf3da96d85011092101a032a93a388b79e99e69c2d5c870 0.1s done
deploy	üöÄ Deploy Frontend	2025-10-31T21:39:12.6241066Z #6 sha256:dd71dde834b5c203d162902e6b8994cb2309ae049a0eabc4efea161b2b5a3d0e 33.55MB / 40.01MB 0.5s
deploy	üöÄ Deploy Frontend	2025-10-31T21:39:12.7282500Z #6 sha256:dd71dde834b5c203d162902e6b8994cb2309ae049a0eabc4efea161b2b5a3d0e 40.01MB / 40.01MB 0.6s done
deploy	üöÄ Deploy Frontend	2025-10-31T21:39:12.7283848Z #6 extracting sha256:dd71dde834b5c203d162902e6b8994cb2309ae049a0eabc4efea161b2b5a3d0e
deploy	üöÄ Deploy Frontend	2025-10-31T21:39:13.7321067Z #6 extracting sha256:dd71dde834b5c203d162902e6b8994cb2309ae049a0eabc4efea161b2b5a3d0e 1.0s done
deploy	üöÄ Deploy Frontend	2025-10-31T21:39:14.3077030Z #6 extracting sha256:1e5a4c89cee5c0826c540ab06d4b6b491c96eda01837f430bd47f0d26702d6e3
deploy	üöÄ Deploy Frontend	2025-10-31T21:39:14.5207265Z #6 extracting sha256:1e5a4c89cee5c0826c540ab06d4b6b491c96eda01837f430bd47f0d26702d6e3 0.0s done
deploy	üöÄ Deploy Frontend	2025-10-31T21:39:14.5208636Z #6 extracting sha256:25ff2da83641908f65c3a74d80409d6b1b62ccfaab220b9ea70b80df5a2e0549 done
deploy	üöÄ Deploy Frontend	2025-10-31T21:39:14.5209508Z #6 DONE 2.3s
deploy	üöÄ Deploy Frontend	2025-10-31T21:39:14.5209764Z 
deploy	üöÄ Deploy Frontend	2025-10-31T21:39:14.5209991Z #7 [2/7] WORKDIR /app
deploy	üöÄ Deploy Frontend	2025-10-31T21:39:14.5210479Z #7 DONE 0.0s
deploy	üöÄ Deploy Frontend	2025-10-31T21:39:14.5210745Z 
deploy	üöÄ Deploy Frontend	2025-10-31T21:39:14.5211272Z #8 [3/7] RUN if [ -n "1761946750" ]; then mkdir -p /buildmeta && echo "1761946750" > /buildmeta/BUILD_DATE || true; fi
deploy	üöÄ Deploy Frontend	2025-10-31T21:39:14.5212213Z #8 DONE 0.1s
deploy	üöÄ Deploy Frontend	2025-10-31T21:39:14.6864423Z 
deploy	üöÄ Deploy Frontend	2025-10-31T21:39:14.6865154Z #9 [4/7] COPY package*.json ./
deploy	üöÄ Deploy Frontend	2025-10-31T21:39:14.6865598Z #9 DONE 0.0s
deploy	üöÄ Deploy Frontend	2025-10-31T21:39:14.6865783Z 
deploy	üöÄ Deploy Frontend	2025-10-31T21:39:14.6865928Z #10 [5/7] RUN npm install
deploy	üöÄ Deploy Frontend	2025-10-31T21:39:19.1928570Z #10 4.657 
deploy	üöÄ Deploy Frontend	2025-10-31T21:39:19.1929332Z #10 4.657 added 121 packages, and audited 122 packages in 4s
deploy	üöÄ Deploy Frontend	2025-10-31T21:39:19.3853312Z #10 4.657 
deploy	üöÄ Deploy Frontend	2025-10-31T21:39:19.3853961Z #10 4.657 8 packages are looking for funding
deploy	üöÄ Deploy Frontend	2025-10-31T21:39:19.3855030Z #10 4.657   run `npm fund` for details
deploy	üöÄ Deploy Frontend	2025-10-31T21:39:19.3855612Z #10 4.667 
deploy	üöÄ Deploy Frontend	2025-10-31T21:39:19.3856126Z #10 4.667 2 moderate severity vulnerabilities
deploy	üöÄ Deploy Frontend	2025-10-31T21:39:19.3856936Z #10 4.667 
deploy	üöÄ Deploy Frontend	2025-10-31T21:39:19.3857638Z #10 4.667 To address all issues (including breaking changes), run:
deploy	üöÄ Deploy Frontend	2025-10-31T21:39:19.3858401Z #10 4.667   npm audit fix --force
deploy	üöÄ Deploy Frontend	2025-10-31T21:39:19.3858950Z #10 4.667 
deploy	üöÄ Deploy Frontend	2025-10-31T21:39:19.3859436Z #10 4.667 Run `npm audit` for details.
deploy	üöÄ Deploy Frontend	2025-10-31T21:39:19.3860016Z #10 4.668 npm notice
deploy	üöÄ Deploy Frontend	2025-10-31T21:39:19.3860683Z #10 4.668 npm notice New major version of npm available! 10.8.2 -> 11.6.2
deploy	üöÄ Deploy Frontend	2025-10-31T21:39:19.3861661Z #10 4.668 npm notice Changelog: https://github.com/npm/cli/releases/tag/v11.6.2
deploy	üöÄ Deploy Frontend	2025-10-31T21:39:19.3862580Z #10 4.668 npm notice To update run: npm install -g npm@11.6.2
deploy	üöÄ Deploy Frontend	2025-10-31T21:39:19.3863257Z #10 4.668 npm notice
deploy	üöÄ Deploy Frontend	2025-10-31T21:39:19.3863741Z #10 DONE 4.7s
deploy	üöÄ Deploy Frontend	2025-10-31T21:39:19.3864006Z 
deploy	üöÄ Deploy Frontend	2025-10-31T21:39:19.3864216Z #11 [6/7] COPY . .
deploy	üöÄ Deploy Frontend	2025-10-31T21:39:19.4533485Z #11 DONE 0.2s
deploy	üöÄ Deploy Frontend	2025-10-31T21:39:19.6047886Z 
deploy	üöÄ Deploy Frontend	2025-10-31T21:39:19.6049081Z #12 [7/7] RUN if [ -d "dist" ]; then 			echo "Using prebuilt dist/ (skip npm run build)"; 		else 			npm run build; 		fi
deploy	üöÄ Deploy Frontend	2025-10-31T21:39:19.7358319Z #12 0.282 
deploy	üöÄ Deploy Frontend	2025-10-31T21:39:19.7359534Z #12 0.282 > medplat-frontend@1.0.0 build
deploy	üöÄ Deploy Frontend	2025-10-31T21:39:19.7362166Z #12 0.282 > node ./scripts/verify_build_env.js && vite build && node ./scripts/write_build_api_base.js
deploy	üöÄ Deploy Frontend	2025-10-31T21:39:19.7375688Z #12 0.282 
deploy	üöÄ Deploy Frontend	2025-10-31T21:39:19.9395990Z #12 0.335 WARNING: VITE_API_BASE is not set. Local builds will fall back to the configured defaults in src/config.js.
deploy	üöÄ Deploy Frontend	2025-10-31T21:39:20.0536062Z #12 0.599 vite v4.5.14 building for production...
deploy	üöÄ Deploy Frontend	2025-10-31T21:39:20.2376535Z #12 0.632 transforming...
deploy	üöÄ Deploy Frontend	2025-10-31T21:39:21.0069608Z #12 1.553 ‚úì 31 modules transformed.
deploy	üöÄ Deploy Frontend	2025-10-31T21:39:21.1111084Z #12 1.644 rendering chunks...
deploy	üöÄ Deploy Frontend	2025-10-31T21:39:21.1111763Z #12 1.650 computing gzip size...
deploy	üöÄ Deploy Frontend	2025-10-31T21:39:21.1112799Z #12 1.657 dist/index.html                   0.39 kB ‚îÇ gzip:  0.27 kB
deploy	üöÄ Deploy Frontend	2025-10-31T21:39:21.3494210Z #12 1.657 dist/assets/index-28c342d1.css    0.07 kB ‚îÇ gzip:  0.09 kB
deploy	üöÄ Deploy Frontend	2025-10-31T21:39:21.3495370Z #12 1.658 dist/assets/index-07999ac2.js   142.81 kB ‚îÇ gzip: 45.89 kB
deploy	üöÄ Deploy Frontend	2025-10-31T21:39:21.3496898Z #12 1.658 ‚úì built in 1.06s
deploy	üöÄ Deploy Frontend	2025-10-31T21:39:21.3497591Z #12 1.721 Wrote VITE_API_BASE to /app/dist/VITE_API_BASE.txt
deploy	üöÄ Deploy Frontend	2025-10-31T21:39:21.3498309Z #12 DONE 1.7s
deploy	üöÄ Deploy Frontend	2025-10-31T21:39:21.3498587Z 
deploy	üöÄ Deploy Frontend	2025-10-31T21:39:21.3498825Z #13 exporting to image
deploy	üöÄ Deploy Frontend	2025-10-31T21:39:21.3499363Z #13 exporting layers
deploy	üöÄ Deploy Frontend	2025-10-31T21:39:23.1957293Z #13 exporting layers 2.0s done
deploy	üöÄ Deploy Frontend	2025-10-31T21:39:23.2157572Z #13 writing image sha256:b650928ba684a08a7b81f83e6b1d9d5ebb1bc75a183c77c69077ad3f470481bc done
deploy	üöÄ Deploy Frontend	2025-10-31T21:39:23.2159541Z #13 naming to europe-west1-docker.pkg.dev/***/medplat/frontend:1761946750 done
deploy	üöÄ Deploy Frontend	2025-10-31T21:39:23.2160364Z #13 DONE 2.0s
deploy	üöÄ Deploy Frontend	2025-10-31T21:39:23.9238428Z The push refers to repository [europe-west1-docker.pkg.dev/***/medplat/frontend]
deploy	üöÄ Deploy Frontend	2025-10-31T21:39:24.5203581Z 1456e63e1967: Preparing
deploy	üöÄ Deploy Frontend	2025-10-31T21:39:24.5204270Z b4aa2b43f887: Preparing
deploy	üöÄ Deploy Frontend	2025-10-31T21:39:24.5204851Z 6e7e93b292fe: Preparing
deploy	üöÄ Deploy Frontend	2025-10-31T21:39:24.5205406Z 56946c9b83a4: Preparing
deploy	üöÄ Deploy Frontend	2025-10-31T21:39:24.5205952Z 469b5b699bb2: Preparing
deploy	üöÄ Deploy Frontend	2025-10-31T21:39:24.5206522Z b2a39118a7d0: Preparing
deploy	üöÄ Deploy Frontend	2025-10-31T21:39:24.5206859Z 82140d9a70a7: Preparing
deploy	üöÄ Deploy Frontend	2025-10-31T21:39:24.5207312Z f3b40b0cdb1c: Preparing
deploy	üöÄ Deploy Frontend	2025-10-31T21:39:24.5207606Z 0b1f26057bd0: Preparing
deploy	üöÄ Deploy Frontend	2025-10-31T21:39:24.5207995Z 08000c18d16d: Preparing
deploy	üöÄ Deploy Frontend	2025-10-31T21:39:24.5208279Z f3b40b0cdb1c: Waiting
deploy	üöÄ Deploy Frontend	2025-10-31T21:39:24.5208568Z 0b1f26057bd0: Waiting
deploy	üöÄ Deploy Frontend	2025-10-31T21:39:24.5208845Z 08000c18d16d: Waiting
deploy	üöÄ Deploy Frontend	2025-10-31T21:39:24.5209119Z 82140d9a70a7: Waiting
deploy	üöÄ Deploy Frontend	2025-10-31T21:39:24.5209387Z b2a39118a7d0: Waiting
deploy	üöÄ Deploy Frontend	2025-10-31T21:39:28.3095581Z 469b5b699bb2: Pushed
deploy	üöÄ Deploy Frontend	2025-10-31T21:39:28.3819711Z 56946c9b83a4: Pushed
deploy	üöÄ Deploy Frontend	2025-10-31T21:39:28.7227437Z b4aa2b43f887: Pushed
deploy	üöÄ Deploy Frontend	2025-10-31T21:39:28.8082907Z 1456e63e1967: Pushed
deploy	üöÄ Deploy Frontend	2025-10-31T21:39:29.0468145Z 82140d9a70a7: Layer already exists
deploy	üöÄ Deploy Frontend	2025-10-31T21:39:29.3382846Z f3b40b0cdb1c: Layer already exists
deploy	üöÄ Deploy Frontend	2025-10-31T21:39:29.4416944Z 0b1f26057bd0: Layer already exists
deploy	üöÄ Deploy Frontend	2025-10-31T21:39:29.6626854Z 08000c18d16d: Layer already exists
deploy	üöÄ Deploy Frontend	2025-10-31T21:39:31.4778274Z b2a39118a7d0: Pushed
deploy	üöÄ Deploy Frontend	2025-10-31T21:39:31.9197171Z 6e7e93b292fe: Pushed
deploy	üöÄ Deploy Frontend	2025-10-31T21:39:34.9911350Z 1761946750: digest: sha256:44ef53d6a29e7fd7d7862444fb04f4b33fe3fa6787de8f7d4206b197c1d11526 size: 2410
deploy	üöÄ Deploy Frontend	2025-10-31T21:39:36.8408087Z Deploying container to Cloud Run service [medplat-frontend] in project [***] region [europe-west1]
deploy	üöÄ Deploy Frontend	2025-10-31T21:39:36.8409052Z Deploying...
deploy	üöÄ Deploy Frontend	2025-10-31T21:39:40.1279773Z Setting IAM Policy.........................done
deploy	üöÄ Deploy Frontend	2025-10-31T21:39:55.2567410Z Creating Revision..............................................................................................................................................................done
deploy	üöÄ Deploy Frontend	2025-10-31T21:39:55.2568363Z Routing traffic.....done
deploy	üöÄ Deploy Frontend	2025-10-31T21:39:56.0584141Z Done.
deploy	üöÄ Deploy Frontend	2025-10-31T21:39:56.0680992Z Service [medplat-frontend] revision [medplat-frontend-00287-6m2] has been deployed and is serving 100 percent of traffic.
deploy	üöÄ Deploy Frontend	2025-10-31T21:39:56.0682458Z Service URL: https://medplat-frontend-139218747785.europe-west1.run.app
deploy	ü©∫ Post-deploy health checks	Ôªø2025-10-31T21:39:56.2700905Z ##[group]Run set -euo pipefail
deploy	ü©∫ Post-deploy health checks	2025-10-31T21:39:56.2701400Z [36;1mset -euo pipefail[0m
deploy	ü©∫ Post-deploy health checks	2025-10-31T21:39:56.2701768Z [36;1mecho "Running post-deploy health checks"[0m
deploy	ü©∫ Post-deploy health checks	2025-10-31T21:39:56.2702145Z [36;1m[0m
deploy	ü©∫ Post-deploy health checks	2025-10-31T21:39:56.2702529Z [36;1m# Ensure services allow unauthenticated invocations (idempotent)[0m
deploy	ü©∫ Post-deploy health checks	2025-10-31T21:39:56.2703104Z [36;1mecho "Ensuring Cloud Run services allow unauthenticated invocations"[0m
deploy	ü©∫ Post-deploy health checks	2025-10-31T21:39:56.2703986Z [36;1mgcloud run services add-iam-policy-binding medplat-frontend --region=europe-west1 --member="allUsers" --role="roles/run.invoker" --project=$GCP_PROJECT || true[0m
deploy	ü©∫ Post-deploy health checks	2025-10-31T21:39:56.2705137Z [36;1mgcloud run services add-iam-policy-binding medplat-backend --region=europe-west1 --member="allUsers" --role="roles/run.invoker" --project=$GCP_PROJECT || true[0m
deploy	ü©∫ Post-deploy health checks	2025-10-31T21:39:56.2705855Z [36;1m[0m
deploy	ü©∫ Post-deploy health checks	2025-10-31T21:39:56.2706144Z [36;1mresolve_url() ***[0m
deploy	ü©∫ Post-deploy health checks	2025-10-31T21:39:56.2706782Z [36;1m  svc="$1"[0m
deploy	ü©∫ Post-deploy health checks	2025-10-31T21:39:56.2707135Z [36;1m  # re-query the service URL to avoid stale values[0m
deploy	ü©∫ Post-deploy health checks	2025-10-31T21:39:56.2708030Z [36;1m  url=$(gcloud run services describe "$svc" --region=europe-west1 --project=$GCP_PROJECT --format='value(status.url)')[0m
deploy	ü©∫ Post-deploy health checks	2025-10-31T21:39:56.2708623Z [36;1m  echo "$url"[0m
deploy	ü©∫ Post-deploy health checks	2025-10-31T21:39:56.2708926Z [36;1m***[0m
deploy	ü©∫ Post-deploy health checks	2025-10-31T21:39:56.2709193Z [36;1m[0m
deploy	ü©∫ Post-deploy health checks	2025-10-31T21:39:56.2709465Z [36;1mcheck_service() ***[0m
deploy	ü©∫ Post-deploy health checks	2025-10-31T21:39:56.2709783Z [36;1m  svc="$1"[0m
deploy	ü©∫ Post-deploy health checks	2025-10-31T21:39:56.2710070Z [36;1m  name="$2"[0m
deploy	ü©∫ Post-deploy health checks	2025-10-31T21:39:56.2710420Z [36;1m  echo "Checking service $svc (friendly name: $name)"[0m
deploy	ü©∫ Post-deploy health checks	2025-10-31T21:39:56.2710913Z [36;1m  # allow retry a few times for services that are still warming[0m
deploy	ü©∫ Post-deploy health checks	2025-10-31T21:39:56.2711326Z [36;1m  retries=6[0m
deploy	ü©∫ Post-deploy health checks	2025-10-31T21:39:56.2711606Z [36;1m  delay=5[0m
deploy	ü©∫ Post-deploy health checks	2025-10-31T21:39:56.2711886Z [36;1m  attempt=0[0m
deploy	ü©∫ Post-deploy health checks	2025-10-31T21:39:56.2712167Z [36;1m  while : ; do[0m
deploy	ü©∫ Post-deploy health checks	2025-10-31T21:39:56.2712479Z [36;1m    url=$(resolve_url "$svc")[0m
deploy	ü©∫ Post-deploy health checks	2025-10-31T21:39:56.2712840Z [36;1m    echo "Resolved $svc -> $url"[0m
deploy	ü©∫ Post-deploy health checks	2025-10-31T21:39:56.2713201Z [36;1m    if [ -z "$url" ]; then[0m
deploy	ü©∫ Post-deploy health checks	2025-10-31T21:39:56.2713560Z [36;1m      echo "No URL returned yet for $svc"[0m
deploy	ü©∫ Post-deploy health checks	2025-10-31T21:39:56.2713915Z [36;1m    else[0m
deploy	ü©∫ Post-deploy health checks	2025-10-31T21:39:56.2714352Z [36;1m        status=$(curl -s -o /dev/null -w "%***http_code***" -L --max-time 15 "$url" || true)[0m
deploy	ü©∫ Post-deploy health checks	2025-10-31T21:39:56.2714864Z [36;1m        echo "$name responded with HTTP $status"[0m
deploy	ü©∫ Post-deploy health checks	2025-10-31T21:39:56.2715269Z [36;1m        if [[ "$status" =~ ^2[0-9][0-9]$ ]]; then[0m
deploy	ü©∫ Post-deploy health checks	2025-10-31T21:39:56.2715638Z [36;1m          echo "‚úÖ $name OK"[0m
deploy	ü©∫ Post-deploy health checks	2025-10-31T21:39:56.2715967Z [36;1m          break[0m
deploy	ü©∫ Post-deploy health checks	2025-10-31T21:39:56.2716487Z [36;1m        fi[0m
deploy	ü©∫ Post-deploy health checks	2025-10-31T21:39:56.2716812Z [36;1m[0m
deploy	ü©∫ Post-deploy health checks	2025-10-31T21:39:56.2717237Z [36;1m        # Try fallback regional URL using project number (some Cloud Run hostnames differ)[0m
deploy	ü©∫ Post-deploy health checks	2025-10-31T21:39:56.2718003Z [36;1m        PROJECT_NUMBER=$(gcloud projects describe $GCP_PROJECT --format='value(projectNumber)') || PROJECT_NUMBER=""[0m
deploy	ü©∫ Post-deploy health checks	2025-10-31T21:39:56.2718632Z [36;1m        if [ -n "$PROJECT_NUMBER" ]; then[0m
deploy	ü©∫ Post-deploy health checks	2025-10-31T21:39:56.2719120Z [36;1m          alt_url="https://$svc-$PROJECT_NUMBER.europe-west1.run.app"[0m
deploy	ü©∫ Post-deploy health checks	2025-10-31T21:39:56.2719595Z [36;1m          echo "Trying fallback URL: $alt_url"[0m
deploy	ü©∫ Post-deploy health checks	2025-10-31T21:39:56.2720124Z [36;1m          alt_status=$(curl -s -o /dev/null -w "%***http_code***" -L --max-time 15 "$alt_url" || true)[0m
deploy	ü©∫ Post-deploy health checks	2025-10-31T21:39:56.2720721Z [36;1m          echo "$name fallback URL responded with HTTP $alt_status"[0m
deploy	ü©∫ Post-deploy health checks	2025-10-31T21:39:56.2721179Z [36;1m          if [[ "$alt_status" =~ ^2[0-9][0-9]$ ]]; then[0m
deploy	ü©∫ Post-deploy health checks	2025-10-31T21:39:56.2721627Z [36;1m            echo "‚úÖ $name OK via fallback URL ($alt_url)"[0m
deploy	ü©∫ Post-deploy health checks	2025-10-31T21:39:56.2722010Z [36;1m            break[0m
deploy	ü©∫ Post-deploy health checks	2025-10-31T21:39:56.2722313Z [36;1m          else[0m
deploy	ü©∫ Post-deploy health checks	2025-10-31T21:39:56.2722672Z [36;1m            echo "‚ùå $name fallback also returned $alt_status"[0m
deploy	ü©∫ Post-deploy health checks	2025-10-31T21:39:56.2723060Z [36;1m          fi[0m
deploy	ü©∫ Post-deploy health checks	2025-10-31T21:39:56.2723532Z [36;1m        fi[0m
deploy	ü©∫ Post-deploy health checks	2025-10-31T21:39:56.2723817Z [36;1m    fi[0m
deploy	ü©∫ Post-deploy health checks	2025-10-31T21:39:56.2724085Z [36;1m[0m
deploy	ü©∫ Post-deploy health checks	2025-10-31T21:39:56.2724359Z [36;1m    attempt=$((attempt+1))[0m
deploy	ü©∫ Post-deploy health checks	2025-10-31T21:39:56.2724721Z [36;1m    if [ $attempt -ge $retries ]; then[0m
deploy	ü©∫ Post-deploy health checks	2025-10-31T21:39:56.2725156Z [36;1m      echo "$name failed health check after $retries attempts"[0m
deploy	ü©∫ Post-deploy health checks	2025-10-31T21:39:56.2725581Z [36;1m      # print some diagnostics[0m
deploy	ü©∫ Post-deploy health checks	2025-10-31T21:39:56.2725991Z [36;1m      echo "Diagnostics: describe and IAM policy for $svc"[0m
deploy	ü©∫ Post-deploy health checks	2025-10-31T21:39:56.2726738Z [36;1m      gcloud run services describe "$svc" --region=europe-west1 --project=$GCP_PROJECT || true[0m
deploy	ü©∫ Post-deploy health checks	2025-10-31T21:39:56.2727444Z [36;1m      gcloud run services get-iam-policy "$svc" --region=europe-west1 --project=$GCP_PROJECT || true[0m
deploy	ü©∫ Post-deploy health checks	2025-10-31T21:39:56.2727966Z [36;1m      exit 1[0m
deploy	ü©∫ Post-deploy health checks	2025-10-31T21:39:56.2728244Z [36;1m    fi[0m
deploy	ü©∫ Post-deploy health checks	2025-10-31T21:39:56.2728631Z [36;1m    echo "Retrying $name in $delay seconds... (attempt $attempt/$retries)"[0m
deploy	ü©∫ Post-deploy health checks	2025-10-31T21:39:56.2729230Z [36;1m    sleep $delay[0m
deploy	ü©∫ Post-deploy health checks	2025-10-31T21:39:56.2729531Z [36;1m  done[0m
deploy	ü©∫ Post-deploy health checks	2025-10-31T21:39:56.2729807Z [36;1m***[0m
deploy	ü©∫ Post-deploy health checks	2025-10-31T21:39:56.2730070Z [36;1m[0m
deploy	ü©∫ Post-deploy health checks	2025-10-31T21:39:56.2730372Z [36;1mcheck_service medplat-frontend frontend[0m
deploy	ü©∫ Post-deploy health checks	2025-10-31T21:39:56.2730799Z [36;1mcheck_service medplat-backend backend[0m
deploy	ü©∫ Post-deploy health checks	2025-10-31T21:39:56.2763890Z shell: /usr/bin/bash -e ***0***
deploy	ü©∫ Post-deploy health checks	2025-10-31T21:39:56.2764237Z env:
deploy	ü©∫ Post-deploy health checks	2025-10-31T21:39:56.2764528Z   GCP_PROJECT: ***
deploy	ü©∫ Post-deploy health checks	2025-10-31T21:39:56.2765077Z   CLOUDSDK_AUTH_CREDENTIAL_FILE_OVERRIDE: /home/runner/work/medplat/medplat/gha-creds-1921c1b9bec1c2bb.json
deploy	ü©∫ Post-deploy health checks	2025-10-31T21:39:56.2765857Z   GOOGLE_APPLICATION_CREDENTIALS: /home/runner/work/medplat/medplat/gha-creds-1921c1b9bec1c2bb.json
deploy	ü©∫ Post-deploy health checks	2025-10-31T21:39:56.2767224Z   GOOGLE_GHA_CREDS_PATH: /home/runner/work/medplat/medplat/gha-creds-1921c1b9bec1c2bb.json
deploy	ü©∫ Post-deploy health checks	2025-10-31T21:39:56.2768248Z   CLOUDSDK_CORE_PROJECT: ***
deploy	ü©∫ Post-deploy health checks	2025-10-31T21:39:56.2769031Z   CLOUDSDK_PROJECT: ***
deploy	ü©∫ Post-deploy health checks	2025-10-31T21:39:56.2769642Z   GCLOUD_PROJECT: ***
deploy	ü©∫ Post-deploy health checks	2025-10-31T21:39:56.2770171Z   GOOGLE_CLOUD_PROJECT: ***
deploy	ü©∫ Post-deploy health checks	2025-10-31T21:39:56.2770751Z   CLOUDSDK_METRICS_ENVIRONMENT: github-actions-setup-gcloud
deploy	ü©∫ Post-deploy health checks	2025-10-31T21:39:56.2771553Z   CLOUDSDK_METRICS_ENVIRONMENT_VERSION: 2.2.1
deploy	ü©∫ Post-deploy health checks	2025-10-31T21:39:56.2772205Z ##[endgroup]
deploy	ü©∫ Post-deploy health checks	2025-10-31T21:39:56.2827158Z Running post-deploy health checks
deploy	ü©∫ Post-deploy health checks	2025-10-31T21:39:56.2827707Z Ensuring Cloud Run services allow unauthenticated invocations
deploy	ü©∫ Post-deploy health checks	2025-10-31T21:39:59.0882334Z Updated IAM policy for service [medplat-frontend].
deploy	ü©∫ Post-deploy health checks	2025-10-31T21:39:59.1071757Z bindings:
deploy	ü©∫ Post-deploy health checks	2025-10-31T21:39:59.1072288Z - members:
deploy	ü©∫ Post-deploy health checks	2025-10-31T21:39:59.1072863Z   - allUsers
deploy	ü©∫ Post-deploy health checks	2025-10-31T21:39:59.1073456Z   role: roles/run.invoker
deploy	ü©∫ Post-deploy health checks	2025-10-31T21:39:59.1074142Z etag: BwZCezUQxTI=
deploy	ü©∫ Post-deploy health checks	2025-10-31T21:39:59.1074749Z version: 1
deploy	ü©∫ Post-deploy health checks	2025-10-31T21:40:02.1259090Z Updated IAM policy for service [medplat-backend].
deploy	ü©∫ Post-deploy health checks	2025-10-31T21:40:02.1441062Z bindings:
deploy	ü©∫ Post-deploy health checks	2025-10-31T21:40:02.1441629Z - members:
deploy	ü©∫ Post-deploy health checks	2025-10-31T21:40:02.1442090Z   - allUsers
deploy	ü©∫ Post-deploy health checks	2025-10-31T21:40:02.1442635Z   role: roles/run.invoker
deploy	ü©∫ Post-deploy health checks	2025-10-31T21:40:02.1443248Z etag: BwZCezU_Grc=
deploy	ü©∫ Post-deploy health checks	2025-10-31T21:40:02.1443740Z version: 1
deploy	ü©∫ Post-deploy health checks	2025-10-31T21:40:02.2693058Z Checking service medplat-frontend (friendly name: frontend)
deploy	ü©∫ Post-deploy health checks	2025-10-31T21:40:03.8470743Z Resolved medplat-frontend -> https://medplat-frontend-2pr2rrffwq-ew.a.run.app
deploy	ü©∫ Post-deploy health checks	2025-10-31T21:40:04.0546936Z frontend responded with HTTP 403
deploy	ü©∫ Post-deploy health checks	2025-10-31T21:40:04.9570541Z Trying fallback URL: https://medplat-frontend-139218747785.europe-west1.run.app
deploy	ü©∫ Post-deploy health checks	2025-10-31T21:40:05.1308391Z frontend fallback URL responded with HTTP 200
deploy	ü©∫ Post-deploy health checks	2025-10-31T21:40:05.1309873Z ‚úÖ frontend OK via fallback URL (https://medplat-frontend-139218747785.europe-west1.run.app)
deploy	ü©∫ Post-deploy health checks	2025-10-31T21:40:05.1310930Z Checking service medplat-backend (friendly name: backend)
deploy	ü©∫ Post-deploy health checks	2025-10-31T21:40:06.6976221Z Resolved medplat-backend -> https://medplat-backend-2pr2rrffwq-ew.a.run.app
deploy	ü©∫ Post-deploy health checks	2025-10-31T21:40:06.8671578Z backend responded with HTTP 200
deploy	ü©∫ Post-deploy health checks	2025-10-31T21:40:06.8672468Z ‚úÖ backend OK
deploy	üìä Summary	Ôªø2025-10-31T21:40:06.8699625Z ##[group]Run BACKEND_URL=$(gcloud run services describe medplat-backend --region=europe-west1 --format='value(status.url)')
deploy	üìä Summary	2025-10-31T21:40:06.8700617Z [36;1mBACKEND_URL=$(gcloud run services describe medplat-backend --region=europe-west1 --format='value(status.url)')[0m
deploy	üìä Summary	2025-10-31T21:40:06.8701478Z [36;1mFRONTEND_URL=$(gcloud run services describe medplat-frontend --region=europe-west1 --format='value(status.url)')[0m
deploy	üìä Summary	2025-10-31T21:40:06.8702112Z [36;1mecho "‚úÖ Backend: $BACKEND_URL"[0m
deploy	üìä Summary	2025-10-31T21:40:06.8702481Z [36;1mecho "‚úÖ Frontend: $FRONTEND_URL"[0m
deploy	üìä Summary	2025-10-31T21:40:06.8702869Z [36;1mecho "üéØ MedPlat deployment successful"[0m
deploy	üìä Summary	2025-10-31T21:40:06.8734929Z shell: /usr/bin/bash -e ***0***
deploy	üìä Summary	2025-10-31T21:40:06.8735278Z env:
deploy	üìä Summary	2025-10-31T21:40:06.8735584Z   GCP_PROJECT: ***
deploy	üìä Summary	2025-10-31T21:40:06.8736133Z   CLOUDSDK_AUTH_CREDENTIAL_FILE_OVERRIDE: /home/runner/work/medplat/medplat/gha-creds-1921c1b9bec1c2bb.json
deploy	üìä Summary	2025-10-31T21:40:06.8737287Z   GOOGLE_APPLICATION_CREDENTIALS: /home/runner/work/medplat/medplat/gha-creds-1921c1b9bec1c2bb.json
deploy	üìä Summary	2025-10-31T21:40:06.8738432Z   GOOGLE_GHA_CREDS_PATH: /home/runner/work/medplat/medplat/gha-creds-1921c1b9bec1c2bb.json
deploy	üìä Summary	2025-10-31T21:40:06.8738999Z   CLOUDSDK_CORE_PROJECT: ***
deploy	üìä Summary	2025-10-31T21:40:06.8739357Z   CLOUDSDK_PROJECT: ***
deploy	üìä Summary	2025-10-31T21:40:06.8739672Z   GCLOUD_PROJECT: ***
deploy	üìä Summary	2025-10-31T21:40:06.8739983Z   GOOGLE_CLOUD_PROJECT: ***
deploy	üìä Summary	2025-10-31T21:40:06.8740362Z   CLOUDSDK_METRICS_ENVIRONMENT: github-actions-setup-gcloud
deploy	üìä Summary	2025-10-31T21:40:06.8740805Z   CLOUDSDK_METRICS_ENVIRONMENT_VERSION: 2.2.1
deploy	üìä Summary	2025-10-31T21:40:06.8741168Z ##[endgroup]
deploy	üìä Summary	2025-10-31T21:40:10.0416003Z ‚úÖ Backend: https://medplat-backend-2pr2rrffwq-ew.a.run.app
deploy	üìä Summary	2025-10-31T21:40:10.0417425Z ‚úÖ Frontend: https://medplat-frontend-2pr2rrffwq-ew.a.run.app
deploy	üìä Summary	2025-10-31T21:40:10.0418260Z üéØ MedPlat deployment successful
deploy	üß™ Post-deploy smoke tests	Ôªø2025-10-31T21:40:10.0459153Z ##[group]Run echo "Running post-deploy smoke tests"
deploy	üß™ Post-deploy smoke tests	2025-10-31T21:40:10.0460003Z [36;1mecho "Running post-deploy smoke tests"[0m
deploy	üß™ Post-deploy smoke tests	2025-10-31T21:40:10.0461149Z [36;1mFRONTEND_URL=$(gcloud run services describe medplat-frontend --region=europe-west1 --format='value(status.url)')[0m
deploy	üß™ Post-deploy smoke tests	2025-10-31T21:40:10.0462753Z [36;1mBACKEND_URL=$(gcloud run services describe medplat-backend --region=europe-west1 --format='value(status.url)')[0m
deploy	üß™ Post-deploy smoke tests	2025-10-31T21:40:10.0464273Z [36;1mPROJECT_NUMBER=$(gcloud projects describe $GCP_PROJECT --format='value(projectNumber)') || PROJECT_NUMBER=""[0m
deploy	üß™ Post-deploy smoke tests	2025-10-31T21:40:10.0465334Z [36;1mFRONTEND_FALLBACK=""[0m
deploy	üß™ Post-deploy smoke tests	2025-10-31T21:40:10.0465943Z [36;1mBACKEND_FALLBACK=""[0m
deploy	üß™ Post-deploy smoke tests	2025-10-31T21:40:10.0466754Z [36;1mif [ -n "$PROJECT_NUMBER" ]; then[0m
deploy	üß™ Post-deploy smoke tests	2025-10-31T21:40:10.0467747Z [36;1m  FRONTEND_FALLBACK="https://medplat-frontend-$PROJECT_NUMBER.europe-west1.run.app"[0m
deploy	üß™ Post-deploy smoke tests	2025-10-31T21:40:10.0468997Z [36;1m  BACKEND_FALLBACK="https://medplat-backend-$PROJECT_NUMBER.europe-west1.run.app"[0m
deploy	üß™ Post-deploy smoke tests	2025-10-31T21:40:10.0469961Z [36;1mfi[0m
deploy	üß™ Post-deploy smoke tests	2025-10-31T21:40:10.0470498Z [36;1mecho "Frontend URL: $FRONTEND_URL"[0m
deploy	üß™ Post-deploy smoke tests	2025-10-31T21:40:10.0471248Z [36;1mecho "Frontend fallback: $FRONTEND_FALLBACK"[0m
deploy	üß™ Post-deploy smoke tests	2025-10-31T21:40:10.0471974Z [36;1mecho "Backend URL: $BACKEND_URL"[0m
deploy	üß™ Post-deploy smoke tests	2025-10-31T21:40:10.0472714Z [36;1mecho "Backend fallback: $BACKEND_FALLBACK"[0m
deploy	üß™ Post-deploy smoke tests	2025-10-31T21:40:10.0473399Z [36;1mmkdir -p tmp[0m
deploy	üß™ Post-deploy smoke tests	2025-10-31T21:40:10.0474570Z [36;1mnode scripts/post_deploy_smoke_test.mjs "$FRONTEND_URL" "$FRONTEND_FALLBACK" "$BACKEND_URL" "$BACKEND_FALLBACK" 2>&1 | tee tmp/smoke-output.txt[0m
deploy	üß™ Post-deploy smoke tests	2025-10-31T21:40:10.0475844Z [36;1mecho "artifact=tmp" >> $GITHUB_OUTPUT[0m
deploy	üß™ Post-deploy smoke tests	2025-10-31T21:40:10.0523505Z shell: /usr/bin/bash -e ***0***
deploy	üß™ Post-deploy smoke tests	2025-10-31T21:40:10.0524093Z env:
deploy	üß™ Post-deploy smoke tests	2025-10-31T21:40:10.0524617Z   GCP_PROJECT: ***
deploy	üß™ Post-deploy smoke tests	2025-10-31T21:40:10.0525912Z   CLOUDSDK_AUTH_CREDENTIAL_FILE_OVERRIDE: /home/runner/work/medplat/medplat/gha-creds-1921c1b9bec1c2bb.json
deploy	üß™ Post-deploy smoke tests	2025-10-31T21:40:10.0527814Z   GOOGLE_APPLICATION_CREDENTIALS: /home/runner/work/medplat/medplat/gha-creds-1921c1b9bec1c2bb.json
deploy	üß™ Post-deploy smoke tests	2025-10-31T21:40:10.0529501Z   GOOGLE_GHA_CREDS_PATH: /home/runner/work/medplat/medplat/gha-creds-1921c1b9bec1c2bb.json
deploy	üß™ Post-deploy smoke tests	2025-10-31T21:40:10.0530877Z   CLOUDSDK_CORE_PROJECT: ***
deploy	üß™ Post-deploy smoke tests	2025-10-31T21:40:10.0531785Z   CLOUDSDK_PROJECT: ***
deploy	üß™ Post-deploy smoke tests	2025-10-31T21:40:10.0532815Z   GCLOUD_PROJECT: ***
deploy	üß™ Post-deploy smoke tests	2025-10-31T21:40:10.0544675Z   GOOGLE_CLOUD_PROJECT: ***
deploy	üß™ Post-deploy smoke tests	2025-10-31T21:40:10.0545431Z   CLOUDSDK_METRICS_ENVIRONMENT: github-actions-setup-gcloud
deploy	üß™ Post-deploy smoke tests	2025-10-31T21:40:10.0546451Z   CLOUDSDK_METRICS_ENVIRONMENT_VERSION: 2.2.1
deploy	üß™ Post-deploy smoke tests	2025-10-31T21:40:10.0547116Z ##[endgroup]
deploy	üß™ Post-deploy smoke tests	2025-10-31T21:40:10.0610135Z Running post-deploy smoke tests
deploy	üß™ Post-deploy smoke tests	2025-10-31T21:40:13.1873631Z Frontend URL: https://medplat-frontend-2pr2rrffwq-ew.a.run.app
deploy	üß™ Post-deploy smoke tests	2025-10-31T21:40:13.1874360Z Frontend fallback: https://medplat-frontend-139218747785.europe-west1.run.app
deploy	üß™ Post-deploy smoke tests	2025-10-31T21:40:13.1874973Z Backend URL: https://medplat-backend-2pr2rrffwq-ew.a.run.app
deploy	üß™ Post-deploy smoke tests	2025-10-31T21:40:13.1875598Z Backend fallback: https://medplat-backend-139218747785.europe-west1.run.app
deploy	üß™ Post-deploy smoke tests	2025-10-31T21:40:13.2169871Z Running smoke tests...
deploy	üß™ Post-deploy smoke tests	2025-10-31T21:40:13.2175845Z [2025-10-31T21:40:13.217Z] 
deploy	üß™ Post-deploy smoke tests	2025-10-31T21:40:13.2176739Z 1) Backend root /
deploy	üß™ Post-deploy smoke tests	2025-10-31T21:40:13.4419646Z [2025-10-31T21:40:13.441Z] -> 200  (url: https://medplat-backend-2pr2rrffwq-ew.a.run.app/ )
deploy	üß™ Post-deploy smoke tests	2025-10-31T21:40:13.4422386Z [2025-10-31T21:40:13.441Z] 
deploy	üß™ Post-deploy smoke tests	2025-10-31T21:40:13.4423255Z 2) Backend /api/topics (POST)
deploy	üß™ Post-deploy smoke tests	2025-10-31T21:40:13.5685903Z [2025-10-31T21:40:13.568Z] -> 200  (url: https://medplat-backend-2pr2rrffwq-ew.a.run.app/api/topics )
deploy	üß™ Post-deploy smoke tests	2025-10-31T21:40:13.5687409Z [2025-10-31T21:40:13.568Z] 
deploy	üß™ Post-deploy smoke tests	2025-10-31T21:40:13.5687986Z 3) Frontend /
deploy	üß™ Post-deploy smoke tests	2025-10-31T21:40:13.8382593Z [2025-10-31T21:40:13.837Z] -> 200  (url: https://medplat-frontend-139218747785.europe-west1.run.app/ )
deploy	üß™ Post-deploy smoke tests	2025-10-31T21:40:13.8383280Z [2025-10-31T21:40:13.838Z] 
deploy	üß™ Post-deploy smoke tests	2025-10-31T21:40:13.8383830Z ‚úÖ Smoke tests passed
deploy	üß™ Post-deploy smoke tests	2025-10-31T21:40:13.8388862Z Wrote smoke artifacts: /home/runner/work/medplat/medplat/tmp/smoke-2025-10-31T21-40-13-838Z.log /home/runner/work/medplat/medplat/tmp/smoke-2025-10-31T21-40-13-838Z.json
deploy	üì¶ Upload smoke test artifacts	Ôªø2025-10-31T21:40:13.8489451Z ##[group]Run actions/upload-artifact@v4
deploy	üì¶ Upload smoke test artifacts	2025-10-31T21:40:13.8489845Z with:
deploy	üì¶ Upload smoke test artifacts	2025-10-31T21:40:13.8490125Z   name: smoke-test-artifacts
deploy	üì¶ Upload smoke test artifacts	2025-10-31T21:40:13.8490512Z   path: tmp
deploy	üì¶ Upload smoke test artifacts	2025-10-31T21:40:13.8490793Z   if-no-files-found: warn
deploy	üì¶ Upload smoke test artifacts	2025-10-31T21:40:13.8491108Z   compression-level: 6
deploy	üì¶ Upload smoke test artifacts	2025-10-31T21:40:13.8491398Z   overwrite: false
deploy	üì¶ Upload smoke test artifacts	2025-10-31T21:40:13.8491688Z   include-hidden-files: false
deploy	üì¶ Upload smoke test artifacts	2025-10-31T21:40:13.8492000Z env:
deploy	üì¶ Upload smoke test artifacts	2025-10-31T21:40:13.8492290Z   GCP_PROJECT: ***
deploy	üì¶ Upload smoke test artifacts	2025-10-31T21:40:13.8492823Z   CLOUDSDK_AUTH_CREDENTIAL_FILE_OVERRIDE: /home/runner/work/medplat/medplat/gha-creds-1921c1b9bec1c2bb.json
deploy	üì¶ Upload smoke test artifacts	2025-10-31T21:40:13.8493620Z   GOOGLE_APPLICATION_CREDENTIALS: /home/runner/work/medplat/medplat/gha-creds-1921c1b9bec1c2bb.json
deploy	üì¶ Upload smoke test artifacts	2025-10-31T21:40:13.8494320Z   GOOGLE_GHA_CREDS_PATH: /home/runner/work/medplat/medplat/gha-creds-1921c1b9bec1c2bb.json
deploy	üì¶ Upload smoke test artifacts	2025-10-31T21:40:13.8494850Z   CLOUDSDK_CORE_PROJECT: ***
deploy	üì¶ Upload smoke test artifacts	2025-10-31T21:40:13.8495184Z   CLOUDSDK_PROJECT: ***
deploy	üì¶ Upload smoke test artifacts	2025-10-31T21:40:13.8495493Z   GCLOUD_PROJECT: ***
deploy	üì¶ Upload smoke test artifacts	2025-10-31T21:40:13.8495911Z   GOOGLE_CLOUD_PROJECT: ***
deploy	üì¶ Upload smoke test artifacts	2025-10-31T21:40:13.8497198Z   CLOUDSDK_METRICS_ENVIRONMENT: github-actions-setup-gcloud
deploy	üì¶ Upload smoke test artifacts	2025-10-31T21:40:13.8497671Z   CLOUDSDK_METRICS_ENVIRONMENT_VERSION: 2.2.1
deploy	üì¶ Upload smoke test artifacts	2025-10-31T21:40:13.8498032Z ##[endgroup]
deploy	üì¶ Upload smoke test artifacts	2025-10-31T21:40:14.0693638Z With the provided path, there will be 3 files uploaded
deploy	üì¶ Upload smoke test artifacts	2025-10-31T21:40:14.0699578Z Artifact name is valid!
deploy	üì¶ Upload smoke test artifacts	2025-10-31T21:40:14.0701869Z Root directory input is valid!
deploy	üì¶ Upload smoke test artifacts	2025-10-31T21:40:14.2285834Z Beginning upload of artifact content to blob storage
deploy	üì¶ Upload smoke test artifacts	2025-10-31T21:40:14.3670398Z Uploaded bytes 1026
deploy	üì¶ Upload smoke test artifacts	2025-10-31T21:40:14.4025508Z Finished uploading artifact content to blob storage!
deploy	üì¶ Upload smoke test artifacts	2025-10-31T21:40:14.4028638Z SHA256 digest of uploaded artifact zip is 7919994dbfbfdf55339445318dccc6e1796adca934200a261463fcc63e403d35
deploy	üì¶ Upload smoke test artifacts	2025-10-31T21:40:14.4031009Z Finalizing artifact upload
deploy	üì¶ Upload smoke test artifacts	2025-10-31T21:40:14.5009767Z Artifact smoke-test-artifacts.zip successfully finalized. Artifact ID 4434521075
deploy	üì¶ Upload smoke test artifacts	2025-10-31T21:40:14.5011272Z Artifact smoke-test-artifacts has been successfully uploaded! Final size is 1026 bytes. Artifact ID is 4434521075
deploy	üì¶ Upload smoke test artifacts	2025-10-31T21:40:14.5018884Z Artifact download URL: https://github.com/Tazaai/medplat/actions/runs/18985843052/artifacts/4434521075
deploy	Post ‚òÅÔ∏è Authenticate to Google Cloud (service account key)	Ôªø2025-10-31T21:40:14.5151649Z Post job cleanup.
deploy	Post ‚òÅÔ∏è Authenticate to Google Cloud (service account key)	2025-10-31T21:40:14.6020916Z Removed exported credentials at "/home/runner/work/medplat/medplat/gha-creds-1921c1b9bec1c2bb.json".
deploy	Post Run actions/checkout@v4	Ôªø2025-10-31T21:40:14.6122856Z Post job cleanup.
deploy	Post Run actions/checkout@v4	2025-10-31T21:40:14.7141383Z [command]/usr/bin/git version
deploy	Post Run actions/checkout@v4	2025-10-31T21:40:14.7182300Z git version 2.51.2
deploy	Post Run actions/checkout@v4	2025-10-31T21:40:14.7232630Z Temporarily overriding HOME='/home/runner/work/_temp/38e2e192-3a25-4e8b-a5e8-45496275f655' before making global git config changes
deploy	Post Run actions/checkout@v4	2025-10-31T21:40:14.7234153Z Adding repository directory to the temporary git global config as a safe directory
deploy	Post Run actions/checkout@v4	2025-10-31T21:40:14.7248074Z [command]/usr/bin/git config --global --add safe.directory /home/runner/work/medplat/medplat
deploy	Post Run actions/checkout@v4	2025-10-31T21:40:14.7297646Z [command]/usr/bin/git config --local --name-only --get-regexp core\.sshCommand
deploy	Post Run actions/checkout@v4	2025-10-31T21:40:14.7341035Z [command]/usr/bin/git submodule foreach --recursive sh -c "git config --local --name-only --get-regexp 'core\.sshCommand' && git config --local --unset-all 'core.sshCommand' || :"
deploy	Post Run actions/checkout@v4	2025-10-31T21:40:14.7580694Z [command]/usr/bin/git config --local --name-only --get-regexp http\.https\:\/\/github\.com\/\.extraheader
deploy	Post Run actions/checkout@v4	2025-10-31T21:40:14.7603591Z http.https://github.com/.extraheader
deploy	Post Run actions/checkout@v4	2025-10-31T21:40:14.7619030Z [command]/usr/bin/git config --local --unset-all http.https://github.com/.extraheader
deploy	Post Run actions/checkout@v4	2025-10-31T21:40:14.7657301Z [command]/usr/bin/git submodule foreach --recursive sh -c "git config --local --name-only --get-regexp 'http\.https\:\/\/github\.com\/\.extraheader' && git config --local --unset-all 'http.https://github.com/.extraheader' || :"
deploy	Complete job	Ôªø2025-10-31T21:40:14.8002383Z Cleaning up orphan processes
