validate-secrets	UNKNOWN STEP	ï»¿2025-10-31T20:12:26.2031007Z Current runner version: '2.328.0'
validate-secrets	UNKNOWN STEP	2025-10-31T20:12:26.2081743Z ##[group]Runner Image Provisioner
validate-secrets	UNKNOWN STEP	2025-10-31T20:12:26.2083717Z Hosted Compute Agent
validate-secrets	UNKNOWN STEP	2025-10-31T20:12:26.2085022Z Version: 20251016.436
validate-secrets	UNKNOWN STEP	2025-10-31T20:12:26.2086030Z Commit: 8ab8ac8bfd662a3739dab9fe09456aba92132568
validate-secrets	UNKNOWN STEP	2025-10-31T20:12:26.2087114Z Build Date: 2025-10-15T20:44:12Z
validate-secrets	UNKNOWN STEP	2025-10-31T20:12:26.2088064Z ##[endgroup]
validate-secrets	UNKNOWN STEP	2025-10-31T20:12:26.2089477Z ##[group]Operating System
validate-secrets	UNKNOWN STEP	2025-10-31T20:12:26.2090773Z Ubuntu
validate-secrets	UNKNOWN STEP	2025-10-31T20:12:26.2091553Z 24.04.3
validate-secrets	UNKNOWN STEP	2025-10-31T20:12:26.2092416Z LTS
validate-secrets	UNKNOWN STEP	2025-10-31T20:12:26.2093224Z ##[endgroup]
validate-secrets	UNKNOWN STEP	2025-10-31T20:12:26.2094029Z ##[group]Runner Image
validate-secrets	UNKNOWN STEP	2025-10-31T20:12:26.2094968Z Image: ubuntu-24.04
validate-secrets	UNKNOWN STEP	2025-10-31T20:12:26.2095864Z Version: 20251030.96.2
validate-secrets	UNKNOWN STEP	2025-10-31T20:12:26.2097303Z Included Software: https://github.com/actions/runner-images/blob/ubuntu24/20251030.96/images/ubuntu/Ubuntu2404-Readme.md
validate-secrets	UNKNOWN STEP	2025-10-31T20:12:26.2099806Z Image Release: https://github.com/actions/runner-images/releases/tag/ubuntu24%2F20251030.96
validate-secrets	UNKNOWN STEP	2025-10-31T20:12:26.2101274Z ##[endgroup]
validate-secrets	UNKNOWN STEP	2025-10-31T20:12:26.2102978Z ##[group]GITHUB_TOKEN Permissions
validate-secrets	UNKNOWN STEP	2025-10-31T20:12:26.2105466Z Contents: read
validate-secrets	UNKNOWN STEP	2025-10-31T20:12:26.2106343Z Metadata: read
validate-secrets	UNKNOWN STEP	2025-10-31T20:12:26.2107236Z ##[endgroup]
validate-secrets	UNKNOWN STEP	2025-10-31T20:12:26.2109967Z Secret source: Actions
validate-secrets	UNKNOWN STEP	2025-10-31T20:12:26.2111461Z Prepare workflow directory
validate-secrets	UNKNOWN STEP	2025-10-31T20:12:26.2475711Z Prepare all required actions
validate-secrets	UNKNOWN STEP	2025-10-31T20:12:26.2516287Z Getting action download info
validate-secrets	UNKNOWN STEP	2025-10-31T20:12:26.6668645Z Download action repository 'actions/checkout@v4' (SHA:08eba0b27e820071cde6df949e0beb9ba4906955)
validate-secrets	UNKNOWN STEP	2025-10-31T20:12:26.9296996Z Complete job name: validate-secrets
validate-secrets	UNKNOWN STEP	2025-10-31T20:12:27.0030567Z ##[group]Run actions/checkout@v4
validate-secrets	UNKNOWN STEP	2025-10-31T20:12:27.0031720Z with:
validate-secrets	UNKNOWN STEP	2025-10-31T20:12:27.0032352Z   repository: Tazaai/medplat
validate-secrets	UNKNOWN STEP	2025-10-31T20:12:27.0033239Z   token: ***
validate-secrets	UNKNOWN STEP	2025-10-31T20:12:27.0033862Z   ssh-strict: true
validate-secrets	UNKNOWN STEP	2025-10-31T20:12:27.0034491Z   ssh-user: git
validate-secrets	UNKNOWN STEP	2025-10-31T20:12:27.0035130Z   persist-credentials: true
validate-secrets	UNKNOWN STEP	2025-10-31T20:12:27.0035818Z   clean: true
validate-secrets	UNKNOWN STEP	2025-10-31T20:12:27.0036479Z   sparse-checkout-cone-mode: true
validate-secrets	UNKNOWN STEP	2025-10-31T20:12:27.0037182Z   fetch-depth: 1
validate-secrets	UNKNOWN STEP	2025-10-31T20:12:27.0037800Z   fetch-tags: false
validate-secrets	UNKNOWN STEP	2025-10-31T20:12:27.0038445Z   show-progress: true
validate-secrets	UNKNOWN STEP	2025-10-31T20:12:27.0039155Z   lfs: false
validate-secrets	UNKNOWN STEP	2025-10-31T20:12:27.0039897Z   submodules: false
validate-secrets	UNKNOWN STEP	2025-10-31T20:12:27.0040559Z   set-safe-directory: true
validate-secrets	UNKNOWN STEP	2025-10-31T20:12:27.0041497Z ##[endgroup]
validate-secrets	UNKNOWN STEP	2025-10-31T20:12:27.1154562Z Syncing repository: Tazaai/medplat
validate-secrets	UNKNOWN STEP	2025-10-31T20:12:27.1156901Z ##[group]Getting Git version info
validate-secrets	UNKNOWN STEP	2025-10-31T20:12:27.1157855Z Working directory is '/home/runner/work/medplat/medplat'
validate-secrets	UNKNOWN STEP	2025-10-31T20:12:27.1159224Z [command]/usr/bin/git version
validate-secrets	UNKNOWN STEP	2025-10-31T20:12:27.1232656Z git version 2.51.2
validate-secrets	UNKNOWN STEP	2025-10-31T20:12:27.1259711Z ##[endgroup]
validate-secrets	UNKNOWN STEP	2025-10-31T20:12:27.1274515Z Temporarily overriding HOME='/home/runner/work/_temp/8537bc7e-eadc-4107-8416-956bf3718c13' before making global git config changes
validate-secrets	UNKNOWN STEP	2025-10-31T20:12:27.1276201Z Adding repository directory to the temporary git global config as a safe directory
validate-secrets	UNKNOWN STEP	2025-10-31T20:12:27.1287505Z [command]/usr/bin/git config --global --add safe.directory /home/runner/work/medplat/medplat
validate-secrets	UNKNOWN STEP	2025-10-31T20:12:27.1325675Z Deleting the contents of '/home/runner/work/medplat/medplat'
validate-secrets	UNKNOWN STEP	2025-10-31T20:12:27.1329679Z ##[group]Initializing the repository
validate-secrets	UNKNOWN STEP	2025-10-31T20:12:27.1333650Z [command]/usr/bin/git init /home/runner/work/medplat/medplat
validate-secrets	UNKNOWN STEP	2025-10-31T20:12:27.1496257Z hint: Using 'master' as the name for the initial branch. This default branch name
validate-secrets	UNKNOWN STEP	2025-10-31T20:12:27.1498620Z hint: is subject to change. To configure the initial branch name to use in all
validate-secrets	UNKNOWN STEP	2025-10-31T20:12:27.1500979Z hint: of your new repositories, which will suppress this warning, call:
validate-secrets	UNKNOWN STEP	2025-10-31T20:12:27.1502308Z hint:
validate-secrets	UNKNOWN STEP	2025-10-31T20:12:27.1503109Z hint: 	git config --global init.defaultBranch <name>
validate-secrets	UNKNOWN STEP	2025-10-31T20:12:27.1503954Z hint:
validate-secrets	UNKNOWN STEP	2025-10-31T20:12:27.1504814Z hint: Names commonly chosen instead of 'master' are 'main', 'trunk' and
validate-secrets	UNKNOWN STEP	2025-10-31T20:12:27.1506034Z hint: 'development'. The just-created branch can be renamed via this command:
validate-secrets	UNKNOWN STEP	2025-10-31T20:12:27.1507812Z hint:
validate-secrets	UNKNOWN STEP	2025-10-31T20:12:27.1508518Z hint: 	git branch -m <name>
validate-secrets	UNKNOWN STEP	2025-10-31T20:12:27.1509204Z hint:
validate-secrets	UNKNOWN STEP	2025-10-31T20:12:27.1510281Z hint: Disable this message with "git config set advice.defaultBranchName false"
validate-secrets	UNKNOWN STEP	2025-10-31T20:12:27.1511654Z Initialized empty Git repository in /home/runner/work/medplat/medplat/.git/
validate-secrets	UNKNOWN STEP	2025-10-31T20:12:27.1514311Z [command]/usr/bin/git remote add origin https://github.com/Tazaai/medplat
validate-secrets	UNKNOWN STEP	2025-10-31T20:12:27.1551801Z ##[endgroup]
validate-secrets	UNKNOWN STEP	2025-10-31T20:12:27.1552892Z ##[group]Disabling automatic garbage collection
validate-secrets	UNKNOWN STEP	2025-10-31T20:12:27.1556160Z [command]/usr/bin/git config --local gc.auto 0
validate-secrets	UNKNOWN STEP	2025-10-31T20:12:27.1589925Z ##[endgroup]
validate-secrets	UNKNOWN STEP	2025-10-31T20:12:27.1591766Z ##[group]Setting up auth
validate-secrets	UNKNOWN STEP	2025-10-31T20:12:27.1598399Z [command]/usr/bin/git config --local --name-only --get-regexp core\.sshCommand
validate-secrets	UNKNOWN STEP	2025-10-31T20:12:27.1633106Z [command]/usr/bin/git submodule foreach --recursive sh -c "git config --local --name-only --get-regexp 'core\.sshCommand' && git config --local --unset-all 'core.sshCommand' || :"
validate-secrets	UNKNOWN STEP	2025-10-31T20:12:27.2027998Z [command]/usr/bin/git config --local --name-only --get-regexp http\.https\:\/\/github\.com\/\.extraheader
validate-secrets	UNKNOWN STEP	2025-10-31T20:12:27.2061300Z [command]/usr/bin/git submodule foreach --recursive sh -c "git config --local --name-only --get-regexp 'http\.https\:\/\/github\.com\/\.extraheader' && git config --local --unset-all 'http.https://github.com/.extraheader' || :"
validate-secrets	UNKNOWN STEP	2025-10-31T20:12:27.2289485Z [command]/usr/bin/git config --local http.https://github.com/.extraheader AUTHORIZATION: basic ***
validate-secrets	UNKNOWN STEP	2025-10-31T20:12:27.2327813Z ##[endgroup]
validate-secrets	UNKNOWN STEP	2025-10-31T20:12:27.2330410Z ##[group]Fetching the repository
validate-secrets	UNKNOWN STEP	2025-10-31T20:12:27.2338722Z [command]/usr/bin/git -c protocol.version=2 fetch --no-tags --prune --no-recurse-submodules --depth=1 origin +e15b88c04ad7860110cfe7bfc5478b5e82e8e886:refs/remotes/origin/main
validate-secrets	UNKNOWN STEP	2025-10-31T20:12:29.0905443Z From https://github.com/Tazaai/medplat
validate-secrets	UNKNOWN STEP	2025-10-31T20:12:29.0907390Z  * [new ref]         e15b88c04ad7860110cfe7bfc5478b5e82e8e886 -> origin/main
validate-secrets	UNKNOWN STEP	2025-10-31T20:12:29.0939098Z ##[endgroup]
validate-secrets	UNKNOWN STEP	2025-10-31T20:12:29.0941503Z ##[group]Determining the checkout info
validate-secrets	UNKNOWN STEP	2025-10-31T20:12:29.0943697Z ##[endgroup]
validate-secrets	UNKNOWN STEP	2025-10-31T20:12:29.0947245Z [command]/usr/bin/git sparse-checkout disable
validate-secrets	UNKNOWN STEP	2025-10-31T20:12:29.1011877Z [command]/usr/bin/git config --local --unset-all extensions.worktreeConfig
validate-secrets	UNKNOWN STEP	2025-10-31T20:12:29.1044597Z ##[group]Checking out the ref
validate-secrets	UNKNOWN STEP	2025-10-31T20:12:29.1048066Z [command]/usr/bin/git checkout --progress --force -B main refs/remotes/origin/main
validate-secrets	UNKNOWN STEP	2025-10-31T20:12:29.1704645Z Switched to a new branch 'main'
validate-secrets	UNKNOWN STEP	2025-10-31T20:12:29.1706214Z branch 'main' set up to track 'origin/main'.
validate-secrets	UNKNOWN STEP	2025-10-31T20:12:29.1713738Z ##[endgroup]
validate-secrets	UNKNOWN STEP	2025-10-31T20:12:29.1751831Z [command]/usr/bin/git log -1 --format=%H
validate-secrets	UNKNOWN STEP	2025-10-31T20:12:29.1773845Z e15b88c04ad7860110cfe7bfc5478b5e82e8e886
validate-secrets	UNKNOWN STEP	2025-10-31T20:12:29.1993028Z ##[group]Run MISSING=0
validate-secrets	UNKNOWN STEP	2025-10-31T20:12:29.1993943Z [36;1mMISSING=0[0m
validate-secrets	UNKNOWN STEP	2025-10-31T20:12:29.1994911Z [36;1m# Required always: OPENAI_API_KEY, GCP_PROJECT, FIREBASE_SERVICE_KEY[0m
validate-secrets	UNKNOWN STEP	2025-10-31T20:12:29.1996156Z [36;1mfor name in OPENAI_API_KEY GCP_PROJECT FIREBASE_SERVICE_KEY; do[0m
validate-secrets	UNKNOWN STEP	2025-10-31T20:12:29.1997157Z [36;1m  val="$(printenv "$name")"[0m
validate-secrets	UNKNOWN STEP	2025-10-31T20:12:29.1997974Z [36;1m  if [ -z "$val" ]; then[0m
validate-secrets	UNKNOWN STEP	2025-10-31T20:12:29.1998784Z [36;1m    echo "â $name missing"[0m
validate-secrets	UNKNOWN STEP	2025-10-31T20:12:29.1999832Z [36;1m    MISSING=$((MISSING+1))[0m
validate-secrets	UNKNOWN STEP	2025-10-31T20:12:29.2000619Z [36;1m  else[0m
validate-secrets	UNKNOWN STEP	2025-10-31T20:12:29.2001465Z [36;1m    echo "â $name present (len=$(printf '%s' \"$val\" | wc -c))"[0m
validate-secrets	UNKNOWN STEP	2025-10-31T20:12:29.2002443Z [36;1m  fi[0m
validate-secrets	UNKNOWN STEP	2025-10-31T20:12:29.2003102Z [36;1mdone[0m
validate-secrets	UNKNOWN STEP	2025-10-31T20:12:29.2003756Z [36;1m[0m
validate-secrets	UNKNOWN STEP	2025-10-31T20:12:29.2004633Z [36;1m# For GCP authentication we accept either a service account key JSON[0m
validate-secrets	UNKNOWN STEP	2025-10-31T20:12:29.2005862Z [36;1m# in GCP_SA_KEY, or Workload Identity Federation configuration via[0m
validate-secrets	UNKNOWN STEP	2025-10-31T20:12:29.2007055Z [36;1m# WORKLOAD_IDENTITY_PROVIDER + WORKLOAD_IDENTITY_SERVICE_ACCOUNT.[0m
validate-secrets	UNKNOWN STEP	2025-10-31T20:12:29.2008407Z [36;1mif [ -n "$(printenv GCP_SA_KEY)" ]; then[0m
validate-secrets	UNKNOWN STEP	2025-10-31T20:12:29.2009521Z [36;1m  echo "â GCP_SA_KEY present (service-account key)"[0m
validate-secrets	UNKNOWN STEP	2025-10-31T20:12:29.2010425Z [36;1m  AUTH="sa"[0m
validate-secrets	UNKNOWN STEP	2025-10-31T20:12:29.2011588Z [36;1melif [ -n "$(printenv WORKLOAD_IDENTITY_PROVIDER)" ] && [ -n "$(printenv WORKLOAD_IDENTITY_SERVICE_ACCOUNT)" ]; then[0m
validate-secrets	UNKNOWN STEP	2025-10-31T20:12:29.2013018Z [36;1m  echo "â Workload Identity provider and service account present"[0m
validate-secrets	UNKNOWN STEP	2025-10-31T20:12:29.2014008Z [36;1m  AUTH="wif"[0m
validate-secrets	UNKNOWN STEP	2025-10-31T20:12:29.2014699Z [36;1melse[0m
validate-secrets	UNKNOWN STEP	2025-10-31T20:12:29.2015969Z [36;1m  echo "â GCP auth configuration missing: provide either GCP_SA_KEY or WORKLOAD_IDENTITY_PROVIDER + WORKLOAD_IDENTITY_SERVICE_ACCOUNT"[0m
validate-secrets	UNKNOWN STEP	2025-10-31T20:12:29.2078575Z [36;1m  MISSING=$((MISSING+1))[0m
validate-secrets	UNKNOWN STEP	2025-10-31T20:12:29.2079882Z [36;1mfi[0m
validate-secrets	UNKNOWN STEP	2025-10-31T20:12:29.2080630Z [36;1m[0m
validate-secrets	UNKNOWN STEP	2025-10-31T20:12:29.2081334Z [36;1mif [ $MISSING -eq 0 ]; then[0m
validate-secrets	UNKNOWN STEP	2025-10-31T20:12:29.2082193Z [36;1m  echo "ok=true" >> $GITHUB_OUTPUT[0m
validate-secrets	UNKNOWN STEP	2025-10-31T20:12:29.2083134Z [36;1m  # export which auth method to use: 'sa' or 'wif'[0m
validate-secrets	UNKNOWN STEP	2025-10-31T20:12:29.2084288Z [36;1m  # default to 'sa' if both present prefer service-account key (we set AUTH above)[0m
validate-secrets	UNKNOWN STEP	2025-10-31T20:12:29.2085320Z [36;1m  if [ -z "$AUTH" ]; then[0m
validate-secrets	UNKNOWN STEP	2025-10-31T20:12:29.2086084Z [36;1m    AUTH="sa"[0m
validate-secrets	UNKNOWN STEP	2025-10-31T20:12:29.2086768Z [36;1m  fi[0m
validate-secrets	UNKNOWN STEP	2025-10-31T20:12:29.2087474Z [36;1m  echo "auth=$AUTH" >> $GITHUB_OUTPUT[0m
validate-secrets	UNKNOWN STEP	2025-10-31T20:12:29.2088279Z [36;1melse[0m
validate-secrets	UNKNOWN STEP	2025-10-31T20:12:29.2088979Z [36;1m  echo "ok=false" >> $GITHUB_OUTPUT[0m
validate-secrets	UNKNOWN STEP	2025-10-31T20:12:29.2090051Z [36;1m  exit 1[0m
validate-secrets	UNKNOWN STEP	2025-10-31T20:12:29.2090721Z [36;1mfi[0m
validate-secrets	UNKNOWN STEP	2025-10-31T20:12:29.2128397Z shell: /usr/bin/bash -e ***0***
validate-secrets	UNKNOWN STEP	2025-10-31T20:12:29.2129242Z env:
validate-secrets	UNKNOWN STEP	2025-10-31T20:12:29.2131412Z   OPENAI_API_KEY: ***
validate-secrets	UNKNOWN STEP	2025-10-31T20:12:29.2132209Z   GCP_PROJECT: ***
validate-secrets	UNKNOWN STEP	2025-10-31T20:12:29.2150599Z   GCP_SA_KEY: ***
validate-secrets	UNKNOWN STEP	
validate-secrets	UNKNOWN STEP	2025-10-31T20:12:29.2152077Z   WORKLOAD_IDENTITY_PROVIDER: ***
validate-secrets	UNKNOWN STEP	2025-10-31T20:12:29.2153268Z   WORKLOAD_IDENTITY_SERVICE_ACCOUNT: ***
validate-secrets	UNKNOWN STEP	2025-10-31T20:12:29.2172592Z   FIREBASE_SERVICE_KEY: ***
validate-secrets	UNKNOWN STEP	
validate-secrets	UNKNOWN STEP	2025-10-31T20:12:29.2173385Z ##[endgroup]
validate-secrets	UNKNOWN STEP	2025-10-31T20:12:29.2714647Z â OPENAI_API_KEY present (len=166)
validate-secrets	UNKNOWN STEP	2025-10-31T20:12:29.2743029Z â GCP_PROJECT present (len=16)
validate-secrets	UNKNOWN STEP	2025-10-31T20:12:29.2770906Z â FIREBASE_SERVICE_KEY present (len=2334)
validate-secrets	UNKNOWN STEP	2025-10-31T20:12:29.2783432Z â GCP_SA_KEY present (service-account key)
validate-secrets	UNKNOWN STEP	2025-10-31T20:12:29.2934321Z Post job cleanup.
validate-secrets	UNKNOWN STEP	2025-10-31T20:12:29.3887565Z [command]/usr/bin/git version
validate-secrets	UNKNOWN STEP	2025-10-31T20:12:29.3923898Z git version 2.51.2
validate-secrets	UNKNOWN STEP	2025-10-31T20:12:29.3967175Z Temporarily overriding HOME='/home/runner/work/_temp/97e34a0d-66ea-498d-b932-11e406a02149' before making global git config changes
validate-secrets	UNKNOWN STEP	2025-10-31T20:12:29.3968999Z Adding repository directory to the temporary git global config as a safe directory
validate-secrets	UNKNOWN STEP	2025-10-31T20:12:29.3973154Z [command]/usr/bin/git config --global --add safe.directory /home/runner/work/medplat/medplat
validate-secrets	UNKNOWN STEP	2025-10-31T20:12:29.4007904Z [command]/usr/bin/git config --local --name-only --get-regexp core\.sshCommand
validate-secrets	UNKNOWN STEP	2025-10-31T20:12:29.4040788Z [command]/usr/bin/git submodule foreach --recursive sh -c "git config --local --name-only --get-regexp 'core\.sshCommand' && git config --local --unset-all 'core.sshCommand' || :"
validate-secrets	UNKNOWN STEP	2025-10-31T20:12:29.4272749Z [command]/usr/bin/git config --local --name-only --get-regexp http\.https\:\/\/github\.com\/\.extraheader
validate-secrets	UNKNOWN STEP	2025-10-31T20:12:29.4293820Z http.https://github.com/.extraheader
validate-secrets	UNKNOWN STEP	2025-10-31T20:12:29.4306576Z [command]/usr/bin/git config --local --unset-all http.https://github.com/.extraheader
validate-secrets	UNKNOWN STEP	2025-10-31T20:12:29.4339612Z [command]/usr/bin/git submodule foreach --recursive sh -c "git config --local --name-only --get-regexp 'http\.https\:\/\/github\.com\/\.extraheader' && git config --local --unset-all 'http.https://github.com/.extraheader' || :"
validate-secrets	UNKNOWN STEP	2025-10-31T20:12:29.4674159Z Evaluate and set job outputs
validate-secrets	UNKNOWN STEP	2025-10-31T20:12:29.4681499Z Set output 'ok'
validate-secrets	UNKNOWN STEP	2025-10-31T20:12:29.4683798Z Set output 'auth'
validate-secrets	UNKNOWN STEP	2025-10-31T20:12:29.4685548Z Cleaning up orphan processes
deploy	UNKNOWN STEP	ï»¿2025-10-31T20:12:35.8501901Z Current runner version: '2.328.0'
deploy	UNKNOWN STEP	2025-10-31T20:12:35.8528995Z ##[group]Runner Image Provisioner
deploy	UNKNOWN STEP	2025-10-31T20:12:35.8530151Z Hosted Compute Agent
deploy	UNKNOWN STEP	2025-10-31T20:12:35.8531162Z Version: 20250912.392
deploy	UNKNOWN STEP	2025-10-31T20:12:35.8532358Z Commit: d921fda672a98b64f4f82364647e2f10b2267d0b
deploy	UNKNOWN STEP	2025-10-31T20:12:35.8533542Z Build Date: 2025-09-12T15:23:14Z
deploy	UNKNOWN STEP	2025-10-31T20:12:35.8534552Z ##[endgroup]
deploy	UNKNOWN STEP	2025-10-31T20:12:35.8535341Z ##[group]Operating System
deploy	UNKNOWN STEP	2025-10-31T20:12:35.8536220Z Ubuntu
deploy	UNKNOWN STEP	2025-10-31T20:12:35.8537018Z 24.04.3
deploy	UNKNOWN STEP	2025-10-31T20:12:35.8537761Z LTS
deploy	UNKNOWN STEP	2025-10-31T20:12:35.8538533Z ##[endgroup]
deploy	UNKNOWN STEP	2025-10-31T20:12:35.8539286Z ##[group]Runner Image
deploy	UNKNOWN STEP	2025-10-31T20:12:35.8540190Z Image: ubuntu-24.04
deploy	UNKNOWN STEP	2025-10-31T20:12:35.8541027Z Version: 20250929.60.1
deploy	UNKNOWN STEP	2025-10-31T20:12:35.8542481Z Included Software: https://github.com/actions/runner-images/blob/ubuntu24/20250929.60/images/ubuntu/Ubuntu2404-Readme.md
deploy	UNKNOWN STEP	2025-10-31T20:12:35.8544468Z Image Release: https://github.com/actions/runner-images/releases/tag/ubuntu24%2F20250929.60
deploy	UNKNOWN STEP	2025-10-31T20:12:35.8545876Z ##[endgroup]
deploy	UNKNOWN STEP	2025-10-31T20:12:35.8547501Z ##[group]GITHUB_TOKEN Permissions
deploy	UNKNOWN STEP	2025-10-31T20:12:35.8549722Z Contents: read
deploy	UNKNOWN STEP	2025-10-31T20:12:35.8550587Z Metadata: read
deploy	UNKNOWN STEP	2025-10-31T20:12:35.8551420Z ##[endgroup]
deploy	UNKNOWN STEP	2025-10-31T20:12:35.8554054Z Secret source: Actions
deploy	UNKNOWN STEP	2025-10-31T20:12:35.8555107Z Prepare workflow directory
deploy	UNKNOWN STEP	2025-10-31T20:12:35.9071863Z Prepare all required actions
deploy	UNKNOWN STEP	2025-10-31T20:12:35.9111925Z Getting action download info
deploy	UNKNOWN STEP	2025-10-31T20:12:36.3832949Z Download action repository 'actions/checkout@v4' (SHA:08eba0b27e820071cde6df949e0beb9ba4906955)
deploy	UNKNOWN STEP	2025-10-31T20:12:36.5929461Z Download action repository 'google-github-actions/auth@v2' (SHA:c200f3691d83b41bf9bbd8638997a462592937ed)
deploy	UNKNOWN STEP	2025-10-31T20:12:37.0825276Z Download action repository 'google-github-actions/setup-gcloud@v2' (SHA:e427ad8a34f8676edf47cf7d7925499adf3eb74f)
deploy	UNKNOWN STEP	2025-10-31T20:12:37.4956586Z Download action repository 'actions/upload-artifact@v4' (SHA:ea165f8d65b6e75b540449e92b4886f43607fa02)
deploy	UNKNOWN STEP	2025-10-31T20:12:37.7044911Z Complete job name: deploy
deploy	UNKNOWN STEP	2025-10-31T20:12:37.7870529Z ##[group]Run actions/checkout@v4
deploy	UNKNOWN STEP	2025-10-31T20:12:37.7871739Z with:
deploy	UNKNOWN STEP	2025-10-31T20:12:37.7872637Z   repository: Tazaai/medplat
deploy	UNKNOWN STEP	2025-10-31T20:12:37.7873643Z   token: ***
deploy	UNKNOWN STEP	2025-10-31T20:12:37.7874350Z   ssh-strict: true
deploy	UNKNOWN STEP	2025-10-31T20:12:37.7875075Z   ssh-user: git
deploy	UNKNOWN STEP	2025-10-31T20:12:37.7875810Z   persist-credentials: true
deploy	UNKNOWN STEP	2025-10-31T20:12:37.7876598Z   clean: true
deploy	UNKNOWN STEP	2025-10-31T20:12:37.7877346Z   sparse-checkout-cone-mode: true
deploy	UNKNOWN STEP	2025-10-31T20:12:37.7878238Z   fetch-depth: 1
deploy	UNKNOWN STEP	2025-10-31T20:12:37.7879023Z   fetch-tags: false
deploy	UNKNOWN STEP	2025-10-31T20:12:37.7879763Z   show-progress: true
deploy	UNKNOWN STEP	2025-10-31T20:12:37.7880509Z   lfs: false
deploy	UNKNOWN STEP	2025-10-31T20:12:37.7881195Z   submodules: false
deploy	UNKNOWN STEP	2025-10-31T20:12:37.7881934Z   set-safe-directory: true
deploy	UNKNOWN STEP	2025-10-31T20:12:37.7883216Z env:
deploy	UNKNOWN STEP	2025-10-31T20:12:37.7883981Z   GCP_PROJECT: ***
deploy	UNKNOWN STEP	2025-10-31T20:12:37.7884704Z ##[endgroup]
deploy	UNKNOWN STEP	2025-10-31T20:12:37.8953207Z Syncing repository: Tazaai/medplat
deploy	UNKNOWN STEP	2025-10-31T20:12:37.8955686Z ##[group]Getting Git version info
deploy	UNKNOWN STEP	2025-10-31T20:12:37.8956984Z Working directory is '/home/runner/work/medplat/medplat'
deploy	UNKNOWN STEP	2025-10-31T20:12:37.8958505Z [command]/usr/bin/git version
deploy	UNKNOWN STEP	2025-10-31T20:12:37.9012699Z git version 2.51.0
deploy	UNKNOWN STEP	2025-10-31T20:12:37.9038408Z ##[endgroup]
deploy	UNKNOWN STEP	2025-10-31T20:12:37.9057937Z Temporarily overriding HOME='/home/runner/work/_temp/51d405b2-002f-4a3a-8b1d-ec19bea99fff' before making global git config changes
deploy	UNKNOWN STEP	2025-10-31T20:12:37.9059935Z Adding repository directory to the temporary git global config as a safe directory
deploy	UNKNOWN STEP	2025-10-31T20:12:37.9062810Z [command]/usr/bin/git config --global --add safe.directory /home/runner/work/medplat/medplat
deploy	UNKNOWN STEP	2025-10-31T20:12:37.9104635Z Deleting the contents of '/home/runner/work/medplat/medplat'
deploy	UNKNOWN STEP	2025-10-31T20:12:37.9108330Z ##[group]Initializing the repository
deploy	UNKNOWN STEP	2025-10-31T20:12:37.9113131Z [command]/usr/bin/git init /home/runner/work/medplat/medplat
deploy	UNKNOWN STEP	2025-10-31T20:12:37.9210093Z hint: Using 'master' as the name for the initial branch. This default branch name
deploy	UNKNOWN STEP	2025-10-31T20:12:37.9212984Z hint: is subject to change. To configure the initial branch name to use in all
deploy	UNKNOWN STEP	2025-10-31T20:12:37.9215468Z hint: of your new repositories, which will suppress this warning, call:
deploy	UNKNOWN STEP	2025-10-31T20:12:37.9216742Z hint:
deploy	UNKNOWN STEP	2025-10-31T20:12:37.9217598Z hint: 	git config --global init.defaultBranch <name>
deploy	UNKNOWN STEP	2025-10-31T20:12:37.9218558Z hint:
deploy	UNKNOWN STEP	2025-10-31T20:12:37.9219516Z hint: Names commonly chosen instead of 'master' are 'main', 'trunk' and
deploy	UNKNOWN STEP	2025-10-31T20:12:37.9220910Z hint: 'development'. The just-created branch can be renamed via this command:
deploy	UNKNOWN STEP	2025-10-31T20:12:37.9222611Z hint:
deploy	UNKNOWN STEP	2025-10-31T20:12:37.9223346Z hint: 	git branch -m <name>
deploy	UNKNOWN STEP	2025-10-31T20:12:37.9224161Z hint:
deploy	UNKNOWN STEP	2025-10-31T20:12:37.9225140Z hint: Disable this message with "git config set advice.defaultBranchName false"
deploy	UNKNOWN STEP	2025-10-31T20:12:37.9226628Z Initialized empty Git repository in /home/runner/work/medplat/medplat/.git/
deploy	UNKNOWN STEP	2025-10-31T20:12:37.9230089Z [command]/usr/bin/git remote add origin https://github.com/Tazaai/medplat
deploy	UNKNOWN STEP	2025-10-31T20:12:37.9271788Z ##[endgroup]
deploy	UNKNOWN STEP	2025-10-31T20:12:37.9273367Z ##[group]Disabling automatic garbage collection
deploy	UNKNOWN STEP	2025-10-31T20:12:37.9277605Z [command]/usr/bin/git config --local gc.auto 0
deploy	UNKNOWN STEP	2025-10-31T20:12:37.9311333Z ##[endgroup]
deploy	UNKNOWN STEP	2025-10-31T20:12:37.9312849Z ##[group]Setting up auth
deploy	UNKNOWN STEP	2025-10-31T20:12:37.9321221Z [command]/usr/bin/git config --local --name-only --get-regexp core\.sshCommand
deploy	UNKNOWN STEP	2025-10-31T20:12:37.9357673Z [command]/usr/bin/git submodule foreach --recursive sh -c "git config --local --name-only --get-regexp 'core\.sshCommand' && git config --local --unset-all 'core.sshCommand' || :"
deploy	UNKNOWN STEP	2025-10-31T20:12:37.9709784Z [command]/usr/bin/git config --local --name-only --get-regexp http\.https\:\/\/github\.com\/\.extraheader
deploy	UNKNOWN STEP	2025-10-31T20:12:37.9742759Z [command]/usr/bin/git submodule foreach --recursive sh -c "git config --local --name-only --get-regexp 'http\.https\:\/\/github\.com\/\.extraheader' && git config --local --unset-all 'http.https://github.com/.extraheader' || :"
deploy	UNKNOWN STEP	2025-10-31T20:12:37.9960719Z [command]/usr/bin/git config --local http.https://github.com/.extraheader AUTHORIZATION: basic ***
deploy	UNKNOWN STEP	2025-10-31T20:12:38.0003253Z ##[endgroup]
deploy	UNKNOWN STEP	2025-10-31T20:12:38.0011861Z ##[group]Fetching the repository
deploy	UNKNOWN STEP	2025-10-31T20:12:38.0014024Z [command]/usr/bin/git -c protocol.version=2 fetch --no-tags --prune --no-recurse-submodules --depth=1 origin +e15b88c04ad7860110cfe7bfc5478b5e82e8e886:refs/remotes/origin/main
deploy	UNKNOWN STEP	2025-10-31T20:12:39.7690153Z From https://github.com/Tazaai/medplat
deploy	UNKNOWN STEP	2025-10-31T20:12:39.7692651Z  * [new ref]         e15b88c04ad7860110cfe7bfc5478b5e82e8e886 -> origin/main
deploy	UNKNOWN STEP	2025-10-31T20:12:39.7721983Z ##[endgroup]
deploy	UNKNOWN STEP	2025-10-31T20:12:39.7724573Z ##[group]Determining the checkout info
deploy	UNKNOWN STEP	2025-10-31T20:12:39.7726188Z ##[endgroup]
deploy	UNKNOWN STEP	2025-10-31T20:12:39.7728109Z [command]/usr/bin/git sparse-checkout disable
deploy	UNKNOWN STEP	2025-10-31T20:12:39.7767925Z [command]/usr/bin/git config --local --unset-all extensions.worktreeConfig
deploy	UNKNOWN STEP	2025-10-31T20:12:39.7796219Z ##[group]Checking out the ref
deploy	UNKNOWN STEP	2025-10-31T20:12:39.7799434Z [command]/usr/bin/git checkout --progress --force -B main refs/remotes/origin/main
deploy	UNKNOWN STEP	2025-10-31T20:12:39.8453382Z Switched to a new branch 'main'
deploy	UNKNOWN STEP	2025-10-31T20:12:39.8455737Z branch 'main' set up to track 'origin/main'.
deploy	UNKNOWN STEP	2025-10-31T20:12:39.8463191Z ##[endgroup]
deploy	UNKNOWN STEP	2025-10-31T20:12:39.8499567Z [command]/usr/bin/git log -1 --format=%H
deploy	UNKNOWN STEP	2025-10-31T20:12:39.8521974Z e15b88c04ad7860110cfe7bfc5478b5e82e8e886
deploy	UNKNOWN STEP	2025-10-31T20:12:39.8918835Z ##[group]Run google-github-actions/auth@v2
deploy	UNKNOWN STEP	2025-10-31T20:12:39.8920296Z with:
deploy	UNKNOWN STEP	2025-10-31T20:12:39.8952314Z   credentials_json: ***
deploy	UNKNOWN STEP	
deploy	UNKNOWN STEP	2025-10-31T20:12:39.8953581Z   create_credentials_file: true
deploy	UNKNOWN STEP	2025-10-31T20:12:39.8954889Z   export_environment_variables: true
deploy	UNKNOWN STEP	2025-10-31T20:12:39.8956217Z   universe: googleapis.com
deploy	UNKNOWN STEP	2025-10-31T20:12:39.8957438Z   cleanup_credentials: true
deploy	UNKNOWN STEP	2025-10-31T20:12:39.8958675Z   access_token_lifetime: 3600s
deploy	UNKNOWN STEP	2025-10-31T20:12:39.8960297Z   access_token_scopes: https://www.googleapis.com/auth/cloud-platform
deploy	UNKNOWN STEP	2025-10-31T20:12:39.8962174Z   id_token_include_email: false
deploy	UNKNOWN STEP	2025-10-31T20:12:39.8963370Z env:
deploy	UNKNOWN STEP	2025-10-31T20:12:39.8964421Z   GCP_PROJECT: ***
deploy	UNKNOWN STEP	2025-10-31T20:12:39.8965737Z ##[endgroup]
deploy	UNKNOWN STEP	2025-10-31T20:12:39.9919433Z Created credentials file at "/home/runner/work/medplat/medplat/gha-creds-922ae49b2dc4f874.json"
deploy	UNKNOWN STEP	2025-10-31T20:12:40.0121518Z ##[group]Run google-github-actions/setup-gcloud@v2
deploy	UNKNOWN STEP	2025-10-31T20:12:40.0123196Z with:
deploy	UNKNOWN STEP	2025-10-31T20:12:40.0124235Z   version: latest
deploy	UNKNOWN STEP	2025-10-31T20:12:40.0125314Z   skip_install: false
deploy	UNKNOWN STEP	2025-10-31T20:12:40.0126435Z   skip_tool_cache: false
deploy	UNKNOWN STEP	2025-10-31T20:12:40.0127557Z env:
deploy	UNKNOWN STEP	2025-10-31T20:12:40.0128637Z   GCP_PROJECT: ***
deploy	UNKNOWN STEP	2025-10-31T20:12:40.0130476Z   CLOUDSDK_AUTH_CREDENTIAL_FILE_OVERRIDE: /home/runner/work/medplat/medplat/gha-creds-922ae49b2dc4f874.json
deploy	UNKNOWN STEP	2025-10-31T20:12:40.0133227Z   GOOGLE_APPLICATION_CREDENTIALS: /home/runner/work/medplat/medplat/gha-creds-922ae49b2dc4f874.json
deploy	UNKNOWN STEP	2025-10-31T20:12:40.0135667Z   GOOGLE_GHA_CREDS_PATH: /home/runner/work/medplat/medplat/gha-creds-922ae49b2dc4f874.json
deploy	UNKNOWN STEP	2025-10-31T20:12:40.0137539Z   CLOUDSDK_CORE_PROJECT: ***
deploy	UNKNOWN STEP	2025-10-31T20:12:40.0138792Z   CLOUDSDK_PROJECT: ***
deploy	UNKNOWN STEP	2025-10-31T20:12:40.0139998Z   GCLOUD_PROJECT: ***
deploy	UNKNOWN STEP	2025-10-31T20:12:40.0141194Z   GOOGLE_CLOUD_PROJECT: ***
deploy	UNKNOWN STEP	2025-10-31T20:12:40.0142443Z ##[endgroup]
deploy	UNKNOWN STEP	2025-10-31T20:12:41.2675773Z [command]/usr/bin/tar xz --warning=no-unknown-keyword --overwrite -C /home/runner/work/_temp/bc1d8032-8cdc-4f37-a30e-3ff5b8a774e3 -f /home/runner/work/_temp/fa833e35-fd86-405e-8f07-f0a401aa01a7
deploy	UNKNOWN STEP	2025-10-31T20:12:59.0655773Z Successfully authenticated
deploy	UNKNOWN STEP	2025-10-31T20:12:59.0805877Z ##[group]Run gcloud auth configure-docker europe-west1-docker.pkg.dev
deploy	UNKNOWN STEP	2025-10-31T20:12:59.0806517Z [36;1mgcloud auth configure-docker europe-west1-docker.pkg.dev[0m
deploy	UNKNOWN STEP	2025-10-31T20:12:59.0846244Z shell: /usr/bin/bash -e ***0***
deploy	UNKNOWN STEP	2025-10-31T20:12:59.0846595Z env:
deploy	UNKNOWN STEP	2025-10-31T20:12:59.0846910Z   GCP_PROJECT: ***
deploy	UNKNOWN STEP	2025-10-31T20:12:59.0847469Z   CLOUDSDK_AUTH_CREDENTIAL_FILE_OVERRIDE: /home/runner/work/medplat/medplat/gha-creds-922ae49b2dc4f874.json
deploy	UNKNOWN STEP	2025-10-31T20:12:59.0848290Z   GOOGLE_APPLICATION_CREDENTIALS: /home/runner/work/medplat/medplat/gha-creds-922ae49b2dc4f874.json
deploy	UNKNOWN STEP	2025-10-31T20:12:59.0849029Z   GOOGLE_GHA_CREDS_PATH: /home/runner/work/medplat/medplat/gha-creds-922ae49b2dc4f874.json
deploy	UNKNOWN STEP	2025-10-31T20:12:59.0849559Z   CLOUDSDK_CORE_PROJECT: ***
deploy	UNKNOWN STEP	2025-10-31T20:12:59.0849909Z   CLOUDSDK_PROJECT: ***
deploy	UNKNOWN STEP	2025-10-31T20:12:59.0850227Z   GCLOUD_PROJECT: ***
deploy	UNKNOWN STEP	2025-10-31T20:12:59.0850550Z   GOOGLE_CLOUD_PROJECT: ***
deploy	UNKNOWN STEP	2025-10-31T20:12:59.0850972Z   CLOUDSDK_METRICS_ENVIRONMENT: github-actions-setup-gcloud
deploy	UNKNOWN STEP	2025-10-31T20:12:59.0851414Z   CLOUDSDK_METRICS_ENVIRONMENT_VERSION: 2.2.1
deploy	UNKNOWN STEP	2025-10-31T20:12:59.0851767Z ##[endgroup]
deploy	UNKNOWN STEP	2025-10-31T20:12:59.7404319Z Adding credentials for: europe-west1-docker.pkg.dev
deploy	UNKNOWN STEP	2025-10-31T20:12:59.7406220Z After update, the following will be written to your Docker config file located 
deploy	UNKNOWN STEP	2025-10-31T20:12:59.7406954Z at [/home/runner/.docker/config.json]:
deploy	UNKNOWN STEP	2025-10-31T20:12:59.7407351Z  ***
deploy	UNKNOWN STEP	2025-10-31T20:12:59.7407650Z   "credHelpers": ***
deploy	UNKNOWN STEP	2025-10-31T20:12:59.7408003Z     "europe-west1-docker.pkg.dev": "gcloud"
deploy	UNKNOWN STEP	2025-10-31T20:12:59.7408383Z   ***
deploy	UNKNOWN STEP	2025-10-31T20:12:59.7408640Z ***
deploy	UNKNOWN STEP	2025-10-31T20:12:59.7408802Z 
deploy	UNKNOWN STEP	2025-10-31T20:12:59.7408949Z Do you want to continue (Y/n)?  
deploy	UNKNOWN STEP	2025-10-31T20:12:59.7583219Z Docker configuration file updated.
deploy	UNKNOWN STEP	2025-10-31T20:12:59.8566620Z ##[group]Run printf '%s' "$FIREBASE_SERVICE_KEY" > /tmp/firebase_key.json
deploy	UNKNOWN STEP	2025-10-31T20:12:59.8567240Z [36;1mprintf '%s' "$FIREBASE_SERVICE_KEY" > /tmp/firebase_key.json[0m
deploy	UNKNOWN STEP	2025-10-31T20:12:59.8567907Z [36;1mif ! gcloud secrets describe medplat-firebase-key --project=$GCP_PROJECT >/dev/null 2>&1; then[0m
deploy	UNKNOWN STEP	2025-10-31T20:12:59.8568721Z [36;1m  gcloud secrets create medplat-firebase-key --data-file=/tmp/firebase_key.json --project=$GCP_PROJECT[0m
deploy	UNKNOWN STEP	2025-10-31T20:12:59.8569286Z [36;1melse[0m
deploy	UNKNOWN STEP	2025-10-31T20:12:59.8569816Z [36;1m  gcloud secrets versions add medplat-firebase-key --data-file=/tmp/firebase_key.json --project=$GCP_PROJECT[0m
deploy	UNKNOWN STEP	2025-10-31T20:12:59.8570395Z [36;1mfi[0m
deploy	UNKNOWN STEP	2025-10-31T20:12:59.8602908Z shell: /usr/bin/bash -e ***0***
deploy	UNKNOWN STEP	2025-10-31T20:12:59.8603259Z env:
deploy	UNKNOWN STEP	2025-10-31T20:12:59.8603553Z   GCP_PROJECT: ***
deploy	UNKNOWN STEP	2025-10-31T20:12:59.8604285Z   CLOUDSDK_AUTH_CREDENTIAL_FILE_OVERRIDE: /home/runner/work/medplat/medplat/gha-creds-922ae49b2dc4f874.json
deploy	UNKNOWN STEP	2025-10-31T20:12:59.8605124Z   GOOGLE_APPLICATION_CREDENTIALS: /home/runner/work/medplat/medplat/gha-creds-922ae49b2dc4f874.json
deploy	UNKNOWN STEP	2025-10-31T20:12:59.8605844Z   GOOGLE_GHA_CREDS_PATH: /home/runner/work/medplat/medplat/gha-creds-922ae49b2dc4f874.json
deploy	UNKNOWN STEP	2025-10-31T20:12:59.8606376Z   CLOUDSDK_CORE_PROJECT: ***
deploy	UNKNOWN STEP	2025-10-31T20:12:59.8606724Z   CLOUDSDK_PROJECT: ***
deploy	UNKNOWN STEP	2025-10-31T20:12:59.8607041Z   GCLOUD_PROJECT: ***
deploy	UNKNOWN STEP	2025-10-31T20:12:59.8607367Z   GOOGLE_CLOUD_PROJECT: ***
deploy	UNKNOWN STEP	2025-10-31T20:12:59.8607758Z   CLOUDSDK_METRICS_ENVIRONMENT: github-actions-setup-gcloud
deploy	UNKNOWN STEP	2025-10-31T20:12:59.8608208Z   CLOUDSDK_METRICS_ENVIRONMENT_VERSION: 2.2.1
deploy	UNKNOWN STEP	2025-10-31T20:12:59.8618049Z   FIREBASE_SERVICE_KEY: ***
deploy	UNKNOWN STEP	
deploy	UNKNOWN STEP	2025-10-31T20:12:59.8618386Z ##[endgroup]
deploy	UNKNOWN STEP	2025-10-31T20:13:02.2744629Z Created version [28] of the secret [medplat-firebase-key].
deploy	UNKNOWN STEP	2025-10-31T20:13:02.4026547Z ##[group]Run printf '%s' "$OPENAI_API_KEY" > /tmp/openai_key.txt
deploy	UNKNOWN STEP	2025-10-31T20:13:02.4027118Z [36;1mprintf '%s' "$OPENAI_API_KEY" > /tmp/openai_key.txt[0m
deploy	UNKNOWN STEP	2025-10-31T20:13:02.4027728Z [36;1mif ! gcloud secrets describe medplat-openai-key --project=$GCP_PROJECT >/dev/null 2>&1; then[0m
deploy	UNKNOWN STEP	2025-10-31T20:13:02.4028483Z [36;1m  gcloud secrets create medplat-openai-key --data-file=/tmp/openai_key.txt --project=$GCP_PROJECT[0m
deploy	UNKNOWN STEP	2025-10-31T20:13:02.4029017Z [36;1melse[0m
deploy	UNKNOWN STEP	2025-10-31T20:13:02.4029521Z [36;1m  gcloud secrets versions add medplat-openai-key --data-file=/tmp/openai_key.txt --project=$GCP_PROJECT[0m
deploy	UNKNOWN STEP	2025-10-31T20:13:02.4030072Z [36;1mfi[0m
deploy	UNKNOWN STEP	2025-10-31T20:13:02.4062470Z shell: /usr/bin/bash -e ***0***
deploy	UNKNOWN STEP	2025-10-31T20:13:02.4062810Z env:
deploy	UNKNOWN STEP	2025-10-31T20:13:02.4063104Z   GCP_PROJECT: ***
deploy	UNKNOWN STEP	2025-10-31T20:13:02.4063651Z   CLOUDSDK_AUTH_CREDENTIAL_FILE_OVERRIDE: /home/runner/work/medplat/medplat/gha-creds-922ae49b2dc4f874.json
deploy	UNKNOWN STEP	2025-10-31T20:13:02.4064472Z   GOOGLE_APPLICATION_CREDENTIALS: /home/runner/work/medplat/medplat/gha-creds-922ae49b2dc4f874.json
deploy	UNKNOWN STEP	2025-10-31T20:13:02.4065193Z   GOOGLE_GHA_CREDS_PATH: /home/runner/work/medplat/medplat/gha-creds-922ae49b2dc4f874.json
deploy	UNKNOWN STEP	2025-10-31T20:13:02.4065729Z   CLOUDSDK_CORE_PROJECT: ***
deploy	UNKNOWN STEP	2025-10-31T20:13:02.4066073Z   CLOUDSDK_PROJECT: ***
deploy	UNKNOWN STEP	2025-10-31T20:13:02.4066391Z   GCLOUD_PROJECT: ***
deploy	UNKNOWN STEP	2025-10-31T20:13:02.4066709Z   GOOGLE_CLOUD_PROJECT: ***
deploy	UNKNOWN STEP	2025-10-31T20:13:02.4067093Z   CLOUDSDK_METRICS_ENVIRONMENT: github-actions-setup-gcloud
deploy	UNKNOWN STEP	2025-10-31T20:13:02.4067546Z   CLOUDSDK_METRICS_ENVIRONMENT_VERSION: 2.2.1
deploy	UNKNOWN STEP	2025-10-31T20:13:02.4068498Z   OPENAI_API_KEY: ***
deploy	UNKNOWN STEP	2025-10-31T20:13:02.4068791Z ##[endgroup]
deploy	UNKNOWN STEP	2025-10-31T20:13:04.4897200Z Created version [28] of the secret [medplat-openai-key].
deploy	UNKNOWN STEP	2025-10-31T20:13:04.5956473Z ##[group]Run cd backend
deploy	UNKNOWN STEP	2025-10-31T20:13:04.5956844Z [36;1mcd backend[0m
deploy	UNKNOWN STEP	2025-10-31T20:13:04.5957344Z [36;1mgcloud builds submit --tag europe-west1-docker.pkg.dev/$GCP_PROJECT/medplat/backend .[0m
deploy	UNKNOWN STEP	2025-10-31T20:13:04.5957909Z [36;1mgcloud run deploy medplat-backend \[0m
deploy	UNKNOWN STEP	2025-10-31T20:13:04.5958414Z [36;1m  --image europe-west1-docker.pkg.dev/$GCP_PROJECT/medplat/backend \[0m
deploy	UNKNOWN STEP	2025-10-31T20:13:04.5958913Z [36;1m  --region europe-west1 \[0m
deploy	UNKNOWN STEP	2025-10-31T20:13:04.5959284Z [36;1m  --allow-unauthenticated \[0m
deploy	UNKNOWN STEP	2025-10-31T20:13:04.5959640Z [36;1m  --port 8080 \[0m
deploy	UNKNOWN STEP	2025-10-31T20:13:04.5960202Z [36;1m  --set-secrets "OPENAI_API_KEY=medplat-openai-key:latest,FIREBASE_SERVICE_KEY=medplat-firebase-key:latest" \[0m
deploy	UNKNOWN STEP	2025-10-31T20:13:04.5960796Z [36;1m  --project $GCP_PROJECT[0m
deploy	UNKNOWN STEP	2025-10-31T20:13:04.5992802Z shell: /usr/bin/bash -e ***0***
deploy	UNKNOWN STEP	2025-10-31T20:13:04.5993142Z env:
deploy	UNKNOWN STEP	2025-10-31T20:13:04.5993431Z   GCP_PROJECT: ***
deploy	UNKNOWN STEP	2025-10-31T20:13:04.5994021Z   CLOUDSDK_AUTH_CREDENTIAL_FILE_OVERRIDE: /home/runner/work/medplat/medplat/gha-creds-922ae49b2dc4f874.json
deploy	UNKNOWN STEP	2025-10-31T20:13:04.5994819Z   GOOGLE_APPLICATION_CREDENTIALS: /home/runner/work/medplat/medplat/gha-creds-922ae49b2dc4f874.json
deploy	UNKNOWN STEP	2025-10-31T20:13:04.5995540Z   GOOGLE_GHA_CREDS_PATH: /home/runner/work/medplat/medplat/gha-creds-922ae49b2dc4f874.json
deploy	UNKNOWN STEP	2025-10-31T20:13:04.5996241Z   CLOUDSDK_CORE_PROJECT: ***
deploy	UNKNOWN STEP	2025-10-31T20:13:04.5996602Z   CLOUDSDK_PROJECT: ***
deploy	UNKNOWN STEP	2025-10-31T20:13:04.5996929Z   GCLOUD_PROJECT: ***
deploy	UNKNOWN STEP	2025-10-31T20:13:04.5997267Z   GOOGLE_CLOUD_PROJECT: ***
deploy	UNKNOWN STEP	2025-10-31T20:13:04.5997656Z   CLOUDSDK_METRICS_ENVIRONMENT: github-actions-setup-gcloud
deploy	UNKNOWN STEP	2025-10-31T20:13:04.5998107Z   CLOUDSDK_METRICS_ENVIRONMENT_VERSION: 2.2.1
deploy	UNKNOWN STEP	2025-10-31T20:13:04.5998466Z ##[endgroup]
deploy	UNKNOWN STEP	2025-10-31T20:13:05.7286191Z Creating temporary archive of 27 file(s) totalling 86.3 KiB before compression.
deploy	UNKNOWN STEP	2025-10-31T20:13:05.7470805Z Uploading tarball of [.] to [gs://***_cloudbuild/source/1761941585.5262-6a0479fedd124be49d6e67f139334b18.tgz]
deploy	UNKNOWN STEP	2025-10-31T20:13:07.9995296Z Created [https://cloudbuild.googleapis.com/v1/projects/***/locations/global/builds/0bf4969b-cfe9-4e06-96eb-2168e7dd6148].
deploy	UNKNOWN STEP	2025-10-31T20:13:07.9996484Z Logs are available at [ https://console.cloud.google.com/cloud-build/builds/0bf4969b-cfe9-4e06-96eb-2168e7dd6148?project=139218747785 ].
deploy	UNKNOWN STEP	2025-10-31T20:13:08.4207215Z Waiting for build to complete. Polling interval: 1 second(s).
deploy	UNKNOWN STEP	2025-10-31T20:13:56.4289722Z ----------------------------- REMOTE BUILD OUTPUT ------------------------------
deploy	UNKNOWN STEP	2025-10-31T20:13:56.4291009Z starting build "0bf4969b-cfe9-4e06-96eb-2168e7dd6148"
deploy	UNKNOWN STEP	2025-10-31T20:13:56.4291791Z 
deploy	UNKNOWN STEP	2025-10-31T20:13:56.4292481Z FETCHSOURCE
deploy	UNKNOWN STEP	2025-10-31T20:13:56.4294012Z Fetching storage object: gs://***_cloudbuild/source/1761941585.5262-6a0479fedd124be49d6e67f139334b18.tgz#1761941585936801
deploy	UNKNOWN STEP	2025-10-31T20:13:56.4296055Z Copying gs://***_cloudbuild/source/1761941585.5262-6a0479fedd124be49d6e67f139334b18.tgz#1761941585936801...
deploy	UNKNOWN STEP	2025-10-31T20:13:56.4297488Z / [0 files][    0.0 B/ 26.4 KiB]                                                
deploy	UNKNOWN STEP	2025-10-31T20:13:56.4298396Z / [1 files][ 26.4 KiB/ 26.4 KiB]                                                
deploy	UNKNOWN STEP	2025-10-31T20:13:56.4299224Z Operation completed over 1 objects/26.4 KiB.
deploy	UNKNOWN STEP	2025-10-31T20:13:56.4299921Z BUILD
deploy	UNKNOWN STEP	2025-10-31T20:13:56.4300651Z Already have image (with digest): gcr.io/cloud-builders/gcb-internal
deploy	UNKNOWN STEP	2025-10-31T20:13:56.4301609Z Sending build context to Docker daemon  112.6kB
deploy	UNKNOWN STEP	2025-10-31T20:13:56.4302308Z 
deploy	UNKNOWN STEP	2025-10-31T20:13:56.4302556Z Step 1/7 : FROM node:18
deploy	UNKNOWN STEP	2025-10-31T20:13:56.4303091Z 18: Pulling from library/node
deploy	UNKNOWN STEP	2025-10-31T20:13:56.4303686Z 3e6b9d1a9511: Pulling fs layer
deploy	UNKNOWN STEP	2025-10-31T20:13:56.4304257Z 37927ed901b1: Pulling fs layer
deploy	UNKNOWN STEP	2025-10-31T20:13:56.4304862Z 79b2f47ad444: Pulling fs layer
deploy	UNKNOWN STEP	2025-10-31T20:13:56.4305482Z e23f099911d6: Pulling fs layer
deploy	UNKNOWN STEP	2025-10-31T20:13:56.4306119Z cda7f44f2bdd: Pulling fs layer
deploy	UNKNOWN STEP	2025-10-31T20:13:56.4306746Z c6b30c3f1696: Pulling fs layer
deploy	UNKNOWN STEP	2025-10-31T20:13:56.4307389Z 3697be50c98b: Pulling fs layer
deploy	UNKNOWN STEP	2025-10-31T20:13:56.4308385Z 461077a72fb7: Pulling fs layer
deploy	UNKNOWN STEP	2025-10-31T20:13:56.4309007Z cda7f44f2bdd: Waiting
deploy	UNKNOWN STEP	2025-10-31T20:13:56.4309526Z c6b30c3f1696: Waiting
deploy	UNKNOWN STEP	2025-10-31T20:13:56.4310038Z 3697be50c98b: Waiting
deploy	UNKNOWN STEP	2025-10-31T20:13:56.4310548Z 461077a72fb7: Waiting
deploy	UNKNOWN STEP	2025-10-31T20:13:56.4311071Z e23f099911d6: Waiting
deploy	UNKNOWN STEP	2025-10-31T20:13:56.4311633Z 37927ed901b1: Verifying Checksum
deploy	UNKNOWN STEP	2025-10-31T20:13:56.4312521Z 37927ed901b1: Download complete
deploy	UNKNOWN STEP	2025-10-31T20:13:56.4313145Z 3e6b9d1a9511: Verifying Checksum
deploy	UNKNOWN STEP	2025-10-31T20:13:56.4313767Z 3e6b9d1a9511: Download complete
deploy	UNKNOWN STEP	2025-10-31T20:13:56.4314439Z 79b2f47ad444: Verifying Checksum
deploy	UNKNOWN STEP	2025-10-31T20:13:56.4315051Z 79b2f47ad444: Download complete
deploy	UNKNOWN STEP	2025-10-31T20:13:56.4315683Z cda7f44f2bdd: Verifying Checksum
deploy	UNKNOWN STEP	2025-10-31T20:13:56.4316305Z cda7f44f2bdd: Download complete
deploy	UNKNOWN STEP	2025-10-31T20:13:56.4316933Z 3697be50c98b: Verifying Checksum
deploy	UNKNOWN STEP	2025-10-31T20:13:56.4317550Z 3697be50c98b: Download complete
deploy	UNKNOWN STEP	2025-10-31T20:13:56.4318141Z 461077a72fb7: Verifying Checksum
deploy	UNKNOWN STEP	2025-10-31T20:13:56.4318719Z 461077a72fb7: Download complete
deploy	UNKNOWN STEP	2025-10-31T20:13:56.4319308Z c6b30c3f1696: Download complete
deploy	UNKNOWN STEP	2025-10-31T20:13:56.4319889Z e23f099911d6: Verifying Checksum
deploy	UNKNOWN STEP	2025-10-31T20:13:56.4320475Z e23f099911d6: Download complete
deploy	UNKNOWN STEP	2025-10-31T20:13:56.4321072Z 3e6b9d1a9511: Pull complete
deploy	UNKNOWN STEP	2025-10-31T20:13:56.4321654Z 37927ed901b1: Pull complete
deploy	UNKNOWN STEP	2025-10-31T20:13:56.4322453Z 79b2f47ad444: Pull complete
deploy	UNKNOWN STEP	2025-10-31T20:13:56.4323330Z e23f099911d6: Pull complete
deploy	UNKNOWN STEP	2025-10-31T20:13:56.4323906Z cda7f44f2bdd: Pull complete
deploy	UNKNOWN STEP	2025-10-31T20:13:56.4324467Z c6b30c3f1696: Pull complete
deploy	UNKNOWN STEP	2025-10-31T20:13:56.4325022Z 3697be50c98b: Pull complete
deploy	UNKNOWN STEP	2025-10-31T20:13:56.4325570Z 461077a72fb7: Pull complete
deploy	UNKNOWN STEP	2025-10-31T20:13:56.4326437Z Digest: sha256:c6ae79e38498325db67193d391e6ec1d224d96c693a8a4d943498556716d3783
deploy	UNKNOWN STEP	2025-10-31T20:13:56.4327322Z Status: Downloaded newer image for node:18
deploy	UNKNOWN STEP	2025-10-31T20:13:56.4327945Z  ---> b50082bc3670
deploy	UNKNOWN STEP	2025-10-31T20:13:56.4328486Z Step 2/7 : WORKDIR /usr/src/app
deploy	UNKNOWN STEP	2025-10-31T20:13:56.4329102Z  ---> Running in 6683e6c3bee8
deploy	UNKNOWN STEP	2025-10-31T20:13:56.4329757Z Removing intermediate container 6683e6c3bee8
deploy	UNKNOWN STEP	2025-10-31T20:13:56.4330413Z  ---> 08d58f250b7b
deploy	UNKNOWN STEP	2025-10-31T20:13:56.4330969Z Step 3/7 : COPY package*.json ./
deploy	UNKNOWN STEP	2025-10-31T20:13:56.4331559Z  ---> 42f6237b31ed
deploy	UNKNOWN STEP	2025-10-31T20:13:56.4332394Z Step 4/7 : RUN npm install --production
deploy	UNKNOWN STEP	2025-10-31T20:13:56.4333074Z  ---> Running in a824cd954150
deploy	UNKNOWN STEP	2025-10-31T20:13:56.4334094Z [91mnpm warn config production Use `--omit=dev` instead.
deploy	UNKNOWN STEP	2025-10-31T20:13:56.4334872Z [0m
deploy	UNKNOWN STEP	2025-10-31T20:13:56.4335434Z added 79 packages, and audited 80 packages in 1s
deploy	UNKNOWN STEP	2025-10-31T20:13:56.4335897Z 
deploy	UNKNOWN STEP	2025-10-31T20:13:56.4336165Z 14 packages are looking for funding
deploy	UNKNOWN STEP	2025-10-31T20:13:56.4336765Z   run `npm fund` for details
deploy	UNKNOWN STEP	2025-10-31T20:13:56.4337184Z 
deploy	UNKNOWN STEP	2025-10-31T20:13:56.4337422Z found 0 vulnerabilities
deploy	UNKNOWN STEP	2025-10-31T20:13:56.4338094Z [91mnpm notice
deploy	UNKNOWN STEP	2025-10-31T20:13:56.4338759Z npm notice New major version of npm available! 10.8.2 -> 11.6.2
deploy	UNKNOWN STEP	2025-10-31T20:13:56.4339698Z npm notice Changelog: https://github.com/npm/cli/releases/tag/v11.6.2
deploy	UNKNOWN STEP	2025-10-31T20:13:56.4340583Z npm notice To update run: npm install -g npm@11.6.2
deploy	UNKNOWN STEP	2025-10-31T20:13:56.4341249Z npm notice
deploy	UNKNOWN STEP	2025-10-31T20:13:56.4341908Z [0mRemoving intermediate container a824cd954150
deploy	UNKNOWN STEP	2025-10-31T20:13:56.4342798Z  ---> 4f663542ebf3
deploy	UNKNOWN STEP	2025-10-31T20:13:56.4343294Z Step 5/7 : COPY . .
deploy	UNKNOWN STEP	2025-10-31T20:13:56.4343783Z  ---> d25d619acfe8
deploy	UNKNOWN STEP	2025-10-31T20:13:56.4344271Z Step 6/7 : EXPOSE 8080
deploy	UNKNOWN STEP	2025-10-31T20:13:56.4344837Z  ---> Running in 8e480f2f533a
deploy	UNKNOWN STEP	2025-10-31T20:13:56.4345459Z Removing intermediate container 8e480f2f533a
deploy	UNKNOWN STEP	2025-10-31T20:13:56.4346096Z  ---> 8918fb9c1f83
deploy	UNKNOWN STEP	2025-10-31T20:13:56.4346602Z Step 7/7 : CMD ["node", "index.js"]
deploy	UNKNOWN STEP	2025-10-31T20:13:56.4347216Z  ---> Running in e5cc92b27495
deploy	UNKNOWN STEP	2025-10-31T20:13:56.4347834Z Removing intermediate container e5cc92b27495
deploy	UNKNOWN STEP	2025-10-31T20:13:56.4348460Z  ---> d173f591355b
deploy	UNKNOWN STEP	2025-10-31T20:13:56.4348970Z Successfully built d173f591355b
deploy	UNKNOWN STEP	2025-10-31T20:13:56.4349886Z Successfully tagged europe-west1-docker.pkg.dev/***/medplat/backend:latest
deploy	UNKNOWN STEP	2025-10-31T20:13:56.4350711Z PUSH
deploy	UNKNOWN STEP	2025-10-31T20:13:56.4351632Z Pushing europe-west1-docker.pkg.dev/***/medplat/backend
deploy	UNKNOWN STEP	2025-10-31T20:13:56.4352980Z The push refers to repository [europe-west1-docker.pkg.dev/***/medplat/backend]
deploy	UNKNOWN STEP	2025-10-31T20:13:56.4353818Z 83fe977ba50a: Preparing
deploy	UNKNOWN STEP	2025-10-31T20:13:56.4354333Z c78edd846a9d: Preparing
deploy	UNKNOWN STEP	2025-10-31T20:13:56.4354860Z 308b9ea865f8: Preparing
deploy	UNKNOWN STEP	2025-10-31T20:13:56.4355379Z 484c3f4ede2b: Preparing
deploy	UNKNOWN STEP	2025-10-31T20:13:56.4355914Z d2a991bcab4d: Preparing
deploy	UNKNOWN STEP	2025-10-31T20:13:56.4356429Z b624aa2d5ea2: Preparing
deploy	UNKNOWN STEP	2025-10-31T20:13:56.4356927Z d399c9dc306f: Preparing
deploy	UNKNOWN STEP	2025-10-31T20:13:56.4357465Z 84f9fa179c1b: Preparing
deploy	UNKNOWN STEP	2025-10-31T20:13:56.4358136Z ce84ba212e49: Preparing
deploy	UNKNOWN STEP	2025-10-31T20:13:56.4358678Z e4dc8cd9ecc8: Preparing
deploy	UNKNOWN STEP	2025-10-31T20:13:56.4359226Z 6428cc293366: Preparing
deploy	UNKNOWN STEP	2025-10-31T20:13:56.4359787Z 2f7436e79a0b: Preparing
deploy	UNKNOWN STEP	2025-10-31T20:13:56.4360306Z b624aa2d5ea2: Waiting
deploy	UNKNOWN STEP	2025-10-31T20:13:56.4360809Z d399c9dc306f: Waiting
deploy	UNKNOWN STEP	2025-10-31T20:13:56.4361302Z 84f9fa179c1b: Waiting
deploy	UNKNOWN STEP	2025-10-31T20:13:56.4361810Z ce84ba212e49: Waiting
deploy	UNKNOWN STEP	2025-10-31T20:13:56.4362584Z e4dc8cd9ecc8: Waiting
deploy	UNKNOWN STEP	2025-10-31T20:13:56.4363106Z 6428cc293366: Waiting
deploy	UNKNOWN STEP	2025-10-31T20:13:56.4363615Z 2f7436e79a0b: Waiting
deploy	UNKNOWN STEP	2025-10-31T20:13:56.4364147Z d2a991bcab4d: Layer already exists
deploy	UNKNOWN STEP	2025-10-31T20:13:56.4364764Z b624aa2d5ea2: Layer already exists
deploy	UNKNOWN STEP	2025-10-31T20:13:56.4365377Z d399c9dc306f: Layer already exists
deploy	UNKNOWN STEP	2025-10-31T20:13:56.4365981Z 84f9fa179c1b: Layer already exists
deploy	UNKNOWN STEP	2025-10-31T20:13:56.4366822Z 484c3f4ede2b: Pushed
deploy	UNKNOWN STEP	2025-10-31T20:13:56.4367336Z 83fe977ba50a: Pushed
deploy	UNKNOWN STEP	2025-10-31T20:13:56.4367835Z 308b9ea865f8: Pushed
deploy	UNKNOWN STEP	2025-10-31T20:13:56.4368329Z c78edd846a9d: Pushed
deploy	UNKNOWN STEP	2025-10-31T20:13:56.4368841Z ce84ba212e49: Layer already exists
deploy	UNKNOWN STEP	2025-10-31T20:13:56.4369443Z 6428cc293366: Layer already exists
deploy	UNKNOWN STEP	2025-10-31T20:13:56.4370027Z e4dc8cd9ecc8: Layer already exists
deploy	UNKNOWN STEP	2025-10-31T20:13:56.4370591Z 2f7436e79a0b: Pushed
deploy	UNKNOWN STEP	2025-10-31T20:13:56.4371466Z latest: digest: sha256:550778db4382d682f6c29674f7e4d478806bea2f0a281d9ecd8f44bf4a432518 size: 2839
deploy	UNKNOWN STEP	2025-10-31T20:13:56.4372626Z DONE
deploy	UNKNOWN STEP	2025-10-31T20:13:56.4373218Z --------------------------------------------------------------------------------
deploy	UNKNOWN STEP	2025-10-31T20:13:56.4374309Z ID                                    CREATE_TIME                DURATION  SOURCE                                                                                      IMAGES                                                                STATUS
deploy	UNKNOWN STEP	2025-10-31T20:13:56.4376679Z 0bf4969b-cfe9-4e06-96eb-2168e7dd6148  2025-10-31T20:13:06+00:00  46S       gs://***_cloudbuild/source/1761941585.5262-6a0479fedd124be49d6e67f139334b18.tgz  europe-west1-docker.pkg.dev/***/medplat/backend (+1 more)  SUCCESS
deploy	UNKNOWN STEP	2025-10-31T20:13:59.2253301Z Deploying container to Cloud Run service [medplat-backend] in project [***] region [europe-west1]
deploy	UNKNOWN STEP	2025-10-31T20:13:59.2254030Z Deploying...
deploy	UNKNOWN STEP	2025-10-31T20:14:02.6581482Z Setting IAM Policy................................done
deploy	UNKNOWN STEP	2025-10-31T20:14:02.8971890Z Creating Revision........done
deploy	UNKNOWN STEP	2025-10-31T20:14:04.6396429Z Done.
deploy	UNKNOWN STEP	2025-10-31T20:14:04.6400344Z Service [medplat-backend] revision [medplat-backend-00742-2w9] has been deployed and is serving 100 percent of traffic.
deploy	UNKNOWN STEP	2025-10-31T20:14:04.6401450Z Service URL: https://medplat-backend-139218747785.europe-west1.run.app
deploy	UNKNOWN STEP	2025-10-31T20:14:04.8358560Z ##[group]Run cd frontend
deploy	UNKNOWN STEP	2025-10-31T20:14:04.8358954Z [36;1mcd frontend[0m
deploy	UNKNOWN STEP	2025-10-31T20:14:04.8359653Z [36;1mBACKEND_URL=$(gcloud run services describe medplat-backend --region=europe-west1 --project=$GCP_PROJECT --format='value(status.url)')[0m
deploy	UNKNOWN STEP	2025-10-31T20:14:04.8360394Z [36;1mecho "Detected backend URL: $BACKEND_URL"[0m
deploy	UNKNOWN STEP	2025-10-31T20:14:04.8360793Z [36;1mexport VITE_API_BASE=$BACKEND_URL[0m
deploy	UNKNOWN STEP	2025-10-31T20:14:04.8361152Z [36;1mnpm ci && npm run build[0m
deploy	UNKNOWN STEP	2025-10-31T20:14:04.8361607Z [36;1m# Use the environment file mechanism to set step outputs instead of the[0m
deploy	UNKNOWN STEP	2025-10-31T20:14:04.8362436Z [36;1m# deprecated ::set-output command.[0m
deploy	UNKNOWN STEP	2025-10-31T20:14:04.8362880Z [36;1mecho "backend_url=$BACKEND_URL" >> $GITHUB_OUTPUT[0m
deploy	UNKNOWN STEP	2025-10-31T20:14:04.8394936Z shell: /usr/bin/bash -e ***0***
deploy	UNKNOWN STEP	2025-10-31T20:14:04.8395283Z env:
deploy	UNKNOWN STEP	2025-10-31T20:14:04.8395575Z   GCP_PROJECT: ***
deploy	UNKNOWN STEP	2025-10-31T20:14:04.8396174Z   CLOUDSDK_AUTH_CREDENTIAL_FILE_OVERRIDE: /home/runner/work/medplat/medplat/gha-creds-922ae49b2dc4f874.json
deploy	UNKNOWN STEP	2025-10-31T20:14:04.8396970Z   GOOGLE_APPLICATION_CREDENTIALS: /home/runner/work/medplat/medplat/gha-creds-922ae49b2dc4f874.json
deploy	UNKNOWN STEP	2025-10-31T20:14:04.8397690Z   GOOGLE_GHA_CREDS_PATH: /home/runner/work/medplat/medplat/gha-creds-922ae49b2dc4f874.json
deploy	UNKNOWN STEP	2025-10-31T20:14:04.8398216Z   CLOUDSDK_CORE_PROJECT: ***
deploy	UNKNOWN STEP	2025-10-31T20:14:04.8398605Z   CLOUDSDK_PROJECT: ***
deploy	UNKNOWN STEP	2025-10-31T20:14:04.8398921Z   GCLOUD_PROJECT: ***
deploy	UNKNOWN STEP	2025-10-31T20:14:04.8399241Z   GOOGLE_CLOUD_PROJECT: ***
deploy	UNKNOWN STEP	2025-10-31T20:14:04.8399649Z   CLOUDSDK_METRICS_ENVIRONMENT: github-actions-setup-gcloud
deploy	UNKNOWN STEP	2025-10-31T20:14:04.8400096Z   CLOUDSDK_METRICS_ENVIRONMENT_VERSION: 2.2.1
deploy	UNKNOWN STEP	2025-10-31T20:14:04.8400450Z ##[endgroup]
deploy	UNKNOWN STEP	2025-10-31T20:14:06.7892560Z Detected backend URL: https://medplat-backend-2pr2rrffwq-ew.a.run.app
deploy	UNKNOWN STEP	2025-10-31T20:14:17.6787903Z 
deploy	UNKNOWN STEP	2025-10-31T20:14:17.6788646Z added 121 packages, and audited 122 packages in 10s
deploy	UNKNOWN STEP	2025-10-31T20:14:17.6789262Z 
deploy	UNKNOWN STEP	2025-10-31T20:14:17.6789554Z 8 packages are looking for funding
deploy	UNKNOWN STEP	2025-10-31T20:14:17.6790215Z   run `npm fund` for details
deploy	UNKNOWN STEP	2025-10-31T20:14:17.6889864Z 
deploy	UNKNOWN STEP	2025-10-31T20:14:17.6890227Z 2 moderate severity vulnerabilities
deploy	UNKNOWN STEP	2025-10-31T20:14:17.6890638Z 
deploy	UNKNOWN STEP	2025-10-31T20:14:17.6891139Z To address all issues (including breaking changes), run:
deploy	UNKNOWN STEP	2025-10-31T20:14:17.6891608Z   npm audit fix --force
deploy	UNKNOWN STEP	2025-10-31T20:14:17.6891816Z 
deploy	UNKNOWN STEP	2025-10-31T20:14:17.6891960Z Run `npm audit` for details.
deploy	UNKNOWN STEP	2025-10-31T20:14:17.8137025Z 
deploy	UNKNOWN STEP	2025-10-31T20:14:17.8137540Z > medplat-frontend@1.0.0 build
deploy	UNKNOWN STEP	2025-10-31T20:14:17.8138269Z > node ./scripts/verify_build_env.js && vite build && node ./scripts/write_build_api_base.js
deploy	UNKNOWN STEP	2025-10-31T20:14:17.8138657Z 
deploy	UNKNOWN STEP	2025-10-31T20:14:17.8425936Z VITE_API_BASE present: https://medplat-backend-2pr2rrffwq-ew.a.run.app
deploy	UNKNOWN STEP	2025-10-31T20:14:18.4156765Z [36mvite v4.5.14 [32mbuilding for production...[36m[39m
deploy	UNKNOWN STEP	2025-10-31T20:14:18.4536120Z transforming...
deploy	UNKNOWN STEP	2025-10-31T20:14:19.1445342Z [32mâ[39m 31 modules transformed.
deploy	UNKNOWN STEP	2025-10-31T20:14:19.2204578Z rendering chunks...
deploy	UNKNOWN STEP	2025-10-31T20:14:19.2381998Z computing gzip size...
deploy	UNKNOWN STEP	2025-10-31T20:14:19.2544279Z [2mdist/[22m[32mindex.html                 [39m[1m[2m  0.39 kB[22m[1m[22m[2m â gzip:  0.27 kB[22m
deploy	UNKNOWN STEP	2025-10-31T20:14:19.2545783Z [2mdist/[22m[2massets/[22m[35mindex-28c342d1.css  [39m[1m[2m  0.07 kB[22m[1m[22m[2m â gzip:  0.09 kB[22m
deploy	UNKNOWN STEP	2025-10-31T20:14:19.2547341Z [2mdist/[22m[2massets/[22m[36mindex-07999ac2.js   [39m[1m[2m142.81 kB[22m[1m[22m[2m â gzip: 45.89 kB[22m
deploy	UNKNOWN STEP	2025-10-31T20:14:19.2549796Z [32mâ built in 838ms[39m
deploy	UNKNOWN STEP	2025-10-31T20:14:19.2940146Z Wrote VITE_API_BASE to /home/runner/work/medplat/medplat/frontend/dist/VITE_API_BASE.txt
deploy	UNKNOWN STEP	2025-10-31T20:14:19.3103953Z ##[group]Run BACKEND_URL=https://medplat-backend-2pr2rrffwq-ew.a.run.app
deploy	UNKNOWN STEP	2025-10-31T20:14:19.3104620Z [36;1mBACKEND_URL=https://medplat-backend-2pr2rrffwq-ew.a.run.app[0m
deploy	UNKNOWN STEP	2025-10-31T20:14:19.3105136Z [36;1mif [ -f frontend/dist/VITE_API_BASE.txt ]; then[0m
deploy	UNKNOWN STEP	2025-10-31T20:14:19.3105572Z [36;1m  FOUND=$(cat frontend/dist/VITE_API_BASE.txt)[0m
deploy	UNKNOWN STEP	2025-10-31T20:14:19.3105992Z [36;1m  echo "Found VITE_API_BASE in artifact: $FOUND"[0m
deploy	UNKNOWN STEP	2025-10-31T20:14:19.3106396Z [36;1m  if [ "$FOUND" != "$BACKEND_URL" ]; then[0m
deploy	UNKNOWN STEP	2025-10-31T20:14:19.3106948Z [36;1m    echo "â Mismatch: expected $BACKEND_URL but frontend/dist/VITE_API_BASE.txt contains $FOUND"[0m
deploy	UNKNOWN STEP	2025-10-31T20:14:19.3107484Z [36;1m    exit 1[0m
deploy	UNKNOWN STEP	2025-10-31T20:14:19.3107762Z [36;1m  fi[0m
deploy	UNKNOWN STEP	2025-10-31T20:14:19.3108019Z [36;1melse[0m
deploy	UNKNOWN STEP	2025-10-31T20:14:19.3108512Z [36;1m  echo "â frontend/dist/VITE_API_BASE.txt not found â build step did not produce the verification artifact"[0m
deploy	UNKNOWN STEP	2025-10-31T20:14:19.3109051Z [36;1m  exit 1[0m
deploy	UNKNOWN STEP	2025-10-31T20:14:19.3109351Z [36;1mfi[0m
deploy	UNKNOWN STEP	2025-10-31T20:14:19.3140812Z shell: /usr/bin/bash -e ***0***
deploy	UNKNOWN STEP	2025-10-31T20:14:19.3141147Z env:
deploy	UNKNOWN STEP	2025-10-31T20:14:19.3141432Z   GCP_PROJECT: ***
deploy	UNKNOWN STEP	2025-10-31T20:14:19.3141975Z   CLOUDSDK_AUTH_CREDENTIAL_FILE_OVERRIDE: /home/runner/work/medplat/medplat/gha-creds-922ae49b2dc4f874.json
deploy	UNKNOWN STEP	2025-10-31T20:14:19.3142989Z   GOOGLE_APPLICATION_CREDENTIALS: /home/runner/work/medplat/medplat/gha-creds-922ae49b2dc4f874.json
deploy	UNKNOWN STEP	2025-10-31T20:14:19.3143703Z   GOOGLE_GHA_CREDS_PATH: /home/runner/work/medplat/medplat/gha-creds-922ae49b2dc4f874.json
deploy	UNKNOWN STEP	2025-10-31T20:14:19.3144245Z   CLOUDSDK_CORE_PROJECT: ***
deploy	UNKNOWN STEP	2025-10-31T20:14:19.3144586Z   CLOUDSDK_PROJECT: ***
deploy	UNKNOWN STEP	2025-10-31T20:14:19.3144905Z   GCLOUD_PROJECT: ***
deploy	UNKNOWN STEP	2025-10-31T20:14:19.3145218Z   GOOGLE_CLOUD_PROJECT: ***
deploy	UNKNOWN STEP	2025-10-31T20:14:19.3145615Z   CLOUDSDK_METRICS_ENVIRONMENT: github-actions-setup-gcloud
deploy	UNKNOWN STEP	2025-10-31T20:14:19.3146070Z   CLOUDSDK_METRICS_ENVIRONMENT_VERSION: 2.2.1
deploy	UNKNOWN STEP	2025-10-31T20:14:19.3146447Z ##[endgroup]
deploy	UNKNOWN STEP	2025-10-31T20:14:19.3263693Z Found VITE_API_BASE in artifact: https://medplat-backend-2pr2rrffwq-ew.a.run.app
deploy	UNKNOWN STEP	2025-10-31T20:14:19.3313777Z ##[group]Run actions/upload-artifact@v4
deploy	UNKNOWN STEP	2025-10-31T20:14:19.3314151Z with:
deploy	UNKNOWN STEP	2025-10-31T20:14:19.3314426Z   name: frontend-dist
deploy	UNKNOWN STEP	2025-10-31T20:14:19.3314724Z   path: frontend/dist
deploy	UNKNOWN STEP	2025-10-31T20:14:19.3315025Z   if-no-files-found: warn
deploy	UNKNOWN STEP	2025-10-31T20:14:19.3315340Z   compression-level: 6
deploy	UNKNOWN STEP	2025-10-31T20:14:19.3315642Z   overwrite: false
deploy	UNKNOWN STEP	2025-10-31T20:14:19.3315936Z   include-hidden-files: false
deploy	UNKNOWN STEP	2025-10-31T20:14:19.3316250Z env:
deploy	UNKNOWN STEP	2025-10-31T20:14:19.3316541Z   GCP_PROJECT: ***
deploy	UNKNOWN STEP	2025-10-31T20:14:19.3317240Z   CLOUDSDK_AUTH_CREDENTIAL_FILE_OVERRIDE: /home/runner/work/medplat/medplat/gha-creds-922ae49b2dc4f874.json
deploy	UNKNOWN STEP	2025-10-31T20:14:19.3318019Z   GOOGLE_APPLICATION_CREDENTIALS: /home/runner/work/medplat/medplat/gha-creds-922ae49b2dc4f874.json
deploy	UNKNOWN STEP	2025-10-31T20:14:19.3318717Z   GOOGLE_GHA_CREDS_PATH: /home/runner/work/medplat/medplat/gha-creds-922ae49b2dc4f874.json
deploy	UNKNOWN STEP	2025-10-31T20:14:19.3319248Z   CLOUDSDK_CORE_PROJECT: ***
deploy	UNKNOWN STEP	2025-10-31T20:14:19.3319580Z   CLOUDSDK_PROJECT: ***
deploy	UNKNOWN STEP	2025-10-31T20:14:19.3319919Z   GCLOUD_PROJECT: ***
deploy	UNKNOWN STEP	2025-10-31T20:14:19.3320232Z   GOOGLE_CLOUD_PROJECT: ***
deploy	UNKNOWN STEP	2025-10-31T20:14:19.3320614Z   CLOUDSDK_METRICS_ENVIRONMENT: github-actions-setup-gcloud
deploy	UNKNOWN STEP	2025-10-31T20:14:19.3321052Z   CLOUDSDK_METRICS_ENVIRONMENT_VERSION: 2.2.1
deploy	UNKNOWN STEP	2025-10-31T20:14:19.3321406Z ##[endgroup]
deploy	UNKNOWN STEP	2025-10-31T20:14:19.5450000Z With the provided path, there will be 4 files uploaded
deploy	UNKNOWN STEP	2025-10-31T20:14:19.5456411Z Artifact name is valid!
deploy	UNKNOWN STEP	2025-10-31T20:14:19.5457788Z Root directory input is valid!
deploy	UNKNOWN STEP	2025-10-31T20:14:19.8631622Z Beginning upload of artifact content to blob storage
deploy	UNKNOWN STEP	2025-10-31T20:14:20.2827963Z Uploaded bytes 46783
deploy	UNKNOWN STEP	2025-10-31T20:14:20.3599656Z Finished uploading artifact content to blob storage!
deploy	UNKNOWN STEP	2025-10-31T20:14:20.3602884Z SHA256 digest of uploaded artifact zip is 620c6610fa102516da8aaff8cc50001136339c971177358e826470759e9a9068
deploy	UNKNOWN STEP	2025-10-31T20:14:20.3604654Z Finalizing artifact upload
deploy	UNKNOWN STEP	2025-10-31T20:14:20.5210495Z Artifact frontend-dist.zip successfully finalized. Artifact ID 4433845565
deploy	UNKNOWN STEP	2025-10-31T20:14:20.5211873Z Artifact frontend-dist has been successfully uploaded! Final size is 46783 bytes. Artifact ID is 4433845565
deploy	UNKNOWN STEP	2025-10-31T20:14:20.5220116Z Artifact download URL: https://github.com/Tazaai/medplat/actions/runs/18984041175/artifacts/4433845565
deploy	UNKNOWN STEP	2025-10-31T20:14:20.5322701Z ##[group]Run BACKEND_URL=https://medplat-backend-2pr2rrffwq-ew.a.run.app
deploy	UNKNOWN STEP	2025-10-31T20:14:20.5323378Z [36;1mBACKEND_URL=https://medplat-backend-2pr2rrffwq-ew.a.run.app[0m
deploy	UNKNOWN STEP	2025-10-31T20:14:20.5323832Z [36;1mcd frontend[0m
deploy	UNKNOWN STEP	2025-10-31T20:14:20.5324298Z [36;1m# Force a fresh image by tagging with a timestamp. This avoids accidental reuse[0m
deploy	UNKNOWN STEP	2025-10-31T20:14:20.5324892Z [36;1m# of older image tags or cached layers and guarantees Cloud Run receives the[0m
deploy	UNKNOWN STEP	2025-10-31T20:14:20.5325429Z [36;1m# newly built image containing the latest frontend assets.[0m
deploy	UNKNOWN STEP	2025-10-31T20:14:20.5325859Z [36;1mTIMESTAMP=$(date +%s)[0m
deploy	UNKNOWN STEP	2025-10-31T20:14:20.5326361Z [36;1mIMAGE_TAG="europe-west1-docker.pkg.dev/$GCP_PROJECT/medplat/frontend:$TIMESTAMP"[0m
deploy	UNKNOWN STEP	2025-10-31T20:14:20.5326900Z [36;1mecho "Building image $IMAGE_TAG"[0m
deploy	UNKNOWN STEP	2025-10-31T20:14:20.5327424Z [36;1m# Ensure Cloud Build uses Kaniko-based execution so --no-cache is supported[0m
deploy	UNKNOWN STEP	2025-10-31T20:14:20.5328064Z [36;1m# (some projects have builds/use_kaniko=false by default). Set it idempotently.[0m
deploy	UNKNOWN STEP	2025-10-31T20:14:20.5328602Z [36;1mgcloud config set builds/use_kaniko true || true[0m
deploy	UNKNOWN STEP	2025-10-31T20:14:20.5329117Z [36;1m# Force a fresh Cloud Build (no cached layers) to avoid stale assets[0m
deploy	UNKNOWN STEP	2025-10-31T20:14:20.5329659Z [36;1m# and ensure the image contains the most recent `dist/` contents.[0m
deploy	UNKNOWN STEP	2025-10-31T20:14:20.5330221Z [36;1m# Build and push the image with docker so we can pass --build-arg directly.[0m
deploy	UNKNOWN STEP	2025-10-31T20:14:20.5330806Z [36;1m# gcloud builds submit doesn't accept --build-arg; using docker build + push[0m
deploy	UNKNOWN STEP	2025-10-31T20:14:20.5331397Z [36;1m# works with the Artifact Registry credential helper (configured above).[0m
deploy	UNKNOWN STEP	2025-10-31T20:14:20.5331999Z [36;1mdocker build --tag "$IMAGE_TAG" --build-arg BUILD_DATE="$TIMESTAMP" .[0m
deploy	UNKNOWN STEP	2025-10-31T20:14:20.5332623Z [36;1mdocker push "$IMAGE_TAG"[0m
deploy	UNKNOWN STEP	2025-10-31T20:14:20.5332997Z [36;1mgcloud run deploy medplat-frontend \[0m
deploy	UNKNOWN STEP	2025-10-31T20:14:20.5333375Z [36;1m  --image "$IMAGE_TAG" \[0m
deploy	UNKNOWN STEP	2025-10-31T20:14:20.5333716Z [36;1m  --region europe-west1 \[0m
deploy	UNKNOWN STEP	2025-10-31T20:14:20.5334069Z [36;1m  --allow-unauthenticated \[0m
deploy	UNKNOWN STEP	2025-10-31T20:14:20.5334423Z [36;1m  --port 8080 \[0m
deploy	UNKNOWN STEP	2025-10-31T20:14:20.5334789Z [36;1m  --set-env-vars "VITE_API_BASE=$BACKEND_URL" \[0m
deploy	UNKNOWN STEP	2025-10-31T20:14:20.5335405Z [36;1m  --project $GCP_PROJECT[0m
deploy	UNKNOWN STEP	2025-10-31T20:14:20.5366762Z shell: /usr/bin/bash -e ***0***
deploy	UNKNOWN STEP	2025-10-31T20:14:20.5367101Z env:
deploy	UNKNOWN STEP	2025-10-31T20:14:20.5367399Z   GCP_PROJECT: ***
deploy	UNKNOWN STEP	2025-10-31T20:14:20.5367947Z   CLOUDSDK_AUTH_CREDENTIAL_FILE_OVERRIDE: /home/runner/work/medplat/medplat/gha-creds-922ae49b2dc4f874.json
deploy	UNKNOWN STEP	2025-10-31T20:14:20.5368724Z   GOOGLE_APPLICATION_CREDENTIALS: /home/runner/work/medplat/medplat/gha-creds-922ae49b2dc4f874.json
deploy	UNKNOWN STEP	2025-10-31T20:14:20.5369436Z   GOOGLE_GHA_CREDS_PATH: /home/runner/work/medplat/medplat/gha-creds-922ae49b2dc4f874.json
deploy	UNKNOWN STEP	2025-10-31T20:14:20.5369965Z   CLOUDSDK_CORE_PROJECT: ***
deploy	UNKNOWN STEP	2025-10-31T20:14:20.5370314Z   CLOUDSDK_PROJECT: ***
deploy	UNKNOWN STEP	2025-10-31T20:14:20.5370646Z   GCLOUD_PROJECT: ***
deploy	UNKNOWN STEP	2025-10-31T20:14:20.5370971Z   GOOGLE_CLOUD_PROJECT: ***
deploy	UNKNOWN STEP	2025-10-31T20:14:20.5371370Z   CLOUDSDK_METRICS_ENVIRONMENT: github-actions-setup-gcloud
deploy	UNKNOWN STEP	2025-10-31T20:14:20.5371820Z   CLOUDSDK_METRICS_ENVIRONMENT_VERSION: 2.2.1
deploy	UNKNOWN STEP	2025-10-31T20:14:20.5372351Z ##[endgroup]
deploy	UNKNOWN STEP	2025-10-31T20:14:20.5438578Z Building image europe-west1-docker.pkg.dev/***/medplat/frontend:1761941660
deploy	UNKNOWN STEP	2025-10-31T20:14:21.1388547Z Updated property [builds/use_kaniko].
deploy	UNKNOWN STEP	2025-10-31T20:14:25.4426659Z #0 building with "default" instance using docker driver
deploy	UNKNOWN STEP	2025-10-31T20:14:25.4427089Z 
deploy	UNKNOWN STEP	2025-10-31T20:14:25.4427288Z #1 [internal] load build definition from Dockerfile
deploy	UNKNOWN STEP	2025-10-31T20:14:25.4427761Z #1 transferring dockerfile: 937B done
deploy	UNKNOWN STEP	2025-10-31T20:14:25.4428138Z #1 DONE 0.0s
deploy	UNKNOWN STEP	2025-10-31T20:14:25.4428307Z 
deploy	UNKNOWN STEP	2025-10-31T20:14:25.4428542Z #2 [internal] load metadata for docker.io/library/node:18-alpine
deploy	UNKNOWN STEP	2025-10-31T20:14:25.7065419Z #2 ...
deploy	UNKNOWN STEP	2025-10-31T20:14:25.7065754Z 
deploy	UNKNOWN STEP	2025-10-31T20:14:25.7066580Z #3 [auth] library/node:pull token for registry-1.docker.io
deploy	UNKNOWN STEP	2025-10-31T20:14:25.7067056Z #3 DONE 0.0s
deploy	UNKNOWN STEP	2025-10-31T20:14:25.8562527Z 
deploy	UNKNOWN STEP	2025-10-31T20:14:25.8563152Z #2 [internal] load metadata for docker.io/library/node:18-alpine
deploy	UNKNOWN STEP	2025-10-31T20:14:26.3327617Z #2 DONE 1.0s
deploy	UNKNOWN STEP	2025-10-31T20:14:26.4553596Z 
deploy	UNKNOWN STEP	2025-10-31T20:14:26.4554457Z #4 [internal] load .dockerignore
deploy	UNKNOWN STEP	2025-10-31T20:14:26.4555096Z #4 transferring context: 113B done
deploy	UNKNOWN STEP	2025-10-31T20:14:26.4555482Z #4 DONE 0.0s
deploy	UNKNOWN STEP	2025-10-31T20:14:26.4555662Z 
deploy	UNKNOWN STEP	2025-10-31T20:14:26.4555816Z #5 [internal] load build context
deploy	UNKNOWN STEP	2025-10-31T20:14:26.4556203Z #5 transferring context: 89.01kB done
deploy	UNKNOWN STEP	2025-10-31T20:14:26.4556576Z #5 DONE 0.0s
deploy	UNKNOWN STEP	2025-10-31T20:14:26.4556747Z 
deploy	UNKNOWN STEP	2025-10-31T20:14:26.4557194Z #6 [1/7] FROM docker.io/library/node:18-alpine@sha256:8d6421d663b4c28fd3ebc498332f249011d118945588d0a35cb9bc4b8ca09d9e
deploy	UNKNOWN STEP	2025-10-31T20:14:26.4558199Z #6 resolve docker.io/library/node:18-alpine@sha256:8d6421d663b4c28fd3ebc498332f249011d118945588d0a35cb9bc4b8ca09d9e done
deploy	UNKNOWN STEP	2025-10-31T20:14:26.4559119Z #6 sha256:8d6421d663b4c28fd3ebc498332f249011d118945588d0a35cb9bc4b8ca09d9e 7.67kB / 7.67kB done
deploy	UNKNOWN STEP	2025-10-31T20:14:26.4559924Z #6 sha256:929b04d7c782f04f615cf785488fed452b6569f87c73ff666ad553a7554f0006 1.72kB / 1.72kB done
deploy	UNKNOWN STEP	2025-10-31T20:14:26.4560735Z #6 sha256:ee77c6cd7c1886ecc802ad6cedef3a8ec1ea27d1fb96162bf03dd3710839b8da 6.18kB / 6.18kB done
deploy	UNKNOWN STEP	2025-10-31T20:14:26.4561541Z #6 sha256:f18232174bc91741fdf3da96d85011092101a032a93a388b79e99e69c2d5c870 0B / 3.64MB 0.1s
deploy	UNKNOWN STEP	2025-10-31T20:14:26.4562535Z #6 sha256:dd71dde834b5c203d162902e6b8994cb2309ae049a0eabc4efea161b2b5a3d0e 0B / 40.01MB 0.1s
deploy	UNKNOWN STEP	2025-10-31T20:14:26.4563362Z #6 sha256:1e5a4c89cee5c0826c540ab06d4b6b491c96eda01837f430bd47f0d26702d6e3 0B / 1.26MB 0.1s
deploy	UNKNOWN STEP	2025-10-31T20:14:26.5559015Z #6 sha256:f18232174bc91741fdf3da96d85011092101a032a93a388b79e99e69c2d5c870 3.64MB / 3.64MB 0.1s done
deploy	UNKNOWN STEP	2025-10-31T20:14:26.5560314Z #6 extracting sha256:f18232174bc91741fdf3da96d85011092101a032a93a388b79e99e69c2d5c870
deploy	UNKNOWN STEP	2025-10-31T20:14:26.5561497Z #6 sha256:25ff2da83641908f65c3a74d80409d6b1b62ccfaab220b9ea70b80df5a2e0549 0B / 446B 0.2s
deploy	UNKNOWN STEP	2025-10-31T20:14:26.6661891Z #6 sha256:dd71dde834b5c203d162902e6b8994cb2309ae049a0eabc4efea161b2b5a3d0e 13.63MB / 40.01MB 0.3s
deploy	UNKNOWN STEP	2025-10-31T20:14:26.6663687Z #6 sha256:1e5a4c89cee5c0826c540ab06d4b6b491c96eda01837f430bd47f0d26702d6e3 1.26MB / 1.26MB 0.3s
deploy	UNKNOWN STEP	2025-10-31T20:14:26.6665187Z #6 extracting sha256:f18232174bc91741fdf3da96d85011092101a032a93a388b79e99e69c2d5c870 0.2s done
deploy	UNKNOWN STEP	2025-10-31T20:14:26.6666492Z #6 sha256:25ff2da83641908f65c3a74d80409d6b1b62ccfaab220b9ea70b80df5a2e0549 446B / 446B 0.3s done
deploy	UNKNOWN STEP	2025-10-31T20:14:26.8554774Z #6 sha256:dd71dde834b5c203d162902e6b8994cb2309ae049a0eabc4efea161b2b5a3d0e 32.51MB / 40.01MB 0.5s
deploy	UNKNOWN STEP	2025-10-31T20:14:26.8555786Z #6 sha256:1e5a4c89cee5c0826c540ab06d4b6b491c96eda01837f430bd47f0d26702d6e3 1.26MB / 1.26MB 0.3s done
deploy	UNKNOWN STEP	2025-10-31T20:14:26.9556006Z #6 sha256:dd71dde834b5c203d162902e6b8994cb2309ae049a0eabc4efea161b2b5a3d0e 37.75MB / 40.01MB 0.6s
deploy	UNKNOWN STEP	2025-10-31T20:14:27.1085862Z #6 sha256:dd71dde834b5c203d162902e6b8994cb2309ae049a0eabc4efea161b2b5a3d0e 40.01MB / 40.01MB 0.6s done
deploy	UNKNOWN STEP	2025-10-31T20:14:27.1087283Z #6 extracting sha256:dd71dde834b5c203d162902e6b8994cb2309ae049a0eabc4efea161b2b5a3d0e 0.1s
deploy	UNKNOWN STEP	2025-10-31T20:14:28.1361220Z #6 extracting sha256:dd71dde834b5c203d162902e6b8994cb2309ae049a0eabc4efea161b2b5a3d0e 1.1s done
deploy	UNKNOWN STEP	2025-10-31T20:14:28.4412461Z #6 extracting sha256:1e5a4c89cee5c0826c540ab06d4b6b491c96eda01837f430bd47f0d26702d6e3
deploy	UNKNOWN STEP	2025-10-31T20:14:28.6524226Z #6 extracting sha256:1e5a4c89cee5c0826c540ab06d4b6b491c96eda01837f430bd47f0d26702d6e3 0.0s done
deploy	UNKNOWN STEP	2025-10-31T20:14:28.6527192Z #6 extracting sha256:25ff2da83641908f65c3a74d80409d6b1b62ccfaab220b9ea70b80df5a2e0549 done
deploy	UNKNOWN STEP	2025-10-31T20:14:28.6531630Z #6 DONE 2.2s
deploy	UNKNOWN STEP	2025-10-31T20:14:28.6534261Z 
deploy	UNKNOWN STEP	2025-10-31T20:14:28.6534515Z #7 [2/7] WORKDIR /app
deploy	UNKNOWN STEP	2025-10-31T20:14:28.6536936Z #7 DONE 0.0s
deploy	UNKNOWN STEP	2025-10-31T20:14:28.6537239Z 
deploy	UNKNOWN STEP	2025-10-31T20:14:28.6538234Z #8 [3/7] RUN if [ -n "1761941660" ]; then mkdir -p /buildmeta && echo "1761941660" > /buildmeta/BUILD_DATE || true; fi
deploy	UNKNOWN STEP	2025-10-31T20:14:28.6539481Z #8 DONE 0.1s
deploy	UNKNOWN STEP	2025-10-31T20:14:28.8235944Z 
deploy	UNKNOWN STEP	2025-10-31T20:14:28.8236988Z #9 [4/7] COPY package*.json ./
deploy	UNKNOWN STEP	2025-10-31T20:14:28.8237695Z #9 DONE 0.0s
deploy	UNKNOWN STEP	2025-10-31T20:14:28.8238005Z 
deploy	UNKNOWN STEP	2025-10-31T20:14:28.8238241Z #10 [5/7] RUN npm install
deploy	UNKNOWN STEP	2025-10-31T20:14:33.0831673Z #10 4.410 
deploy	UNKNOWN STEP	2025-10-31T20:14:33.0832594Z #10 4.410 added 121 packages, and audited 122 packages in 4s
deploy	UNKNOWN STEP	2025-10-31T20:14:33.2441454Z #10 4.410 
deploy	UNKNOWN STEP	2025-10-31T20:14:33.2441891Z #10 4.410 8 packages are looking for funding
deploy	UNKNOWN STEP	2025-10-31T20:14:33.2442587Z #10 4.410   run `npm fund` for details
deploy	UNKNOWN STEP	2025-10-31T20:14:33.2442984Z #10 4.419 
deploy	UNKNOWN STEP	2025-10-31T20:14:33.2443317Z #10 4.419 2 moderate severity vulnerabilities
deploy	UNKNOWN STEP	2025-10-31T20:14:33.2443709Z #10 4.419 
deploy	UNKNOWN STEP	2025-10-31T20:14:33.2444091Z #10 4.419 To address all issues (including breaking changes), run:
deploy	UNKNOWN STEP	2025-10-31T20:14:33.2444581Z #10 4.419   npm audit fix --force
deploy	UNKNOWN STEP	2025-10-31T20:14:33.2444936Z #10 4.419 
deploy	UNKNOWN STEP	2025-10-31T20:14:33.2445245Z #10 4.419 Run `npm audit` for details.
deploy	UNKNOWN STEP	2025-10-31T20:14:33.2445627Z #10 4.420 npm notice
deploy	UNKNOWN STEP	2025-10-31T20:14:33.2446084Z #10 4.420 npm notice New major version of npm available! 10.8.2 -> 11.6.2
deploy	UNKNOWN STEP	2025-10-31T20:14:33.2446725Z #10 4.420 npm notice Changelog: https://github.com/npm/cli/releases/tag/v11.6.2
deploy	UNKNOWN STEP	2025-10-31T20:14:33.2447323Z #10 4.420 npm notice To update run: npm install -g npm@11.6.2
deploy	UNKNOWN STEP	2025-10-31T20:14:33.2447762Z #10 4.420 npm notice
deploy	UNKNOWN STEP	2025-10-31T20:14:33.3191832Z #10 DONE 4.6s
deploy	UNKNOWN STEP	2025-10-31T20:14:33.4842616Z 
deploy	UNKNOWN STEP	2025-10-31T20:14:33.4843250Z #11 [6/7] COPY . .
deploy	UNKNOWN STEP	2025-10-31T20:14:33.4843894Z #11 DONE 0.0s
deploy	UNKNOWN STEP	2025-10-31T20:14:33.4844196Z 
deploy	UNKNOWN STEP	2025-10-31T20:14:33.4844844Z #12 [7/7] RUN if [ -d "dist" ]; then 			echo "Using prebuilt dist/ (skip npm run build)"; 		else 			npm run build; 		fi
deploy	UNKNOWN STEP	2025-10-31T20:14:33.6064943Z #12 0.273 
deploy	UNKNOWN STEP	2025-10-31T20:14:33.6065611Z #12 0.273 > medplat-frontend@1.0.0 build
deploy	UNKNOWN STEP	2025-10-31T20:14:33.6066648Z #12 0.273 > node ./scripts/verify_build_env.js && vite build && node ./scripts/write_build_api_base.js
deploy	UNKNOWN STEP	2025-10-31T20:14:33.6067587Z #12 0.273 
deploy	UNKNOWN STEP	2025-10-31T20:14:33.8036033Z #12 0.319 WARNING: VITE_API_BASE is not set. Local builds will fall back to the configured defaults in src/config.js.
deploy	UNKNOWN STEP	2025-10-31T20:14:33.8949430Z #12 0.561 vite v4.5.14 building for production...
deploy	UNKNOWN STEP	2025-10-31T20:14:34.0763605Z #12 0.592 transforming...
deploy	UNKNOWN STEP	2025-10-31T20:14:34.8202979Z #12 1.486 â 31 modules transformed.
deploy	UNKNOWN STEP	2025-10-31T20:14:34.9213017Z #12 1.575 rendering chunks...
deploy	UNKNOWN STEP	2025-10-31T20:14:34.9213987Z #12 1.581 computing gzip size...
deploy	UNKNOWN STEP	2025-10-31T20:14:34.9215601Z #12 1.587 dist/index.html                   0.39 kB â gzip:  0.27 kB
deploy	UNKNOWN STEP	2025-10-31T20:14:35.1604157Z #12 1.588 dist/assets/index-28c342d1.css    0.07 kB â gzip:  0.09 kB
deploy	UNKNOWN STEP	2025-10-31T20:14:35.1605240Z #12 1.588 dist/assets/index-07999ac2.js   142.81 kB â gzip: 45.89 kB
deploy	UNKNOWN STEP	2025-10-31T20:14:35.1606014Z #12 1.588 â built in 1.03s
deploy	UNKNOWN STEP	2025-10-31T20:14:35.1606636Z #12 1.649 Wrote VITE_API_BASE to /app/dist/VITE_API_BASE.txt
deploy	UNKNOWN STEP	2025-10-31T20:14:35.1607331Z #12 DONE 1.7s
deploy	UNKNOWN STEP	2025-10-31T20:14:35.1607627Z 
deploy	UNKNOWN STEP	2025-10-31T20:14:35.1607862Z #13 exporting to image
deploy	UNKNOWN STEP	2025-10-31T20:14:35.1608405Z #13 exporting layers
deploy	UNKNOWN STEP	2025-10-31T20:14:37.0508073Z #13 exporting layers 2.0s done
deploy	UNKNOWN STEP	2025-10-31T20:14:37.0741613Z #13 writing image sha256:e334bd8c0b94f5feeacd47905434db3974a3f6278fb65b4a492b2f2013b99d80 done
deploy	UNKNOWN STEP	2025-10-31T20:14:37.0744090Z #13 naming to europe-west1-docker.pkg.dev/***/medplat/frontend:1761941660 done
deploy	UNKNOWN STEP	2025-10-31T20:14:37.0744783Z #13 DONE 2.1s
deploy	UNKNOWN STEP	2025-10-31T20:14:37.7507335Z The push refers to repository [europe-west1-docker.pkg.dev/***/medplat/frontend]
deploy	UNKNOWN STEP	2025-10-31T20:14:38.6395145Z 8d4cc495470a: Preparing
deploy	UNKNOWN STEP	2025-10-31T20:14:38.6396754Z 3465519ae888: Preparing
deploy	UNKNOWN STEP	2025-10-31T20:14:38.6397404Z 5ec19c9d50be: Preparing
deploy	UNKNOWN STEP	2025-10-31T20:14:38.6398021Z 28d40cfa98a4: Preparing
deploy	UNKNOWN STEP	2025-10-31T20:14:38.6398450Z 6298ae3eba3c: Preparing
deploy	UNKNOWN STEP	2025-10-31T20:14:38.6398933Z ce5771f3e1c8: Preparing
deploy	UNKNOWN STEP	2025-10-31T20:14:38.6399389Z 82140d9a70a7: Preparing
deploy	UNKNOWN STEP	2025-10-31T20:14:38.6399848Z f3b40b0cdb1c: Preparing
deploy	UNKNOWN STEP	2025-10-31T20:14:38.6400210Z 0b1f26057bd0: Preparing
deploy	UNKNOWN STEP	2025-10-31T20:14:38.6400620Z 08000c18d16d: Preparing
deploy	UNKNOWN STEP	2025-10-31T20:14:38.6400916Z 0b1f26057bd0: Waiting
deploy	UNKNOWN STEP	2025-10-31T20:14:38.6401218Z 82140d9a70a7: Waiting
deploy	UNKNOWN STEP	2025-10-31T20:14:38.6401854Z f3b40b0cdb1c: Waiting
deploy	UNKNOWN STEP	2025-10-31T20:14:38.6402418Z 08000c18d16d: Waiting
deploy	UNKNOWN STEP	2025-10-31T20:14:40.8668997Z ce5771f3e1c8: Waiting
deploy	UNKNOWN STEP	2025-10-31T20:14:40.8671011Z denied: Permission "artifactregistry.repositories.uploadArtifacts" denied on resource "projects/***/locations/europe-west1/repositories/medplat" (or it may not exist)
deploy	UNKNOWN STEP	2025-10-31T20:14:40.8700912Z ##[error]Process completed with exit code 1.
deploy	UNKNOWN STEP	2025-10-31T20:14:40.8799487Z Post job cleanup.
deploy	UNKNOWN STEP	2025-10-31T20:14:40.9668823Z Removed exported credentials at "/home/runner/work/medplat/medplat/gha-creds-922ae49b2dc4f874.json".
deploy	UNKNOWN STEP	2025-10-31T20:14:40.9770908Z Post job cleanup.
deploy	UNKNOWN STEP	2025-10-31T20:14:41.0757775Z [command]/usr/bin/git version
deploy	UNKNOWN STEP	2025-10-31T20:14:41.0800980Z git version 2.51.0
deploy	UNKNOWN STEP	2025-10-31T20:14:41.0848141Z Temporarily overriding HOME='/home/runner/work/_temp/bc604e24-40b0-47c1-98fe-ceed12246924' before making global git config changes
deploy	UNKNOWN STEP	2025-10-31T20:14:41.0849686Z Adding repository directory to the temporary git global config as a safe directory
deploy	UNKNOWN STEP	2025-10-31T20:14:41.0863633Z [command]/usr/bin/git config --global --add safe.directory /home/runner/work/medplat/medplat
deploy	UNKNOWN STEP	2025-10-31T20:14:41.0905401Z [command]/usr/bin/git config --local --name-only --get-regexp core\.sshCommand
deploy	UNKNOWN STEP	2025-10-31T20:14:41.0942847Z [command]/usr/bin/git submodule foreach --recursive sh -c "git config --local --name-only --get-regexp 'core\.sshCommand' && git config --local --unset-all 'core.sshCommand' || :"
deploy	UNKNOWN STEP	2025-10-31T20:14:41.1210875Z [command]/usr/bin/git config --local --name-only --get-regexp http\.https\:\/\/github\.com\/\.extraheader
deploy	UNKNOWN STEP	2025-10-31T20:14:41.1238466Z http.https://github.com/.extraheader
deploy	UNKNOWN STEP	2025-10-31T20:14:41.1253382Z [command]/usr/bin/git config --local --unset-all http.https://github.com/.extraheader
deploy	UNKNOWN STEP	2025-10-31T20:14:41.1290491Z [command]/usr/bin/git submodule foreach --recursive sh -c "git config --local --name-only --get-regexp 'http\.https\:\/\/github\.com\/\.extraheader' && git config --local --unset-all 'http.https://github.com/.extraheader' || :"
deploy	UNKNOWN STEP	2025-10-31T20:14:41.1651473Z Cleaning up orphan processes
