Backend tests	Set up job	﻿2025-10-31T21:35:29.9348383Z Current runner version: '2.329.0'
Backend tests	Set up job	2025-10-31T21:35:29.9375771Z ##[group]Runner Image Provisioner
Backend tests	Set up job	2025-10-31T21:35:29.9376703Z Hosted Compute Agent
Backend tests	Set up job	2025-10-31T21:35:29.9377249Z Version: 20251016.436
Backend tests	Set up job	2025-10-31T21:35:29.9377857Z Commit: 8ab8ac8bfd662a3739dab9fe09456aba92132568
Backend tests	Set up job	2025-10-31T21:35:29.9378506Z Build Date: 2025-10-15T20:44:12Z
Backend tests	Set up job	2025-10-31T21:35:29.9379187Z ##[endgroup]
Backend tests	Set up job	2025-10-31T21:35:29.9379724Z ##[group]Operating System
Backend tests	Set up job	2025-10-31T21:35:29.9380288Z Ubuntu
Backend tests	Set up job	2025-10-31T21:35:29.9380849Z 24.04.3
Backend tests	Set up job	2025-10-31T21:35:29.9381288Z LTS
Backend tests	Set up job	2025-10-31T21:35:29.9381739Z ##[endgroup]
Backend tests	Set up job	2025-10-31T21:35:29.9382275Z ##[group]Runner Image
Backend tests	Set up job	2025-10-31T21:35:29.9382877Z Image: ubuntu-24.04
Backend tests	Set up job	2025-10-31T21:35:29.9383366Z Version: 20251030.96.2
Backend tests	Set up job	2025-10-31T21:35:29.9384459Z Included Software: https://github.com/actions/runner-images/blob/ubuntu24/20251030.96/images/ubuntu/Ubuntu2404-Readme.md
Backend tests	Set up job	2025-10-31T21:35:29.9386176Z Image Release: https://github.com/actions/runner-images/releases/tag/ubuntu24%2F20251030.96
Backend tests	Set up job	2025-10-31T21:35:29.9387448Z ##[endgroup]
Backend tests	Set up job	2025-10-31T21:35:29.9388525Z ##[group]GITHUB_TOKEN Permissions
Backend tests	Set up job	2025-10-31T21:35:29.9390438Z Contents: read
Backend tests	Set up job	2025-10-31T21:35:29.9391052Z Metadata: read
Backend tests	Set up job	2025-10-31T21:35:29.9391579Z Packages: read
Backend tests	Set up job	2025-10-31T21:35:29.9392082Z ##[endgroup]
Backend tests	Set up job	2025-10-31T21:35:29.9394295Z Secret source: Actions
Backend tests	Set up job	2025-10-31T21:35:29.9395004Z Prepare workflow directory
Backend tests	Set up job	2025-10-31T21:35:29.9738224Z Prepare all required actions
Backend tests	Set up job	2025-10-31T21:35:29.9779252Z Getting action download info
Backend tests	Set up job	2025-10-31T21:35:30.4687442Z Download action repository 'actions/checkout@v4' (SHA:08eba0b27e820071cde6df949e0beb9ba4906955)
Backend tests	Set up job	2025-10-31T21:35:30.6851803Z Download action repository 'actions/setup-node@v4' (SHA:49933ea5288caeca8642d1e84afbd3f7d6820020)
Backend tests	Set up job	2025-10-31T21:35:30.8569823Z Complete job name: Backend tests
Backend tests	Run actions/checkout@v4	﻿2025-10-31T21:35:30.9266418Z ##[group]Run actions/checkout@v4
Backend tests	Run actions/checkout@v4	2025-10-31T21:35:30.9267333Z with:
Backend tests	Run actions/checkout@v4	2025-10-31T21:35:30.9267755Z   repository: Tazaai/medplat
Backend tests	Run actions/checkout@v4	2025-10-31T21:35:30.9268407Z   token: ***
Backend tests	Run actions/checkout@v4	2025-10-31T21:35:30.9268826Z   ssh-strict: true
Backend tests	Run actions/checkout@v4	2025-10-31T21:35:30.9269242Z   ssh-user: git
Backend tests	Run actions/checkout@v4	2025-10-31T21:35:30.9269646Z   persist-credentials: true
Backend tests	Run actions/checkout@v4	2025-10-31T21:35:30.9270111Z   clean: true
Backend tests	Run actions/checkout@v4	2025-10-31T21:35:30.9270514Z   sparse-checkout-cone-mode: true
Backend tests	Run actions/checkout@v4	2025-10-31T21:35:30.9271004Z   fetch-depth: 1
Backend tests	Run actions/checkout@v4	2025-10-31T21:35:30.9271395Z   fetch-tags: false
Backend tests	Run actions/checkout@v4	2025-10-31T21:35:30.9271815Z   show-progress: true
Backend tests	Run actions/checkout@v4	2025-10-31T21:35:30.9272220Z   lfs: false
Backend tests	Run actions/checkout@v4	2025-10-31T21:35:30.9272595Z   submodules: false
Backend tests	Run actions/checkout@v4	2025-10-31T21:35:30.9273119Z   set-safe-directory: true
Backend tests	Run actions/checkout@v4	2025-10-31T21:35:30.9273864Z ##[endgroup]
Backend tests	Run actions/checkout@v4	2025-10-31T21:35:31.0416838Z Syncing repository: Tazaai/medplat
Backend tests	Run actions/checkout@v4	2025-10-31T21:35:31.0418716Z ##[group]Getting Git version info
Backend tests	Run actions/checkout@v4	2025-10-31T21:35:31.0419402Z Working directory is '/home/runner/work/medplat/medplat'
Backend tests	Run actions/checkout@v4	2025-10-31T21:35:31.0420382Z [command]/usr/bin/git version
Backend tests	Run actions/checkout@v4	2025-10-31T21:35:31.0499445Z git version 2.51.2
Backend tests	Run actions/checkout@v4	2025-10-31T21:35:31.0530222Z ##[endgroup]
Backend tests	Run actions/checkout@v4	2025-10-31T21:35:31.0548344Z Temporarily overriding HOME='/home/runner/work/_temp/f1b5bb12-439b-45c8-928b-2ae182f721ec' before making global git config changes
Backend tests	Run actions/checkout@v4	2025-10-31T21:35:31.0550699Z Adding repository directory to the temporary git global config as a safe directory
Backend tests	Run actions/checkout@v4	2025-10-31T21:35:31.0555138Z [command]/usr/bin/git config --global --add safe.directory /home/runner/work/medplat/medplat
Backend tests	Run actions/checkout@v4	2025-10-31T21:35:31.0595493Z Deleting the contents of '/home/runner/work/medplat/medplat'
Backend tests	Run actions/checkout@v4	2025-10-31T21:35:31.0599115Z ##[group]Initializing the repository
Backend tests	Run actions/checkout@v4	2025-10-31T21:35:31.0603071Z [command]/usr/bin/git init /home/runner/work/medplat/medplat
Backend tests	Run actions/checkout@v4	2025-10-31T21:35:31.0736697Z hint: Using 'master' as the name for the initial branch. This default branch name
Backend tests	Run actions/checkout@v4	2025-10-31T21:35:31.0738154Z hint: is subject to change. To configure the initial branch name to use in all
Backend tests	Run actions/checkout@v4	2025-10-31T21:35:31.0739450Z hint: of your new repositories, which will suppress this warning, call:
Backend tests	Run actions/checkout@v4	2025-10-31T21:35:31.0740462Z hint:
Backend tests	Run actions/checkout@v4	2025-10-31T21:35:31.0741143Z hint: 	git config --global init.defaultBranch <name>
Backend tests	Run actions/checkout@v4	2025-10-31T21:35:31.0741976Z hint:
Backend tests	Run actions/checkout@v4	2025-10-31T21:35:31.0743043Z hint: Names commonly chosen instead of 'master' are 'main', 'trunk' and
Backend tests	Run actions/checkout@v4	2025-10-31T21:35:31.0744578Z hint: 'development'. The just-created branch can be renamed via this command:
Backend tests	Run actions/checkout@v4	2025-10-31T21:35:31.0746257Z hint:
Backend tests	Run actions/checkout@v4	2025-10-31T21:35:31.0746791Z hint: 	git branch -m <name>
Backend tests	Run actions/checkout@v4	2025-10-31T21:35:31.0747426Z hint:
Backend tests	Run actions/checkout@v4	2025-10-31T21:35:31.0748267Z hint: Disable this message with "git config set advice.defaultBranchName false"
Backend tests	Run actions/checkout@v4	2025-10-31T21:35:31.0749703Z Initialized empty Git repository in /home/runner/work/medplat/medplat/.git/
Backend tests	Run actions/checkout@v4	2025-10-31T21:35:31.0757683Z [command]/usr/bin/git remote add origin https://github.com/Tazaai/medplat
Backend tests	Run actions/checkout@v4	2025-10-31T21:35:31.0792290Z ##[endgroup]
Backend tests	Run actions/checkout@v4	2025-10-31T21:35:31.0793074Z ##[group]Disabling automatic garbage collection
Backend tests	Run actions/checkout@v4	2025-10-31T21:35:31.0796598Z [command]/usr/bin/git config --local gc.auto 0
Backend tests	Run actions/checkout@v4	2025-10-31T21:35:31.0826026Z ##[endgroup]
Backend tests	Run actions/checkout@v4	2025-10-31T21:35:31.0827241Z ##[group]Setting up auth
Backend tests	Run actions/checkout@v4	2025-10-31T21:35:31.0833645Z [command]/usr/bin/git config --local --name-only --get-regexp core\.sshCommand
Backend tests	Run actions/checkout@v4	2025-10-31T21:35:31.0864089Z [command]/usr/bin/git submodule foreach --recursive sh -c "git config --local --name-only --get-regexp 'core\.sshCommand' && git config --local --unset-all 'core.sshCommand' || :"
Backend tests	Run actions/checkout@v4	2025-10-31T21:35:31.1188310Z [command]/usr/bin/git config --local --name-only --get-regexp http\.https\:\/\/github\.com\/\.extraheader
Backend tests	Run actions/checkout@v4	2025-10-31T21:35:31.1219002Z [command]/usr/bin/git submodule foreach --recursive sh -c "git config --local --name-only --get-regexp 'http\.https\:\/\/github\.com\/\.extraheader' && git config --local --unset-all 'http.https://github.com/.extraheader' || :"
Backend tests	Run actions/checkout@v4	2025-10-31T21:35:31.1446347Z [command]/usr/bin/git config --local http.https://github.com/.extraheader AUTHORIZATION: basic ***
Backend tests	Run actions/checkout@v4	2025-10-31T21:35:31.1497054Z ##[endgroup]
Backend tests	Run actions/checkout@v4	2025-10-31T21:35:31.1498333Z ##[group]Fetching the repository
Backend tests	Run actions/checkout@v4	2025-10-31T21:35:31.1506817Z [command]/usr/bin/git -c protocol.version=2 fetch --no-tags --prune --no-recurse-submodules --depth=1 origin +527c1c3cf1eb93ef1405288cc69811e9116d54df:refs/remotes/pull/18/merge
Backend tests	Run actions/checkout@v4	2025-10-31T21:35:33.2774563Z From https://github.com/Tazaai/medplat
Backend tests	Run actions/checkout@v4	2025-10-31T21:35:33.2778639Z  * [new ref]         527c1c3cf1eb93ef1405288cc69811e9116d54df -> pull/18/merge
Backend tests	Run actions/checkout@v4	2025-10-31T21:35:33.2808496Z ##[endgroup]
Backend tests	Run actions/checkout@v4	2025-10-31T21:35:33.2809573Z ##[group]Determining the checkout info
Backend tests	Run actions/checkout@v4	2025-10-31T21:35:33.2810983Z ##[endgroup]
Backend tests	Run actions/checkout@v4	2025-10-31T21:35:33.2817469Z [command]/usr/bin/git sparse-checkout disable
Backend tests	Run actions/checkout@v4	2025-10-31T21:35:33.2861947Z [command]/usr/bin/git config --local --unset-all extensions.worktreeConfig
Backend tests	Run actions/checkout@v4	2025-10-31T21:35:33.2894317Z ##[group]Checking out the ref
Backend tests	Run actions/checkout@v4	2025-10-31T21:35:33.2897562Z [command]/usr/bin/git checkout --progress --force refs/remotes/pull/18/merge
Backend tests	Run actions/checkout@v4	2025-10-31T21:35:33.3558382Z Note: switching to 'refs/remotes/pull/18/merge'.
Backend tests	Run actions/checkout@v4	2025-10-31T21:35:33.3559697Z 
Backend tests	Run actions/checkout@v4	2025-10-31T21:35:33.3560494Z You are in 'detached HEAD' state. You can look around, make experimental
Backend tests	Run actions/checkout@v4	2025-10-31T21:35:33.3562074Z changes and commit them, and you can discard any commits you make in this
Backend tests	Run actions/checkout@v4	2025-10-31T21:35:33.3564061Z state without impacting any branches by switching back to a branch.
Backend tests	Run actions/checkout@v4	2025-10-31T21:35:33.3565156Z 
Backend tests	Run actions/checkout@v4	2025-10-31T21:35:33.3566053Z If you want to create a new branch to retain commits you create, you may
Backend tests	Run actions/checkout@v4	2025-10-31T21:35:33.3567505Z do so (now or later) by using -c with the switch command. Example:
Backend tests	Run actions/checkout@v4	2025-10-31T21:35:33.3568315Z 
Backend tests	Run actions/checkout@v4	2025-10-31T21:35:33.3568661Z   git switch -c <new-branch-name>
Backend tests	Run actions/checkout@v4	2025-10-31T21:35:33.3569258Z 
Backend tests	Run actions/checkout@v4	2025-10-31T21:35:33.3569602Z Or undo this operation with:
Backend tests	Run actions/checkout@v4	2025-10-31T21:35:33.3570344Z 
Backend tests	Run actions/checkout@v4	2025-10-31T21:35:33.3570665Z   git switch -
Backend tests	Run actions/checkout@v4	2025-10-31T21:35:33.3571090Z 
Backend tests	Run actions/checkout@v4	2025-10-31T21:35:33.3571888Z Turn off this advice by setting config variable advice.detachedHead to false
Backend tests	Run actions/checkout@v4	2025-10-31T21:35:33.3572978Z 
Backend tests	Run actions/checkout@v4	2025-10-31T21:35:33.3574217Z HEAD is now at 527c1c3 Merge 53a8a54f376ce74005bc52e1f585c9b963512d36 into 13d4fe9e950be7f795c910c1f2d80d15ef051a44
Backend tests	Run actions/checkout@v4	2025-10-31T21:35:33.3578603Z ##[endgroup]
Backend tests	Run actions/checkout@v4	2025-10-31T21:35:33.3609217Z [command]/usr/bin/git log -1 --format=%H
Backend tests	Run actions/checkout@v4	2025-10-31T21:35:33.3631984Z 527c1c3cf1eb93ef1405288cc69811e9116d54df
Backend tests	Use Node 18	﻿2025-10-31T21:35:33.3956478Z ##[group]Run actions/setup-node@v4
Backend tests	Use Node 18	2025-10-31T21:35:33.3957719Z with:
Backend tests	Use Node 18	2025-10-31T21:35:33.3958545Z   node-version: 18
Backend tests	Use Node 18	2025-10-31T21:35:33.3959470Z   always-auth: false
Backend tests	Use Node 18	2025-10-31T21:35:33.3960407Z   check-latest: false
Backend tests	Use Node 18	2025-10-31T21:35:33.3961632Z   token: ***
Backend tests	Use Node 18	2025-10-31T21:35:33.3962485Z ##[endgroup]
Backend tests	Use Node 18	2025-10-31T21:35:33.5846899Z Found in cache @ /opt/hostedtoolcache/node/18.20.8/x64
Backend tests	Use Node 18	2025-10-31T21:35:33.5854285Z ##[group]Environment details
Backend tests	Use Node 18	2025-10-31T21:35:36.4944742Z node: v18.20.8
Backend tests	Use Node 18	2025-10-31T21:35:36.4945902Z npm: 10.8.2
Backend tests	Use Node 18	2025-10-31T21:35:36.4946353Z yarn: 1.22.22
Backend tests	Use Node 18	2025-10-31T21:35:36.4947546Z ##[endgroup]
Backend tests	Install backend deps	﻿2025-10-31T21:35:36.5058258Z ##[group]Run npm --prefix backend ci
Backend tests	Install backend deps	2025-10-31T21:35:36.5058672Z [36;1mnpm --prefix backend ci[0m
Backend tests	Install backend deps	2025-10-31T21:35:36.5197040Z shell: /usr/bin/bash -e {0}
Backend tests	Install backend deps	2025-10-31T21:35:36.5197368Z ##[endgroup]
Backend tests	Install backend deps	2025-10-31T21:35:43.0325578Z 
Backend tests	Install backend deps	2025-10-31T21:35:43.0333151Z added 79 packages, and audited 80 packages in 6s
Backend tests	Install backend deps	2025-10-31T21:35:43.0333707Z 
Backend tests	Install backend deps	2025-10-31T21:35:43.0333994Z 14 packages are looking for funding
Backend tests	Install backend deps	2025-10-31T21:35:43.0334397Z   run `npm fund` for details
Backend tests	Install backend deps	2025-10-31T21:35:43.0339318Z 
Backend tests	Install backend deps	2025-10-31T21:35:43.0339574Z found 0 vulnerabilities
Backend tests	Run backend tests	﻿2025-10-31T21:35:43.0488065Z ##[group]Run npm --prefix backend test
Backend tests	Run backend tests	2025-10-31T21:35:43.0488602Z [36;1mnpm --prefix backend test[0m
Backend tests	Run backend tests	2025-10-31T21:35:43.0524518Z shell: /usr/bin/bash -e {0}
Backend tests	Run backend tests	2025-10-31T21:35:43.0524772Z ##[endgroup]
Backend tests	Run backend tests	2025-10-31T21:35:43.2082801Z 
Backend tests	Run backend tests	2025-10-31T21:35:43.2083496Z > medplat-backend@1.0.0 test
Backend tests	Run backend tests	2025-10-31T21:35:43.2084213Z > node test/test_firebase_client.cjs && node test/test_openai_client.cjs
Backend tests	Run backend tests	2025-10-31T21:35:43.2084629Z 
Backend tests	Run backend tests	2025-10-31T21:35:43.2533338Z Running firebaseClient no-op tests...
Backend tests	Run backend tests	2025-10-31T21:35:43.2627313Z ⚠️ FIREBASE_SERVICE_KEY not set — Firebase not initialized (expected for local dev)
Backend tests	Run backend tests	2025-10-31T21:35:43.2628870Z ✅ firebaseClient no-op tests passed
Backend tests	Run backend tests	2025-10-31T21:35:43.2920493Z Running openaiClient no-op tests...
Backend tests	Run backend tests	2025-10-31T21:35:43.3019838Z ⚠️ OPENAI_API_KEY not set — using noop OpenAI client (local dev)
Backend tests	Run backend tests	2025-10-31T21:35:43.3020844Z ✅ openaiClient no-op tests passed
Backend tests	Post Use Node 18	﻿2025-10-31T21:35:43.3197284Z Post job cleanup.
Backend tests	Post Run actions/checkout@v4	﻿2025-10-31T21:35:43.4911309Z Post job cleanup.
Backend tests	Post Run actions/checkout@v4	2025-10-31T21:35:43.5873543Z [command]/usr/bin/git version
Backend tests	Post Run actions/checkout@v4	2025-10-31T21:35:43.5909286Z git version 2.51.2
Backend tests	Post Run actions/checkout@v4	2025-10-31T21:35:43.5953883Z Temporarily overriding HOME='/home/runner/work/_temp/b6df9966-b01b-451a-b1eb-6c73f97fa5e0' before making global git config changes
Backend tests	Post Run actions/checkout@v4	2025-10-31T21:35:43.5956076Z Adding repository directory to the temporary git global config as a safe directory
Backend tests	Post Run actions/checkout@v4	2025-10-31T21:35:43.5967508Z [command]/usr/bin/git config --global --add safe.directory /home/runner/work/medplat/medplat
Backend tests	Post Run actions/checkout@v4	2025-10-31T21:35:43.6001013Z [command]/usr/bin/git config --local --name-only --get-regexp core\.sshCommand
Backend tests	Post Run actions/checkout@v4	2025-10-31T21:35:43.6032869Z [command]/usr/bin/git submodule foreach --recursive sh -c "git config --local --name-only --get-regexp 'core\.sshCommand' && git config --local --unset-all 'core.sshCommand' || :"
Backend tests	Post Run actions/checkout@v4	2025-10-31T21:35:43.6254854Z [command]/usr/bin/git config --local --name-only --get-regexp http\.https\:\/\/github\.com\/\.extraheader
Backend tests	Post Run actions/checkout@v4	2025-10-31T21:35:43.6275364Z http.https://github.com/.extraheader
Backend tests	Post Run actions/checkout@v4	2025-10-31T21:35:43.6287717Z [command]/usr/bin/git config --local --unset-all http.https://github.com/.extraheader
Backend tests	Post Run actions/checkout@v4	2025-10-31T21:35:43.6316932Z [command]/usr/bin/git submodule foreach --recursive sh -c "git config --local --name-only --get-regexp 'http\.https\:\/\/github\.com\/\.extraheader' && git config --local --unset-all 'http.https://github.com/.extraheader' || :"
Backend tests	Complete job	﻿2025-10-31T21:35:43.6635976Z Cleaning up orphan processes
Frontend build	Set up job	﻿2025-10-31T21:35:52.3854225Z Current runner version: '2.329.0'
Frontend build	Set up job	2025-10-31T21:35:52.3888731Z ##[group]Runner Image Provisioner
Frontend build	Set up job	2025-10-31T21:35:52.3890068Z Hosted Compute Agent
Frontend build	Set up job	2025-10-31T21:35:52.3890981Z Version: 20251016.436
Frontend build	Set up job	2025-10-31T21:35:52.3891988Z Commit: 8ab8ac8bfd662a3739dab9fe09456aba92132568
Frontend build	Set up job	2025-10-31T21:35:52.3893426Z Build Date: 2025-10-15T20:44:12Z
Frontend build	Set up job	2025-10-31T21:35:52.3894434Z ##[endgroup]
Frontend build	Set up job	2025-10-31T21:35:52.3895367Z ##[group]Operating System
Frontend build	Set up job	2025-10-31T21:35:52.3896400Z Ubuntu
Frontend build	Set up job	2025-10-31T21:35:52.3897463Z 24.04.3
Frontend build	Set up job	2025-10-31T21:35:52.3898168Z LTS
Frontend build	Set up job	2025-10-31T21:35:52.3898799Z ##[endgroup]
Frontend build	Set up job	2025-10-31T21:35:52.3899373Z ##[group]Runner Image
Frontend build	Set up job	2025-10-31T21:35:52.3899894Z Image: ubuntu-24.04
Frontend build	Set up job	2025-10-31T21:35:52.3900465Z Version: 20251030.96.2
Frontend build	Set up job	2025-10-31T21:35:52.3901471Z Included Software: https://github.com/actions/runner-images/blob/ubuntu24/20251030.96/images/ubuntu/Ubuntu2404-Readme.md
Frontend build	Set up job	2025-10-31T21:35:52.3902842Z Image Release: https://github.com/actions/runner-images/releases/tag/ubuntu24%2F20251030.96
Frontend build	Set up job	2025-10-31T21:35:52.3904097Z ##[endgroup]
Frontend build	Set up job	2025-10-31T21:35:52.3905133Z ##[group]GITHUB_TOKEN Permissions
Frontend build	Set up job	2025-10-31T21:35:52.3907848Z Contents: read
Frontend build	Set up job	2025-10-31T21:35:52.3908405Z Metadata: read
Frontend build	Set up job	2025-10-31T21:35:52.3908895Z Packages: read
Frontend build	Set up job	2025-10-31T21:35:52.3909473Z ##[endgroup]
Frontend build	Set up job	2025-10-31T21:35:52.3911747Z Secret source: Actions
Frontend build	Set up job	2025-10-31T21:35:52.3912751Z Prepare workflow directory
Frontend build	Set up job	2025-10-31T21:35:52.4309495Z Prepare all required actions
Frontend build	Set up job	2025-10-31T21:35:52.4364439Z Getting action download info
Frontend build	Set up job	2025-10-31T21:35:52.7561321Z Download action repository 'actions/checkout@v4' (SHA:08eba0b27e820071cde6df949e0beb9ba4906955)
Frontend build	Set up job	2025-10-31T21:35:52.9505663Z Download action repository 'actions/setup-node@v4' (SHA:49933ea5288caeca8642d1e84afbd3f7d6820020)
Frontend build	Set up job	2025-10-31T21:35:53.0432394Z Download action repository 'actions/upload-artifact@v4' (SHA:ea165f8d65b6e75b540449e92b4886f43607fa02)
Frontend build	Set up job	2025-10-31T21:35:53.2494122Z Complete job name: Frontend build
Frontend build	Run actions/checkout@v4	﻿2025-10-31T21:35:53.3279668Z ##[group]Run actions/checkout@v4
Frontend build	Run actions/checkout@v4	2025-10-31T21:35:53.3281047Z with:
Frontend build	Run actions/checkout@v4	2025-10-31T21:35:53.3281891Z   repository: Tazaai/medplat
Frontend build	Run actions/checkout@v4	2025-10-31T21:35:53.3283142Z   token: ***
Frontend build	Run actions/checkout@v4	2025-10-31T21:35:53.3283938Z   ssh-strict: true
Frontend build	Run actions/checkout@v4	2025-10-31T21:35:53.3284760Z   ssh-user: git
Frontend build	Run actions/checkout@v4	2025-10-31T21:35:53.3285604Z   persist-credentials: true
Frontend build	Run actions/checkout@v4	2025-10-31T21:35:53.3286548Z   clean: true
Frontend build	Run actions/checkout@v4	2025-10-31T21:35:53.3287552Z   sparse-checkout-cone-mode: true
Frontend build	Run actions/checkout@v4	2025-10-31T21:35:53.3288584Z   fetch-depth: 1
Frontend build	Run actions/checkout@v4	2025-10-31T21:35:53.3289401Z   fetch-tags: false
Frontend build	Run actions/checkout@v4	2025-10-31T21:35:53.3290240Z   show-progress: true
Frontend build	Run actions/checkout@v4	2025-10-31T21:35:53.3291079Z   lfs: false
Frontend build	Run actions/checkout@v4	2025-10-31T21:35:53.3291862Z   submodules: false
Frontend build	Run actions/checkout@v4	2025-10-31T21:35:53.3292728Z   set-safe-directory: true
Frontend build	Run actions/checkout@v4	2025-10-31T21:35:53.3293913Z ##[endgroup]
Frontend build	Run actions/checkout@v4	2025-10-31T21:35:53.4571865Z Syncing repository: Tazaai/medplat
Frontend build	Run actions/checkout@v4	2025-10-31T21:35:53.4576449Z ##[group]Getting Git version info
Frontend build	Run actions/checkout@v4	2025-10-31T21:35:53.4578972Z Working directory is '/home/runner/work/medplat/medplat'
Frontend build	Run actions/checkout@v4	2025-10-31T21:35:53.4582134Z [command]/usr/bin/git version
Frontend build	Run actions/checkout@v4	2025-10-31T21:35:53.4655230Z git version 2.51.2
Frontend build	Run actions/checkout@v4	2025-10-31T21:35:53.4681972Z ##[endgroup]
Frontend build	Run actions/checkout@v4	2025-10-31T21:35:53.4698419Z Temporarily overriding HOME='/home/runner/work/_temp/038894a1-ea0c-4c8d-bf3a-e53df97f671e' before making global git config changes
Frontend build	Run actions/checkout@v4	2025-10-31T21:35:53.4703026Z Adding repository directory to the temporary git global config as a safe directory
Frontend build	Run actions/checkout@v4	2025-10-31T21:35:53.4705288Z [command]/usr/bin/git config --global --add safe.directory /home/runner/work/medplat/medplat
Frontend build	Run actions/checkout@v4	2025-10-31T21:35:53.4740463Z Deleting the contents of '/home/runner/work/medplat/medplat'
Frontend build	Run actions/checkout@v4	2025-10-31T21:35:53.4743851Z ##[group]Initializing the repository
Frontend build	Run actions/checkout@v4	2025-10-31T21:35:53.4747988Z [command]/usr/bin/git init /home/runner/work/medplat/medplat
Frontend build	Run actions/checkout@v4	2025-10-31T21:35:53.4856938Z hint: Using 'master' as the name for the initial branch. This default branch name
Frontend build	Run actions/checkout@v4	2025-10-31T21:35:53.4859555Z hint: is subject to change. To configure the initial branch name to use in all
Frontend build	Run actions/checkout@v4	2025-10-31T21:35:53.4862389Z hint: of your new repositories, which will suppress this warning, call:
Frontend build	Run actions/checkout@v4	2025-10-31T21:35:53.4864945Z hint:
Frontend build	Run actions/checkout@v4	2025-10-31T21:35:53.4867096Z hint: 	git config --global init.defaultBranch <name>
Frontend build	Run actions/checkout@v4	2025-10-31T21:35:53.4869434Z hint:
Frontend build	Run actions/checkout@v4	2025-10-31T21:35:53.4871390Z hint: Names commonly chosen instead of 'master' are 'main', 'trunk' and
Frontend build	Run actions/checkout@v4	2025-10-31T21:35:53.4874746Z hint: 'development'. The just-created branch can be renamed via this command:
Frontend build	Run actions/checkout@v4	2025-10-31T21:35:53.4877499Z hint:
Frontend build	Run actions/checkout@v4	2025-10-31T21:35:53.4878785Z hint: 	git branch -m <name>
Frontend build	Run actions/checkout@v4	2025-10-31T21:35:53.4880285Z hint:
Frontend build	Run actions/checkout@v4	2025-10-31T21:35:53.4881686Z hint: Disable this message with "git config set advice.defaultBranchName false"
Frontend build	Run actions/checkout@v4	2025-10-31T21:35:53.4884000Z Initialized empty Git repository in /home/runner/work/medplat/medplat/.git/
Frontend build	Run actions/checkout@v4	2025-10-31T21:35:53.4888447Z [command]/usr/bin/git remote add origin https://github.com/Tazaai/medplat
Frontend build	Run actions/checkout@v4	2025-10-31T21:35:53.4915966Z ##[endgroup]
Frontend build	Run actions/checkout@v4	2025-10-31T21:35:53.4918811Z ##[group]Disabling automatic garbage collection
Frontend build	Run actions/checkout@v4	2025-10-31T21:35:53.4921177Z [command]/usr/bin/git config --local gc.auto 0
Frontend build	Run actions/checkout@v4	2025-10-31T21:35:53.4950577Z ##[endgroup]
Frontend build	Run actions/checkout@v4	2025-10-31T21:35:53.4952994Z ##[group]Setting up auth
Frontend build	Run actions/checkout@v4	2025-10-31T21:35:53.4958237Z [command]/usr/bin/git config --local --name-only --get-regexp core\.sshCommand
Frontend build	Run actions/checkout@v4	2025-10-31T21:35:53.4990830Z [command]/usr/bin/git submodule foreach --recursive sh -c "git config --local --name-only --get-regexp 'core\.sshCommand' && git config --local --unset-all 'core.sshCommand' || :"
Frontend build	Run actions/checkout@v4	2025-10-31T21:35:53.5337994Z [command]/usr/bin/git config --local --name-only --get-regexp http\.https\:\/\/github\.com\/\.extraheader
Frontend build	Run actions/checkout@v4	2025-10-31T21:35:53.5370373Z [command]/usr/bin/git submodule foreach --recursive sh -c "git config --local --name-only --get-regexp 'http\.https\:\/\/github\.com\/\.extraheader' && git config --local --unset-all 'http.https://github.com/.extraheader' || :"
Frontend build	Run actions/checkout@v4	2025-10-31T21:35:53.5604339Z [command]/usr/bin/git config --local http.https://github.com/.extraheader AUTHORIZATION: basic ***
Frontend build	Run actions/checkout@v4	2025-10-31T21:35:53.5647139Z ##[endgroup]
Frontend build	Run actions/checkout@v4	2025-10-31T21:35:53.5649944Z ##[group]Fetching the repository
Frontend build	Run actions/checkout@v4	2025-10-31T21:35:53.5659727Z [command]/usr/bin/git -c protocol.version=2 fetch --no-tags --prune --no-recurse-submodules --depth=1 origin +527c1c3cf1eb93ef1405288cc69811e9116d54df:refs/remotes/pull/18/merge
Frontend build	Run actions/checkout@v4	2025-10-31T21:35:55.0725626Z From https://github.com/Tazaai/medplat
Frontend build	Run actions/checkout@v4	2025-10-31T21:35:55.0727493Z  * [new ref]         527c1c3cf1eb93ef1405288cc69811e9116d54df -> pull/18/merge
Frontend build	Run actions/checkout@v4	2025-10-31T21:35:55.0757224Z ##[endgroup]
Frontend build	Run actions/checkout@v4	2025-10-31T21:35:55.0758062Z ##[group]Determining the checkout info
Frontend build	Run actions/checkout@v4	2025-10-31T21:35:55.0759356Z ##[endgroup]
Frontend build	Run actions/checkout@v4	2025-10-31T21:35:55.0764445Z [command]/usr/bin/git sparse-checkout disable
Frontend build	Run actions/checkout@v4	2025-10-31T21:35:55.0804455Z [command]/usr/bin/git config --local --unset-all extensions.worktreeConfig
Frontend build	Run actions/checkout@v4	2025-10-31T21:35:55.0831908Z ##[group]Checking out the ref
Frontend build	Run actions/checkout@v4	2025-10-31T21:35:55.0835963Z [command]/usr/bin/git checkout --progress --force refs/remotes/pull/18/merge
Frontend build	Run actions/checkout@v4	2025-10-31T21:35:55.1483116Z Note: switching to 'refs/remotes/pull/18/merge'.
Frontend build	Run actions/checkout@v4	2025-10-31T21:35:55.1483730Z 
Frontend build	Run actions/checkout@v4	2025-10-31T21:35:55.1484059Z You are in 'detached HEAD' state. You can look around, make experimental
Frontend build	Run actions/checkout@v4	2025-10-31T21:35:55.1484698Z changes and commit them, and you can discard any commits you make in this
Frontend build	Run actions/checkout@v4	2025-10-31T21:35:55.1485316Z state without impacting any branches by switching back to a branch.
Frontend build	Run actions/checkout@v4	2025-10-31T21:35:55.1485843Z 
Frontend build	Run actions/checkout@v4	2025-10-31T21:35:55.1486222Z If you want to create a new branch to retain commits you create, you may
Frontend build	Run actions/checkout@v4	2025-10-31T21:35:55.1486944Z do so (now or later) by using -c with the switch command. Example:
Frontend build	Run actions/checkout@v4	2025-10-31T21:35:55.1487796Z 
Frontend build	Run actions/checkout@v4	2025-10-31T21:35:55.1488095Z   git switch -c <new-branch-name>
Frontend build	Run actions/checkout@v4	2025-10-31T21:35:55.1488536Z 
Frontend build	Run actions/checkout@v4	2025-10-31T21:35:55.1488829Z Or undo this operation with:
Frontend build	Run actions/checkout@v4	2025-10-31T21:35:55.1489280Z 
Frontend build	Run actions/checkout@v4	2025-10-31T21:35:55.1489538Z   git switch -
Frontend build	Run actions/checkout@v4	2025-10-31T21:35:55.1489909Z 
Frontend build	Run actions/checkout@v4	2025-10-31T21:35:55.1490416Z Turn off this advice by setting config variable advice.detachedHead to false
Frontend build	Run actions/checkout@v4	2025-10-31T21:35:55.1491157Z 
Frontend build	Run actions/checkout@v4	2025-10-31T21:35:55.1491894Z HEAD is now at 527c1c3 Merge 53a8a54f376ce74005bc52e1f585c9b963512d36 into 13d4fe9e950be7f795c910c1f2d80d15ef051a44
Frontend build	Run actions/checkout@v4	2025-10-31T21:35:55.1494681Z ##[endgroup]
Frontend build	Run actions/checkout@v4	2025-10-31T21:35:55.1530497Z [command]/usr/bin/git log -1 --format=%H
Frontend build	Run actions/checkout@v4	2025-10-31T21:35:55.1552894Z 527c1c3cf1eb93ef1405288cc69811e9116d54df
Frontend build	Use Node 18	﻿2025-10-31T21:35:55.1788002Z ##[group]Run actions/setup-node@v4
Frontend build	Use Node 18	2025-10-31T21:35:55.1788353Z with:
Frontend build	Use Node 18	2025-10-31T21:35:55.1788586Z   node-version: 18
Frontend build	Use Node 18	2025-10-31T21:35:55.1788825Z   always-auth: false
Frontend build	Use Node 18	2025-10-31T21:35:55.1789066Z   check-latest: false
Frontend build	Use Node 18	2025-10-31T21:35:55.1789460Z   token: ***
Frontend build	Use Node 18	2025-10-31T21:35:55.1789687Z ##[endgroup]
Frontend build	Use Node 18	2025-10-31T21:35:55.3528990Z Found in cache @ /opt/hostedtoolcache/node/18.20.8/x64
Frontend build	Use Node 18	2025-10-31T21:35:55.3535776Z ##[group]Environment details
Frontend build	Use Node 18	2025-10-31T21:35:58.3218859Z node: v18.20.8
Frontend build	Use Node 18	2025-10-31T21:35:58.3219351Z npm: 10.8.2
Frontend build	Use Node 18	2025-10-31T21:35:58.3219614Z yarn: 1.22.22
Frontend build	Use Node 18	2025-10-31T21:35:58.3220849Z ##[endgroup]
Frontend build	Install frontend deps	﻿2025-10-31T21:35:58.3322108Z ##[group]Run npm --prefix frontend ci
Frontend build	Install frontend deps	2025-10-31T21:35:58.3322443Z [36;1mnpm --prefix frontend ci[0m
Frontend build	Install frontend deps	2025-10-31T21:35:58.3368337Z shell: /usr/bin/bash -e {0}
Frontend build	Install frontend deps	2025-10-31T21:35:58.3368609Z ##[endgroup]
Frontend build	Install frontend deps	2025-10-31T21:36:06.8004079Z 
Frontend build	Install frontend deps	2025-10-31T21:36:06.8011434Z added 121 packages, and audited 122 packages in 8s
Frontend build	Install frontend deps	2025-10-31T21:36:06.8011751Z 
Frontend build	Install frontend deps	2025-10-31T21:36:06.8011967Z 8 packages are looking for funding
Frontend build	Install frontend deps	2025-10-31T21:36:06.8012255Z   run `npm fund` for details
Frontend build	Install frontend deps	2025-10-31T21:36:06.8090781Z 
Frontend build	Install frontend deps	2025-10-31T21:36:06.8091206Z 2 moderate severity vulnerabilities
Frontend build	Install frontend deps	2025-10-31T21:36:06.8091430Z 
Frontend build	Install frontend deps	2025-10-31T21:36:06.8091665Z To address all issues (including breaking changes), run:
Frontend build	Install frontend deps	2025-10-31T21:36:06.8092000Z   npm audit fix --force
Frontend build	Install frontend deps	2025-10-31T21:36:06.8092138Z 
Frontend build	Install frontend deps	2025-10-31T21:36:06.8092259Z Run `npm audit` for details.
Frontend build	Build frontend (safe)	﻿2025-10-31T21:36:06.8326781Z ##[group]Run npm --prefix frontend run build
Frontend build	Build frontend (safe)	2025-10-31T21:36:06.8327129Z [36;1mnpm --prefix frontend run build[0m
Frontend build	Build frontend (safe)	2025-10-31T21:36:06.8359843Z shell: /usr/bin/bash -e {0}
Frontend build	Build frontend (safe)	2025-10-31T21:36:06.8360069Z env:
Frontend build	Build frontend (safe)	2025-10-31T21:36:06.8360258Z   VITE_API_BASE: https://example.com
Frontend build	Build frontend (safe)	2025-10-31T21:36:06.8360498Z ##[endgroup]
Frontend build	Build frontend (safe)	2025-10-31T21:36:06.9714705Z 
Frontend build	Build frontend (safe)	2025-10-31T21:36:06.9715174Z > medplat-frontend@1.0.0 build
Frontend build	Build frontend (safe)	2025-10-31T21:36:06.9715774Z > node ./scripts/verify_build_env.js && vite build && node ./scripts/write_build_api_base.js
Frontend build	Build frontend (safe)	2025-10-31T21:36:06.9716118Z 
Frontend build	Build frontend (safe)	2025-10-31T21:36:07.0050098Z VITE_API_BASE present: https://example.com
Frontend build	Build frontend (safe)	2025-10-31T21:36:08.0244883Z [36mvite v4.5.14 [32mbuilding for production...[36m[39m
Frontend build	Build frontend (safe)	2025-10-31T21:36:08.0504516Z transforming...
Frontend build	Build frontend (safe)	2025-10-31T21:36:08.7629202Z [32m✓[39m 31 modules transformed.
Frontend build	Build frontend (safe)	2025-10-31T21:36:08.8546006Z rendering chunks...
Frontend build	Build frontend (safe)	2025-10-31T21:36:08.8596046Z computing gzip size...
Frontend build	Build frontend (safe)	2025-10-31T21:36:08.8706211Z [2mdist/[22m[32mindex.html                 [39m[1m[2m  0.39 kB[22m[1m[22m[2m │ gzip:  0.27 kB[22m
Frontend build	Build frontend (safe)	2025-10-31T21:36:08.8707791Z [2mdist/[22m[2massets/[22m[35mindex-28c342d1.css  [39m[1m[2m  0.07 kB[22m[1m[22m[2m │ gzip:  0.09 kB[22m
Frontend build	Build frontend (safe)	2025-10-31T21:36:08.8709228Z [2mdist/[22m[2massets/[22m[36mindex-07999ac2.js   [39m[1m[2m142.81 kB[22m[1m[22m[2m │ gzip: 45.89 kB[22m
Frontend build	Build frontend (safe)	2025-10-31T21:36:08.8710781Z [32m✓ built in 845ms[39m
Frontend build	Build frontend (safe)	2025-10-31T21:36:08.9166555Z Wrote VITE_API_BASE to /home/runner/work/medplat/medplat/frontend/dist/VITE_API_BASE.txt
Frontend build	Upload frontend dist	﻿2025-10-31T21:36:08.9317631Z ##[group]Run actions/upload-artifact@v4
Frontend build	Upload frontend dist	2025-10-31T21:36:08.9317925Z with:
Frontend build	Upload frontend dist	2025-10-31T21:36:08.9318104Z   name: frontend-dist
Frontend build	Upload frontend dist	2025-10-31T21:36:08.9318299Z   path: frontend/dist
Frontend build	Upload frontend dist	2025-10-31T21:36:08.9318496Z   if-no-files-found: warn
Frontend build	Upload frontend dist	2025-10-31T21:36:08.9318694Z   compression-level: 6
Frontend build	Upload frontend dist	2025-10-31T21:36:08.9318882Z   overwrite: false
Frontend build	Upload frontend dist	2025-10-31T21:36:08.9319074Z   include-hidden-files: false
Frontend build	Upload frontend dist	2025-10-31T21:36:08.9319283Z ##[endgroup]
Frontend build	Upload frontend dist	2025-10-31T21:36:09.1458495Z With the provided path, there will be 4 files uploaded
Frontend build	Upload frontend dist	2025-10-31T21:36:09.1463761Z Artifact name is valid!
Frontend build	Upload frontend dist	2025-10-31T21:36:09.1465155Z Root directory input is valid!
Frontend build	Upload frontend dist	2025-10-31T21:36:09.3041823Z Beginning upload of artifact content to blob storage
Frontend build	Upload frontend dist	2025-10-31T21:36:09.4849681Z Uploaded bytes 46755
Frontend build	Upload frontend dist	2025-10-31T21:36:09.5208419Z Finished uploading artifact content to blob storage!
Frontend build	Upload frontend dist	2025-10-31T21:36:09.5211682Z SHA256 digest of uploaded artifact zip is d7e56495f8ee1f53245f1ebbf40e05bffde3974068bedda9dbb883071ae16fd5
Frontend build	Upload frontend dist	2025-10-31T21:36:09.5213329Z Finalizing artifact upload
Frontend build	Upload frontend dist	2025-10-31T21:36:09.6129554Z Artifact frontend-dist.zip successfully finalized. Artifact ID 4434494182
Frontend build	Upload frontend dist	2025-10-31T21:36:09.6130600Z Artifact frontend-dist has been successfully uploaded! Final size is 46755 bytes. Artifact ID is 4434494182
Frontend build	Upload frontend dist	2025-10-31T21:36:09.6138404Z Artifact download URL: https://github.com/Tazaai/medplat/actions/runs/18985812836/artifacts/4434494182
Frontend build	Post Use Node 18	﻿2025-10-31T21:36:09.6266259Z Post job cleanup.
Frontend build	Post Run actions/checkout@v4	﻿2025-10-31T21:36:09.7912978Z Post job cleanup.
Frontend build	Post Run actions/checkout@v4	2025-10-31T21:36:09.8851229Z [command]/usr/bin/git version
Frontend build	Post Run actions/checkout@v4	2025-10-31T21:36:09.8886550Z git version 2.51.2
Frontend build	Post Run actions/checkout@v4	2025-10-31T21:36:09.8934819Z Temporarily overriding HOME='/home/runner/work/_temp/d0ab1508-5236-4c04-9b7f-7e0fc4431320' before making global git config changes
Frontend build	Post Run actions/checkout@v4	2025-10-31T21:36:09.8935743Z Adding repository directory to the temporary git global config as a safe directory
Frontend build	Post Run actions/checkout@v4	2025-10-31T21:36:09.8939960Z [command]/usr/bin/git config --global --add safe.directory /home/runner/work/medplat/medplat
Frontend build	Post Run actions/checkout@v4	2025-10-31T21:36:09.8972814Z [command]/usr/bin/git config --local --name-only --get-regexp core\.sshCommand
Frontend build	Post Run actions/checkout@v4	2025-10-31T21:36:09.9004198Z [command]/usr/bin/git submodule foreach --recursive sh -c "git config --local --name-only --get-regexp 'core\.sshCommand' && git config --local --unset-all 'core.sshCommand' || :"
Frontend build	Post Run actions/checkout@v4	2025-10-31T21:36:09.9226509Z [command]/usr/bin/git config --local --name-only --get-regexp http\.https\:\/\/github\.com\/\.extraheader
Frontend build	Post Run actions/checkout@v4	2025-10-31T21:36:09.9246743Z http.https://github.com/.extraheader
Frontend build	Post Run actions/checkout@v4	2025-10-31T21:36:09.9259860Z [command]/usr/bin/git config --local --unset-all http.https://github.com/.extraheader
Frontend build	Post Run actions/checkout@v4	2025-10-31T21:36:09.9292981Z [command]/usr/bin/git submodule foreach --recursive sh -c "git config --local --name-only --get-regexp 'http\.https\:\/\/github\.com\/\.extraheader' && git config --local --unset-all 'http.https://github.com/.extraheader' || :"
Frontend build	Complete job	﻿2025-10-31T21:36:09.9635260Z Cleaning up orphan processes
