review	Set up job	ï»¿2025-10-31T21:34:07.1310588Z Current runner version: '2.329.0'
review	Set up job	2025-10-31T21:34:07.1335172Z ##[group]Runner Image Provisioner
review	Set up job	2025-10-31T21:34:07.1336060Z Hosted Compute Agent
review	Set up job	2025-10-31T21:34:07.1336589Z Version: 20251016.436
review	Set up job	2025-10-31T21:34:07.1337190Z Commit: 8ab8ac8bfd662a3739dab9fe09456aba92132568
review	Set up job	2025-10-31T21:34:07.1337819Z Build Date: 2025-10-15T20:44:12Z
review	Set up job	2025-10-31T21:34:07.1338475Z ##[endgroup]
review	Set up job	2025-10-31T21:34:07.1338990Z ##[group]Operating System
review	Set up job	2025-10-31T21:34:07.1339529Z Ubuntu
review	Set up job	2025-10-31T21:34:07.1340065Z 24.04.3
review	Set up job	2025-10-31T21:34:07.1340487Z LTS
review	Set up job	2025-10-31T21:34:07.1340919Z ##[endgroup]
review	Set up job	2025-10-31T21:34:07.1341430Z ##[group]Runner Image
review	Set up job	2025-10-31T21:34:07.1342171Z Image: ubuntu-24.04
review	Set up job	2025-10-31T21:34:07.1342644Z Version: 20251030.96.2
review	Set up job	2025-10-31T21:34:07.1343691Z Included Software: https://github.com/actions/runner-images/blob/ubuntu24/20251030.96/images/ubuntu/Ubuntu2404-Readme.md
review	Set up job	2025-10-31T21:34:07.1345035Z Image Release: https://github.com/actions/runner-images/releases/tag/ubuntu24%2F20251030.96
review	Set up job	2025-10-31T21:34:07.1346209Z ##[endgroup]
review	Set up job	2025-10-31T21:34:07.1347256Z ##[group]GITHUB_TOKEN Permissions
review	Set up job	2025-10-31T21:34:07.1349103Z Contents: read
review	Set up job	2025-10-31T21:34:07.1349677Z Metadata: read
review	Set up job	2025-10-31T21:34:07.1350234Z PullRequests: write
review	Set up job	2025-10-31T21:34:07.1350748Z ##[endgroup]
review	Set up job	2025-10-31T21:34:07.1353049Z Secret source: Actions
review	Set up job	2025-10-31T21:34:07.1353696Z Prepare workflow directory
review	Set up job	2025-10-31T21:34:07.1681092Z Prepare all required actions
review	Set up job	2025-10-31T21:34:07.1722001Z Getting action download info
review	Set up job	2025-10-31T21:34:07.6358794Z Download action repository 'actions/checkout@v4' (SHA:08eba0b27e820071cde6df949e0beb9ba4906955)
review	Set up job	2025-10-31T21:34:08.1723986Z Download action repository 'actions/upload-artifact@v4' (SHA:ea165f8d65b6e75b540449e92b4886f43607fa02)
review	Set up job	2025-10-31T21:34:08.2858224Z Download action repository 'actions/github-script@v7' (SHA:f28e40c7f34bde8b3046d885e986cb6290c5673b)
review	Set up job	2025-10-31T21:34:08.8373158Z Complete job name: review
review	â¬‡ï¸ Checkout	ï»¿2025-10-31T21:34:08.9088392Z ##[group]Run actions/checkout@v4
review	â¬‡ï¸ Checkout	2025-10-31T21:34:08.9089361Z with:
review	â¬‡ï¸ Checkout	2025-10-31T21:34:08.9089810Z   repository: Tazaai/medplat
review	â¬‡ï¸ Checkout	2025-10-31T21:34:08.9090523Z   token: ***
review	â¬‡ï¸ Checkout	2025-10-31T21:34:08.9090918Z   ssh-strict: true
review	â¬‡ï¸ Checkout	2025-10-31T21:34:08.9091339Z   ssh-user: git
review	â¬‡ï¸ Checkout	2025-10-31T21:34:08.9091932Z   persist-credentials: true
review	â¬‡ï¸ Checkout	2025-10-31T21:34:08.9092425Z   clean: true
review	â¬‡ï¸ Checkout	2025-10-31T21:34:08.9092843Z   sparse-checkout-cone-mode: true
review	â¬‡ï¸ Checkout	2025-10-31T21:34:08.9093342Z   fetch-depth: 1
review	â¬‡ï¸ Checkout	2025-10-31T21:34:08.9093756Z   fetch-tags: false
review	â¬‡ï¸ Checkout	2025-10-31T21:34:08.9094200Z   show-progress: true
review	â¬‡ï¸ Checkout	2025-10-31T21:34:08.9094625Z   lfs: false
review	â¬‡ï¸ Checkout	2025-10-31T21:34:08.9095003Z   submodules: false
review	â¬‡ï¸ Checkout	2025-10-31T21:34:08.9095436Z   set-safe-directory: true
review	â¬‡ï¸ Checkout	2025-10-31T21:34:08.9096162Z ##[endgroup]
review	â¬‡ï¸ Checkout	2025-10-31T21:34:09.0192783Z Syncing repository: Tazaai/medplat
review	â¬‡ï¸ Checkout	2025-10-31T21:34:09.0194599Z ##[group]Getting Git version info
review	â¬‡ï¸ Checkout	2025-10-31T21:34:09.0195332Z Working directory is '/home/runner/work/medplat/medplat'
review	â¬‡ï¸ Checkout	2025-10-31T21:34:09.0196302Z [command]/usr/bin/git version
review	â¬‡ï¸ Checkout	2025-10-31T21:34:09.0279531Z git version 2.51.2
review	â¬‡ï¸ Checkout	2025-10-31T21:34:09.0305502Z ##[endgroup]
review	â¬‡ï¸ Checkout	2025-10-31T21:34:09.0319802Z Temporarily overriding HOME='/home/runner/work/_temp/7edb65bd-26cf-471f-9d6a-96b720d1b631' before making global git config changes
review	â¬‡ï¸ Checkout	2025-10-31T21:34:09.0321285Z Adding repository directory to the temporary git global config as a safe directory
review	â¬‡ï¸ Checkout	2025-10-31T21:34:09.0325095Z [command]/usr/bin/git config --global --add safe.directory /home/runner/work/medplat/medplat
review	â¬‡ï¸ Checkout	2025-10-31T21:34:09.0360805Z Deleting the contents of '/home/runner/work/medplat/medplat'
review	â¬‡ï¸ Checkout	2025-10-31T21:34:09.0364833Z ##[group]Initializing the repository
review	â¬‡ï¸ Checkout	2025-10-31T21:34:09.0368566Z [command]/usr/bin/git init /home/runner/work/medplat/medplat
review	â¬‡ï¸ Checkout	2025-10-31T21:34:09.0474198Z hint: Using 'master' as the name for the initial branch. This default branch name
review	â¬‡ï¸ Checkout	2025-10-31T21:34:09.0475639Z hint: is subject to change. To configure the initial branch name to use in all
review	â¬‡ï¸ Checkout	2025-10-31T21:34:09.0477024Z hint: of your new repositories, which will suppress this warning, call:
review	â¬‡ï¸ Checkout	2025-10-31T21:34:09.0478087Z hint:
review	â¬‡ï¸ Checkout	2025-10-31T21:34:09.0479305Z hint: 	git config --global init.defaultBranch <name>
review	â¬‡ï¸ Checkout	2025-10-31T21:34:09.0480515Z hint:
review	â¬‡ï¸ Checkout	2025-10-31T21:34:09.0481875Z hint: Names commonly chosen instead of 'master' are 'main', 'trunk' and
review	â¬‡ï¸ Checkout	2025-10-31T21:34:09.0483863Z hint: 'development'. The just-created branch can be renamed via this command:
review	â¬‡ï¸ Checkout	2025-10-31T21:34:09.0485356Z hint:
review	â¬‡ï¸ Checkout	2025-10-31T21:34:09.0486083Z hint: 	git branch -m <name>
review	â¬‡ï¸ Checkout	2025-10-31T21:34:09.0486909Z hint:
review	â¬‡ï¸ Checkout	2025-10-31T21:34:09.0488004Z hint: Disable this message with "git config set advice.defaultBranchName false"
review	â¬‡ï¸ Checkout	2025-10-31T21:34:09.0489997Z Initialized empty Git repository in /home/runner/work/medplat/medplat/.git/
review	â¬‡ï¸ Checkout	2025-10-31T21:34:09.0493318Z [command]/usr/bin/git remote add origin https://github.com/Tazaai/medplat
review	â¬‡ï¸ Checkout	2025-10-31T21:34:09.0526143Z ##[endgroup]
review	â¬‡ï¸ Checkout	2025-10-31T21:34:09.0527476Z ##[group]Disabling automatic garbage collection
review	â¬‡ï¸ Checkout	2025-10-31T21:34:09.0530961Z [command]/usr/bin/git config --local gc.auto 0
review	â¬‡ï¸ Checkout	2025-10-31T21:34:09.0560203Z ##[endgroup]
review	â¬‡ï¸ Checkout	2025-10-31T21:34:09.0561823Z ##[group]Setting up auth
review	â¬‡ï¸ Checkout	2025-10-31T21:34:09.0568499Z [command]/usr/bin/git config --local --name-only --get-regexp core\.sshCommand
review	â¬‡ï¸ Checkout	2025-10-31T21:34:09.0599202Z [command]/usr/bin/git submodule foreach --recursive sh -c "git config --local --name-only --get-regexp 'core\.sshCommand' && git config --local --unset-all 'core.sshCommand' || :"
review	â¬‡ï¸ Checkout	2025-10-31T21:34:09.1015258Z [command]/usr/bin/git config --local --name-only --get-regexp http\.https\:\/\/github\.com\/\.extraheader
review	â¬‡ï¸ Checkout	2025-10-31T21:34:09.1050368Z [command]/usr/bin/git submodule foreach --recursive sh -c "git config --local --name-only --get-regexp 'http\.https\:\/\/github\.com\/\.extraheader' && git config --local --unset-all 'http.https://github.com/.extraheader' || :"
review	â¬‡ï¸ Checkout	2025-10-31T21:34:09.1282822Z [command]/usr/bin/git config --local http.https://github.com/.extraheader AUTHORIZATION: basic ***
review	â¬‡ï¸ Checkout	2025-10-31T21:34:09.1327566Z ##[endgroup]
review	â¬‡ï¸ Checkout	2025-10-31T21:34:09.1329033Z ##[group]Fetching the repository
review	â¬‡ï¸ Checkout	2025-10-31T21:34:09.1338355Z [command]/usr/bin/git -c protocol.version=2 fetch --no-tags --prune --no-recurse-submodules --depth=1 origin +fa88cfa2cc54e365d4c4cd61b652eeb51154e2ea:refs/remotes/pull/18/merge
review	â¬‡ï¸ Checkout	2025-10-31T21:34:10.9692932Z From https://github.com/Tazaai/medplat
review	â¬‡ï¸ Checkout	2025-10-31T21:34:10.9694256Z  * [new ref]         fa88cfa2cc54e365d4c4cd61b652eeb51154e2ea -> pull/18/merge
review	â¬‡ï¸ Checkout	2025-10-31T21:34:10.9725176Z ##[endgroup]
review	â¬‡ï¸ Checkout	2025-10-31T21:34:10.9725728Z ##[group]Determining the checkout info
review	â¬‡ï¸ Checkout	2025-10-31T21:34:10.9727491Z ##[endgroup]
review	â¬‡ï¸ Checkout	2025-10-31T21:34:10.9732394Z [command]/usr/bin/git sparse-checkout disable
review	â¬‡ï¸ Checkout	2025-10-31T21:34:10.9771318Z [command]/usr/bin/git config --local --unset-all extensions.worktreeConfig
review	â¬‡ï¸ Checkout	2025-10-31T21:34:10.9797958Z ##[group]Checking out the ref
review	â¬‡ï¸ Checkout	2025-10-31T21:34:10.9801305Z [command]/usr/bin/git checkout --progress --force refs/remotes/pull/18/merge
review	â¬‡ï¸ Checkout	2025-10-31T21:34:11.0454252Z Note: switching to 'refs/remotes/pull/18/merge'.
review	â¬‡ï¸ Checkout	2025-10-31T21:34:11.0454924Z 
review	â¬‡ï¸ Checkout	2025-10-31T21:34:11.0455311Z You are in 'detached HEAD' state. You can look around, make experimental
review	â¬‡ï¸ Checkout	2025-10-31T21:34:11.0455978Z changes and commit them, and you can discard any commits you make in this
review	â¬‡ï¸ Checkout	2025-10-31T21:34:11.0456689Z state without impacting any branches by switching back to a branch.
review	â¬‡ï¸ Checkout	2025-10-31T21:34:11.0457419Z 
review	â¬‡ï¸ Checkout	2025-10-31T21:34:11.0457932Z If you want to create a new branch to retain commits you create, you may
review	â¬‡ï¸ Checkout	2025-10-31T21:34:11.0459008Z do so (now or later) by using -c with the switch command. Example:
review	â¬‡ï¸ Checkout	2025-10-31T21:34:11.0459650Z 
review	â¬‡ï¸ Checkout	2025-10-31T21:34:11.0459938Z   git switch -c <new-branch-name>
review	â¬‡ï¸ Checkout	2025-10-31T21:34:11.0460375Z 
review	â¬‡ï¸ Checkout	2025-10-31T21:34:11.0460642Z Or undo this operation with:
review	â¬‡ï¸ Checkout	2025-10-31T21:34:11.0461016Z 
review	â¬‡ï¸ Checkout	2025-10-31T21:34:11.0461254Z   git switch -
review	â¬‡ï¸ Checkout	2025-10-31T21:34:11.0461763Z 
review	â¬‡ï¸ Checkout	2025-10-31T21:34:11.0462194Z Turn off this advice by setting config variable advice.detachedHead to false
review	â¬‡ï¸ Checkout	2025-10-31T21:34:11.0462746Z 
review	â¬‡ï¸ Checkout	2025-10-31T21:34:11.0463370Z HEAD is now at fa88cfa Merge e11d32e2c851dbffd0a729651fb8f1c92a97f4a9 into 13d4fe9e950be7f795c910c1f2d80d15ef051a44
review	â¬‡ï¸ Checkout	2025-10-31T21:34:11.0465947Z ##[endgroup]
review	â¬‡ï¸ Checkout	2025-10-31T21:34:11.0502268Z [command]/usr/bin/git log -1 --format=%H
review	â¬‡ï¸ Checkout	2025-10-31T21:34:11.0524127Z fa88cfa2cc54e365d4c4cd61b652eeb51154e2ea
review	ğŸ§  Run review_report.sh (CI-safe)	ï»¿2025-10-31T21:34:11.0722743Z ##[group]Run set -e
review	ğŸ§  Run review_report.sh (CI-safe)	2025-10-31T21:34:11.0723148Z [36;1mset -e[0m
review	ğŸ§  Run review_report.sh (CI-safe)	2025-10-31T21:34:11.0723554Z [36;1m# Run in CI-safe mode to avoid requiring local secrets, but still produce agent.md[0m
review	ğŸ§  Run review_report.sh (CI-safe)	2025-10-31T21:34:11.0724061Z [36;1mGITHUB_ACTIONS=true ./review_report.sh || true[0m
review	ğŸ§  Run review_report.sh (CI-safe)	2025-10-31T21:34:11.0724376Z [36;1mecho "---"[0m
review	ğŸ§  Run review_report.sh (CI-safe)	2025-10-31T21:34:11.0724631Z [36;1mecho "agent.md preview:"[0m
review	ğŸ§  Run review_report.sh (CI-safe)	2025-10-31T21:34:11.0725016Z [36;1mtest -f agent.md && sed -n '1,120p' agent.md || echo "agent.md not found"[0m
review	ğŸ§  Run review_report.sh (CI-safe)	2025-10-31T21:34:11.0763836Z shell: /usr/bin/bash --noprofile --norc -e -o pipefail {0}
review	ğŸ§  Run review_report.sh (CI-safe)	2025-10-31T21:34:11.0764243Z ##[endgroup]
review	ğŸ§  Run review_report.sh (CI-safe)	2025-10-31T21:34:11.0843805Z /home/runner/work/_temp/897d0f5e-84fb-4b37-a12c-b988e4d5c4ae.sh: line 3: ./review_report.sh: Permission denied
review	ğŸ§  Run review_report.sh (CI-safe)	2025-10-31T21:34:11.0845062Z ---
review	ğŸ§  Run review_report.sh (CI-safe)	2025-10-31T21:34:11.0845477Z agent.md preview:
review	ğŸ§  Run review_report.sh (CI-safe)	2025-10-31T21:34:11.0857296Z =====================================================
review	ğŸ§  Run review_report.sh (CI-safe)	2025-10-31T21:34:11.0858071Z ğŸ§  MedPlat Diagnostic & Readiness Review
review	ğŸ§  Run review_report.sh (CI-safe)	2025-10-31T21:34:11.0858644Z =====================================================
review	ğŸ§  Run review_report.sh (CI-safe)	2025-10-31T21:34:11.0859376Z ğŸ“˜ PROJECT_GUIDE.md found â€” master documentation loaded
review	ğŸ§  Run review_report.sh (CI-safe)	2025-10-31T21:34:11.0859800Z 
review	ğŸ§  Run review_report.sh (CI-safe)	2025-10-31T21:34:11.0860053Z ## ğŸ“ Checking key directories...
review	ğŸ§  Run review_report.sh (CI-safe)	2025-10-31T21:34:11.0860540Z âœ… backend/
review	ğŸ§  Run review_report.sh (CI-safe)	2025-10-31T21:34:11.0860921Z âœ… frontend/
review	ğŸ§  Run review_report.sh (CI-safe)	2025-10-31T21:34:11.0861689Z âœ… .github/workflows/
review	ğŸ§  Run review_report.sh (CI-safe)	2025-10-31T21:34:11.0861987Z 
review	ğŸ§  Run review_report.sh (CI-safe)	2025-10-31T21:34:11.0862345Z ## ğŸ” Validating environment variables (GitHub Secrets expected)...
review	ğŸ§  Run review_report.sh (CI-safe)	2025-10-31T21:34:11.0862780Z âŒ Missing OPENAI_API_KEY
review	ğŸ§  Run review_report.sh (CI-safe)	2025-10-31T21:34:11.0863070Z âŒ Missing GCP_PROJECT
review	ğŸ§  Run review_report.sh (CI-safe)	2025-10-31T21:34:11.0863335Z âŒ Missing GCP_SA_KEY
review	ğŸ§  Run review_report.sh (CI-safe)	2025-10-31T21:34:11.0863621Z âŒ Missing FIREBASE_SERVICE_KEY
review	ğŸ§  Run review_report.sh (CI-safe)	2025-10-31T21:34:11.0863913Z âŒ Missing VITE_API_BASE
review	ğŸ§  Run review_report.sh (CI-safe)	2025-10-31T21:34:11.0864380Z ğŸš¨ 5 required secrets missing. Configure them in GitHub â†’ Settings â†’ Secrets â†’ Actions.
review	ğŸ§  Run review_report.sh (CI-safe)	2025-10-31T21:34:11.0864785Z 
review	ğŸ§  Run review_report.sh (CI-safe)	2025-10-31T21:34:11.0864928Z ## ğŸ§± Backend diagnostics...
review	ğŸ§  Run review_report.sh (CI-safe)	2025-10-31T21:34:11.0865225Z âœ… backend/index.js found
review	ğŸ§  Run review_report.sh (CI-safe)	2025-10-31T21:34:11.0865587Z âœ… Port binding OK
review	ğŸ§  Run review_report.sh (CI-safe)	2025-10-31T21:34:11.0865833Z âœ… Host binding OK
review	ğŸ§  Run review_report.sh (CI-safe)	2025-10-31T21:34:11.0866076Z âœ… Routes mounted
review	ğŸ§  Run review_report.sh (CI-safe)	2025-10-31T21:34:11.0866213Z 
review	ğŸ§  Run review_report.sh (CI-safe)	2025-10-31T21:34:11.0866338Z ## ğŸ§© Backend routes...
review	ğŸ§  Run review_report.sh (CI-safe)	2025-10-31T21:34:11.0866621Z âœ… topics_api.mjs present
review	ğŸ§  Run review_report.sh (CI-safe)	2025-10-31T21:34:11.0866904Z âœ… dialog_api.mjs present
review	ğŸ§  Run review_report.sh (CI-safe)	2025-10-31T21:34:11.0867176Z âœ… gamify_api.mjs present
review	ğŸ§  Run review_report.sh (CI-safe)	2025-10-31T21:34:11.0867452Z âœ… comment_api.mjs present
review	ğŸ§  Run review_report.sh (CI-safe)	2025-10-31T21:34:11.0867613Z 
review	ğŸ§  Run review_report.sh (CI-safe)	2025-10-31T21:34:11.0867750Z ## ğŸ¨ Frontend diagnostics...
review	ğŸ§  Run review_report.sh (CI-safe)	2025-10-31T21:34:11.0868049Z âœ… CaseView.jsx present
review	ğŸ§  Run review_report.sh (CI-safe)	2025-10-31T21:34:11.0868335Z âœ… Level2CaseLogic.jsx present
review	ğŸ§  Run review_report.sh (CI-safe)	2025-10-31T21:34:11.0868633Z âœ… DialogChat.jsx present
review	ğŸ§  Run review_report.sh (CI-safe)	2025-10-31T21:34:11.0868793Z 
review	ğŸ§  Run review_report.sh (CI-safe)	2025-10-31T21:34:11.0868929Z ## ğŸ”¥ Firebase configuration...
review	ğŸ§  Run review_report.sh (CI-safe)	2025-10-31T21:34:11.0869255Z âœ… Firebase client found
review	ğŸ§  Run review_report.sh (CI-safe)	2025-10-31T21:34:11.0869518Z âœ… Firebase initialized
review	ğŸ§  Run review_report.sh (CI-safe)	2025-10-31T21:34:11.0869677Z 
review	ğŸ§  Run review_report.sh (CI-safe)	2025-10-31T21:34:11.0869813Z ## ğŸ§  OpenAI configuration...
review	ğŸ§  Run review_report.sh (CI-safe)	2025-10-31T21:34:11.0870134Z âš ï¸ OpenAI API key reference missing
review	ğŸ§  Run review_report.sh (CI-safe)	2025-10-31T21:34:11.0870352Z 
review	ğŸ§  Run review_report.sh (CI-safe)	2025-10-31T21:34:11.0870494Z ## ğŸ³ Docker & Cloud Run config...
review	ğŸ§  Run review_report.sh (CI-safe)	2025-10-31T21:34:11.0870797Z âœ… Backend Dockerfile OK
review	ğŸ§  Run review_report.sh (CI-safe)	2025-10-31T21:34:11.0871066Z âœ… Frontend Dockerfile OK
review	ğŸ§  Run review_report.sh (CI-safe)	2025-10-31T21:34:11.0871228Z 
review	ğŸ§  Run review_report.sh (CI-safe)	2025-10-31T21:34:11.0871367Z ## âš™ï¸ GitHub Actions workflow...
review	ğŸ§  Run review_report.sh (CI-safe)	2025-10-31T21:34:11.0871905Z âœ… deploy.yml found
review	ğŸ§  Run review_report.sh (CI-safe)	2025-10-31T21:34:11.0872224Z âœ… Artifact Registry configured
review	ğŸ§  Run review_report.sh (CI-safe)	2025-10-31T21:34:11.0872460Z 
review	ğŸ§  Run review_report.sh (CI-safe)	2025-10-31T21:34:11.0872575Z =====================================================
review	ğŸ§  Run review_report.sh (CI-safe)	2025-10-31T21:34:11.0872878Z ğŸ“Š SUMMARY
review	ğŸ§  Run review_report.sh (CI-safe)	2025-10-31T21:34:11.0873111Z =====================================================
review	ğŸ§  Run review_report.sh (CI-safe)	2025-10-31T21:34:11.0873384Z Backend: OK
review	ğŸ§  Run review_report.sh (CI-safe)	2025-10-31T21:34:11.0873596Z Frontend: OK
review	ğŸ§  Run review_report.sh (CI-safe)	2025-10-31T21:34:11.0873826Z Secrets configured: 0 / 5
review	ğŸ§  Run review_report.sh (CI-safe)	2025-10-31T21:34:11.0874317Z =====================================================
review	ğŸ§  Run review_report.sh (CI-safe)	2025-10-31T21:34:11.0874681Z ğŸš¨ Deployment NOT READY â€” missing secrets.
review	ğŸ“ Upload agent.md artifact	ï»¿2025-10-31T21:34:11.0940660Z ##[group]Run actions/upload-artifact@v4
review	ğŸ“ Upload agent.md artifact	2025-10-31T21:34:11.0941022Z with:
review	ğŸ“ Upload agent.md artifact	2025-10-31T21:34:11.0941237Z   name: agent-md
review	ğŸ“ Upload agent.md artifact	2025-10-31T21:34:11.0941463Z   path: agent.md
review	ğŸ“ Upload agent.md artifact	2025-10-31T21:34:11.0941991Z   if-no-files-found: warn
review	ğŸ“ Upload agent.md artifact	2025-10-31T21:34:11.0942262Z   compression-level: 6
review	ğŸ“ Upload agent.md artifact	2025-10-31T21:34:11.0942516Z   overwrite: false
review	ğŸ“ Upload agent.md artifact	2025-10-31T21:34:11.0942765Z   include-hidden-files: false
review	ğŸ“ Upload agent.md artifact	2025-10-31T21:34:11.0943026Z ##[endgroup]
review	ğŸ“ Upload agent.md artifact	2025-10-31T21:34:11.3057753Z With the provided path, there will be 1 file uploaded
review	ğŸ“ Upload agent.md artifact	2025-10-31T21:34:11.3063486Z Artifact name is valid!
review	ğŸ“ Upload agent.md artifact	2025-10-31T21:34:11.3064779Z Root directory input is valid!
review	ğŸ“ Upload agent.md artifact	2025-10-31T21:34:11.6241028Z Beginning upload of artifact content to blob storage
review	ğŸ“ Upload agent.md artifact	2025-10-31T21:34:11.9319605Z Uploaded bytes 818
review	ğŸ“ Upload agent.md artifact	2025-10-31T21:34:12.0137643Z Finished uploading artifact content to blob storage!
review	ğŸ“ Upload agent.md artifact	2025-10-31T21:34:12.0141101Z SHA256 digest of uploaded artifact zip is 4407dd46fe9682e364adc8e18929c31761424607cae42e72a8ceb81e255d3358
review	ğŸ“ Upload agent.md artifact	2025-10-31T21:34:12.0143200Z Finalizing artifact upload
review	ğŸ“ Upload agent.md artifact	2025-10-31T21:34:12.1897613Z Artifact agent-md.zip successfully finalized. Artifact ID 4434480679
review	ğŸ“ Upload agent.md artifact	2025-10-31T21:34:12.1898711Z Artifact agent-md has been successfully uploaded! Final size is 818 bytes. Artifact ID is 4434480679
review	ğŸ“ Upload agent.md artifact	2025-10-31T21:34:12.1906137Z Artifact download URL: https://github.com/Tazaai/medplat/actions/runs/18985786408/artifacts/4434480679
review	ğŸ’¬ Comment review report on PR	ï»¿2025-10-31T21:34:12.2052185Z ##[group]Run actions/github-script@v7
review	ğŸ’¬ Comment review report on PR	2025-10-31T21:34:12.2052484Z with:
review	ğŸ’¬ Comment review report on PR	2025-10-31T21:34:12.2054352Z   script: const fs = require('fs');
review	ğŸ’¬ Comment review report on PR	const path = 'agent.md';
review	ğŸ’¬ Comment review report on PR	let body = fs.existsSync(path) ? fs.readFileSync(path, 'utf8') : 'agent.md not found';
review	ğŸ’¬ Comment review report on PR	// Truncate to avoid hitting GitHub comment limits
review	ğŸ’¬ Comment review report on PR	const MAX = 60000;
review	ğŸ’¬ Comment review report on PR	if (body.length > MAX) body = body.slice(0, MAX) + '\n\nâ€¦ (truncated)';
review	ğŸ’¬ Comment review report on PR	const number = context.payload.pull_request?.number;
review	ğŸ’¬ Comment review report on PR	if (!number) {
review	ğŸ’¬ Comment review report on PR	  core.info('No PR number â€” skipping comment');
review	ğŸ’¬ Comment review report on PR	} else {
review	ğŸ’¬ Comment review report on PR	  await github.rest.issues.createComment({
review	ğŸ’¬ Comment review report on PR	    owner: context.repo.owner,
review	ğŸ’¬ Comment review report on PR	    repo: context.repo.repo,
review	ğŸ’¬ Comment review report on PR	    issue_number: number,
review	ğŸ’¬ Comment review report on PR	    body: `ğŸ§  MedPlat â€“ review_report.sh output (CI mode)\n\n\n\n\n${'```'}\n${body}\n${'```'}`
review	ğŸ’¬ Comment review report on PR	  });
review	ğŸ’¬ Comment review report on PR	}
review	ğŸ’¬ Comment review report on PR	
review	ğŸ’¬ Comment review report on PR	2025-10-31T21:34:12.2056371Z   github-token: ***
review	ğŸ’¬ Comment review report on PR	2025-10-31T21:34:12.2056570Z   debug: false
review	ğŸ’¬ Comment review report on PR	2025-10-31T21:34:12.2056774Z   user-agent: actions/github-script
review	ğŸ’¬ Comment review report on PR	2025-10-31T21:34:12.2057036Z   result-encoding: json
review	ğŸ’¬ Comment review report on PR	2025-10-31T21:34:12.2057234Z   retries: 0
review	ğŸ’¬ Comment review report on PR	2025-10-31T21:34:12.2057491Z   retry-exempt-status-codes: 400,401,403,404,422
review	ğŸ’¬ Comment review report on PR	2025-10-31T21:34:12.2057770Z ##[endgroup]
review	Post â¬‡ï¸ Checkout	ï»¿2025-10-31T21:34:13.0786063Z Post job cleanup.
review	Post â¬‡ï¸ Checkout	2025-10-31T21:34:13.1749773Z [command]/usr/bin/git version
review	Post â¬‡ï¸ Checkout	2025-10-31T21:34:13.1792204Z git version 2.51.2
review	Post â¬‡ï¸ Checkout	2025-10-31T21:34:13.1848269Z Temporarily overriding HOME='/home/runner/work/_temp/b0bda537-2da9-412b-a62a-2aa3ecb60a19' before making global git config changes
review	Post â¬‡ï¸ Checkout	2025-10-31T21:34:13.1849643Z Adding repository directory to the temporary git global config as a safe directory
review	Post â¬‡ï¸ Checkout	2025-10-31T21:34:13.1855155Z [command]/usr/bin/git config --global --add safe.directory /home/runner/work/medplat/medplat
review	Post â¬‡ï¸ Checkout	2025-10-31T21:34:13.1895392Z [command]/usr/bin/git config --local --name-only --get-regexp core\.sshCommand
review	Post â¬‡ï¸ Checkout	2025-10-31T21:34:13.1933036Z [command]/usr/bin/git submodule foreach --recursive sh -c "git config --local --name-only --get-regexp 'core\.sshCommand' && git config --local --unset-all 'core.sshCommand' || :"
review	Post â¬‡ï¸ Checkout	2025-10-31T21:34:13.2191255Z [command]/usr/bin/git config --local --name-only --get-regexp http\.https\:\/\/github\.com\/\.extraheader
review	Post â¬‡ï¸ Checkout	2025-10-31T21:34:13.2213789Z http.https://github.com/.extraheader
review	Post â¬‡ï¸ Checkout	2025-10-31T21:34:13.2227271Z [command]/usr/bin/git config --local --unset-all http.https://github.com/.extraheader
review	Post â¬‡ï¸ Checkout	2025-10-31T21:34:13.2259733Z [command]/usr/bin/git submodule foreach --recursive sh -c "git config --local --name-only --get-regexp 'http\.https\:\/\/github\.com\/\.extraheader' && git config --local --unset-all 'http.https://github.com/.extraheader' || :"
review	Complete job	ï»¿2025-10-31T21:34:13.2586810Z Cleaning up orphan processes
