review	Set up job	﻿2025-10-31T21:34:07.1310588Z Current runner version: '2.329.0'
review	Set up job	2025-10-31T21:34:07.1335172Z ##[group]Runner Image Provisioner
review	Set up job	2025-10-31T21:34:07.1336060Z Hosted Compute Agent
review	Set up job	2025-10-31T21:34:07.1336589Z Version: 20251016.436
review	Set up job	2025-10-31T21:34:07.1337190Z Commit: 8ab8ac8bfd662a3739dab9fe09456aba92132568
review	Set up job	2025-10-31T21:34:07.1337819Z Build Date: 2025-10-15T20:44:12Z
review	Set up job	2025-10-31T21:34:07.1338475Z ##[endgroup]
review	Set up job	2025-10-31T21:34:07.1338990Z ##[group]Operating System
review	Set up job	2025-10-31T21:34:07.1339529Z Ubuntu
review	Set up job	2025-10-31T21:34:07.1340065Z 24.04.3
review	Set up job	2025-10-31T21:34:07.1340487Z LTS
review	Set up job	2025-10-31T21:34:07.1340919Z ##[endgroup]
review	Set up job	2025-10-31T21:34:07.1341430Z ##[group]Runner Image
review	Set up job	2025-10-31T21:34:07.1342171Z Image: ubuntu-24.04
review	Set up job	2025-10-31T21:34:07.1342644Z Version: 20251030.96.2
review	Set up job	2025-10-31T21:34:07.1343691Z Included Software: https://github.com/actions/runner-images/blob/ubuntu24/20251030.96/images/ubuntu/Ubuntu2404-Readme.md
review	Set up job	2025-10-31T21:34:07.1345035Z Image Release: https://github.com/actions/runner-images/releases/tag/ubuntu24%2F20251030.96
review	Set up job	2025-10-31T21:34:07.1346209Z ##[endgroup]
review	Set up job	2025-10-31T21:34:07.1347256Z ##[group]GITHUB_TOKEN Permissions
review	Set up job	2025-10-31T21:34:07.1349103Z Contents: read
review	Set up job	2025-10-31T21:34:07.1349677Z Metadata: read
review	Set up job	2025-10-31T21:34:07.1350234Z PullRequests: write
review	Set up job	2025-10-31T21:34:07.1350748Z ##[endgroup]
review	Set up job	2025-10-31T21:34:07.1353049Z Secret source: Actions
review	Set up job	2025-10-31T21:34:07.1353696Z Prepare workflow directory
review	Set up job	2025-10-31T21:34:07.1681092Z Prepare all required actions
review	Set up job	2025-10-31T21:34:07.1722001Z Getting action download info
review	Set up job	2025-10-31T21:34:07.6358794Z Download action repository 'actions/checkout@v4' (SHA:08eba0b27e820071cde6df949e0beb9ba4906955)
review	Set up job	2025-10-31T21:34:08.1723986Z Download action repository 'actions/upload-artifact@v4' (SHA:ea165f8d65b6e75b540449e92b4886f43607fa02)
review	Set up job	2025-10-31T21:34:08.2858224Z Download action repository 'actions/github-script@v7' (SHA:f28e40c7f34bde8b3046d885e986cb6290c5673b)
review	Set up job	2025-10-31T21:34:08.8373158Z Complete job name: review
review	⬇️ Checkout	﻿2025-10-31T21:34:08.9088392Z ##[group]Run actions/checkout@v4
review	⬇️ Checkout	2025-10-31T21:34:08.9089361Z with:
review	⬇️ Checkout	2025-10-31T21:34:08.9089810Z   repository: Tazaai/medplat
review	⬇️ Checkout	2025-10-31T21:34:08.9090523Z   token: ***
review	⬇️ Checkout	2025-10-31T21:34:08.9090918Z   ssh-strict: true
review	⬇️ Checkout	2025-10-31T21:34:08.9091339Z   ssh-user: git
review	⬇️ Checkout	2025-10-31T21:34:08.9091932Z   persist-credentials: true
review	⬇️ Checkout	2025-10-31T21:34:08.9092425Z   clean: true
review	⬇️ Checkout	2025-10-31T21:34:08.9092843Z   sparse-checkout-cone-mode: true
review	⬇️ Checkout	2025-10-31T21:34:08.9093342Z   fetch-depth: 1
review	⬇️ Checkout	2025-10-31T21:34:08.9093756Z   fetch-tags: false
review	⬇️ Checkout	2025-10-31T21:34:08.9094200Z   show-progress: true
review	⬇️ Checkout	2025-10-31T21:34:08.9094625Z   lfs: false
review	⬇️ Checkout	2025-10-31T21:34:08.9095003Z   submodules: false
review	⬇️ Checkout	2025-10-31T21:34:08.9095436Z   set-safe-directory: true
review	⬇️ Checkout	2025-10-31T21:34:08.9096162Z ##[endgroup]
review	⬇️ Checkout	2025-10-31T21:34:09.0192783Z Syncing repository: Tazaai/medplat
review	⬇️ Checkout	2025-10-31T21:34:09.0194599Z ##[group]Getting Git version info
review	⬇️ Checkout	2025-10-31T21:34:09.0195332Z Working directory is '/home/runner/work/medplat/medplat'
review	⬇️ Checkout	2025-10-31T21:34:09.0196302Z [command]/usr/bin/git version
review	⬇️ Checkout	2025-10-31T21:34:09.0279531Z git version 2.51.2
review	⬇️ Checkout	2025-10-31T21:34:09.0305502Z ##[endgroup]
review	⬇️ Checkout	2025-10-31T21:34:09.0319802Z Temporarily overriding HOME='/home/runner/work/_temp/7edb65bd-26cf-471f-9d6a-96b720d1b631' before making global git config changes
review	⬇️ Checkout	2025-10-31T21:34:09.0321285Z Adding repository directory to the temporary git global config as a safe directory
review	⬇️ Checkout	2025-10-31T21:34:09.0325095Z [command]/usr/bin/git config --global --add safe.directory /home/runner/work/medplat/medplat
review	⬇️ Checkout	2025-10-31T21:34:09.0360805Z Deleting the contents of '/home/runner/work/medplat/medplat'
review	⬇️ Checkout	2025-10-31T21:34:09.0364833Z ##[group]Initializing the repository
review	⬇️ Checkout	2025-10-31T21:34:09.0368566Z [command]/usr/bin/git init /home/runner/work/medplat/medplat
review	⬇️ Checkout	2025-10-31T21:34:09.0474198Z hint: Using 'master' as the name for the initial branch. This default branch name
review	⬇️ Checkout	2025-10-31T21:34:09.0475639Z hint: is subject to change. To configure the initial branch name to use in all
review	⬇️ Checkout	2025-10-31T21:34:09.0477024Z hint: of your new repositories, which will suppress this warning, call:
review	⬇️ Checkout	2025-10-31T21:34:09.0478087Z hint:
review	⬇️ Checkout	2025-10-31T21:34:09.0479305Z hint: 	git config --global init.defaultBranch <name>
review	⬇️ Checkout	2025-10-31T21:34:09.0480515Z hint:
review	⬇️ Checkout	2025-10-31T21:34:09.0481875Z hint: Names commonly chosen instead of 'master' are 'main', 'trunk' and
review	⬇️ Checkout	2025-10-31T21:34:09.0483863Z hint: 'development'. The just-created branch can be renamed via this command:
review	⬇️ Checkout	2025-10-31T21:34:09.0485356Z hint:
review	⬇️ Checkout	2025-10-31T21:34:09.0486083Z hint: 	git branch -m <name>
review	⬇️ Checkout	2025-10-31T21:34:09.0486909Z hint:
review	⬇️ Checkout	2025-10-31T21:34:09.0488004Z hint: Disable this message with "git config set advice.defaultBranchName false"
review	⬇️ Checkout	2025-10-31T21:34:09.0489997Z Initialized empty Git repository in /home/runner/work/medplat/medplat/.git/
review	⬇️ Checkout	2025-10-31T21:34:09.0493318Z [command]/usr/bin/git remote add origin https://github.com/Tazaai/medplat
review	⬇️ Checkout	2025-10-31T21:34:09.0526143Z ##[endgroup]
review	⬇️ Checkout	2025-10-31T21:34:09.0527476Z ##[group]Disabling automatic garbage collection
review	⬇️ Checkout	2025-10-31T21:34:09.0530961Z [command]/usr/bin/git config --local gc.auto 0
review	⬇️ Checkout	2025-10-31T21:34:09.0560203Z ##[endgroup]
review	⬇️ Checkout	2025-10-31T21:34:09.0561823Z ##[group]Setting up auth
review	⬇️ Checkout	2025-10-31T21:34:09.0568499Z [command]/usr/bin/git config --local --name-only --get-regexp core\.sshCommand
review	⬇️ Checkout	2025-10-31T21:34:09.0599202Z [command]/usr/bin/git submodule foreach --recursive sh -c "git config --local --name-only --get-regexp 'core\.sshCommand' && git config --local --unset-all 'core.sshCommand' || :"
review	⬇️ Checkout	2025-10-31T21:34:09.1015258Z [command]/usr/bin/git config --local --name-only --get-regexp http\.https\:\/\/github\.com\/\.extraheader
review	⬇️ Checkout	2025-10-31T21:34:09.1050368Z [command]/usr/bin/git submodule foreach --recursive sh -c "git config --local --name-only --get-regexp 'http\.https\:\/\/github\.com\/\.extraheader' && git config --local --unset-all 'http.https://github.com/.extraheader' || :"
review	⬇️ Checkout	2025-10-31T21:34:09.1282822Z [command]/usr/bin/git config --local http.https://github.com/.extraheader AUTHORIZATION: basic ***
review	⬇️ Checkout	2025-10-31T21:34:09.1327566Z ##[endgroup]
review	⬇️ Checkout	2025-10-31T21:34:09.1329033Z ##[group]Fetching the repository
review	⬇️ Checkout	2025-10-31T21:34:09.1338355Z [command]/usr/bin/git -c protocol.version=2 fetch --no-tags --prune --no-recurse-submodules --depth=1 origin +fa88cfa2cc54e365d4c4cd61b652eeb51154e2ea:refs/remotes/pull/18/merge
review	⬇️ Checkout	2025-10-31T21:34:10.9692932Z From https://github.com/Tazaai/medplat
review	⬇️ Checkout	2025-10-31T21:34:10.9694256Z  * [new ref]         fa88cfa2cc54e365d4c4cd61b652eeb51154e2ea -> pull/18/merge
review	⬇️ Checkout	2025-10-31T21:34:10.9725176Z ##[endgroup]
review	⬇️ Checkout	2025-10-31T21:34:10.9725728Z ##[group]Determining the checkout info
review	⬇️ Checkout	2025-10-31T21:34:10.9727491Z ##[endgroup]
review	⬇️ Checkout	2025-10-31T21:34:10.9732394Z [command]/usr/bin/git sparse-checkout disable
review	⬇️ Checkout	2025-10-31T21:34:10.9771318Z [command]/usr/bin/git config --local --unset-all extensions.worktreeConfig
review	⬇️ Checkout	2025-10-31T21:34:10.9797958Z ##[group]Checking out the ref
review	⬇️ Checkout	2025-10-31T21:34:10.9801305Z [command]/usr/bin/git checkout --progress --force refs/remotes/pull/18/merge
review	⬇️ Checkout	2025-10-31T21:34:11.0454252Z Note: switching to 'refs/remotes/pull/18/merge'.
review	⬇️ Checkout	2025-10-31T21:34:11.0454924Z 
review	⬇️ Checkout	2025-10-31T21:34:11.0455311Z You are in 'detached HEAD' state. You can look around, make experimental
review	⬇️ Checkout	2025-10-31T21:34:11.0455978Z changes and commit them, and you can discard any commits you make in this
review	⬇️ Checkout	2025-10-31T21:34:11.0456689Z state without impacting any branches by switching back to a branch.
review	⬇️ Checkout	2025-10-31T21:34:11.0457419Z 
review	⬇️ Checkout	2025-10-31T21:34:11.0457932Z If you want to create a new branch to retain commits you create, you may
review	⬇️ Checkout	2025-10-31T21:34:11.0459008Z do so (now or later) by using -c with the switch command. Example:
review	⬇️ Checkout	2025-10-31T21:34:11.0459650Z 
review	⬇️ Checkout	2025-10-31T21:34:11.0459938Z   git switch -c <new-branch-name>
review	⬇️ Checkout	2025-10-31T21:34:11.0460375Z 
review	⬇️ Checkout	2025-10-31T21:34:11.0460642Z Or undo this operation with:
review	⬇️ Checkout	2025-10-31T21:34:11.0461016Z 
review	⬇️ Checkout	2025-10-31T21:34:11.0461254Z   git switch -
review	⬇️ Checkout	2025-10-31T21:34:11.0461763Z 
review	⬇️ Checkout	2025-10-31T21:34:11.0462194Z Turn off this advice by setting config variable advice.detachedHead to false
review	⬇️ Checkout	2025-10-31T21:34:11.0462746Z 
review	⬇️ Checkout	2025-10-31T21:34:11.0463370Z HEAD is now at fa88cfa Merge e11d32e2c851dbffd0a729651fb8f1c92a97f4a9 into 13d4fe9e950be7f795c910c1f2d80d15ef051a44
review	⬇️ Checkout	2025-10-31T21:34:11.0465947Z ##[endgroup]
review	⬇️ Checkout	2025-10-31T21:34:11.0502268Z [command]/usr/bin/git log -1 --format=%H
review	⬇️ Checkout	2025-10-31T21:34:11.0524127Z fa88cfa2cc54e365d4c4cd61b652eeb51154e2ea
review	🧠 Run review_report.sh (CI-safe)	﻿2025-10-31T21:34:11.0722743Z ##[group]Run set -e
review	🧠 Run review_report.sh (CI-safe)	2025-10-31T21:34:11.0723148Z [36;1mset -e[0m
review	🧠 Run review_report.sh (CI-safe)	2025-10-31T21:34:11.0723554Z [36;1m# Run in CI-safe mode to avoid requiring local secrets, but still produce agent.md[0m
review	🧠 Run review_report.sh (CI-safe)	2025-10-31T21:34:11.0724061Z [36;1mGITHUB_ACTIONS=true ./review_report.sh || true[0m
review	🧠 Run review_report.sh (CI-safe)	2025-10-31T21:34:11.0724376Z [36;1mecho "---"[0m
review	🧠 Run review_report.sh (CI-safe)	2025-10-31T21:34:11.0724631Z [36;1mecho "agent.md preview:"[0m
review	🧠 Run review_report.sh (CI-safe)	2025-10-31T21:34:11.0725016Z [36;1mtest -f agent.md && sed -n '1,120p' agent.md || echo "agent.md not found"[0m
review	🧠 Run review_report.sh (CI-safe)	2025-10-31T21:34:11.0763836Z shell: /usr/bin/bash --noprofile --norc -e -o pipefail {0}
review	🧠 Run review_report.sh (CI-safe)	2025-10-31T21:34:11.0764243Z ##[endgroup]
review	🧠 Run review_report.sh (CI-safe)	2025-10-31T21:34:11.0843805Z /home/runner/work/_temp/897d0f5e-84fb-4b37-a12c-b988e4d5c4ae.sh: line 3: ./review_report.sh: Permission denied
review	🧠 Run review_report.sh (CI-safe)	2025-10-31T21:34:11.0845062Z ---
review	🧠 Run review_report.sh (CI-safe)	2025-10-31T21:34:11.0845477Z agent.md preview:
review	🧠 Run review_report.sh (CI-safe)	2025-10-31T21:34:11.0857296Z =====================================================
review	🧠 Run review_report.sh (CI-safe)	2025-10-31T21:34:11.0858071Z 🧠 MedPlat Diagnostic & Readiness Review
review	🧠 Run review_report.sh (CI-safe)	2025-10-31T21:34:11.0858644Z =====================================================
review	🧠 Run review_report.sh (CI-safe)	2025-10-31T21:34:11.0859376Z 📘 PROJECT_GUIDE.md found — master documentation loaded
review	🧠 Run review_report.sh (CI-safe)	2025-10-31T21:34:11.0859800Z 
review	🧠 Run review_report.sh (CI-safe)	2025-10-31T21:34:11.0860053Z ## 📁 Checking key directories...
review	🧠 Run review_report.sh (CI-safe)	2025-10-31T21:34:11.0860540Z ✅ backend/
review	🧠 Run review_report.sh (CI-safe)	2025-10-31T21:34:11.0860921Z ✅ frontend/
review	🧠 Run review_report.sh (CI-safe)	2025-10-31T21:34:11.0861689Z ✅ .github/workflows/
review	🧠 Run review_report.sh (CI-safe)	2025-10-31T21:34:11.0861987Z 
review	🧠 Run review_report.sh (CI-safe)	2025-10-31T21:34:11.0862345Z ## 🔐 Validating environment variables (GitHub Secrets expected)...
review	🧠 Run review_report.sh (CI-safe)	2025-10-31T21:34:11.0862780Z ❌ Missing OPENAI_API_KEY
review	🧠 Run review_report.sh (CI-safe)	2025-10-31T21:34:11.0863070Z ❌ Missing GCP_PROJECT
review	🧠 Run review_report.sh (CI-safe)	2025-10-31T21:34:11.0863335Z ❌ Missing GCP_SA_KEY
review	🧠 Run review_report.sh (CI-safe)	2025-10-31T21:34:11.0863621Z ❌ Missing FIREBASE_SERVICE_KEY
review	🧠 Run review_report.sh (CI-safe)	2025-10-31T21:34:11.0863913Z ❌ Missing VITE_API_BASE
review	🧠 Run review_report.sh (CI-safe)	2025-10-31T21:34:11.0864380Z 🚨 5 required secrets missing. Configure them in GitHub → Settings → Secrets → Actions.
review	🧠 Run review_report.sh (CI-safe)	2025-10-31T21:34:11.0864785Z 
review	🧠 Run review_report.sh (CI-safe)	2025-10-31T21:34:11.0864928Z ## 🧱 Backend diagnostics...
review	🧠 Run review_report.sh (CI-safe)	2025-10-31T21:34:11.0865225Z ✅ backend/index.js found
review	🧠 Run review_report.sh (CI-safe)	2025-10-31T21:34:11.0865587Z ✅ Port binding OK
review	🧠 Run review_report.sh (CI-safe)	2025-10-31T21:34:11.0865833Z ✅ Host binding OK
review	🧠 Run review_report.sh (CI-safe)	2025-10-31T21:34:11.0866076Z ✅ Routes mounted
review	🧠 Run review_report.sh (CI-safe)	2025-10-31T21:34:11.0866213Z 
review	🧠 Run review_report.sh (CI-safe)	2025-10-31T21:34:11.0866338Z ## 🧩 Backend routes...
review	🧠 Run review_report.sh (CI-safe)	2025-10-31T21:34:11.0866621Z ✅ topics_api.mjs present
review	🧠 Run review_report.sh (CI-safe)	2025-10-31T21:34:11.0866904Z ✅ dialog_api.mjs present
review	🧠 Run review_report.sh (CI-safe)	2025-10-31T21:34:11.0867176Z ✅ gamify_api.mjs present
review	🧠 Run review_report.sh (CI-safe)	2025-10-31T21:34:11.0867452Z ✅ comment_api.mjs present
review	🧠 Run review_report.sh (CI-safe)	2025-10-31T21:34:11.0867613Z 
review	🧠 Run review_report.sh (CI-safe)	2025-10-31T21:34:11.0867750Z ## 🎨 Frontend diagnostics...
review	🧠 Run review_report.sh (CI-safe)	2025-10-31T21:34:11.0868049Z ✅ CaseView.jsx present
review	🧠 Run review_report.sh (CI-safe)	2025-10-31T21:34:11.0868335Z ✅ Level2CaseLogic.jsx present
review	🧠 Run review_report.sh (CI-safe)	2025-10-31T21:34:11.0868633Z ✅ DialogChat.jsx present
review	🧠 Run review_report.sh (CI-safe)	2025-10-31T21:34:11.0868793Z 
review	🧠 Run review_report.sh (CI-safe)	2025-10-31T21:34:11.0868929Z ## 🔥 Firebase configuration...
review	🧠 Run review_report.sh (CI-safe)	2025-10-31T21:34:11.0869255Z ✅ Firebase client found
review	🧠 Run review_report.sh (CI-safe)	2025-10-31T21:34:11.0869518Z ✅ Firebase initialized
review	🧠 Run review_report.sh (CI-safe)	2025-10-31T21:34:11.0869677Z 
review	🧠 Run review_report.sh (CI-safe)	2025-10-31T21:34:11.0869813Z ## 🧠 OpenAI configuration...
review	🧠 Run review_report.sh (CI-safe)	2025-10-31T21:34:11.0870134Z ⚠️ OpenAI API key reference missing
review	🧠 Run review_report.sh (CI-safe)	2025-10-31T21:34:11.0870352Z 
review	🧠 Run review_report.sh (CI-safe)	2025-10-31T21:34:11.0870494Z ## 🐳 Docker & Cloud Run config...
review	🧠 Run review_report.sh (CI-safe)	2025-10-31T21:34:11.0870797Z ✅ Backend Dockerfile OK
review	🧠 Run review_report.sh (CI-safe)	2025-10-31T21:34:11.0871066Z ✅ Frontend Dockerfile OK
review	🧠 Run review_report.sh (CI-safe)	2025-10-31T21:34:11.0871228Z 
review	🧠 Run review_report.sh (CI-safe)	2025-10-31T21:34:11.0871367Z ## ⚙️ GitHub Actions workflow...
review	🧠 Run review_report.sh (CI-safe)	2025-10-31T21:34:11.0871905Z ✅ deploy.yml found
review	🧠 Run review_report.sh (CI-safe)	2025-10-31T21:34:11.0872224Z ✅ Artifact Registry configured
review	🧠 Run review_report.sh (CI-safe)	2025-10-31T21:34:11.0872460Z 
review	🧠 Run review_report.sh (CI-safe)	2025-10-31T21:34:11.0872575Z =====================================================
review	🧠 Run review_report.sh (CI-safe)	2025-10-31T21:34:11.0872878Z 📊 SUMMARY
review	🧠 Run review_report.sh (CI-safe)	2025-10-31T21:34:11.0873111Z =====================================================
review	🧠 Run review_report.sh (CI-safe)	2025-10-31T21:34:11.0873384Z Backend: OK
review	🧠 Run review_report.sh (CI-safe)	2025-10-31T21:34:11.0873596Z Frontend: OK
review	🧠 Run review_report.sh (CI-safe)	2025-10-31T21:34:11.0873826Z Secrets configured: 0 / 5
review	🧠 Run review_report.sh (CI-safe)	2025-10-31T21:34:11.0874317Z =====================================================
review	🧠 Run review_report.sh (CI-safe)	2025-10-31T21:34:11.0874681Z 🚨 Deployment NOT READY — missing secrets.
review	📎 Upload agent.md artifact	﻿2025-10-31T21:34:11.0940660Z ##[group]Run actions/upload-artifact@v4
review	📎 Upload agent.md artifact	2025-10-31T21:34:11.0941022Z with:
review	📎 Upload agent.md artifact	2025-10-31T21:34:11.0941237Z   name: agent-md
review	📎 Upload agent.md artifact	2025-10-31T21:34:11.0941463Z   path: agent.md
review	📎 Upload agent.md artifact	2025-10-31T21:34:11.0941991Z   if-no-files-found: warn
review	📎 Upload agent.md artifact	2025-10-31T21:34:11.0942262Z   compression-level: 6
review	📎 Upload agent.md artifact	2025-10-31T21:34:11.0942516Z   overwrite: false
review	📎 Upload agent.md artifact	2025-10-31T21:34:11.0942765Z   include-hidden-files: false
review	📎 Upload agent.md artifact	2025-10-31T21:34:11.0943026Z ##[endgroup]
review	📎 Upload agent.md artifact	2025-10-31T21:34:11.3057753Z With the provided path, there will be 1 file uploaded
review	📎 Upload agent.md artifact	2025-10-31T21:34:11.3063486Z Artifact name is valid!
review	📎 Upload agent.md artifact	2025-10-31T21:34:11.3064779Z Root directory input is valid!
review	📎 Upload agent.md artifact	2025-10-31T21:34:11.6241028Z Beginning upload of artifact content to blob storage
review	📎 Upload agent.md artifact	2025-10-31T21:34:11.9319605Z Uploaded bytes 818
review	📎 Upload agent.md artifact	2025-10-31T21:34:12.0137643Z Finished uploading artifact content to blob storage!
review	📎 Upload agent.md artifact	2025-10-31T21:34:12.0141101Z SHA256 digest of uploaded artifact zip is 4407dd46fe9682e364adc8e18929c31761424607cae42e72a8ceb81e255d3358
review	📎 Upload agent.md artifact	2025-10-31T21:34:12.0143200Z Finalizing artifact upload
review	📎 Upload agent.md artifact	2025-10-31T21:34:12.1897613Z Artifact agent-md.zip successfully finalized. Artifact ID 4434480679
review	📎 Upload agent.md artifact	2025-10-31T21:34:12.1898711Z Artifact agent-md has been successfully uploaded! Final size is 818 bytes. Artifact ID is 4434480679
review	📎 Upload agent.md artifact	2025-10-31T21:34:12.1906137Z Artifact download URL: https://github.com/Tazaai/medplat/actions/runs/18985786408/artifacts/4434480679
review	💬 Comment review report on PR	﻿2025-10-31T21:34:12.2052185Z ##[group]Run actions/github-script@v7
review	💬 Comment review report on PR	2025-10-31T21:34:12.2052484Z with:
review	💬 Comment review report on PR	2025-10-31T21:34:12.2054352Z   script: const fs = require('fs');
review	💬 Comment review report on PR	const path = 'agent.md';
review	💬 Comment review report on PR	let body = fs.existsSync(path) ? fs.readFileSync(path, 'utf8') : 'agent.md not found';
review	💬 Comment review report on PR	// Truncate to avoid hitting GitHub comment limits
review	💬 Comment review report on PR	const MAX = 60000;
review	💬 Comment review report on PR	if (body.length > MAX) body = body.slice(0, MAX) + '\n\n… (truncated)';
review	💬 Comment review report on PR	const number = context.payload.pull_request?.number;
review	💬 Comment review report on PR	if (!number) {
review	💬 Comment review report on PR	  core.info('No PR number — skipping comment');
review	💬 Comment review report on PR	} else {
review	💬 Comment review report on PR	  await github.rest.issues.createComment({
review	💬 Comment review report on PR	    owner: context.repo.owner,
review	💬 Comment review report on PR	    repo: context.repo.repo,
review	💬 Comment review report on PR	    issue_number: number,
review	💬 Comment review report on PR	    body: `🧠 MedPlat – review_report.sh output (CI mode)\n\n\n\n\n${'```'}\n${body}\n${'```'}`
review	💬 Comment review report on PR	  });
review	💬 Comment review report on PR	}
review	💬 Comment review report on PR	
review	💬 Comment review report on PR	2025-10-31T21:34:12.2056371Z   github-token: ***
review	💬 Comment review report on PR	2025-10-31T21:34:12.2056570Z   debug: false
review	💬 Comment review report on PR	2025-10-31T21:34:12.2056774Z   user-agent: actions/github-script
review	💬 Comment review report on PR	2025-10-31T21:34:12.2057036Z   result-encoding: json
review	💬 Comment review report on PR	2025-10-31T21:34:12.2057234Z   retries: 0
review	💬 Comment review report on PR	2025-10-31T21:34:12.2057491Z   retry-exempt-status-codes: 400,401,403,404,422
review	💬 Comment review report on PR	2025-10-31T21:34:12.2057770Z ##[endgroup]
review	Post ⬇️ Checkout	﻿2025-10-31T21:34:13.0786063Z Post job cleanup.
review	Post ⬇️ Checkout	2025-10-31T21:34:13.1749773Z [command]/usr/bin/git version
review	Post ⬇️ Checkout	2025-10-31T21:34:13.1792204Z git version 2.51.2
review	Post ⬇️ Checkout	2025-10-31T21:34:13.1848269Z Temporarily overriding HOME='/home/runner/work/_temp/b0bda537-2da9-412b-a62a-2aa3ecb60a19' before making global git config changes
review	Post ⬇️ Checkout	2025-10-31T21:34:13.1849643Z Adding repository directory to the temporary git global config as a safe directory
review	Post ⬇️ Checkout	2025-10-31T21:34:13.1855155Z [command]/usr/bin/git config --global --add safe.directory /home/runner/work/medplat/medplat
review	Post ⬇️ Checkout	2025-10-31T21:34:13.1895392Z [command]/usr/bin/git config --local --name-only --get-regexp core\.sshCommand
review	Post ⬇️ Checkout	2025-10-31T21:34:13.1933036Z [command]/usr/bin/git submodule foreach --recursive sh -c "git config --local --name-only --get-regexp 'core\.sshCommand' && git config --local --unset-all 'core.sshCommand' || :"
review	Post ⬇️ Checkout	2025-10-31T21:34:13.2191255Z [command]/usr/bin/git config --local --name-only --get-regexp http\.https\:\/\/github\.com\/\.extraheader
review	Post ⬇️ Checkout	2025-10-31T21:34:13.2213789Z http.https://github.com/.extraheader
review	Post ⬇️ Checkout	2025-10-31T21:34:13.2227271Z [command]/usr/bin/git config --local --unset-all http.https://github.com/.extraheader
review	Post ⬇️ Checkout	2025-10-31T21:34:13.2259733Z [command]/usr/bin/git submodule foreach --recursive sh -c "git config --local --name-only --get-regexp 'http\.https\:\/\/github\.com\/\.extraheader' && git config --local --unset-all 'http.https://github.com/.extraheader' || :"
review	Complete job	﻿2025-10-31T21:34:13.2586810Z Cleaning up orphan processes
