validate-secrets	Set up job	﻿2025-10-31T21:32:55.6795524Z Current runner version: '2.329.0'
validate-secrets	Set up job	2025-10-31T21:32:55.6844386Z ##[group]Runner Image Provisioner
validate-secrets	Set up job	2025-10-31T21:32:55.6845706Z Hosted Compute Agent
validate-secrets	Set up job	2025-10-31T21:32:55.6846640Z Version: 20251016.436
validate-secrets	Set up job	2025-10-31T21:32:55.6847738Z Commit: 8ab8ac8bfd662a3739dab9fe09456aba92132568
validate-secrets	Set up job	2025-10-31T21:32:55.6848847Z Build Date: 2025-10-15T20:44:12Z
validate-secrets	Set up job	2025-10-31T21:32:55.6849787Z ##[endgroup]
validate-secrets	Set up job	2025-10-31T21:32:55.6851010Z ##[group]Operating System
validate-secrets	Set up job	2025-10-31T21:32:55.6851921Z Ubuntu
validate-secrets	Set up job	2025-10-31T21:32:55.6852795Z 24.04.3
validate-secrets	Set up job	2025-10-31T21:32:55.6853642Z LTS
validate-secrets	Set up job	2025-10-31T21:32:55.6854425Z ##[endgroup]
validate-secrets	Set up job	2025-10-31T21:32:55.6855304Z ##[group]Runner Image
validate-secrets	Set up job	2025-10-31T21:32:55.6856189Z Image: ubuntu-24.04
validate-secrets	Set up job	2025-10-31T21:32:55.6857072Z Version: 20251030.96.2
validate-secrets	Set up job	2025-10-31T21:32:55.6858524Z Included Software: https://github.com/actions/runner-images/blob/ubuntu24/20251030.96/images/ubuntu/Ubuntu2404-Readme.md
validate-secrets	Set up job	2025-10-31T21:32:55.6860546Z Image Release: https://github.com/actions/runner-images/releases/tag/ubuntu24%2F20251030.96
validate-secrets	Set up job	2025-10-31T21:32:55.6862308Z ##[endgroup]
validate-secrets	Set up job	2025-10-31T21:32:55.6864085Z ##[group]GITHUB_TOKEN Permissions
validate-secrets	Set up job	2025-10-31T21:32:55.6866361Z Contents: read
validate-secrets	Set up job	2025-10-31T21:32:55.6867367Z Metadata: read
validate-secrets	Set up job	2025-10-31T21:32:55.6868180Z ##[endgroup]
validate-secrets	Set up job	2025-10-31T21:32:55.6870740Z Secret source: Actions
validate-secrets	Set up job	2025-10-31T21:32:55.6871897Z Prepare workflow directory
validate-secrets	Set up job	2025-10-31T21:32:55.7196301Z Prepare all required actions
validate-secrets	Set up job	2025-10-31T21:32:55.7235841Z Getting action download info
validate-secrets	Set up job	2025-10-31T21:32:56.1545661Z Download action repository 'actions/checkout@v4' (SHA:08eba0b27e820071cde6df949e0beb9ba4906955)
validate-secrets	Set up job	2025-10-31T21:32:56.3964616Z Complete job name: validate-secrets
validate-secrets	Run actions/checkout@v4	﻿2025-10-31T21:32:56.4651412Z ##[group]Run actions/checkout@v4
validate-secrets	Run actions/checkout@v4	2025-10-31T21:32:56.4652544Z with:
validate-secrets	Run actions/checkout@v4	2025-10-31T21:32:56.4653236Z   repository: Tazaai/medplat
validate-secrets	Run actions/checkout@v4	2025-10-31T21:32:56.4654322Z   token: ***
validate-secrets	Run actions/checkout@v4	2025-10-31T21:32:56.4654968Z   ssh-strict: true
validate-secrets	Run actions/checkout@v4	2025-10-31T21:32:56.4655626Z   ssh-user: git
validate-secrets	Run actions/checkout@v4	2025-10-31T21:32:56.4656294Z   persist-credentials: true
validate-secrets	Run actions/checkout@v4	2025-10-31T21:32:56.4657005Z   clean: true
validate-secrets	Run actions/checkout@v4	2025-10-31T21:32:56.4657695Z   sparse-checkout-cone-mode: true
validate-secrets	Run actions/checkout@v4	2025-10-31T21:32:56.4658438Z   fetch-depth: 1
validate-secrets	Run actions/checkout@v4	2025-10-31T21:32:56.4659086Z   fetch-tags: false
validate-secrets	Run actions/checkout@v4	2025-10-31T21:32:56.4659753Z   show-progress: true
validate-secrets	Run actions/checkout@v4	2025-10-31T21:32:56.4660555Z   lfs: false
validate-secrets	Run actions/checkout@v4	2025-10-31T21:32:56.4661207Z   submodules: false
validate-secrets	Run actions/checkout@v4	2025-10-31T21:32:56.4661875Z   set-safe-directory: true
validate-secrets	Run actions/checkout@v4	2025-10-31T21:32:56.4662867Z ##[endgroup]
validate-secrets	Run actions/checkout@v4	2025-10-31T21:32:56.5731521Z Syncing repository: Tazaai/medplat
validate-secrets	Run actions/checkout@v4	2025-10-31T21:32:56.5733641Z ##[group]Getting Git version info
validate-secrets	Run actions/checkout@v4	2025-10-31T21:32:56.5734595Z Working directory is '/home/runner/work/medplat/medplat'
validate-secrets	Run actions/checkout@v4	2025-10-31T21:32:56.5735947Z [command]/usr/bin/git version
validate-secrets	Run actions/checkout@v4	2025-10-31T21:32:56.5816773Z git version 2.51.2
validate-secrets	Run actions/checkout@v4	2025-10-31T21:32:56.5843323Z ##[endgroup]
validate-secrets	Run actions/checkout@v4	2025-10-31T21:32:56.5864985Z Temporarily overriding HOME='/home/runner/work/_temp/fb2936f5-0086-41ac-9653-e31e39f44d1e' before making global git config changes
validate-secrets	Run actions/checkout@v4	2025-10-31T21:32:56.5867909Z Adding repository directory to the temporary git global config as a safe directory
validate-secrets	Run actions/checkout@v4	2025-10-31T21:32:56.5871066Z [command]/usr/bin/git config --global --add safe.directory /home/runner/work/medplat/medplat
validate-secrets	Run actions/checkout@v4	2025-10-31T21:32:56.5906440Z Deleting the contents of '/home/runner/work/medplat/medplat'
validate-secrets	Run actions/checkout@v4	2025-10-31T21:32:56.5910570Z ##[group]Initializing the repository
validate-secrets	Run actions/checkout@v4	2025-10-31T21:32:56.5915171Z [command]/usr/bin/git init /home/runner/work/medplat/medplat
validate-secrets	Run actions/checkout@v4	2025-10-31T21:32:56.6005455Z hint: Using 'master' as the name for the initial branch. This default branch name
validate-secrets	Run actions/checkout@v4	2025-10-31T21:32:56.6006936Z hint: is subject to change. To configure the initial branch name to use in all
validate-secrets	Run actions/checkout@v4	2025-10-31T21:32:56.6008241Z hint: of your new repositories, which will suppress this warning, call:
validate-secrets	Run actions/checkout@v4	2025-10-31T21:32:56.6009632Z hint:
validate-secrets	Run actions/checkout@v4	2025-10-31T21:32:56.6010608Z hint: 	git config --global init.defaultBranch <name>
validate-secrets	Run actions/checkout@v4	2025-10-31T21:32:56.6011467Z hint:
validate-secrets	Run actions/checkout@v4	2025-10-31T21:32:56.6012287Z hint: Names commonly chosen instead of 'master' are 'main', 'trunk' and
validate-secrets	Run actions/checkout@v4	2025-10-31T21:32:56.6013456Z hint: 'development'. The just-created branch can be renamed via this command:
validate-secrets	Run actions/checkout@v4	2025-10-31T21:32:56.6015030Z hint:
validate-secrets	Run actions/checkout@v4	2025-10-31T21:32:56.6015680Z hint: 	git branch -m <name>
validate-secrets	Run actions/checkout@v4	2025-10-31T21:32:56.6016365Z hint:
validate-secrets	Run actions/checkout@v4	2025-10-31T21:32:56.6017198Z hint: Disable this message with "git config set advice.defaultBranchName false"
validate-secrets	Run actions/checkout@v4	2025-10-31T21:32:56.6018462Z Initialized empty Git repository in /home/runner/work/medplat/medplat/.git/
validate-secrets	Run actions/checkout@v4	2025-10-31T21:32:56.6021114Z [command]/usr/bin/git remote add origin https://github.com/Tazaai/medplat
validate-secrets	Run actions/checkout@v4	2025-10-31T21:32:56.6053650Z ##[endgroup]
validate-secrets	Run actions/checkout@v4	2025-10-31T21:32:56.6054768Z ##[group]Disabling automatic garbage collection
validate-secrets	Run actions/checkout@v4	2025-10-31T21:32:56.6057416Z [command]/usr/bin/git config --local gc.auto 0
validate-secrets	Run actions/checkout@v4	2025-10-31T21:32:56.6085085Z ##[endgroup]
validate-secrets	Run actions/checkout@v4	2025-10-31T21:32:56.6086158Z ##[group]Setting up auth
validate-secrets	Run actions/checkout@v4	2025-10-31T21:32:56.6091927Z [command]/usr/bin/git config --local --name-only --get-regexp core\.sshCommand
validate-secrets	Run actions/checkout@v4	2025-10-31T21:32:56.6120660Z [command]/usr/bin/git submodule foreach --recursive sh -c "git config --local --name-only --get-regexp 'core\.sshCommand' && git config --local --unset-all 'core.sshCommand' || :"
validate-secrets	Run actions/checkout@v4	2025-10-31T21:32:56.6485053Z [command]/usr/bin/git config --local --name-only --get-regexp http\.https\:\/\/github\.com\/\.extraheader
validate-secrets	Run actions/checkout@v4	2025-10-31T21:32:56.6513339Z [command]/usr/bin/git submodule foreach --recursive sh -c "git config --local --name-only --get-regexp 'http\.https\:\/\/github\.com\/\.extraheader' && git config --local --unset-all 'http.https://github.com/.extraheader' || :"
validate-secrets	Run actions/checkout@v4	2025-10-31T21:32:56.6749307Z [command]/usr/bin/git config --local http.https://github.com/.extraheader AUTHORIZATION: basic ***
validate-secrets	Run actions/checkout@v4	2025-10-31T21:32:56.6790010Z ##[endgroup]
validate-secrets	Run actions/checkout@v4	2025-10-31T21:32:56.6798598Z ##[group]Fetching the repository
validate-secrets	Run actions/checkout@v4	2025-10-31T21:32:56.6801307Z [command]/usr/bin/git -c protocol.version=2 fetch --no-tags --prune --no-recurse-submodules --depth=1 origin +13d4fe9e950be7f795c910c1f2d80d15ef051a44:refs/remotes/origin/main
validate-secrets	Run actions/checkout@v4	2025-10-31T21:32:58.4593506Z From https://github.com/Tazaai/medplat
validate-secrets	Run actions/checkout@v4	2025-10-31T21:32:58.4595876Z  * [new ref]         13d4fe9e950be7f795c910c1f2d80d15ef051a44 -> origin/main
validate-secrets	Run actions/checkout@v4	2025-10-31T21:32:58.4625658Z ##[endgroup]
validate-secrets	Run actions/checkout@v4	2025-10-31T21:32:58.4627578Z ##[group]Determining the checkout info
validate-secrets	Run actions/checkout@v4	2025-10-31T21:32:58.4629376Z ##[endgroup]
validate-secrets	Run actions/checkout@v4	2025-10-31T21:32:58.4631606Z [command]/usr/bin/git sparse-checkout disable
validate-secrets	Run actions/checkout@v4	2025-10-31T21:32:58.4671255Z [command]/usr/bin/git config --local --unset-all extensions.worktreeConfig
validate-secrets	Run actions/checkout@v4	2025-10-31T21:32:58.4699437Z ##[group]Checking out the ref
validate-secrets	Run actions/checkout@v4	2025-10-31T21:32:58.4701667Z [command]/usr/bin/git checkout --progress --force -B main refs/remotes/origin/main
validate-secrets	Run actions/checkout@v4	2025-10-31T21:32:58.5354592Z Switched to a new branch 'main'
validate-secrets	Run actions/checkout@v4	2025-10-31T21:32:58.5357074Z branch 'main' set up to track 'origin/main'.
validate-secrets	Run actions/checkout@v4	2025-10-31T21:32:58.5365449Z ##[endgroup]
validate-secrets	Run actions/checkout@v4	2025-10-31T21:32:58.5399458Z [command]/usr/bin/git log -1 --format=%H
validate-secrets	Run actions/checkout@v4	2025-10-31T21:32:58.5421270Z 13d4fe9e950be7f795c910c1f2d80d15ef051a44
validate-secrets	🔐 Validate Secrets	﻿2025-10-31T21:32:58.5635495Z ##[group]Run MISSING=0
validate-secrets	🔐 Validate Secrets	2025-10-31T21:32:58.5636423Z [36;1mMISSING=0[0m
validate-secrets	🔐 Validate Secrets	2025-10-31T21:32:58.5637422Z [36;1m# Required always: OPENAI_API_KEY, GCP_PROJECT, FIREBASE_SERVICE_KEY[0m
validate-secrets	🔐 Validate Secrets	2025-10-31T21:32:58.5638692Z [36;1mfor name in OPENAI_API_KEY GCP_PROJECT FIREBASE_SERVICE_KEY; do[0m
validate-secrets	🔐 Validate Secrets	2025-10-31T21:32:58.5639714Z [36;1m  val="$(printenv "$name")"[0m
validate-secrets	🔐 Validate Secrets	2025-10-31T21:32:58.5640724Z [36;1m  if [ -z "$val" ]; then[0m
validate-secrets	🔐 Validate Secrets	2025-10-31T21:32:58.5641566Z [36;1m    echo "❌ $name missing"[0m
validate-secrets	🔐 Validate Secrets	2025-10-31T21:32:58.5642400Z [36;1m    MISSING=$((MISSING+1))[0m
validate-secrets	🔐 Validate Secrets	2025-10-31T21:32:58.5643197Z [36;1m  else[0m
validate-secrets	🔐 Validate Secrets	2025-10-31T21:32:58.5644065Z [36;1m    echo "✅ $name present (len=$(printf '%s' \"$val\" | wc -c))"[0m
validate-secrets	🔐 Validate Secrets	2025-10-31T21:32:58.5645046Z [36;1m  fi[0m
validate-secrets	🔐 Validate Secrets	2025-10-31T21:32:58.5645725Z [36;1mdone[0m
validate-secrets	🔐 Validate Secrets	2025-10-31T21:32:58.5646406Z [36;1m[0m
validate-secrets	🔐 Validate Secrets	2025-10-31T21:32:58.5647298Z [36;1m# For GCP authentication we accept either a service account key JSON[0m
validate-secrets	🔐 Validate Secrets	2025-10-31T21:32:58.5648545Z [36;1m# in GCP_SA_KEY, or Workload Identity Federation configuration via[0m
validate-secrets	🔐 Validate Secrets	2025-10-31T21:32:58.5649808Z [36;1m# WORKLOAD_IDENTITY_PROVIDER + WORKLOAD_IDENTITY_SERVICE_ACCOUNT.[0m
validate-secrets	🔐 Validate Secrets	2025-10-31T21:32:58.5651255Z [36;1mif [ -n "$(printenv GCP_SA_KEY)" ]; then[0m
validate-secrets	🔐 Validate Secrets	2025-10-31T21:32:58.5652268Z [36;1m  echo "✅ GCP_SA_KEY present (service-account key)"[0m
validate-secrets	🔐 Validate Secrets	2025-10-31T21:32:58.5653198Z [36;1m  AUTH="sa"[0m
validate-secrets	🔐 Validate Secrets	2025-10-31T21:32:58.5654381Z [36;1melif [ -n "$(printenv WORKLOAD_IDENTITY_PROVIDER)" ] && [ -n "$(printenv WORKLOAD_IDENTITY_SERVICE_ACCOUNT)" ]; then[0m
validate-secrets	🔐 Validate Secrets	2025-10-31T21:32:58.5655835Z [36;1m  echo "✅ Workload Identity provider and service account present"[0m
validate-secrets	🔐 Validate Secrets	2025-10-31T21:32:58.5656832Z [36;1m  AUTH="wif"[0m
validate-secrets	🔐 Validate Secrets	2025-10-31T21:32:58.5657543Z [36;1melse[0m
validate-secrets	🔐 Validate Secrets	2025-10-31T21:32:58.5723190Z [36;1m  echo "❌ GCP auth configuration missing: provide either GCP_SA_KEY or WORKLOAD_IDENTITY_PROVIDER + WORKLOAD_IDENTITY_SERVICE_ACCOUNT"[0m
validate-secrets	🔐 Validate Secrets	2025-10-31T21:32:58.5725002Z [36;1m  MISSING=$((MISSING+1))[0m
validate-secrets	🔐 Validate Secrets	2025-10-31T21:32:58.5725806Z [36;1mfi[0m
validate-secrets	🔐 Validate Secrets	2025-10-31T21:32:58.5726494Z [36;1m[0m
validate-secrets	🔐 Validate Secrets	2025-10-31T21:32:58.5727209Z [36;1mif [ $MISSING -eq 0 ]; then[0m
validate-secrets	🔐 Validate Secrets	2025-10-31T21:32:58.5728103Z [36;1m  echo "ok=true" >> $GITHUB_OUTPUT[0m
validate-secrets	🔐 Validate Secrets	2025-10-31T21:32:58.5729080Z [36;1m  # export which auth method to use: 'sa' or 'wif'[0m
validate-secrets	🔐 Validate Secrets	2025-10-31T21:32:58.5730371Z [36;1m  # default to 'sa' if both present prefer service-account key (we set AUTH above)[0m
validate-secrets	🔐 Validate Secrets	2025-10-31T21:32:58.5731471Z [36;1m  if [ -z "$AUTH" ]; then[0m
validate-secrets	🔐 Validate Secrets	2025-10-31T21:32:58.5732261Z [36;1m    AUTH="sa"[0m
validate-secrets	🔐 Validate Secrets	2025-10-31T21:32:58.5732981Z [36;1m  fi[0m
validate-secrets	🔐 Validate Secrets	2025-10-31T21:32:58.5733704Z [36;1m  echo "auth=$AUTH" >> $GITHUB_OUTPUT[0m
validate-secrets	🔐 Validate Secrets	2025-10-31T21:32:58.5734586Z [36;1melse[0m
validate-secrets	🔐 Validate Secrets	2025-10-31T21:32:58.5735388Z [36;1m  echo "ok=false" >> $GITHUB_OUTPUT[0m
validate-secrets	🔐 Validate Secrets	2025-10-31T21:32:58.5736237Z [36;1m  exit 1[0m
validate-secrets	🔐 Validate Secrets	2025-10-31T21:32:58.5736907Z [36;1mfi[0m
validate-secrets	🔐 Validate Secrets	2025-10-31T21:32:58.5774264Z shell: /usr/bin/bash -e ***0***
validate-secrets	🔐 Validate Secrets	2025-10-31T21:32:58.5775137Z env:
validate-secrets	🔐 Validate Secrets	2025-10-31T21:32:58.5776962Z   OPENAI_API_KEY: ***
validate-secrets	🔐 Validate Secrets	2025-10-31T21:32:58.5777734Z   GCP_PROJECT: ***
validate-secrets	🔐 Validate Secrets	2025-10-31T21:32:58.5795958Z   GCP_SA_KEY: ***
validate-secrets	🔐 Validate Secrets	
validate-secrets	🔐 Validate Secrets	2025-10-31T21:32:58.5797464Z   WORKLOAD_IDENTITY_PROVIDER: ***
validate-secrets	🔐 Validate Secrets	2025-10-31T21:32:58.5798679Z   WORKLOAD_IDENTITY_SERVICE_ACCOUNT: ***
validate-secrets	🔐 Validate Secrets	2025-10-31T21:32:58.5817510Z   FIREBASE_SERVICE_KEY: ***
validate-secrets	🔐 Validate Secrets	
validate-secrets	🔐 Validate Secrets	2025-10-31T21:32:58.5818297Z ##[endgroup]
validate-secrets	🔐 Validate Secrets	2025-10-31T21:32:58.6088570Z ✅ OPENAI_API_KEY present (len=166)
validate-secrets	🔐 Validate Secrets	2025-10-31T21:32:58.6116252Z ✅ GCP_PROJECT present (len=16)
validate-secrets	🔐 Validate Secrets	2025-10-31T21:32:58.6144620Z ✅ FIREBASE_SERVICE_KEY present (len=2334)
validate-secrets	🔐 Validate Secrets	2025-10-31T21:32:58.6157213Z ✅ GCP_SA_KEY present (service-account key)
validate-secrets	Post Run actions/checkout@v4	﻿2025-10-31T21:32:58.6306067Z Post job cleanup.
validate-secrets	Post Run actions/checkout@v4	2025-10-31T21:32:58.7234219Z [command]/usr/bin/git version
validate-secrets	Post Run actions/checkout@v4	2025-10-31T21:32:58.7269244Z git version 2.51.2
validate-secrets	Post Run actions/checkout@v4	2025-10-31T21:32:58.7311052Z Temporarily overriding HOME='/home/runner/work/_temp/8be1830a-8b93-4a7b-9a1a-308bc2684fa3' before making global git config changes
validate-secrets	Post Run actions/checkout@v4	2025-10-31T21:32:58.7313169Z Adding repository directory to the temporary git global config as a safe directory
validate-secrets	Post Run actions/checkout@v4	2025-10-31T21:32:58.7322398Z [command]/usr/bin/git config --global --add safe.directory /home/runner/work/medplat/medplat
validate-secrets	Post Run actions/checkout@v4	2025-10-31T21:32:58.7355952Z [command]/usr/bin/git config --local --name-only --get-regexp core\.sshCommand
validate-secrets	Post Run actions/checkout@v4	2025-10-31T21:32:58.7388130Z [command]/usr/bin/git submodule foreach --recursive sh -c "git config --local --name-only --get-regexp 'core\.sshCommand' && git config --local --unset-all 'core.sshCommand' || :"
validate-secrets	Post Run actions/checkout@v4	2025-10-31T21:32:58.7631054Z [command]/usr/bin/git config --local --name-only --get-regexp http\.https\:\/\/github\.com\/\.extraheader
validate-secrets	Post Run actions/checkout@v4	2025-10-31T21:32:58.7633926Z http.https://github.com/.extraheader
validate-secrets	Post Run actions/checkout@v4	2025-10-31T21:32:58.7648861Z [command]/usr/bin/git config --local --unset-all http.https://github.com/.extraheader
validate-secrets	Post Run actions/checkout@v4	2025-10-31T21:32:58.7682863Z [command]/usr/bin/git submodule foreach --recursive sh -c "git config --local --name-only --get-regexp 'http\.https\:\/\/github\.com\/\.extraheader' && git config --local --unset-all 'http.https://github.com/.extraheader' || :"
validate-secrets	Complete job	﻿2025-10-31T21:32:58.8017471Z Evaluate and set job outputs
validate-secrets	Complete job	2025-10-31T21:32:58.8024552Z Set output 'ok'
validate-secrets	Complete job	2025-10-31T21:32:58.8026798Z Set output 'auth'
validate-secrets	Complete job	2025-10-31T21:32:58.8028681Z Cleaning up orphan processes
deploy	Set up job	﻿2025-10-31T21:33:07.8321750Z Current runner version: '2.329.0'
deploy	Set up job	2025-10-31T21:33:07.8348650Z ##[group]Runner Image Provisioner
deploy	Set up job	2025-10-31T21:33:07.8349976Z Hosted Compute Agent
deploy	Set up job	2025-10-31T21:33:07.8350872Z Version: 20251016.436
deploy	Set up job	2025-10-31T21:33:07.8351917Z Commit: 8ab8ac8bfd662a3739dab9fe09456aba92132568
deploy	Set up job	2025-10-31T21:33:07.8353012Z Build Date: 2025-10-15T20:44:12Z
deploy	Set up job	2025-10-31T21:33:07.8353945Z ##[endgroup]
deploy	Set up job	2025-10-31T21:33:07.8354846Z ##[group]Operating System
deploy	Set up job	2025-10-31T21:33:07.8355696Z Ubuntu
deploy	Set up job	2025-10-31T21:33:07.8356531Z 24.04.3
deploy	Set up job	2025-10-31T21:33:07.8357840Z LTS
deploy	Set up job	2025-10-31T21:33:07.8358670Z ##[endgroup]
deploy	Set up job	2025-10-31T21:33:07.8359563Z ##[group]Runner Image
deploy	Set up job	2025-10-31T21:33:07.8360491Z Image: ubuntu-24.04
deploy	Set up job	2025-10-31T21:33:07.8361341Z Version: 20251030.96.2
deploy	Set up job	2025-10-31T21:33:07.8362799Z Included Software: https://github.com/actions/runner-images/blob/ubuntu24/20251030.96/images/ubuntu/Ubuntu2404-Readme.md
deploy	Set up job	2025-10-31T21:33:07.8364639Z Image Release: https://github.com/actions/runner-images/releases/tag/ubuntu24%2F20251030.96
deploy	Set up job	2025-10-31T21:33:07.8366222Z ##[endgroup]
deploy	Set up job	2025-10-31T21:33:07.8368542Z ##[group]GITHUB_TOKEN Permissions
deploy	Set up job	2025-10-31T21:33:07.8370863Z Contents: read
deploy	Set up job	2025-10-31T21:33:07.8371819Z Metadata: read
deploy	Set up job	2025-10-31T21:33:07.8372678Z ##[endgroup]
deploy	Set up job	2025-10-31T21:33:07.8375072Z Secret source: Actions
deploy	Set up job	2025-10-31T21:33:07.8376208Z Prepare workflow directory
deploy	Set up job	2025-10-31T21:33:07.8947035Z Prepare all required actions
deploy	Set up job	2025-10-31T21:33:07.8986082Z Getting action download info
deploy	Set up job	2025-10-31T21:33:08.3317929Z Download action repository 'actions/checkout@v4' (SHA:08eba0b27e820071cde6df949e0beb9ba4906955)
deploy	Set up job	2025-10-31T21:33:08.4579633Z Download action repository 'google-github-actions/auth@v2' (SHA:c200f3691d83b41bf9bbd8638997a462592937ed)
deploy	Set up job	2025-10-31T21:33:09.0339801Z Download action repository 'google-github-actions/setup-gcloud@v2' (SHA:e427ad8a34f8676edf47cf7d7925499adf3eb74f)
deploy	Set up job	2025-10-31T21:33:09.6029363Z Download action repository 'actions/upload-artifact@v4' (SHA:ea165f8d65b6e75b540449e92b4886f43607fa02)
deploy	Set up job	2025-10-31T21:33:09.9228968Z Complete job name: deploy
deploy	Run actions/checkout@v4	﻿2025-10-31T21:33:10.0231277Z ##[group]Run actions/checkout@v4
deploy	Run actions/checkout@v4	2025-10-31T21:33:10.0233426Z with:
deploy	Run actions/checkout@v4	2025-10-31T21:33:10.0234859Z   repository: Tazaai/medplat
deploy	Run actions/checkout@v4	2025-10-31T21:33:10.0236936Z   token: ***
deploy	Run actions/checkout@v4	2025-10-31T21:33:10.0238714Z   ssh-strict: true
deploy	Run actions/checkout@v4	2025-10-31T21:33:10.0240303Z   ssh-user: git
deploy	Run actions/checkout@v4	2025-10-31T21:33:10.0241794Z   persist-credentials: true
deploy	Run actions/checkout@v4	2025-10-31T21:33:10.0243415Z   clean: true
deploy	Run actions/checkout@v4	2025-10-31T21:33:10.0244956Z   sparse-checkout-cone-mode: true
deploy	Run actions/checkout@v4	2025-10-31T21:33:10.0246500Z   fetch-depth: 1
deploy	Run actions/checkout@v4	2025-10-31T21:33:10.0247985Z   fetch-tags: false
deploy	Run actions/checkout@v4	2025-10-31T21:33:10.0249288Z   show-progress: true
deploy	Run actions/checkout@v4	2025-10-31T21:33:10.0250628Z   lfs: false
deploy	Run actions/checkout@v4	2025-10-31T21:33:10.0252027Z   submodules: false
deploy	Run actions/checkout@v4	2025-10-31T21:33:10.0253367Z   set-safe-directory: true
deploy	Run actions/checkout@v4	2025-10-31T21:33:10.0255025Z env:
deploy	Run actions/checkout@v4	2025-10-31T21:33:10.0256459Z   GCP_PROJECT: ***
deploy	Run actions/checkout@v4	2025-10-31T21:33:10.0258085Z ##[endgroup]
deploy	Run actions/checkout@v4	2025-10-31T21:33:10.1388689Z Syncing repository: Tazaai/medplat
deploy	Run actions/checkout@v4	2025-10-31T21:33:10.1392293Z ##[group]Getting Git version info
deploy	Run actions/checkout@v4	2025-10-31T21:33:10.1394269Z Working directory is '/home/runner/work/medplat/medplat'
deploy	Run actions/checkout@v4	2025-10-31T21:33:10.1397019Z [command]/usr/bin/git version
deploy	Run actions/checkout@v4	2025-10-31T21:33:10.1437402Z git version 2.51.2
deploy	Run actions/checkout@v4	2025-10-31T21:33:10.1465546Z ##[endgroup]
deploy	Run actions/checkout@v4	2025-10-31T21:33:10.1479534Z Temporarily overriding HOME='/home/runner/work/_temp/153fd0fb-58ce-4393-a538-bc7458270686' before making global git config changes
deploy	Run actions/checkout@v4	2025-10-31T21:33:10.1483025Z Adding repository directory to the temporary git global config as a safe directory
deploy	Run actions/checkout@v4	2025-10-31T21:33:10.1493021Z [command]/usr/bin/git config --global --add safe.directory /home/runner/work/medplat/medplat
deploy	Run actions/checkout@v4	2025-10-31T21:33:10.1529445Z Deleting the contents of '/home/runner/work/medplat/medplat'
deploy	Run actions/checkout@v4	2025-10-31T21:33:10.1532951Z ##[group]Initializing the repository
deploy	Run actions/checkout@v4	2025-10-31T21:33:10.1537097Z [command]/usr/bin/git init /home/runner/work/medplat/medplat
deploy	Run actions/checkout@v4	2025-10-31T21:33:10.1642341Z hint: Using 'master' as the name for the initial branch. This default branch name
deploy	Run actions/checkout@v4	2025-10-31T21:33:10.1648867Z hint: is subject to change. To configure the initial branch name to use in all
deploy	Run actions/checkout@v4	2025-10-31T21:33:10.1651996Z hint: of your new repositories, which will suppress this warning, call:
deploy	Run actions/checkout@v4	2025-10-31T21:33:10.1654711Z hint:
deploy	Run actions/checkout@v4	2025-10-31T21:33:10.1656410Z hint: 	git config --global init.defaultBranch <name>
deploy	Run actions/checkout@v4	2025-10-31T21:33:10.1658906Z hint:
deploy	Run actions/checkout@v4	2025-10-31T21:33:10.1660584Z hint: Names commonly chosen instead of 'master' are 'main', 'trunk' and
deploy	Run actions/checkout@v4	2025-10-31T21:33:10.1662899Z hint: 'development'. The just-created branch can be renamed via this command:
deploy	Run actions/checkout@v4	2025-10-31T21:33:10.1664824Z hint:
deploy	Run actions/checkout@v4	2025-10-31T21:33:10.1666045Z hint: 	git branch -m <name>
deploy	Run actions/checkout@v4	2025-10-31T21:33:10.1667596Z hint:
deploy	Run actions/checkout@v4	2025-10-31T21:33:10.1669294Z hint: Disable this message with "git config set advice.defaultBranchName false"
deploy	Run actions/checkout@v4	2025-10-31T21:33:10.1671791Z Initialized empty Git repository in /home/runner/work/medplat/medplat/.git/
deploy	Run actions/checkout@v4	2025-10-31T21:33:10.1675810Z [command]/usr/bin/git remote add origin https://github.com/Tazaai/medplat
deploy	Run actions/checkout@v4	2025-10-31T21:33:10.1695699Z ##[endgroup]
deploy	Run actions/checkout@v4	2025-10-31T21:33:10.1698610Z ##[group]Disabling automatic garbage collection
deploy	Run actions/checkout@v4	2025-10-31T21:33:10.1700483Z [command]/usr/bin/git config --local gc.auto 0
deploy	Run actions/checkout@v4	2025-10-31T21:33:10.1728713Z ##[endgroup]
deploy	Run actions/checkout@v4	2025-10-31T21:33:10.1730764Z ##[group]Setting up auth
deploy	Run actions/checkout@v4	2025-10-31T21:33:10.1735330Z [command]/usr/bin/git config --local --name-only --get-regexp core\.sshCommand
deploy	Run actions/checkout@v4	2025-10-31T21:33:10.1771621Z [command]/usr/bin/git submodule foreach --recursive sh -c "git config --local --name-only --get-regexp 'core\.sshCommand' && git config --local --unset-all 'core.sshCommand' || :"
deploy	Run actions/checkout@v4	2025-10-31T21:33:10.2119629Z [command]/usr/bin/git config --local --name-only --get-regexp http\.https\:\/\/github\.com\/\.extraheader
deploy	Run actions/checkout@v4	2025-10-31T21:33:10.2154333Z [command]/usr/bin/git submodule foreach --recursive sh -c "git config --local --name-only --get-regexp 'http\.https\:\/\/github\.com\/\.extraheader' && git config --local --unset-all 'http.https://github.com/.extraheader' || :"
deploy	Run actions/checkout@v4	2025-10-31T21:33:10.2378723Z [command]/usr/bin/git config --local http.https://github.com/.extraheader AUTHORIZATION: basic ***
deploy	Run actions/checkout@v4	2025-10-31T21:33:10.2415809Z ##[endgroup]
deploy	Run actions/checkout@v4	2025-10-31T21:33:10.2418557Z ##[group]Fetching the repository
deploy	Run actions/checkout@v4	2025-10-31T21:33:10.2427775Z [command]/usr/bin/git -c protocol.version=2 fetch --no-tags --prune --no-recurse-submodules --depth=1 origin +13d4fe9e950be7f795c910c1f2d80d15ef051a44:refs/remotes/origin/main
deploy	Run actions/checkout@v4	2025-10-31T21:33:12.1409089Z From https://github.com/Tazaai/medplat
deploy	Run actions/checkout@v4	2025-10-31T21:33:12.1410564Z  * [new ref]         13d4fe9e950be7f795c910c1f2d80d15ef051a44 -> origin/main
deploy	Run actions/checkout@v4	2025-10-31T21:33:12.1443842Z ##[endgroup]
deploy	Run actions/checkout@v4	2025-10-31T21:33:12.1447875Z ##[group]Determining the checkout info
deploy	Run actions/checkout@v4	2025-10-31T21:33:12.1449146Z ##[endgroup]
deploy	Run actions/checkout@v4	2025-10-31T21:33:12.1454582Z [command]/usr/bin/git sparse-checkout disable
deploy	Run actions/checkout@v4	2025-10-31T21:33:12.1499851Z [command]/usr/bin/git config --local --unset-all extensions.worktreeConfig
deploy	Run actions/checkout@v4	2025-10-31T21:33:12.1528253Z ##[group]Checking out the ref
deploy	Run actions/checkout@v4	2025-10-31T21:33:12.1533058Z [command]/usr/bin/git checkout --progress --force -B main refs/remotes/origin/main
deploy	Run actions/checkout@v4	2025-10-31T21:33:12.2206693Z Switched to a new branch 'main'
deploy	Run actions/checkout@v4	2025-10-31T21:33:12.2207925Z branch 'main' set up to track 'origin/main'.
deploy	Run actions/checkout@v4	2025-10-31T21:33:12.2221059Z ##[endgroup]
deploy	Run actions/checkout@v4	2025-10-31T21:33:12.2260273Z [command]/usr/bin/git log -1 --format=%H
deploy	Run actions/checkout@v4	2025-10-31T21:33:12.2285336Z 13d4fe9e950be7f795c910c1f2d80d15ef051a44
deploy	☁️ Authenticate to Google Cloud (service account key)	﻿2025-10-31T21:33:12.2582838Z ##[group]Run google-github-actions/auth@v2
deploy	☁️ Authenticate to Google Cloud (service account key)	2025-10-31T21:33:12.2583349Z with:
deploy	☁️ Authenticate to Google Cloud (service account key)	2025-10-31T21:33:12.2592903Z   credentials_json: ***
deploy	☁️ Authenticate to Google Cloud (service account key)	
deploy	☁️ Authenticate to Google Cloud (service account key)	2025-10-31T21:33:12.2593282Z   create_credentials_file: true
deploy	☁️ Authenticate to Google Cloud (service account key)	2025-10-31T21:33:12.2593642Z   export_environment_variables: true
deploy	☁️ Authenticate to Google Cloud (service account key)	2025-10-31T21:33:12.2594007Z   universe: googleapis.com
deploy	☁️ Authenticate to Google Cloud (service account key)	2025-10-31T21:33:12.2594333Z   cleanup_credentials: true
deploy	☁️ Authenticate to Google Cloud (service account key)	2025-10-31T21:33:12.2594667Z   access_token_lifetime: 3600s
deploy	☁️ Authenticate to Google Cloud (service account key)	2025-10-31T21:33:12.2595118Z   access_token_scopes: https://www.googleapis.com/auth/cloud-platform
deploy	☁️ Authenticate to Google Cloud (service account key)	2025-10-31T21:33:12.2595608Z   id_token_include_email: false
deploy	☁️ Authenticate to Google Cloud (service account key)	2025-10-31T21:33:12.2595934Z env:
deploy	☁️ Authenticate to Google Cloud (service account key)	2025-10-31T21:33:12.2596227Z   GCP_PROJECT: ***
deploy	☁️ Authenticate to Google Cloud (service account key)	2025-10-31T21:33:12.2596763Z ##[endgroup]
deploy	☁️ Authenticate to Google Cloud (service account key)	2025-10-31T21:33:12.3487635Z Created credentials file at "/home/runner/work/medplat/medplat/gha-creds-a42fcbba47b38ca8.json"
deploy	🧰 Setup gcloud	﻿2025-10-31T21:33:12.3636542Z ##[group]Run google-github-actions/setup-gcloud@v2
deploy	🧰 Setup gcloud	2025-10-31T21:33:12.3637049Z with:
deploy	🧰 Setup gcloud	2025-10-31T21:33:12.3637804Z   version: latest
deploy	🧰 Setup gcloud	2025-10-31T21:33:12.3638279Z   skip_install: false
deploy	🧰 Setup gcloud	2025-10-31T21:33:12.3638735Z   skip_tool_cache: false
deploy	🧰 Setup gcloud	2025-10-31T21:33:12.3639066Z env:
deploy	🧰 Setup gcloud	2025-10-31T21:33:12.3639389Z   GCP_PROJECT: ***
deploy	🧰 Setup gcloud	2025-10-31T21:33:12.3639966Z   CLOUDSDK_AUTH_CREDENTIAL_FILE_OVERRIDE: /home/runner/work/medplat/medplat/gha-creds-a42fcbba47b38ca8.json
deploy	🧰 Setup gcloud	2025-10-31T21:33:12.3640809Z   GOOGLE_APPLICATION_CREDENTIALS: /home/runner/work/medplat/medplat/gha-creds-a42fcbba47b38ca8.json
deploy	🧰 Setup gcloud	2025-10-31T21:33:12.3641572Z   GOOGLE_GHA_CREDS_PATH: /home/runner/work/medplat/medplat/gha-creds-a42fcbba47b38ca8.json
deploy	🧰 Setup gcloud	2025-10-31T21:33:12.3642143Z   CLOUDSDK_CORE_PROJECT: ***
deploy	🧰 Setup gcloud	2025-10-31T21:33:12.3642506Z   CLOUDSDK_PROJECT: ***
deploy	🧰 Setup gcloud	2025-10-31T21:33:12.3642871Z   GCLOUD_PROJECT: ***
deploy	🧰 Setup gcloud	2025-10-31T21:33:12.3643211Z   GOOGLE_CLOUD_PROJECT: ***
deploy	🧰 Setup gcloud	2025-10-31T21:33:12.3643542Z ##[endgroup]
deploy	🧰 Setup gcloud	2025-10-31T21:33:14.0692247Z [command]/usr/bin/tar xz --warning=no-unknown-keyword --overwrite -C /home/runner/work/_temp/119963a8-827b-482f-bf90-61159c3785ad -f /home/runner/work/_temp/900a32a6-596e-47ed-a4e8-4945b3d914c2
deploy	🧰 Setup gcloud	2025-10-31T21:33:31.8472867Z Successfully authenticated
deploy	🐳 Configure Artifact Registry	﻿2025-10-31T21:33:31.8658086Z ##[group]Run gcloud auth configure-docker europe-west1-docker.pkg.dev
deploy	🐳 Configure Artifact Registry	2025-10-31T21:33:31.8658875Z [36;1mgcloud auth configure-docker europe-west1-docker.pkg.dev[0m
deploy	🐳 Configure Artifact Registry	2025-10-31T21:33:31.8697604Z shell: /usr/bin/bash -e ***0***
deploy	🐳 Configure Artifact Registry	2025-10-31T21:33:31.8698077Z env:
deploy	🐳 Configure Artifact Registry	2025-10-31T21:33:31.8698506Z   GCP_PROJECT: ***
deploy	🐳 Configure Artifact Registry	2025-10-31T21:33:31.8699231Z   CLOUDSDK_AUTH_CREDENTIAL_FILE_OVERRIDE: /home/runner/work/medplat/medplat/gha-creds-a42fcbba47b38ca8.json
deploy	🐳 Configure Artifact Registry	2025-10-31T21:33:31.8700292Z   GOOGLE_APPLICATION_CREDENTIALS: /home/runner/work/medplat/medplat/gha-creds-a42fcbba47b38ca8.json
deploy	🐳 Configure Artifact Registry	2025-10-31T21:33:31.8701285Z   GOOGLE_GHA_CREDS_PATH: /home/runner/work/medplat/medplat/gha-creds-a42fcbba47b38ca8.json
deploy	🐳 Configure Artifact Registry	2025-10-31T21:33:31.8701996Z   CLOUDSDK_CORE_PROJECT: ***
deploy	🐳 Configure Artifact Registry	2025-10-31T21:33:31.8702459Z   CLOUDSDK_PROJECT: ***
deploy	🐳 Configure Artifact Registry	2025-10-31T21:33:31.8702895Z   GCLOUD_PROJECT: ***
deploy	🐳 Configure Artifact Registry	2025-10-31T21:33:31.8703324Z   GOOGLE_CLOUD_PROJECT: ***
deploy	🐳 Configure Artifact Registry	2025-10-31T21:33:31.8703841Z   CLOUDSDK_METRICS_ENVIRONMENT: github-actions-setup-gcloud
deploy	🐳 Configure Artifact Registry	2025-10-31T21:33:31.8704475Z   CLOUDSDK_METRICS_ENVIRONMENT_VERSION: 2.2.1
deploy	🐳 Configure Artifact Registry	2025-10-31T21:33:31.8704959Z ##[endgroup]
deploy	🐳 Configure Artifact Registry	2025-10-31T21:33:32.3829574Z Adding credentials for: europe-west1-docker.pkg.dev
deploy	🐳 Configure Artifact Registry	2025-10-31T21:33:32.3831216Z After update, the following will be written to your Docker config file located 
deploy	🐳 Configure Artifact Registry	2025-10-31T21:33:32.3832512Z at [/home/runner/.docker/config.json]:
deploy	🐳 Configure Artifact Registry	2025-10-31T21:33:32.3833483Z  ***
deploy	🐳 Configure Artifact Registry	2025-10-31T21:33:32.3834236Z   "credHelpers": ***
deploy	🐳 Configure Artifact Registry	2025-10-31T21:33:32.3835206Z     "europe-west1-docker.pkg.dev": "gcloud"
deploy	🐳 Configure Artifact Registry	2025-10-31T21:33:32.3835876Z   ***
deploy	🐳 Configure Artifact Registry	2025-10-31T21:33:32.3836350Z ***
deploy	🐳 Configure Artifact Registry	2025-10-31T21:33:32.3836630Z 
deploy	🐳 Configure Artifact Registry	2025-10-31T21:33:32.3836886Z Do you want to continue (Y/n)?  
deploy	🐳 Configure Artifact Registry	2025-10-31T21:33:32.4036737Z Docker configuration file updated.
deploy	🔐 Ensure Firebase key secret in Secret Manager	﻿2025-10-31T21:33:32.4998702Z ##[group]Run printf '%s' "$FIREBASE_SERVICE_KEY" > /tmp/firebase_key.json
deploy	🔐 Ensure Firebase key secret in Secret Manager	2025-10-31T21:33:32.4999426Z [36;1mprintf '%s' "$FIREBASE_SERVICE_KEY" > /tmp/firebase_key.json[0m
deploy	🔐 Ensure Firebase key secret in Secret Manager	2025-10-31T21:33:32.5000212Z [36;1mif ! gcloud secrets describe medplat-firebase-key --project=$GCP_PROJECT >/dev/null 2>&1; then[0m
deploy	🔐 Ensure Firebase key secret in Secret Manager	2025-10-31T21:33:32.5001152Z [36;1m  gcloud secrets create medplat-firebase-key --data-file=/tmp/firebase_key.json --project=$GCP_PROJECT[0m
deploy	🔐 Ensure Firebase key secret in Secret Manager	2025-10-31T21:33:32.5001835Z [36;1melse[0m
deploy	🔐 Ensure Firebase key secret in Secret Manager	2025-10-31T21:33:32.5002473Z [36;1m  gcloud secrets versions add medplat-firebase-key --data-file=/tmp/firebase_key.json --project=$GCP_PROJECT[0m
deploy	🔐 Ensure Firebase key secret in Secret Manager	2025-10-31T21:33:32.5003166Z [36;1mfi[0m
deploy	🔐 Ensure Firebase key secret in Secret Manager	2025-10-31T21:33:32.5035482Z shell: /usr/bin/bash -e ***0***
deploy	🔐 Ensure Firebase key secret in Secret Manager	2025-10-31T21:33:32.5035878Z env:
deploy	🔐 Ensure Firebase key secret in Secret Manager	2025-10-31T21:33:32.5036219Z   GCP_PROJECT: ***
deploy	🔐 Ensure Firebase key secret in Secret Manager	2025-10-31T21:33:32.5037040Z   CLOUDSDK_AUTH_CREDENTIAL_FILE_OVERRIDE: /home/runner/work/medplat/medplat/gha-creds-a42fcbba47b38ca8.json
deploy	🔐 Ensure Firebase key secret in Secret Manager	2025-10-31T21:33:32.5038166Z   GOOGLE_APPLICATION_CREDENTIALS: /home/runner/work/medplat/medplat/gha-creds-a42fcbba47b38ca8.json
deploy	🔐 Ensure Firebase key secret in Secret Manager	2025-10-31T21:33:32.5039073Z   GOOGLE_GHA_CREDS_PATH: /home/runner/work/medplat/medplat/gha-creds-a42fcbba47b38ca8.json
deploy	🔐 Ensure Firebase key secret in Secret Manager	2025-10-31T21:33:32.5039721Z   CLOUDSDK_CORE_PROJECT: ***
deploy	🔐 Ensure Firebase key secret in Secret Manager	2025-10-31T21:33:32.5040128Z   CLOUDSDK_PROJECT: ***
deploy	🔐 Ensure Firebase key secret in Secret Manager	2025-10-31T21:33:32.5040503Z   GCLOUD_PROJECT: ***
deploy	🔐 Ensure Firebase key secret in Secret Manager	2025-10-31T21:33:32.5040875Z   GOOGLE_CLOUD_PROJECT: ***
deploy	🔐 Ensure Firebase key secret in Secret Manager	2025-10-31T21:33:32.5041371Z   CLOUDSDK_METRICS_ENVIRONMENT: github-actions-setup-gcloud
deploy	🔐 Ensure Firebase key secret in Secret Manager	2025-10-31T21:33:32.5041900Z   CLOUDSDK_METRICS_ENVIRONMENT_VERSION: 2.2.1
deploy	🔐 Ensure Firebase key secret in Secret Manager	2025-10-31T21:33:32.5053289Z   FIREBASE_SERVICE_KEY: ***
deploy	🔐 Ensure Firebase key secret in Secret Manager	
deploy	🔐 Ensure Firebase key secret in Secret Manager	2025-10-31T21:33:32.5053658Z ##[endgroup]
deploy	🔐 Ensure Firebase key secret in Secret Manager	2025-10-31T21:33:34.9059881Z Created version [31] of the secret [medplat-firebase-key].
deploy	🔐 Ensure OpenAI key secret in Secret Manager	﻿2025-10-31T21:33:35.0340925Z ##[group]Run printf '%s' "$OPENAI_API_KEY" > /tmp/openai_key.txt
deploy	🔐 Ensure OpenAI key secret in Secret Manager	2025-10-31T21:33:35.0341643Z [36;1mprintf '%s' "$OPENAI_API_KEY" > /tmp/openai_key.txt[0m
deploy	🔐 Ensure OpenAI key secret in Secret Manager	2025-10-31T21:33:35.0342431Z [36;1mif ! gcloud secrets describe medplat-openai-key --project=$GCP_PROJECT >/dev/null 2>&1; then[0m
deploy	🔐 Ensure OpenAI key secret in Secret Manager	2025-10-31T21:33:35.0343415Z [36;1m  gcloud secrets create medplat-openai-key --data-file=/tmp/openai_key.txt --project=$GCP_PROJECT[0m
deploy	🔐 Ensure OpenAI key secret in Secret Manager	2025-10-31T21:33:35.0344129Z [36;1melse[0m
deploy	🔐 Ensure OpenAI key secret in Secret Manager	2025-10-31T21:33:35.0344755Z [36;1m  gcloud secrets versions add medplat-openai-key --data-file=/tmp/openai_key.txt --project=$GCP_PROJECT[0m
deploy	🔐 Ensure OpenAI key secret in Secret Manager	2025-10-31T21:33:35.0345428Z [36;1mfi[0m
deploy	🔐 Ensure OpenAI key secret in Secret Manager	2025-10-31T21:33:35.0378390Z shell: /usr/bin/bash -e ***0***
deploy	🔐 Ensure OpenAI key secret in Secret Manager	2025-10-31T21:33:35.0378820Z env:
deploy	🔐 Ensure OpenAI key secret in Secret Manager	2025-10-31T21:33:35.0379178Z   GCP_PROJECT: ***
deploy	🔐 Ensure OpenAI key secret in Secret Manager	2025-10-31T21:33:35.0393265Z   CLOUDSDK_AUTH_CREDENTIAL_FILE_OVERRIDE: /home/runner/work/medplat/medplat/gha-creds-a42fcbba47b38ca8.json
deploy	🔐 Ensure OpenAI key secret in Secret Manager	2025-10-31T21:33:35.0394689Z   GOOGLE_APPLICATION_CREDENTIALS: /home/runner/work/medplat/medplat/gha-creds-a42fcbba47b38ca8.json
deploy	🔐 Ensure OpenAI key secret in Secret Manager	2025-10-31T21:33:35.0395733Z   GOOGLE_GHA_CREDS_PATH: /home/runner/work/medplat/medplat/gha-creds-a42fcbba47b38ca8.json
deploy	🔐 Ensure OpenAI key secret in Secret Manager	2025-10-31T21:33:35.0396442Z   CLOUDSDK_CORE_PROJECT: ***
deploy	🔐 Ensure OpenAI key secret in Secret Manager	2025-10-31T21:33:35.0396886Z   CLOUDSDK_PROJECT: ***
deploy	🔐 Ensure OpenAI key secret in Secret Manager	2025-10-31T21:33:35.0397763Z   GCLOUD_PROJECT: ***
deploy	🔐 Ensure OpenAI key secret in Secret Manager	2025-10-31T21:33:35.0398177Z   GOOGLE_CLOUD_PROJECT: ***
deploy	🔐 Ensure OpenAI key secret in Secret Manager	2025-10-31T21:33:35.0398682Z   CLOUDSDK_METRICS_ENVIRONMENT: github-actions-setup-gcloud
deploy	🔐 Ensure OpenAI key secret in Secret Manager	2025-10-31T21:33:35.0399264Z   CLOUDSDK_METRICS_ENVIRONMENT_VERSION: 2.2.1
deploy	🔐 Ensure OpenAI key secret in Secret Manager	2025-10-31T21:33:35.0400506Z   OPENAI_API_KEY: ***
deploy	🔐 Ensure OpenAI key secret in Secret Manager	2025-10-31T21:33:35.0400877Z ##[endgroup]
deploy	🔐 Ensure OpenAI key secret in Secret Manager	2025-10-31T21:33:36.7283698Z Created version [31] of the secret [medplat-openai-key].
deploy	🚀 Deploy Backend	﻿2025-10-31T21:33:36.8709490Z ##[group]Run cd backend
deploy	🚀 Deploy Backend	2025-10-31T21:33:36.8709949Z [36;1mcd backend[0m
deploy	🚀 Deploy Backend	2025-10-31T21:33:36.8710582Z [36;1mgcloud builds submit --tag europe-west1-docker.pkg.dev/$GCP_PROJECT/medplat/backend .[0m
deploy	🚀 Deploy Backend	2025-10-31T21:33:36.8711304Z [36;1mgcloud run deploy medplat-backend \[0m
deploy	🚀 Deploy Backend	2025-10-31T21:33:36.8711929Z [36;1m  --image europe-west1-docker.pkg.dev/$GCP_PROJECT/medplat/backend \[0m
deploy	🚀 Deploy Backend	2025-10-31T21:33:36.8712568Z [36;1m  --region europe-west1 \[0m
deploy	🚀 Deploy Backend	2025-10-31T21:33:36.8713028Z [36;1m  --allow-unauthenticated \[0m
deploy	🚀 Deploy Backend	2025-10-31T21:33:36.8713468Z [36;1m  --port 8080 \[0m
deploy	🚀 Deploy Backend	2025-10-31T21:33:36.8714194Z [36;1m  --set-secrets "OPENAI_API_KEY=medplat-openai-key:latest,FIREBASE_SERVICE_KEY=medplat-firebase-key:latest" \[0m
deploy	🚀 Deploy Backend	2025-10-31T21:33:36.8714968Z [36;1m  --project $GCP_PROJECT[0m
deploy	🚀 Deploy Backend	2025-10-31T21:33:36.8747753Z shell: /usr/bin/bash -e ***0***
deploy	🚀 Deploy Backend	2025-10-31T21:33:36.8748173Z env:
deploy	🚀 Deploy Backend	2025-10-31T21:33:36.8748536Z   GCP_PROJECT: ***
deploy	🚀 Deploy Backend	2025-10-31T21:33:36.8749227Z   CLOUDSDK_AUTH_CREDENTIAL_FILE_OVERRIDE: /home/runner/work/medplat/medplat/gha-creds-a42fcbba47b38ca8.json
deploy	🚀 Deploy Backend	2025-10-31T21:33:36.8750308Z   GOOGLE_APPLICATION_CREDENTIALS: /home/runner/work/medplat/medplat/gha-creds-a42fcbba47b38ca8.json
deploy	🚀 Deploy Backend	2025-10-31T21:33:36.8751243Z   GOOGLE_GHA_CREDS_PATH: /home/runner/work/medplat/medplat/gha-creds-a42fcbba47b38ca8.json
deploy	🚀 Deploy Backend	2025-10-31T21:33:36.8752144Z   CLOUDSDK_CORE_PROJECT: ***
deploy	🚀 Deploy Backend	2025-10-31T21:33:36.8752578Z   CLOUDSDK_PROJECT: ***
deploy	🚀 Deploy Backend	2025-10-31T21:33:36.8752992Z   GCLOUD_PROJECT: ***
deploy	🚀 Deploy Backend	2025-10-31T21:33:36.8753402Z   GOOGLE_CLOUD_PROJECT: ***
deploy	🚀 Deploy Backend	2025-10-31T21:33:36.8753903Z   CLOUDSDK_METRICS_ENVIRONMENT: github-actions-setup-gcloud
deploy	🚀 Deploy Backend	2025-10-31T21:33:36.8754475Z   CLOUDSDK_METRICS_ENVIRONMENT_VERSION: 2.2.1
deploy	🚀 Deploy Backend	2025-10-31T21:33:36.8754934Z ##[endgroup]
deploy	🚀 Deploy Backend	2025-10-31T21:33:38.0500366Z Creating temporary archive of 27 file(s) totalling 86.3 KiB before compression.
deploy	🚀 Deploy Backend	2025-10-31T21:33:38.0688588Z Uploading tarball of [.] to [gs://***_cloudbuild/source/1761946417.849787-867bd64cc37f493ba3da99dfbde2c3ef.tgz]
deploy	🚀 Deploy Backend	2025-10-31T21:33:39.7523493Z Created [https://cloudbuild.googleapis.com/v1/projects/***/locations/global/builds/66ebdb53-66c2-426e-8356-66ba29070fa5].
deploy	🚀 Deploy Backend	2025-10-31T21:33:39.7525556Z Logs are available at [ https://console.cloud.google.com/cloud-build/builds/66ebdb53-66c2-426e-8356-66ba29070fa5?project=139218747785 ].
deploy	🚀 Deploy Backend	2025-10-31T21:33:39.9574272Z Waiting for build to complete. Polling interval: 1 second(s).
deploy	🚀 Deploy Backend	2025-10-31T21:34:52.2078540Z ----------------------------- REMOTE BUILD OUTPUT ------------------------------
deploy	🚀 Deploy Backend	2025-10-31T21:34:52.2079610Z starting build "66ebdb53-66c2-426e-8356-66ba29070fa5"
deploy	🚀 Deploy Backend	2025-10-31T21:34:52.2080082Z 
deploy	🚀 Deploy Backend	2025-10-31T21:34:52.2080278Z FETCHSOURCE
deploy	🚀 Deploy Backend	2025-10-31T21:34:52.2081340Z Fetching storage object: gs://***_cloudbuild/source/1761946417.849787-867bd64cc37f493ba3da99dfbde2c3ef.tgz#1761946418283901
deploy	🚀 Deploy Backend	2025-10-31T21:34:52.2082792Z Copying gs://***_cloudbuild/source/1761946417.849787-867bd64cc37f493ba3da99dfbde2c3ef.tgz#1761946418283901...
deploy	🚀 Deploy Backend	2025-10-31T21:34:52.2083839Z / [0 files][    0.0 B/ 26.4 KiB]                                                
deploy	🚀 Deploy Backend	2025-10-31T21:34:52.2084613Z / [1 files][ 26.4 KiB/ 26.4 KiB]                                                
deploy	🚀 Deploy Backend	2025-10-31T21:34:52.2085300Z Operation completed over 1 objects/26.4 KiB.
deploy	🚀 Deploy Backend	2025-10-31T21:34:52.2085865Z BUILD
deploy	🚀 Deploy Backend	2025-10-31T21:34:52.2086434Z Already have image (with digest): gcr.io/cloud-builders/gcb-internal
deploy	🚀 Deploy Backend	2025-10-31T21:34:52.2087447Z Sending build context to Docker daemon  112.6kB
deploy	🚀 Deploy Backend	2025-10-31T21:34:52.2087855Z 
deploy	🚀 Deploy Backend	2025-10-31T21:34:52.2088055Z Step 1/7 : FROM node:18
deploy	🚀 Deploy Backend	2025-10-31T21:34:52.2088544Z 18: Pulling from library/node
deploy	🚀 Deploy Backend	2025-10-31T21:34:52.2089067Z 3e6b9d1a9511: Pulling fs layer
deploy	🚀 Deploy Backend	2025-10-31T21:34:52.2089577Z 37927ed901b1: Pulling fs layer
deploy	🚀 Deploy Backend	2025-10-31T21:34:52.2090086Z 79b2f47ad444: Pulling fs layer
deploy	🚀 Deploy Backend	2025-10-31T21:34:52.2090586Z e23f099911d6: Pulling fs layer
deploy	🚀 Deploy Backend	2025-10-31T21:34:52.2091028Z cda7f44f2bdd: Pulling fs layer
deploy	🚀 Deploy Backend	2025-10-31T21:34:52.2091411Z c6b30c3f1696: Pulling fs layer
deploy	🚀 Deploy Backend	2025-10-31T21:34:52.2091785Z 3697be50c98b: Pulling fs layer
deploy	🚀 Deploy Backend	2025-10-31T21:34:52.2092170Z 461077a72fb7: Pulling fs layer
deploy	🚀 Deploy Backend	2025-10-31T21:34:52.2092888Z e23f099911d6: Waiting
deploy	🚀 Deploy Backend	2025-10-31T21:34:52.2093232Z cda7f44f2bdd: Waiting
deploy	🚀 Deploy Backend	2025-10-31T21:34:52.2093574Z c6b30c3f1696: Waiting
deploy	🚀 Deploy Backend	2025-10-31T21:34:52.2093906Z 3697be50c98b: Waiting
deploy	🚀 Deploy Backend	2025-10-31T21:34:52.2094239Z 461077a72fb7: Waiting
deploy	🚀 Deploy Backend	2025-10-31T21:34:52.2094588Z 37927ed901b1: Verifying Checksum
deploy	🚀 Deploy Backend	2025-10-31T21:34:52.2095011Z 37927ed901b1: Download complete
deploy	🚀 Deploy Backend	2025-10-31T21:34:52.2095407Z 79b2f47ad444: Verifying Checksum
deploy	🚀 Deploy Backend	2025-10-31T21:34:52.2095797Z 79b2f47ad444: Download complete
deploy	🚀 Deploy Backend	2025-10-31T21:34:52.2096184Z 3e6b9d1a9511: Verifying Checksum
deploy	🚀 Deploy Backend	2025-10-31T21:34:52.2096570Z 3e6b9d1a9511: Download complete
deploy	🚀 Deploy Backend	2025-10-31T21:34:52.2096955Z cda7f44f2bdd: Verifying Checksum
deploy	🚀 Deploy Backend	2025-10-31T21:34:52.2097551Z cda7f44f2bdd: Download complete
deploy	🚀 Deploy Backend	2025-10-31T21:34:52.2097935Z 3697be50c98b: Verifying Checksum
deploy	🚀 Deploy Backend	2025-10-31T21:34:52.2098327Z 3697be50c98b: Download complete
deploy	🚀 Deploy Backend	2025-10-31T21:34:52.2098715Z c6b30c3f1696: Download complete
deploy	🚀 Deploy Backend	2025-10-31T21:34:52.2099092Z 461077a72fb7: Verifying Checksum
deploy	🚀 Deploy Backend	2025-10-31T21:34:52.2099474Z 461077a72fb7: Download complete
deploy	🚀 Deploy Backend	2025-10-31T21:34:52.2099859Z e23f099911d6: Verifying Checksum
deploy	🚀 Deploy Backend	2025-10-31T21:34:52.2100244Z e23f099911d6: Download complete
deploy	🚀 Deploy Backend	2025-10-31T21:34:52.2100626Z 3e6b9d1a9511: Pull complete
deploy	🚀 Deploy Backend	2025-10-31T21:34:52.2100967Z 37927ed901b1: Pull complete
deploy	🚀 Deploy Backend	2025-10-31T21:34:52.2101480Z 79b2f47ad444: Pull complete
deploy	🚀 Deploy Backend	2025-10-31T21:34:52.2102261Z e23f099911d6: Pull complete
deploy	🚀 Deploy Backend	2025-10-31T21:34:52.2102603Z cda7f44f2bdd: Pull complete
deploy	🚀 Deploy Backend	2025-10-31T21:34:52.2102930Z c6b30c3f1696: Pull complete
deploy	🚀 Deploy Backend	2025-10-31T21:34:52.2103243Z 3697be50c98b: Pull complete
deploy	🚀 Deploy Backend	2025-10-31T21:34:52.2103556Z 461077a72fb7: Pull complete
deploy	🚀 Deploy Backend	2025-10-31T21:34:52.2104043Z Digest: sha256:c6ae79e38498325db67193d391e6ec1d224d96c693a8a4d943498556716d3783
deploy	🚀 Deploy Backend	2025-10-31T21:34:52.2104574Z Status: Downloaded newer image for node:18
deploy	🚀 Deploy Backend	2025-10-31T21:34:52.2104947Z  ---> b50082bc3670
deploy	🚀 Deploy Backend	2025-10-31T21:34:52.2105254Z Step 2/7 : WORKDIR /usr/src/app
deploy	🚀 Deploy Backend	2025-10-31T21:34:52.2105603Z  ---> Running in 313a41f0a982
deploy	🚀 Deploy Backend	2025-10-31T21:34:52.2105968Z Removing intermediate container 313a41f0a982
deploy	🚀 Deploy Backend	2025-10-31T21:34:52.2106345Z  ---> d6e67a961457
deploy	🚀 Deploy Backend	2025-10-31T21:34:52.2106664Z Step 3/7 : COPY package*.json ./
deploy	🚀 Deploy Backend	2025-10-31T21:34:52.2107004Z  ---> 727ba0797d86
deploy	🚀 Deploy Backend	2025-10-31T21:34:52.2107492Z Step 4/7 : RUN npm install --production
deploy	🚀 Deploy Backend	2025-10-31T21:34:52.2107869Z  ---> Running in 5020c9318881
deploy	🚀 Deploy Backend	2025-10-31T21:34:52.2108588Z [91mnpm warn config production Use `--omit=dev` instead.
deploy	🚀 Deploy Backend	2025-10-31T21:34:52.2109017Z [0m
deploy	🚀 Deploy Backend	2025-10-31T21:34:52.2109333Z added 79 packages, and audited 80 packages in 2s
deploy	🚀 Deploy Backend	2025-10-31T21:34:52.2109603Z 
deploy	🚀 Deploy Backend	2025-10-31T21:34:52.2109751Z 14 packages are looking for funding
deploy	🚀 Deploy Backend	2025-10-31T21:34:52.2110106Z   run `npm fund` for details
deploy	🚀 Deploy Backend	2025-10-31T21:34:52.2110384Z 
deploy	🚀 Deploy Backend	2025-10-31T21:34:52.2110517Z found 0 vulnerabilities
deploy	🚀 Deploy Backend	2025-10-31T21:34:52.2110880Z [91mnpm notice
deploy	🚀 Deploy Backend	2025-10-31T21:34:52.2111263Z npm notice New major version of npm available! 10.8.2 -> 11.6.2
deploy	🚀 Deploy Backend	2025-10-31T21:34:52.2111791Z npm notice Changelog: https://github.com/npm/cli/releases/tag/v11.6.2
deploy	🚀 Deploy Backend	2025-10-31T21:34:52.2112288Z npm notice To update run: npm install -g npm@11.6.2
deploy	🚀 Deploy Backend	2025-10-31T21:34:52.2112667Z npm notice
deploy	🚀 Deploy Backend	2025-10-31T21:34:52.2113031Z [0mRemoving intermediate container 5020c9318881
deploy	🚀 Deploy Backend	2025-10-31T21:34:52.2113394Z  ---> 6504190d58eb
deploy	🚀 Deploy Backend	2025-10-31T21:34:52.2113678Z Step 5/7 : COPY . .
deploy	🚀 Deploy Backend	2025-10-31T21:34:52.2113962Z  ---> 3247b45a3e06
deploy	🚀 Deploy Backend	2025-10-31T21:34:52.2114249Z Step 6/7 : EXPOSE 8080
deploy	🚀 Deploy Backend	2025-10-31T21:34:52.2114569Z  ---> Running in b1d6e370594b
deploy	🚀 Deploy Backend	2025-10-31T21:34:52.2114919Z Removing intermediate container b1d6e370594b
deploy	🚀 Deploy Backend	2025-10-31T21:34:52.2115277Z  ---> ba36d78de2a4
deploy	🚀 Deploy Backend	2025-10-31T21:34:52.2115573Z Step 7/7 : CMD ["node", "index.js"]
deploy	🚀 Deploy Backend	2025-10-31T21:34:52.2115921Z  ---> Running in 338a4cb8c50c
deploy	🚀 Deploy Backend	2025-10-31T21:34:52.2116269Z Removing intermediate container 338a4cb8c50c
deploy	🚀 Deploy Backend	2025-10-31T21:34:52.2116622Z  ---> 5516982db026
deploy	🚀 Deploy Backend	2025-10-31T21:34:52.2116912Z Successfully built 5516982db026
deploy	🚀 Deploy Backend	2025-10-31T21:34:52.2117557Z Successfully tagged europe-west1-docker.pkg.dev/***/medplat/backend:latest
deploy	🚀 Deploy Backend	2025-10-31T21:34:52.2118026Z PUSH
deploy	🚀 Deploy Backend	2025-10-31T21:34:52.2118416Z Pushing europe-west1-docker.pkg.dev/***/medplat/backend
deploy	🚀 Deploy Backend	2025-10-31T21:34:52.2119194Z The push refers to repository [europe-west1-docker.pkg.dev/***/medplat/backend]
deploy	🚀 Deploy Backend	2025-10-31T21:34:52.2119674Z 35fac2253b3c: Preparing
deploy	🚀 Deploy Backend	2025-10-31T21:34:52.2119988Z 645ab9976731: Preparing
deploy	🚀 Deploy Backend	2025-10-31T21:34:52.2120286Z c82dd21bc3ca: Preparing
deploy	🚀 Deploy Backend	2025-10-31T21:34:52.2120579Z 2416f59b0ab8: Preparing
deploy	🚀 Deploy Backend	2025-10-31T21:34:52.2120873Z d2a991bcab4d: Preparing
deploy	🚀 Deploy Backend	2025-10-31T21:34:52.2121165Z b624aa2d5ea2: Preparing
deploy	🚀 Deploy Backend	2025-10-31T21:34:52.2121464Z d399c9dc306f: Preparing
deploy	🚀 Deploy Backend	2025-10-31T21:34:52.2121754Z 84f9fa179c1b: Preparing
deploy	🚀 Deploy Backend	2025-10-31T21:34:52.2122044Z ce84ba212e49: Preparing
deploy	🚀 Deploy Backend	2025-10-31T21:34:52.2122338Z e4dc8cd9ecc8: Preparing
deploy	🚀 Deploy Backend	2025-10-31T21:34:52.2122628Z 6428cc293366: Preparing
deploy	🚀 Deploy Backend	2025-10-31T21:34:52.2122919Z 2f7436e79a0b: Preparing
deploy	🚀 Deploy Backend	2025-10-31T21:34:52.2123206Z b624aa2d5ea2: Waiting
deploy	🚀 Deploy Backend	2025-10-31T21:34:52.2123504Z d399c9dc306f: Waiting
deploy	🚀 Deploy Backend	2025-10-31T21:34:52.2123793Z ce84ba212e49: Waiting
deploy	🚀 Deploy Backend	2025-10-31T21:34:52.2124078Z e4dc8cd9ecc8: Waiting
deploy	🚀 Deploy Backend	2025-10-31T21:34:52.2124359Z 6428cc293366: Waiting
deploy	🚀 Deploy Backend	2025-10-31T21:34:52.2124645Z 2f7436e79a0b: Waiting
deploy	🚀 Deploy Backend	2025-10-31T21:34:52.2124922Z 84f9fa179c1b: Waiting
deploy	🚀 Deploy Backend	2025-10-31T21:34:52.2125215Z d2a991bcab4d: Layer already exists
deploy	🚀 Deploy Backend	2025-10-31T21:34:52.2125562Z b624aa2d5ea2: Layer already exists
deploy	🚀 Deploy Backend	2025-10-31T21:34:52.2125894Z d399c9dc306f: Layer already exists
deploy	🚀 Deploy Backend	2025-10-31T21:34:52.2126222Z 84f9fa179c1b: Layer already exists
deploy	🚀 Deploy Backend	2025-10-31T21:34:52.2126673Z c82dd21bc3ca: Pushed
deploy	🚀 Deploy Backend	2025-10-31T21:34:52.2126971Z 35fac2253b3c: Pushed
deploy	🚀 Deploy Backend	2025-10-31T21:34:52.2127406Z 2416f59b0ab8: Pushed
deploy	🚀 Deploy Backend	2025-10-31T21:34:52.2127704Z ce84ba212e49: Layer already exists
deploy	🚀 Deploy Backend	2025-10-31T21:34:52.2128023Z 645ab9976731: Pushed
deploy	🚀 Deploy Backend	2025-10-31T21:34:52.2128320Z e4dc8cd9ecc8: Layer already exists
deploy	🚀 Deploy Backend	2025-10-31T21:34:52.2128651Z 6428cc293366: Layer already exists
deploy	🚀 Deploy Backend	2025-10-31T21:34:52.2128970Z 2f7436e79a0b: Pushed
deploy	🚀 Deploy Backend	2025-10-31T21:34:52.2129473Z latest: digest: sha256:f2090cf6bddbb01bedb211f3e1846be11e4509f7fca5c87ba4c3eec3fd88a38d size: 2839
deploy	🚀 Deploy Backend	2025-10-31T21:34:52.2130012Z DONE
deploy	🚀 Deploy Backend	2025-10-31T21:34:52.2130350Z --------------------------------------------------------------------------------
deploy	🚀 Deploy Backend	2025-10-31T21:34:52.2130958Z ID                                    CREATE_TIME                DURATION  SOURCE                                                                                        IMAGES                                                                STATUS
deploy	🚀 Deploy Backend	2025-10-31T21:34:52.2132202Z 66ebdb53-66c2-426e-8356-66ba29070fa5  2025-10-31T21:33:38+00:00  1M10S     gs://***_cloudbuild/source/1761946417.849787-867bd64cc37f493ba3da99dfbde2c3ef.tgz  europe-west1-docker.pkg.dev/***/medplat/backend (+1 more)  SUCCESS
deploy	🚀 Deploy Backend	2025-10-31T21:34:54.9443631Z Deploying container to Cloud Run service [medplat-backend] in project [***] region [europe-west1]
deploy	🚀 Deploy Backend	2025-10-31T21:34:54.9445443Z Deploying...
deploy	🚀 Deploy Backend	2025-10-31T21:34:57.4281739Z Setting IAM Policy......................done
deploy	🚀 Deploy Backend	2025-10-31T21:34:57.8108349Z Creating Revision..........done
deploy	🚀 Deploy Backend	2025-10-31T21:34:59.2129804Z Done.
deploy	🚀 Deploy Backend	2025-10-31T21:34:59.2512980Z Service [medplat-backend] revision [medplat-backend-00742-2w9] has been deployed and is serving 100 percent of traffic.
deploy	🚀 Deploy Backend	2025-10-31T21:34:59.2514359Z Service URL: https://medplat-backend-139218747785.europe-west1.run.app
deploy	🎨 Build Frontend (generate artifact)	﻿2025-10-31T21:34:59.4525850Z ##[group]Run cd frontend
deploy	🎨 Build Frontend (generate artifact)	2025-10-31T21:34:59.4526379Z [36;1mcd frontend[0m
deploy	🎨 Build Frontend (generate artifact)	2025-10-31T21:34:59.4527565Z [36;1mBACKEND_URL=$(gcloud run services describe medplat-backend --region=europe-west1 --project=$GCP_PROJECT --format='value(status.url)')[0m
deploy	🎨 Build Frontend (generate artifact)	2025-10-31T21:34:59.4528522Z [36;1mecho "Detected backend URL: $BACKEND_URL"[0m
deploy	🎨 Build Frontend (generate artifact)	2025-10-31T21:34:59.4529036Z [36;1mexport VITE_API_BASE=$BACKEND_URL[0m
deploy	🎨 Build Frontend (generate artifact)	2025-10-31T21:34:59.4529504Z [36;1mnpm ci && npm run build[0m
deploy	🎨 Build Frontend (generate artifact)	2025-10-31T21:34:59.4530094Z [36;1m# Use the environment file mechanism to set step outputs instead of the[0m
deploy	🎨 Build Frontend (generate artifact)	2025-10-31T21:34:59.4530733Z [36;1m# deprecated ::set-output command.[0m
deploy	🎨 Build Frontend (generate artifact)	2025-10-31T21:34:59.4531268Z [36;1mecho "backend_url=$BACKEND_URL" >> $GITHUB_OUTPUT[0m
deploy	🎨 Build Frontend (generate artifact)	2025-10-31T21:34:59.4564181Z shell: /usr/bin/bash -e ***0***
deploy	🎨 Build Frontend (generate artifact)	2025-10-31T21:34:59.4564598Z env:
deploy	🎨 Build Frontend (generate artifact)	2025-10-31T21:34:59.4564951Z   GCP_PROJECT: ***
deploy	🎨 Build Frontend (generate artifact)	2025-10-31T21:34:59.4565642Z   CLOUDSDK_AUTH_CREDENTIAL_FILE_OVERRIDE: /home/runner/work/medplat/medplat/gha-creds-a42fcbba47b38ca8.json
deploy	🎨 Build Frontend (generate artifact)	2025-10-31T21:34:59.4566725Z   GOOGLE_APPLICATION_CREDENTIALS: /home/runner/work/medplat/medplat/gha-creds-a42fcbba47b38ca8.json
deploy	🎨 Build Frontend (generate artifact)	2025-10-31T21:34:59.4567860Z   GOOGLE_GHA_CREDS_PATH: /home/runner/work/medplat/medplat/gha-creds-a42fcbba47b38ca8.json
deploy	🎨 Build Frontend (generate artifact)	2025-10-31T21:34:59.4568560Z   CLOUDSDK_CORE_PROJECT: ***
deploy	🎨 Build Frontend (generate artifact)	2025-10-31T21:34:59.4568990Z   CLOUDSDK_PROJECT: ***
deploy	🎨 Build Frontend (generate artifact)	2025-10-31T21:34:59.4569390Z   GCLOUD_PROJECT: ***
deploy	🎨 Build Frontend (generate artifact)	2025-10-31T21:34:59.4569797Z   GOOGLE_CLOUD_PROJECT: ***
deploy	🎨 Build Frontend (generate artifact)	2025-10-31T21:34:59.4570289Z   CLOUDSDK_METRICS_ENVIRONMENT: github-actions-setup-gcloud
deploy	🎨 Build Frontend (generate artifact)	2025-10-31T21:34:59.4570856Z   CLOUDSDK_METRICS_ENVIRONMENT_VERSION: 2.2.1
deploy	🎨 Build Frontend (generate artifact)	2025-10-31T21:34:59.4571312Z ##[endgroup]
deploy	🎨 Build Frontend (generate artifact)	2025-10-31T21:35:01.3072371Z Detected backend URL: https://medplat-backend-2pr2rrffwq-ew.a.run.app
deploy	🎨 Build Frontend (generate artifact)	2025-10-31T21:35:05.5046493Z 
deploy	🎨 Build Frontend (generate artifact)	2025-10-31T21:35:05.5047540Z added 121 packages, and audited 122 packages in 4s
deploy	🎨 Build Frontend (generate artifact)	2025-10-31T21:35:05.5048036Z 
deploy	🎨 Build Frontend (generate artifact)	2025-10-31T21:35:05.5048253Z 8 packages are looking for funding
deploy	🎨 Build Frontend (generate artifact)	2025-10-31T21:35:05.5048780Z   run `npm fund` for details
deploy	🎨 Build Frontend (generate artifact)	2025-10-31T21:35:05.5129695Z 
deploy	🎨 Build Frontend (generate artifact)	2025-10-31T21:35:05.5130096Z 2 moderate severity vulnerabilities
deploy	🎨 Build Frontend (generate artifact)	2025-10-31T21:35:05.5130610Z 
deploy	🎨 Build Frontend (generate artifact)	2025-10-31T21:35:05.5131282Z To address all issues (including breaking changes), run:
deploy	🎨 Build Frontend (generate artifact)	2025-10-31T21:35:05.5132005Z   npm audit fix --force
deploy	🎨 Build Frontend (generate artifact)	2025-10-31T21:35:05.5132323Z 
deploy	🎨 Build Frontend (generate artifact)	2025-10-31T21:35:05.5132551Z Run `npm audit` for details.
deploy	🎨 Build Frontend (generate artifact)	2025-10-31T21:35:05.6551880Z 
deploy	🎨 Build Frontend (generate artifact)	2025-10-31T21:35:05.6552645Z > medplat-frontend@1.0.0 build
deploy	🎨 Build Frontend (generate artifact)	2025-10-31T21:35:05.6553633Z > node ./scripts/verify_build_env.js && vite build && node ./scripts/write_build_api_base.js
deploy	🎨 Build Frontend (generate artifact)	2025-10-31T21:35:05.6554378Z 
deploy	🎨 Build Frontend (generate artifact)	2025-10-31T21:35:05.6854746Z VITE_API_BASE present: https://medplat-backend-2pr2rrffwq-ew.a.run.app
deploy	🎨 Build Frontend (generate artifact)	2025-10-31T21:35:06.7375634Z [36mvite v4.5.14 [32mbuilding for production...[36m[39m
deploy	🎨 Build Frontend (generate artifact)	2025-10-31T21:35:06.7756299Z transforming...
deploy	🎨 Build Frontend (generate artifact)	2025-10-31T21:35:07.5006532Z [32m✓[39m 31 modules transformed.
deploy	🎨 Build Frontend (generate artifact)	2025-10-31T21:35:07.5833218Z rendering chunks...
deploy	🎨 Build Frontend (generate artifact)	2025-10-31T21:35:07.5883419Z computing gzip size...
deploy	🎨 Build Frontend (generate artifact)	2025-10-31T21:35:07.6471597Z [2mdist/[22m[32mindex.html                 [39m[1m[2m  0.39 kB[22m[1m[22m[2m │ gzip:  0.27 kB[22m
deploy	🎨 Build Frontend (generate artifact)	2025-10-31T21:35:07.6474065Z [2mdist/[22m[2massets/[22m[35mindex-28c342d1.css  [39m[1m[2m  0.07 kB[22m[1m[22m[2m │ gzip:  0.09 kB[22m
deploy	🎨 Build Frontend (generate artifact)	2025-10-31T21:35:07.6476237Z [2mdist/[22m[2massets/[22m[36mindex-07999ac2.js   [39m[1m[2m142.81 kB[22m[1m[22m[2m │ gzip: 45.89 kB[22m
deploy	🎨 Build Frontend (generate artifact)	2025-10-31T21:35:07.6481435Z [32m✓ built in 909ms[39m
deploy	🎨 Build Frontend (generate artifact)	2025-10-31T21:35:07.7001154Z Wrote VITE_API_BASE to /home/runner/work/medplat/medplat/frontend/dist/VITE_API_BASE.txt
deploy	🔎 Verify Frontend Build contains VITE_API_BASE	﻿2025-10-31T21:35:07.7193216Z ##[group]Run BACKEND_URL=https://medplat-backend-2pr2rrffwq-ew.a.run.app
deploy	🔎 Verify Frontend Build contains VITE_API_BASE	2025-10-31T21:35:07.7193944Z [36;1mBACKEND_URL=https://medplat-backend-2pr2rrffwq-ew.a.run.app[0m
deploy	🔎 Verify Frontend Build contains VITE_API_BASE	2025-10-31T21:35:07.7194505Z [36;1mif [ -f frontend/dist/VITE_API_BASE.txt ]; then[0m
deploy	🔎 Verify Frontend Build contains VITE_API_BASE	2025-10-31T21:35:07.7194989Z [36;1m  FOUND=$(cat frontend/dist/VITE_API_BASE.txt)[0m
deploy	🔎 Verify Frontend Build contains VITE_API_BASE	2025-10-31T21:35:07.7195466Z [36;1m  echo "Found VITE_API_BASE in artifact: $FOUND"[0m
deploy	🔎 Verify Frontend Build contains VITE_API_BASE	2025-10-31T21:35:07.7195922Z [36;1m  if [ "$FOUND" != "$BACKEND_URL" ]; then[0m
deploy	🔎 Verify Frontend Build contains VITE_API_BASE	2025-10-31T21:35:07.7196536Z [36;1m    echo "❌ Mismatch: expected $BACKEND_URL but frontend/dist/VITE_API_BASE.txt contains $FOUND"[0m
deploy	🔎 Verify Frontend Build contains VITE_API_BASE	2025-10-31T21:35:07.7197351Z [36;1m    exit 1[0m
deploy	🔎 Verify Frontend Build contains VITE_API_BASE	2025-10-31T21:35:07.7197691Z [36;1m  fi[0m
deploy	🔎 Verify Frontend Build contains VITE_API_BASE	2025-10-31T21:35:07.7197992Z [36;1melse[0m
deploy	🔎 Verify Frontend Build contains VITE_API_BASE	2025-10-31T21:35:07.7198551Z [36;1m  echo "❌ frontend/dist/VITE_API_BASE.txt not found — build step did not produce the verification artifact"[0m
deploy	🔎 Verify Frontend Build contains VITE_API_BASE	2025-10-31T21:35:07.7199167Z [36;1m  exit 1[0m
deploy	🔎 Verify Frontend Build contains VITE_API_BASE	2025-10-31T21:35:07.7199467Z [36;1mfi[0m
deploy	🔎 Verify Frontend Build contains VITE_API_BASE	2025-10-31T21:35:07.7232568Z shell: /usr/bin/bash -e ***0***
deploy	🔎 Verify Frontend Build contains VITE_API_BASE	2025-10-31T21:35:07.7232970Z env:
deploy	🔎 Verify Frontend Build contains VITE_API_BASE	2025-10-31T21:35:07.7233306Z   GCP_PROJECT: ***
deploy	🔎 Verify Frontend Build contains VITE_API_BASE	2025-10-31T21:35:07.7233954Z   CLOUDSDK_AUTH_CREDENTIAL_FILE_OVERRIDE: /home/runner/work/medplat/medplat/gha-creds-a42fcbba47b38ca8.json
deploy	🔎 Verify Frontend Build contains VITE_API_BASE	2025-10-31T21:35:07.7234899Z   GOOGLE_APPLICATION_CREDENTIALS: /home/runner/work/medplat/medplat/gha-creds-a42fcbba47b38ca8.json
deploy	🔎 Verify Frontend Build contains VITE_API_BASE	2025-10-31T21:35:07.7235750Z   GOOGLE_GHA_CREDS_PATH: /home/runner/work/medplat/medplat/gha-creds-a42fcbba47b38ca8.json
deploy	🔎 Verify Frontend Build contains VITE_API_BASE	2025-10-31T21:35:07.7236405Z   CLOUDSDK_CORE_PROJECT: ***
deploy	🔎 Verify Frontend Build contains VITE_API_BASE	2025-10-31T21:35:07.7236797Z   CLOUDSDK_PROJECT: ***
deploy	🔎 Verify Frontend Build contains VITE_API_BASE	2025-10-31T21:35:07.7237337Z   GCLOUD_PROJECT: ***
deploy	🔎 Verify Frontend Build contains VITE_API_BASE	2025-10-31T21:35:07.7237723Z   GOOGLE_CLOUD_PROJECT: ***
deploy	🔎 Verify Frontend Build contains VITE_API_BASE	2025-10-31T21:35:07.7238187Z   CLOUDSDK_METRICS_ENVIRONMENT: github-actions-setup-gcloud
deploy	🔎 Verify Frontend Build contains VITE_API_BASE	2025-10-31T21:35:07.7238710Z   CLOUDSDK_METRICS_ENVIRONMENT_VERSION: 2.2.1
deploy	🔎 Verify Frontend Build contains VITE_API_BASE	2025-10-31T21:35:07.7239129Z ##[endgroup]
deploy	🔎 Verify Frontend Build contains VITE_API_BASE	2025-10-31T21:35:07.7311925Z Found VITE_API_BASE in artifact: https://medplat-backend-2pr2rrffwq-ew.a.run.app
deploy	📦 Upload frontend build artifact	﻿2025-10-31T21:35:07.7370802Z ##[group]Run actions/upload-artifact@v4
deploy	📦 Upload frontend build artifact	2025-10-31T21:35:07.7371218Z with:
deploy	📦 Upload frontend build artifact	2025-10-31T21:35:07.7371532Z   name: frontend-dist
deploy	📦 Upload frontend build artifact	2025-10-31T21:35:07.7371866Z   path: frontend/dist
deploy	📦 Upload frontend build artifact	2025-10-31T21:35:07.7372196Z   if-no-files-found: warn
deploy	📦 Upload frontend build artifact	2025-10-31T21:35:07.7372543Z   compression-level: 6
deploy	📦 Upload frontend build artifact	2025-10-31T21:35:07.7372875Z   overwrite: false
deploy	📦 Upload frontend build artifact	2025-10-31T21:35:07.7373205Z   include-hidden-files: false
deploy	📦 Upload frontend build artifact	2025-10-31T21:35:07.7373557Z env:
deploy	📦 Upload frontend build artifact	2025-10-31T21:35:07.7373869Z   GCP_PROJECT: ***
deploy	📦 Upload frontend build artifact	2025-10-31T21:35:07.7374655Z   CLOUDSDK_AUTH_CREDENTIAL_FILE_OVERRIDE: /home/runner/work/medplat/medplat/gha-creds-a42fcbba47b38ca8.json
deploy	📦 Upload frontend build artifact	2025-10-31T21:35:07.7375547Z   GOOGLE_APPLICATION_CREDENTIALS: /home/runner/work/medplat/medplat/gha-creds-a42fcbba47b38ca8.json
deploy	📦 Upload frontend build artifact	2025-10-31T21:35:07.7376343Z   GOOGLE_GHA_CREDS_PATH: /home/runner/work/medplat/medplat/gha-creds-a42fcbba47b38ca8.json
deploy	📦 Upload frontend build artifact	2025-10-31T21:35:07.7376935Z   CLOUDSDK_CORE_PROJECT: ***
deploy	📦 Upload frontend build artifact	2025-10-31T21:35:07.7377619Z   CLOUDSDK_PROJECT: ***
deploy	📦 Upload frontend build artifact	2025-10-31T21:35:07.7377975Z   GCLOUD_PROJECT: ***
deploy	📦 Upload frontend build artifact	2025-10-31T21:35:07.7378353Z   GOOGLE_CLOUD_PROJECT: ***
deploy	📦 Upload frontend build artifact	2025-10-31T21:35:07.7378777Z   CLOUDSDK_METRICS_ENVIRONMENT: github-actions-setup-gcloud
deploy	📦 Upload frontend build artifact	2025-10-31T21:35:07.7379264Z   CLOUDSDK_METRICS_ENVIRONMENT_VERSION: 2.2.1
deploy	📦 Upload frontend build artifact	2025-10-31T21:35:07.7379656Z ##[endgroup]
deploy	📦 Upload frontend build artifact	2025-10-31T21:35:07.9668882Z With the provided path, there will be 4 files uploaded
deploy	📦 Upload frontend build artifact	2025-10-31T21:35:07.9676203Z Artifact name is valid!
deploy	📦 Upload frontend build artifact	2025-10-31T21:35:07.9678574Z Root directory input is valid!
deploy	📦 Upload frontend build artifact	2025-10-31T21:35:08.2123390Z Beginning upload of artifact content to blob storage
deploy	📦 Upload frontend build artifact	2025-10-31T21:35:08.5737607Z Uploaded bytes 46783
deploy	📦 Upload frontend build artifact	2025-10-31T21:35:08.6395342Z Finished uploading artifact content to blob storage!
deploy	📦 Upload frontend build artifact	2025-10-31T21:35:08.6397874Z SHA256 digest of uploaded artifact zip is b82200c031cd4a54df44821cc6d024d20698ec6d9702f953166061d64d379d15
deploy	📦 Upload frontend build artifact	2025-10-31T21:35:08.6399596Z Finalizing artifact upload
deploy	📦 Upload frontend build artifact	2025-10-31T21:35:08.7728202Z Artifact frontend-dist.zip successfully finalized. Artifact ID 4434486939
deploy	📦 Upload frontend build artifact	2025-10-31T21:35:08.7730231Z Artifact frontend-dist has been successfully uploaded! Final size is 46783 bytes. Artifact ID is 4434486939
deploy	📦 Upload frontend build artifact	2025-10-31T21:35:08.7737815Z Artifact download URL: https://github.com/Tazaai/medplat/actions/runs/18985764179/artifacts/4434486939
deploy	🚀 Deploy Frontend	﻿2025-10-31T21:35:08.7864908Z ##[group]Run BACKEND_URL=https://medplat-backend-2pr2rrffwq-ew.a.run.app
deploy	🚀 Deploy Frontend	2025-10-31T21:35:08.7865660Z [36;1mBACKEND_URL=https://medplat-backend-2pr2rrffwq-ew.a.run.app[0m
deploy	🚀 Deploy Frontend	2025-10-31T21:35:08.7866176Z [36;1mcd frontend[0m
deploy	🚀 Deploy Frontend	2025-10-31T21:35:08.7866702Z [36;1m# Force a fresh image by tagging with a timestamp. This avoids accidental reuse[0m
deploy	🚀 Deploy Frontend	2025-10-31T21:35:08.7867850Z [36;1m# of older image tags or cached layers and guarantees Cloud Run receives the[0m
deploy	🚀 Deploy Frontend	2025-10-31T21:35:08.7868486Z [36;1m# newly built image containing the latest frontend assets.[0m
deploy	🚀 Deploy Frontend	2025-10-31T21:35:08.7868975Z [36;1mTIMESTAMP=$(date +%s)[0m
deploy	🚀 Deploy Frontend	2025-10-31T21:35:08.7869560Z [36;1mIMAGE_TAG="europe-west1-docker.pkg.dev/$GCP_PROJECT/medplat/frontend:$TIMESTAMP"[0m
deploy	🚀 Deploy Frontend	2025-10-31T21:35:08.7870174Z [36;1mecho "Building image $IMAGE_TAG"[0m
deploy	🚀 Deploy Frontend	2025-10-31T21:35:08.7870729Z [36;1m# Ensure Cloud Build uses Kaniko-based execution so --no-cache is supported[0m
deploy	🚀 Deploy Frontend	2025-10-31T21:35:08.7871427Z [36;1m# (some projects have builds/use_kaniko=false by default). Set it idempotently.[0m
deploy	🚀 Deploy Frontend	2025-10-31T21:35:08.7872060Z [36;1mgcloud config set builds/use_kaniko true || true[0m
deploy	🚀 Deploy Frontend	2025-10-31T21:35:08.7872589Z [36;1m# Force a fresh Cloud Build (no cached layers) to avoid stale assets[0m
deploy	🚀 Deploy Frontend	2025-10-31T21:35:08.7873153Z [36;1m# and ensure the image contains the most recent `dist/` contents.[0m
deploy	🚀 Deploy Frontend	2025-10-31T21:35:08.7873733Z [36;1m# Build and push the image with docker so we can pass --build-arg directly.[0m
deploy	🚀 Deploy Frontend	2025-10-31T21:35:08.7874346Z [36;1m# gcloud builds submit doesn't accept --build-arg; using docker build + push[0m
deploy	🚀 Deploy Frontend	2025-10-31T21:35:08.7874960Z [36;1m# works with the Artifact Registry credential helper (configured above).[0m
deploy	🚀 Deploy Frontend	2025-10-31T21:35:08.7875549Z [36;1mdocker build --tag "$IMAGE_TAG" --build-arg BUILD_DATE="$TIMESTAMP" .[0m
deploy	🚀 Deploy Frontend	2025-10-31T21:35:08.7876029Z [36;1mdocker push "$IMAGE_TAG"[0m
deploy	🚀 Deploy Frontend	2025-10-31T21:35:08.7876419Z [36;1mgcloud run deploy medplat-frontend \[0m
deploy	🚀 Deploy Frontend	2025-10-31T21:35:08.7876806Z [36;1m  --image "$IMAGE_TAG" \[0m
deploy	🚀 Deploy Frontend	2025-10-31T21:35:08.7877445Z [36;1m  --region europe-west1 \[0m
deploy	🚀 Deploy Frontend	2025-10-31T21:35:08.7877887Z [36;1m  --allow-unauthenticated \[0m
deploy	🚀 Deploy Frontend	2025-10-31T21:35:08.7878244Z [36;1m  --port 8080 \[0m
deploy	🚀 Deploy Frontend	2025-10-31T21:35:08.7878627Z [36;1m  --set-env-vars "VITE_API_BASE=$BACKEND_URL" \[0m
deploy	🚀 Deploy Frontend	2025-10-31T21:35:08.7879237Z [36;1m  --project $GCP_PROJECT[0m
deploy	🚀 Deploy Frontend	2025-10-31T21:35:08.7911944Z shell: /usr/bin/bash -e ***0***
deploy	🚀 Deploy Frontend	2025-10-31T21:35:08.7912298Z env:
deploy	🚀 Deploy Frontend	2025-10-31T21:35:08.7912605Z   GCP_PROJECT: ***
deploy	🚀 Deploy Frontend	2025-10-31T21:35:08.7913194Z   CLOUDSDK_AUTH_CREDENTIAL_FILE_OVERRIDE: /home/runner/work/medplat/medplat/gha-creds-a42fcbba47b38ca8.json
deploy	🚀 Deploy Frontend	2025-10-31T21:35:08.7914007Z   GOOGLE_APPLICATION_CREDENTIALS: /home/runner/work/medplat/medplat/gha-creds-a42fcbba47b38ca8.json
deploy	🚀 Deploy Frontend	2025-10-31T21:35:08.7914729Z   GOOGLE_GHA_CREDS_PATH: /home/runner/work/medplat/medplat/gha-creds-a42fcbba47b38ca8.json
deploy	🚀 Deploy Frontend	2025-10-31T21:35:08.7915272Z   CLOUDSDK_CORE_PROJECT: ***
deploy	🚀 Deploy Frontend	2025-10-31T21:35:08.7915618Z   CLOUDSDK_PROJECT: ***
deploy	🚀 Deploy Frontend	2025-10-31T21:35:08.7915939Z   GCLOUD_PROJECT: ***
deploy	🚀 Deploy Frontend	2025-10-31T21:35:08.7916272Z   GOOGLE_CLOUD_PROJECT: ***
deploy	🚀 Deploy Frontend	2025-10-31T21:35:08.7916672Z   CLOUDSDK_METRICS_ENVIRONMENT: github-actions-setup-gcloud
deploy	🚀 Deploy Frontend	2025-10-31T21:35:08.7917288Z   CLOUDSDK_METRICS_ENVIRONMENT_VERSION: 2.2.1
deploy	🚀 Deploy Frontend	2025-10-31T21:35:08.7917651Z ##[endgroup]
deploy	🚀 Deploy Frontend	2025-10-31T21:35:08.7986237Z Building image europe-west1-docker.pkg.dev/***/medplat/frontend:1761946508
deploy	🚀 Deploy Frontend	2025-10-31T21:35:09.4053928Z Updated property [builds/use_kaniko].
deploy	🚀 Deploy Frontend	2025-10-31T21:35:10.3572334Z #0 building with "default" instance using docker driver
deploy	🚀 Deploy Frontend	2025-10-31T21:35:10.3572971Z 
deploy	🚀 Deploy Frontend	2025-10-31T21:35:10.3573296Z #1 [internal] load build definition from Dockerfile
deploy	🚀 Deploy Frontend	2025-10-31T21:35:10.3574046Z #1 transferring dockerfile: 937B 0.0s done
deploy	🚀 Deploy Frontend	2025-10-31T21:35:10.3574670Z #1 DONE 0.0s
deploy	🚀 Deploy Frontend	2025-10-31T21:35:10.3574948Z 
deploy	🚀 Deploy Frontend	2025-10-31T21:35:10.3575337Z #2 [internal] load metadata for docker.io/library/node:18-alpine
deploy	🚀 Deploy Frontend	2025-10-31T21:35:10.5112585Z #2 ...
deploy	🚀 Deploy Frontend	2025-10-31T21:35:10.5112964Z 
deploy	🚀 Deploy Frontend	2025-10-31T21:35:10.5113382Z #3 [auth] library/node:pull token for registry-1.docker.io
deploy	🚀 Deploy Frontend	2025-10-31T21:35:10.5114712Z #3 DONE 0.0s
deploy	🚀 Deploy Frontend	2025-10-31T21:35:10.6617422Z 
deploy	🚀 Deploy Frontend	2025-10-31T21:35:10.6618368Z #2 [internal] load metadata for docker.io/library/node:18-alpine
deploy	🚀 Deploy Frontend	2025-10-31T21:35:10.9718910Z #2 DONE 0.8s
deploy	🚀 Deploy Frontend	2025-10-31T21:35:11.1410802Z 
deploy	🚀 Deploy Frontend	2025-10-31T21:35:11.1411841Z #4 [internal] load .dockerignore
deploy	🚀 Deploy Frontend	2025-10-31T21:35:11.1412984Z #4 transferring context: 113B done
deploy	🚀 Deploy Frontend	2025-10-31T21:35:11.1413855Z #4 DONE 0.0s
deploy	🚀 Deploy Frontend	2025-10-31T21:35:11.1414213Z 
deploy	🚀 Deploy Frontend	2025-10-31T21:35:11.1414561Z #5 [internal] load build context
deploy	🚀 Deploy Frontend	2025-10-31T21:35:11.1415190Z #5 transferring context: 89.01kB done
deploy	🚀 Deploy Frontend	2025-10-31T21:35:11.1415793Z #5 DONE 0.0s
deploy	🚀 Deploy Frontend	2025-10-31T21:35:11.1416026Z 
deploy	🚀 Deploy Frontend	2025-10-31T21:35:11.1416542Z #6 [1/7] FROM docker.io/library/node:18-alpine@sha256:8d6421d663b4c28fd3ebc498332f249011d118945588d0a35cb9bc4b8ca09d9e
deploy	🚀 Deploy Frontend	2025-10-31T21:35:11.1418278Z #6 resolve docker.io/library/node:18-alpine@sha256:8d6421d663b4c28fd3ebc498332f249011d118945588d0a35cb9bc4b8ca09d9e done
deploy	🚀 Deploy Frontend	2025-10-31T21:35:11.1420516Z #6 sha256:ee77c6cd7c1886ecc802ad6cedef3a8ec1ea27d1fb96162bf03dd3710839b8da 6.18kB / 6.18kB done
deploy	🚀 Deploy Frontend	2025-10-31T21:35:11.1422444Z #6 sha256:f18232174bc91741fdf3da96d85011092101a032a93a388b79e99e69c2d5c870 0B / 3.64MB 0.1s
deploy	🚀 Deploy Frontend	2025-10-31T21:35:11.1423873Z #6 sha256:dd71dde834b5c203d162902e6b8994cb2309ae049a0eabc4efea161b2b5a3d0e 0B / 40.01MB 0.1s
deploy	🚀 Deploy Frontend	2025-10-31T21:35:11.1424830Z #6 sha256:1e5a4c89cee5c0826c540ab06d4b6b491c96eda01837f430bd47f0d26702d6e3 0B / 1.26MB 0.1s
deploy	🚀 Deploy Frontend	2025-10-31T21:35:11.1425761Z #6 sha256:8d6421d663b4c28fd3ebc498332f249011d118945588d0a35cb9bc4b8ca09d9e 7.67kB / 7.67kB done
deploy	🚀 Deploy Frontend	2025-10-31T21:35:11.1426636Z #6 sha256:929b04d7c782f04f615cf785488fed452b6569f87c73ff666ad553a7554f0006 1.72kB / 1.72kB done
deploy	🚀 Deploy Frontend	2025-10-31T21:35:11.3411284Z #6 sha256:f18232174bc91741fdf3da96d85011092101a032a93a388b79e99e69c2d5c870 1.05MB / 3.64MB 0.3s
deploy	🚀 Deploy Frontend	2025-10-31T21:35:11.3412745Z #6 sha256:dd71dde834b5c203d162902e6b8994cb2309ae049a0eabc4efea161b2b5a3d0e 7.34MB / 40.01MB 0.3s
deploy	🚀 Deploy Frontend	2025-10-31T21:35:11.4795936Z #6 sha256:f18232174bc91741fdf3da96d85011092101a032a93a388b79e99e69c2d5c870 3.64MB / 3.64MB 0.3s done
deploy	🚀 Deploy Frontend	2025-10-31T21:35:11.4798690Z #6 sha256:dd71dde834b5c203d162902e6b8994cb2309ae049a0eabc4efea161b2b5a3d0e 14.68MB / 40.01MB 0.4s
deploy	🚀 Deploy Frontend	2025-10-31T21:35:11.4800001Z #6 sha256:1e5a4c89cee5c0826c540ab06d4b6b491c96eda01837f430bd47f0d26702d6e3 1.26MB / 1.26MB 0.4s done
deploy	🚀 Deploy Frontend	2025-10-31T21:35:11.4801647Z #6 extracting sha256:f18232174bc91741fdf3da96d85011092101a032a93a388b79e99e69c2d5c870 0.1s done
deploy	🚀 Deploy Frontend	2025-10-31T21:35:11.4802735Z #6 sha256:25ff2da83641908f65c3a74d80409d6b1b62ccfaab220b9ea70b80df5a2e0549 0B / 446B 0.4s
deploy	🚀 Deploy Frontend	2025-10-31T21:35:11.6406672Z #6 sha256:dd71dde834b5c203d162902e6b8994cb2309ae049a0eabc4efea161b2b5a3d0e 22.02MB / 40.01MB 0.6s
deploy	🚀 Deploy Frontend	2025-10-31T21:35:11.6408378Z #6 sha256:25ff2da83641908f65c3a74d80409d6b1b62ccfaab220b9ea70b80df5a2e0549 446B / 446B 0.5s done
deploy	🚀 Deploy Frontend	2025-10-31T21:35:11.7408697Z #6 sha256:dd71dde834b5c203d162902e6b8994cb2309ae049a0eabc4efea161b2b5a3d0e 35.65MB / 40.01MB 0.7s
deploy	🚀 Deploy Frontend	2025-10-31T21:35:11.9038751Z #6 sha256:dd71dde834b5c203d162902e6b8994cb2309ae049a0eabc4efea161b2b5a3d0e 40.01MB / 40.01MB 0.7s done
deploy	🚀 Deploy Frontend	2025-10-31T21:35:11.9040234Z #6 extracting sha256:dd71dde834b5c203d162902e6b8994cb2309ae049a0eabc4efea161b2b5a3d0e 0.1s
deploy	🚀 Deploy Frontend	2025-10-31T21:35:12.8360615Z #6 extracting sha256:dd71dde834b5c203d162902e6b8994cb2309ae049a0eabc4efea161b2b5a3d0e 1.0s done
deploy	🚀 Deploy Frontend	2025-10-31T21:35:13.1332048Z #6 extracting sha256:1e5a4c89cee5c0826c540ab06d4b6b491c96eda01837f430bd47f0d26702d6e3
deploy	🚀 Deploy Frontend	2025-10-31T21:35:13.3407443Z #6 extracting sha256:1e5a4c89cee5c0826c540ab06d4b6b491c96eda01837f430bd47f0d26702d6e3 0.0s done
deploy	🚀 Deploy Frontend	2025-10-31T21:35:13.3408900Z #6 extracting sha256:25ff2da83641908f65c3a74d80409d6b1b62ccfaab220b9ea70b80df5a2e0549 done
deploy	🚀 Deploy Frontend	2025-10-31T21:35:13.3409763Z #6 DONE 2.2s
deploy	🚀 Deploy Frontend	2025-10-31T21:35:13.3409968Z 
deploy	🚀 Deploy Frontend	2025-10-31T21:35:13.3410201Z #7 [2/7] WORKDIR /app
deploy	🚀 Deploy Frontend	2025-10-31T21:35:13.3410668Z #7 DONE 0.0s
deploy	🚀 Deploy Frontend	2025-10-31T21:35:13.3410870Z 
deploy	🚀 Deploy Frontend	2025-10-31T21:35:13.3411417Z #8 [3/7] RUN if [ -n "1761946508" ]; then mkdir -p /buildmeta && echo "1761946508" > /buildmeta/BUILD_DATE || true; fi
deploy	🚀 Deploy Frontend	2025-10-31T21:35:13.3412213Z #8 DONE 0.1s
deploy	🚀 Deploy Frontend	2025-10-31T21:35:13.5061331Z 
deploy	🚀 Deploy Frontend	2025-10-31T21:35:13.5062706Z #9 [4/7] COPY package*.json ./
deploy	🚀 Deploy Frontend	2025-10-31T21:35:13.5063405Z #9 DONE 0.0s
deploy	🚀 Deploy Frontend	2025-10-31T21:35:13.5063710Z 
deploy	🚀 Deploy Frontend	2025-10-31T21:35:13.5063941Z #10 [5/7] RUN npm install
deploy	🚀 Deploy Frontend	2025-10-31T21:35:17.8611506Z #10 4.505 
deploy	🚀 Deploy Frontend	2025-10-31T21:35:17.8613508Z #10 4.505 added 121 packages, and audited 122 packages in 4s
deploy	🚀 Deploy Frontend	2025-10-31T21:35:18.0512999Z #10 4.505 
deploy	🚀 Deploy Frontend	2025-10-31T21:35:18.0513757Z #10 4.505 8 packages are looking for funding
deploy	🚀 Deploy Frontend	2025-10-31T21:35:18.0514455Z #10 4.505   run `npm fund` for details
deploy	🚀 Deploy Frontend	2025-10-31T21:35:18.0515031Z #10 4.515 
deploy	🚀 Deploy Frontend	2025-10-31T21:35:18.0515549Z #10 4.515 2 moderate severity vulnerabilities
deploy	🚀 Deploy Frontend	2025-10-31T21:35:18.0516150Z #10 4.515 
deploy	🚀 Deploy Frontend	2025-10-31T21:35:18.0516742Z #10 4.515 To address all issues (including breaking changes), run:
deploy	🚀 Deploy Frontend	2025-10-31T21:35:18.0517717Z #10 4.515   npm audit fix --force
deploy	🚀 Deploy Frontend	2025-10-31T21:35:18.0518290Z #10 4.515 
deploy	🚀 Deploy Frontend	2025-10-31T21:35:18.0528165Z #10 4.515 Run `npm audit` for details.
deploy	🚀 Deploy Frontend	2025-10-31T21:35:18.0530064Z #10 4.516 npm notice
deploy	🚀 Deploy Frontend	2025-10-31T21:35:18.0530769Z #10 4.516 npm notice New major version of npm available! 10.8.2 -> 11.6.2
deploy	🚀 Deploy Frontend	2025-10-31T21:35:18.0531784Z #10 4.516 npm notice Changelog: https://github.com/npm/cli/releases/tag/v11.6.2
deploy	🚀 Deploy Frontend	2025-10-31T21:35:18.0532689Z #10 4.516 npm notice To update run: npm install -g npm@11.6.2
deploy	🚀 Deploy Frontend	2025-10-31T21:35:18.0533423Z #10 4.516 npm notice
deploy	🚀 Deploy Frontend	2025-10-31T21:35:18.0534147Z #10 DONE 4.5s
deploy	🚀 Deploy Frontend	2025-10-31T21:35:18.0534507Z 
deploy	🚀 Deploy Frontend	2025-10-31T21:35:18.0534938Z #11 [6/7] COPY . .
deploy	🚀 Deploy Frontend	2025-10-31T21:35:18.1126589Z #11 DONE 0.2s
deploy	🚀 Deploy Frontend	2025-10-31T21:35:18.2640036Z 
deploy	🚀 Deploy Frontend	2025-10-31T21:35:18.2644411Z #12 [7/7] RUN if [ -d "dist" ]; then 			echo "Using prebuilt dist/ (skip npm run build)"; 		else 			npm run build; 		fi
deploy	🚀 Deploy Frontend	2025-10-31T21:35:18.4100934Z #12 0.296 
deploy	🚀 Deploy Frontend	2025-10-31T21:35:18.4184420Z #12 0.296 > medplat-frontend@1.0.0 build
deploy	🚀 Deploy Frontend	2025-10-31T21:35:18.4185570Z #12 0.296 > node ./scripts/verify_build_env.js && vite build && node ./scripts/write_build_api_base.js
deploy	🚀 Deploy Frontend	2025-10-31T21:35:18.4186507Z #12 0.296 
deploy	🚀 Deploy Frontend	2025-10-31T21:35:18.6092970Z #12 0.345 WARNING: VITE_API_BASE is not set. Local builds will fall back to the configured defaults in src/config.js.
deploy	🚀 Deploy Frontend	2025-10-31T21:35:18.7108744Z #12 0.597 vite v4.5.14 building for production...
deploy	🚀 Deploy Frontend	2025-10-31T21:35:18.8992532Z #12 0.633 transforming...
deploy	🚀 Deploy Frontend	2025-10-31T21:35:19.7982406Z #12 1.685 ✓ 31 modules transformed.
deploy	🚀 Deploy Frontend	2025-10-31T21:35:19.9053440Z #12 1.792 rendering chunks...
deploy	🚀 Deploy Frontend	2025-10-31T21:35:20.0118334Z #12 1.800 computing gzip size...
deploy	🚀 Deploy Frontend	2025-10-31T21:35:20.0119629Z #12 1.808 dist/index.html                   0.39 kB │ gzip:  0.27 kB
deploy	🚀 Deploy Frontend	2025-10-31T21:35:20.0120714Z #12 1.808 dist/assets/index-28c342d1.css    0.07 kB │ gzip:  0.09 kB
deploy	🚀 Deploy Frontend	2025-10-31T21:35:20.0121787Z #12 1.808 dist/assets/index-07999ac2.js   142.81 kB │ gzip: 45.89 kB
deploy	🚀 Deploy Frontend	2025-10-31T21:35:20.0123163Z #12 1.809 ✓ built in 1.21s
deploy	🚀 Deploy Frontend	2025-10-31T21:35:20.0124211Z #12 1.874 Wrote VITE_API_BASE to /app/dist/VITE_API_BASE.txt
deploy	🚀 Deploy Frontend	2025-10-31T21:35:20.0124783Z #12 DONE 1.9s
deploy	🚀 Deploy Frontend	2025-10-31T21:35:20.1634761Z 
deploy	🚀 Deploy Frontend	2025-10-31T21:35:20.1636813Z #13 exporting to image
deploy	🚀 Deploy Frontend	2025-10-31T21:35:20.1638758Z #13 exporting layers
deploy	🚀 Deploy Frontend	2025-10-31T21:35:22.1142250Z #13 exporting layers 2.1s done
deploy	🚀 Deploy Frontend	2025-10-31T21:35:22.1334817Z #13 writing image sha256:0fe658d1d3106b910f769cdff04f4c0645ec4ea54f3a73753eb3e9f6d54b9457 done
deploy	🚀 Deploy Frontend	2025-10-31T21:35:22.1338721Z #13 naming to europe-west1-docker.pkg.dev/***/medplat/frontend:1761946508 done
deploy	🚀 Deploy Frontend	2025-10-31T21:35:22.1340077Z #13 DONE 2.1s
deploy	🚀 Deploy Frontend	2025-10-31T21:35:22.8129656Z The push refers to repository [europe-west1-docker.pkg.dev/***/medplat/frontend]
deploy	🚀 Deploy Frontend	2025-10-31T21:35:23.7922635Z ae15a8873ebd: Preparing
deploy	🚀 Deploy Frontend	2025-10-31T21:35:23.7925903Z 679ca9745228: Preparing
deploy	🚀 Deploy Frontend	2025-10-31T21:35:23.7928387Z f2ff82e329a5: Preparing
deploy	🚀 Deploy Frontend	2025-10-31T21:35:23.7929093Z 892460908525: Preparing
deploy	🚀 Deploy Frontend	2025-10-31T21:35:23.7929742Z c9a2c47fc1cd: Preparing
deploy	🚀 Deploy Frontend	2025-10-31T21:35:23.7930432Z 1053b31fa85f: Preparing
deploy	🚀 Deploy Frontend	2025-10-31T21:35:23.7931046Z 82140d9a70a7: Preparing
deploy	🚀 Deploy Frontend	2025-10-31T21:35:23.7931650Z f3b40b0cdb1c: Preparing
deploy	🚀 Deploy Frontend	2025-10-31T21:35:23.7932146Z 0b1f26057bd0: Preparing
deploy	🚀 Deploy Frontend	2025-10-31T21:35:23.7932607Z 08000c18d16d: Preparing
deploy	🚀 Deploy Frontend	2025-10-31T21:35:23.7933041Z 82140d9a70a7: Waiting
deploy	🚀 Deploy Frontend	2025-10-31T21:35:23.7933361Z f3b40b0cdb1c: Waiting
deploy	🚀 Deploy Frontend	2025-10-31T21:35:23.7934225Z 0b1f26057bd0: Waiting
deploy	🚀 Deploy Frontend	2025-10-31T21:35:23.7934542Z 08000c18d16d: Waiting
deploy	🚀 Deploy Frontend	2025-10-31T21:35:23.7934857Z 1053b31fa85f: Waiting
deploy	🚀 Deploy Frontend	2025-10-31T21:35:30.5407425Z 679ca9745228: Pushed
deploy	🚀 Deploy Frontend	2025-10-31T21:35:30.6052992Z ae15a8873ebd: Pushed
deploy	🚀 Deploy Frontend	2025-10-31T21:35:30.6057594Z c9a2c47fc1cd: Pushed
deploy	🚀 Deploy Frontend	2025-10-31T21:35:30.6336904Z 892460908525: Pushed
deploy	🚀 Deploy Frontend	2025-10-31T21:35:31.5872404Z 82140d9a70a7: Layer already exists
deploy	🚀 Deploy Frontend	2025-10-31T21:35:31.6286386Z f3b40b0cdb1c: Layer already exists
deploy	🚀 Deploy Frontend	2025-10-31T21:35:31.6320795Z 0b1f26057bd0: Layer already exists
deploy	🚀 Deploy Frontend	2025-10-31T21:35:32.5592010Z 08000c18d16d: Layer already exists
deploy	🚀 Deploy Frontend	2025-10-31T21:35:34.1550535Z f2ff82e329a5: Pushed
deploy	🚀 Deploy Frontend	2025-10-31T21:35:35.8091255Z 1053b31fa85f: Pushed
deploy	🚀 Deploy Frontend	2025-10-31T21:35:39.8599744Z 1761946508: digest: sha256:9e77cb0c5a7129a553b6d88f1aea33a8ac88d46bdfdcdb92405ef355f49bdd1e size: 2410
deploy	🚀 Deploy Frontend	2025-10-31T21:35:41.9260473Z Deploying container to Cloud Run service [medplat-frontend] in project [***] region [europe-west1]
deploy	🚀 Deploy Frontend	2025-10-31T21:35:41.9261699Z Deploying...
deploy	🚀 Deploy Frontend	2025-10-31T21:35:45.2326123Z Setting IAM Policy........................done
deploy	🚀 Deploy Frontend	2025-10-31T21:35:57.6409375Z Creating Revision..................................................................................................................................done
deploy	🚀 Deploy Frontend	2025-10-31T21:35:57.6410639Z Routing traffic.....done
deploy	🚀 Deploy Frontend	2025-10-31T21:35:58.7355993Z Done.
deploy	🚀 Deploy Frontend	2025-10-31T21:35:58.7515368Z Service [medplat-frontend] revision [medplat-frontend-00286-wgw] has been deployed and is serving 100 percent of traffic.
deploy	🚀 Deploy Frontend	2025-10-31T21:35:58.7516948Z Service URL: https://medplat-frontend-139218747785.europe-west1.run.app
deploy	🩺 Post-deploy health checks	﻿2025-10-31T21:35:58.9186053Z ##[group]Run set -euo pipefail
deploy	🩺 Post-deploy health checks	2025-10-31T21:35:58.9186593Z [36;1mset -euo pipefail[0m
deploy	🩺 Post-deploy health checks	2025-10-31T21:35:58.9187016Z [36;1mecho "Running post-deploy health checks"[0m
deploy	🩺 Post-deploy health checks	2025-10-31T21:35:58.9187727Z [36;1m[0m
deploy	🩺 Post-deploy health checks	2025-10-31T21:35:58.9188186Z [36;1m# Ensure services allow unauthenticated invocations (idempotent)[0m
deploy	🩺 Post-deploy health checks	2025-10-31T21:35:58.9188830Z [36;1mecho "Ensuring Cloud Run services allow unauthenticated invocations"[0m
deploy	🩺 Post-deploy health checks	2025-10-31T21:35:58.9189836Z [36;1mgcloud run services add-iam-policy-binding medplat-frontend --region=europe-west1 --member="allUsers" --role="roles/run.invoker" --project=$GCP_PROJECT || true[0m
deploy	🩺 Post-deploy health checks	2025-10-31T21:35:58.9191159Z [36;1mgcloud run services add-iam-policy-binding medplat-backend --region=europe-west1 --member="allUsers" --role="roles/run.invoker" --project=$GCP_PROJECT || true[0m
deploy	🩺 Post-deploy health checks	2025-10-31T21:35:58.9192290Z [36;1m[0m
deploy	🩺 Post-deploy health checks	2025-10-31T21:35:58.9192629Z [36;1mresolve_url() ***[0m
deploy	🩺 Post-deploy health checks	2025-10-31T21:35:58.9192989Z [36;1m  svc="$1"[0m
deploy	🩺 Post-deploy health checks	2025-10-31T21:35:58.9193387Z [36;1m  # re-query the service URL to avoid stale values[0m
deploy	🩺 Post-deploy health checks	2025-10-31T21:35:58.9194160Z [36;1m  url=$(gcloud run services describe "$svc" --region=europe-west1 --project=$GCP_PROJECT --format='value(status.url)')[0m
deploy	🩺 Post-deploy health checks	2025-10-31T21:35:58.9194832Z [36;1m  echo "$url"[0m
deploy	🩺 Post-deploy health checks	2025-10-31T21:35:58.9195177Z [36;1m***[0m
deploy	🩺 Post-deploy health checks	2025-10-31T21:35:58.9195476Z [36;1m[0m
deploy	🩺 Post-deploy health checks	2025-10-31T21:35:58.9195784Z [36;1mcheck_service() ***[0m
deploy	🩺 Post-deploy health checks	2025-10-31T21:35:58.9196135Z [36;1m  svc="$1"[0m
deploy	🩺 Post-deploy health checks	2025-10-31T21:35:58.9196456Z [36;1m  name="$2"[0m
deploy	🩺 Post-deploy health checks	2025-10-31T21:35:58.9196858Z [36;1m  echo "Checking service $svc (friendly name: $name)"[0m
deploy	🩺 Post-deploy health checks	2025-10-31T21:35:58.9197823Z [36;1m  # allow retry a few times for services that are still warming[0m
deploy	🩺 Post-deploy health checks	2025-10-31T21:35:58.9198301Z [36;1m  retries=6[0m
deploy	🩺 Post-deploy health checks	2025-10-31T21:35:58.9198600Z [36;1m  delay=5[0m
deploy	🩺 Post-deploy health checks	2025-10-31T21:35:58.9198901Z [36;1m  attempt=0[0m
deploy	🩺 Post-deploy health checks	2025-10-31T21:35:58.9199202Z [36;1m  while : ; do[0m
deploy	🩺 Post-deploy health checks	2025-10-31T21:35:58.9199547Z [36;1m    url=$(resolve_url "$svc")[0m
deploy	🩺 Post-deploy health checks	2025-10-31T21:35:58.9199931Z [36;1m    echo "Resolved $svc -> $url"[0m
deploy	🩺 Post-deploy health checks	2025-10-31T21:35:58.9200315Z [36;1m    if [ -z "$url" ]; then[0m
deploy	🩺 Post-deploy health checks	2025-10-31T21:35:58.9200692Z [36;1m      echo "No URL returned yet for $svc"[0m
deploy	🩺 Post-deploy health checks	2025-10-31T21:35:58.9201070Z [36;1m    else[0m
deploy	🩺 Post-deploy health checks	2025-10-31T21:35:58.9201532Z [36;1m        status=$(curl -s -o /dev/null -w "%***http_code***" -L --max-time 15 "$url" || true)[0m
deploy	🩺 Post-deploy health checks	2025-10-31T21:35:58.9202073Z [36;1m        echo "$name responded with HTTP $status"[0m
deploy	🩺 Post-deploy health checks	2025-10-31T21:35:58.9202508Z [36;1m        if [[ "$status" =~ ^2[0-9][0-9]$ ]]; then[0m
deploy	🩺 Post-deploy health checks	2025-10-31T21:35:58.9202902Z [36;1m          echo "✅ $name OK"[0m
deploy	🩺 Post-deploy health checks	2025-10-31T21:35:58.9203249Z [36;1m          break[0m
deploy	🩺 Post-deploy health checks	2025-10-31T21:35:58.9203579Z [36;1m        fi[0m
deploy	🩺 Post-deploy health checks	2025-10-31T21:35:58.9203872Z [36;1m[0m
deploy	🩺 Post-deploy health checks	2025-10-31T21:35:58.9204309Z [36;1m        # Try fallback regional URL using project number (some Cloud Run hostnames differ)[0m
deploy	🩺 Post-deploy health checks	2025-10-31T21:35:58.9205058Z [36;1m        PROJECT_NUMBER=$(gcloud projects describe $GCP_PROJECT --format='value(projectNumber)') || PROJECT_NUMBER=""[0m
deploy	🩺 Post-deploy health checks	2025-10-31T21:35:58.9205691Z [36;1m        if [ -n "$PROJECT_NUMBER" ]; then[0m
deploy	🩺 Post-deploy health checks	2025-10-31T21:35:58.9206187Z [36;1m          alt_url="https://$svc-$PROJECT_NUMBER.europe-west1.run.app"[0m
deploy	🩺 Post-deploy health checks	2025-10-31T21:35:58.9206673Z [36;1m          echo "Trying fallback URL: $alt_url"[0m
deploy	🩺 Post-deploy health checks	2025-10-31T21:35:58.9207428Z [36;1m          alt_status=$(curl -s -o /dev/null -w "%***http_code***" -L --max-time 15 "$alt_url" || true)[0m
deploy	🩺 Post-deploy health checks	2025-10-31T21:35:58.9208052Z [36;1m          echo "$name fallback URL responded with HTTP $alt_status"[0m
deploy	🩺 Post-deploy health checks	2025-10-31T21:35:58.9208533Z [36;1m          if [[ "$alt_status" =~ ^2[0-9][0-9]$ ]]; then[0m
deploy	🩺 Post-deploy health checks	2025-10-31T21:35:58.9208987Z [36;1m            echo "✅ $name OK via fallback URL ($alt_url)"[0m
deploy	🩺 Post-deploy health checks	2025-10-31T21:35:58.9209385Z [36;1m            break[0m
deploy	🩺 Post-deploy health checks	2025-10-31T21:35:58.9209701Z [36;1m          else[0m
deploy	🩺 Post-deploy health checks	2025-10-31T21:35:58.9210104Z [36;1m            echo "❌ $name fallback also returned $alt_status"[0m
deploy	🩺 Post-deploy health checks	2025-10-31T21:35:58.9210519Z [36;1m          fi[0m
deploy	🩺 Post-deploy health checks	2025-10-31T21:35:58.9211050Z [36;1m        fi[0m
deploy	🩺 Post-deploy health checks	2025-10-31T21:35:58.9211342Z [36;1m    fi[0m
deploy	🩺 Post-deploy health checks	2025-10-31T21:35:58.9211624Z [36;1m[0m
deploy	🩺 Post-deploy health checks	2025-10-31T21:35:58.9211924Z [36;1m    attempt=$((attempt+1))[0m
deploy	🩺 Post-deploy health checks	2025-10-31T21:35:58.9212305Z [36;1m    if [ $attempt -ge $retries ]; then[0m
deploy	🩺 Post-deploy health checks	2025-10-31T21:35:58.9212762Z [36;1m      echo "$name failed health check after $retries attempts"[0m
deploy	🩺 Post-deploy health checks	2025-10-31T21:35:58.9213204Z [36;1m      # print some diagnostics[0m
deploy	🩺 Post-deploy health checks	2025-10-31T21:35:58.9213626Z [36;1m      echo "Diagnostics: describe and IAM policy for $svc"[0m
deploy	🩺 Post-deploy health checks	2025-10-31T21:35:58.9214225Z [36;1m      gcloud run services describe "$svc" --region=europe-west1 --project=$GCP_PROJECT || true[0m
deploy	🩺 Post-deploy health checks	2025-10-31T21:35:58.9215098Z [36;1m      gcloud run services get-iam-policy "$svc" --region=europe-west1 --project=$GCP_PROJECT || true[0m
deploy	🩺 Post-deploy health checks	2025-10-31T21:35:58.9215654Z [36;1m      exit 1[0m
deploy	🩺 Post-deploy health checks	2025-10-31T21:35:58.9215958Z [36;1m    fi[0m
deploy	🩺 Post-deploy health checks	2025-10-31T21:35:58.9216373Z [36;1m    echo "Retrying $name in $delay seconds... (attempt $attempt/$retries)"[0m
deploy	🩺 Post-deploy health checks	2025-10-31T21:35:58.9216855Z [36;1m    sleep $delay[0m
deploy	🩺 Post-deploy health checks	2025-10-31T21:35:58.9217293Z [36;1m  done[0m
deploy	🩺 Post-deploy health checks	2025-10-31T21:35:58.9217714Z [36;1m***[0m
deploy	🩺 Post-deploy health checks	2025-10-31T21:35:58.9217999Z [36;1m[0m
deploy	🩺 Post-deploy health checks	2025-10-31T21:35:58.9218321Z [36;1mcheck_service medplat-frontend frontend[0m
deploy	🩺 Post-deploy health checks	2025-10-31T21:35:58.9218764Z [36;1mcheck_service medplat-backend backend[0m
deploy	🩺 Post-deploy health checks	2025-10-31T21:35:58.9252149Z shell: /usr/bin/bash -e ***0***
deploy	🩺 Post-deploy health checks	2025-10-31T21:35:58.9252507Z env:
deploy	🩺 Post-deploy health checks	2025-10-31T21:35:58.9252807Z   GCP_PROJECT: ***
deploy	🩺 Post-deploy health checks	2025-10-31T21:35:58.9253365Z   CLOUDSDK_AUTH_CREDENTIAL_FILE_OVERRIDE: /home/runner/work/medplat/medplat/gha-creds-a42fcbba47b38ca8.json
deploy	🩺 Post-deploy health checks	2025-10-31T21:35:58.9254187Z   GOOGLE_APPLICATION_CREDENTIALS: /home/runner/work/medplat/medplat/gha-creds-a42fcbba47b38ca8.json
deploy	🩺 Post-deploy health checks	2025-10-31T21:35:58.9254905Z   GOOGLE_GHA_CREDS_PATH: /home/runner/work/medplat/medplat/gha-creds-a42fcbba47b38ca8.json
deploy	🩺 Post-deploy health checks	2025-10-31T21:35:58.9255493Z   CLOUDSDK_CORE_PROJECT: ***
deploy	🩺 Post-deploy health checks	2025-10-31T21:35:58.9255847Z   CLOUDSDK_PROJECT: ***
deploy	🩺 Post-deploy health checks	2025-10-31T21:35:58.9256173Z   GCLOUD_PROJECT: ***
deploy	🩺 Post-deploy health checks	2025-10-31T21:35:58.9256497Z   GOOGLE_CLOUD_PROJECT: ***
deploy	🩺 Post-deploy health checks	2025-10-31T21:35:58.9256891Z   CLOUDSDK_METRICS_ENVIRONMENT: github-actions-setup-gcloud
deploy	🩺 Post-deploy health checks	2025-10-31T21:35:58.9257625Z   CLOUDSDK_METRICS_ENVIRONMENT_VERSION: 2.2.1
deploy	🩺 Post-deploy health checks	2025-10-31T21:35:58.9258024Z ##[endgroup]
deploy	🩺 Post-deploy health checks	2025-10-31T21:35:58.9314859Z Running post-deploy health checks
deploy	🩺 Post-deploy health checks	2025-10-31T21:35:58.9315881Z Ensuring Cloud Run services allow unauthenticated invocations
deploy	🩺 Post-deploy health checks	2025-10-31T21:36:02.2030556Z Updated IAM policy for service [medplat-frontend].
deploy	🩺 Post-deploy health checks	2025-10-31T21:36:02.2207869Z bindings:
deploy	🩺 Post-deploy health checks	2025-10-31T21:36:02.2208474Z - members:
deploy	🩺 Post-deploy health checks	2025-10-31T21:36:02.2208950Z   - allUsers
deploy	🩺 Post-deploy health checks	2025-10-31T21:36:02.2209470Z   role: roles/run.invoker
deploy	🩺 Post-deploy health checks	2025-10-31T21:36:02.2210069Z etag: BwZCeybxwJU=
deploy	🩺 Post-deploy health checks	2025-10-31T21:36:02.2210596Z version: 1
deploy	🩺 Post-deploy health checks	2025-10-31T21:36:05.5260416Z Updated IAM policy for service [medplat-backend].
deploy	🩺 Post-deploy health checks	2025-10-31T21:36:05.5438540Z bindings:
deploy	🩺 Post-deploy health checks	2025-10-31T21:36:05.5439076Z - members:
deploy	🩺 Post-deploy health checks	2025-10-31T21:36:05.5439563Z   - allUsers
deploy	🩺 Post-deploy health checks	2025-10-31T21:36:05.5440069Z   role: roles/run.invoker
deploy	🩺 Post-deploy health checks	2025-10-31T21:36:05.5440668Z etag: BwZCeyckcec=
deploy	🩺 Post-deploy health checks	2025-10-31T21:36:05.5441177Z version: 1
deploy	🩺 Post-deploy health checks	2025-10-31T21:36:05.6592939Z Checking service medplat-frontend (friendly name: frontend)
deploy	🩺 Post-deploy health checks	2025-10-31T21:36:07.4712049Z Resolved medplat-frontend -> https://medplat-frontend-2pr2rrffwq-ew.a.run.app
deploy	🩺 Post-deploy health checks	2025-10-31T21:36:07.9126426Z frontend responded with HTTP 403
deploy	🩺 Post-deploy health checks	2025-10-31T21:36:08.6649310Z Trying fallback URL: https://medplat-frontend-139218747785.europe-west1.run.app
deploy	🩺 Post-deploy health checks	2025-10-31T21:36:08.9025012Z frontend fallback URL responded with HTTP 200
deploy	🩺 Post-deploy health checks	2025-10-31T21:36:08.9026491Z ✅ frontend OK via fallback URL (https://medplat-frontend-139218747785.europe-west1.run.app)
deploy	🩺 Post-deploy health checks	2025-10-31T21:36:08.9027770Z Checking service medplat-backend (friendly name: backend)
deploy	🩺 Post-deploy health checks	2025-10-31T21:36:10.7229442Z Resolved medplat-backend -> https://medplat-backend-2pr2rrffwq-ew.a.run.app
deploy	🩺 Post-deploy health checks	2025-10-31T21:36:10.9669549Z backend responded with HTTP 200
deploy	🩺 Post-deploy health checks	2025-10-31T21:36:10.9670360Z ✅ backend OK
deploy	📊 Summary	﻿2025-10-31T21:36:10.9701089Z ##[group]Run BACKEND_URL=$(gcloud run services describe medplat-backend --region=europe-west1 --format='value(status.url)')
deploy	📊 Summary	2025-10-31T21:36:10.9702043Z [36;1mBACKEND_URL=$(gcloud run services describe medplat-backend --region=europe-west1 --format='value(status.url)')[0m
deploy	📊 Summary	2025-10-31T21:36:10.9702907Z [36;1mFRONTEND_URL=$(gcloud run services describe medplat-frontend --region=europe-west1 --format='value(status.url)')[0m
deploy	📊 Summary	2025-10-31T21:36:10.9703548Z [36;1mecho "✅ Backend: $BACKEND_URL"[0m
deploy	📊 Summary	2025-10-31T21:36:10.9703932Z [36;1mecho "✅ Frontend: $FRONTEND_URL"[0m
deploy	📊 Summary	2025-10-31T21:36:10.9704361Z [36;1mecho "🎯 MedPlat deployment successful"[0m
deploy	📊 Summary	2025-10-31T21:36:10.9736720Z shell: /usr/bin/bash -e ***0***
deploy	📊 Summary	2025-10-31T21:36:10.9737640Z env:
deploy	📊 Summary	2025-10-31T21:36:10.9738045Z   GCP_PROJECT: ***
deploy	📊 Summary	2025-10-31T21:36:10.9738603Z   CLOUDSDK_AUTH_CREDENTIAL_FILE_OVERRIDE: /home/runner/work/medplat/medplat/gha-creds-a42fcbba47b38ca8.json
deploy	📊 Summary	2025-10-31T21:36:10.9739403Z   GOOGLE_APPLICATION_CREDENTIALS: /home/runner/work/medplat/medplat/gha-creds-a42fcbba47b38ca8.json
deploy	📊 Summary	2025-10-31T21:36:10.9740154Z   GOOGLE_GHA_CREDS_PATH: /home/runner/work/medplat/medplat/gha-creds-a42fcbba47b38ca8.json
deploy	📊 Summary	2025-10-31T21:36:10.9740684Z   CLOUDSDK_CORE_PROJECT: ***
deploy	📊 Summary	2025-10-31T21:36:10.9741039Z   CLOUDSDK_PROJECT: ***
deploy	📊 Summary	2025-10-31T21:36:10.9741365Z   GCLOUD_PROJECT: ***
deploy	📊 Summary	2025-10-31T21:36:10.9741684Z   GOOGLE_CLOUD_PROJECT: ***
deploy	📊 Summary	2025-10-31T21:36:10.9742080Z   CLOUDSDK_METRICS_ENVIRONMENT: github-actions-setup-gcloud
deploy	📊 Summary	2025-10-31T21:36:10.9742538Z   CLOUDSDK_METRICS_ENVIRONMENT_VERSION: 2.2.1
deploy	📊 Summary	2025-10-31T21:36:10.9742903Z ##[endgroup]
deploy	📊 Summary	2025-10-31T21:36:14.5852315Z ✅ Backend: https://medplat-backend-2pr2rrffwq-ew.a.run.app
deploy	📊 Summary	2025-10-31T21:36:14.5853873Z ✅ Frontend: https://medplat-frontend-2pr2rrffwq-ew.a.run.app
deploy	📊 Summary	2025-10-31T21:36:14.5854901Z 🎯 MedPlat deployment successful
deploy	🧪 Post-deploy smoke tests	﻿2025-10-31T21:36:14.5881539Z ##[group]Run echo "Running post-deploy smoke tests"
deploy	🧪 Post-deploy smoke tests	2025-10-31T21:36:14.5882068Z [36;1mecho "Running post-deploy smoke tests"[0m
deploy	🧪 Post-deploy smoke tests	2025-10-31T21:36:14.5882739Z [36;1mFRONTEND_URL=$(gcloud run services describe medplat-frontend --region=europe-west1 --format='value(status.url)')[0m
deploy	🧪 Post-deploy smoke tests	2025-10-31T21:36:14.5883617Z [36;1mBACKEND_URL=$(gcloud run services describe medplat-backend --region=europe-west1 --format='value(status.url)')[0m
deploy	🧪 Post-deploy smoke tests	2025-10-31T21:36:14.5884456Z [36;1mPROJECT_NUMBER=$(gcloud projects describe $GCP_PROJECT --format='value(projectNumber)') || PROJECT_NUMBER=""[0m
deploy	🧪 Post-deploy smoke tests	2025-10-31T21:36:14.5885060Z [36;1mFRONTEND_FALLBACK=""[0m
deploy	🧪 Post-deploy smoke tests	2025-10-31T21:36:14.5885400Z [36;1mBACKEND_FALLBACK=""[0m
deploy	🧪 Post-deploy smoke tests	2025-10-31T21:36:14.5885748Z [36;1mif [ -n "$PROJECT_NUMBER" ]; then[0m
deploy	🧪 Post-deploy smoke tests	2025-10-31T21:36:14.5886309Z [36;1m  FRONTEND_FALLBACK="https://medplat-frontend-$PROJECT_NUMBER.europe-west1.run.app"[0m
deploy	🧪 Post-deploy smoke tests	2025-10-31T21:36:14.5887014Z [36;1m  BACKEND_FALLBACK="https://medplat-backend-$PROJECT_NUMBER.europe-west1.run.app"[0m
deploy	🧪 Post-deploy smoke tests	2025-10-31T21:36:14.5887766Z [36;1mfi[0m
deploy	🧪 Post-deploy smoke tests	2025-10-31T21:36:14.5888074Z [36;1mecho "Frontend URL: $FRONTEND_URL"[0m
deploy	🧪 Post-deploy smoke tests	2025-10-31T21:36:14.5888488Z [36;1mecho "Frontend fallback: $FRONTEND_FALLBACK"[0m
deploy	🧪 Post-deploy smoke tests	2025-10-31T21:36:14.5888890Z [36;1mecho "Backend URL: $BACKEND_URL"[0m
deploy	🧪 Post-deploy smoke tests	2025-10-31T21:36:14.5889287Z [36;1mecho "Backend fallback: $BACKEND_FALLBACK"[0m
deploy	🧪 Post-deploy smoke tests	2025-10-31T21:36:14.5889666Z [36;1mmkdir -p tmp[0m
deploy	🧪 Post-deploy smoke tests	2025-10-31T21:36:14.5890304Z [36;1mnode scripts/post_deploy_smoke_test.mjs "$FRONTEND_URL" "$FRONTEND_FALLBACK" "$BACKEND_URL" "$BACKEND_FALLBACK" 2>&1 | tee tmp/smoke-output.txt[0m
deploy	🧪 Post-deploy smoke tests	2025-10-31T21:36:14.5891010Z [36;1mecho "artifact=tmp" >> $GITHUB_OUTPUT[0m
deploy	🧪 Post-deploy smoke tests	2025-10-31T21:36:14.5923156Z shell: /usr/bin/bash -e ***0***
deploy	🧪 Post-deploy smoke tests	2025-10-31T21:36:14.5923513Z env:
deploy	🧪 Post-deploy smoke tests	2025-10-31T21:36:14.5923809Z   GCP_PROJECT: ***
deploy	🧪 Post-deploy smoke tests	2025-10-31T21:36:14.5924369Z   CLOUDSDK_AUTH_CREDENTIAL_FILE_OVERRIDE: /home/runner/work/medplat/medplat/gha-creds-a42fcbba47b38ca8.json
deploy	🧪 Post-deploy smoke tests	2025-10-31T21:36:14.5925189Z   GOOGLE_APPLICATION_CREDENTIALS: /home/runner/work/medplat/medplat/gha-creds-a42fcbba47b38ca8.json
deploy	🧪 Post-deploy smoke tests	2025-10-31T21:36:14.5925920Z   GOOGLE_GHA_CREDS_PATH: /home/runner/work/medplat/medplat/gha-creds-a42fcbba47b38ca8.json
deploy	🧪 Post-deploy smoke tests	2025-10-31T21:36:14.5939085Z   CLOUDSDK_CORE_PROJECT: ***
deploy	🧪 Post-deploy smoke tests	2025-10-31T21:36:14.5939644Z   CLOUDSDK_PROJECT: ***
deploy	🧪 Post-deploy smoke tests	2025-10-31T21:36:14.5940006Z   GCLOUD_PROJECT: ***
deploy	🧪 Post-deploy smoke tests	2025-10-31T21:36:14.5940344Z   GOOGLE_CLOUD_PROJECT: ***
deploy	🧪 Post-deploy smoke tests	2025-10-31T21:36:14.5940750Z   CLOUDSDK_METRICS_ENVIRONMENT: github-actions-setup-gcloud
deploy	🧪 Post-deploy smoke tests	2025-10-31T21:36:14.5941209Z   CLOUDSDK_METRICS_ENVIRONMENT_VERSION: 2.2.1
deploy	🧪 Post-deploy smoke tests	2025-10-31T21:36:14.5941580Z ##[endgroup]
deploy	🧪 Post-deploy smoke tests	2025-10-31T21:36:14.5996151Z Running post-deploy smoke tests
deploy	🧪 Post-deploy smoke tests	2025-10-31T21:36:17.6440289Z Frontend URL: https://medplat-frontend-2pr2rrffwq-ew.a.run.app
deploy	🧪 Post-deploy smoke tests	2025-10-31T21:36:17.6441380Z Frontend fallback: https://medplat-frontend-139218747785.europe-west1.run.app
deploy	🧪 Post-deploy smoke tests	2025-10-31T21:36:17.6442910Z Backend URL: https://medplat-backend-2pr2rrffwq-ew.a.run.app
deploy	🧪 Post-deploy smoke tests	2025-10-31T21:36:17.6443842Z Backend fallback: https://medplat-backend-139218747785.europe-west1.run.app
deploy	🧪 Post-deploy smoke tests	2025-10-31T21:36:17.6733786Z Running smoke tests...
deploy	🧪 Post-deploy smoke tests	2025-10-31T21:36:17.6740568Z [2025-10-31T21:36:17.673Z] 
deploy	🧪 Post-deploy smoke tests	2025-10-31T21:36:17.6741198Z 1) Backend root /
deploy	🧪 Post-deploy smoke tests	2025-10-31T21:36:17.9771511Z [2025-10-31T21:36:17.976Z] -> 200  (url: https://medplat-backend-2pr2rrffwq-ew.a.run.app/ )
deploy	🧪 Post-deploy smoke tests	2025-10-31T21:36:17.9772469Z [2025-10-31T21:36:17.976Z] 
deploy	🧪 Post-deploy smoke tests	2025-10-31T21:36:17.9773040Z 2) Backend /api/topics (POST)
deploy	🧪 Post-deploy smoke tests	2025-10-31T21:36:18.1693730Z [2025-10-31T21:36:18.169Z] -> 200  (url: https://medplat-backend-2pr2rrffwq-ew.a.run.app/api/topics )
deploy	🧪 Post-deploy smoke tests	2025-10-31T21:36:18.1694550Z [2025-10-31T21:36:18.169Z] 
deploy	🧪 Post-deploy smoke tests	2025-10-31T21:36:18.1694961Z 3) Frontend /
deploy	🧪 Post-deploy smoke tests	2025-10-31T21:36:18.5540813Z [2025-10-31T21:36:18.553Z] -> 200  (url: https://medplat-frontend-139218747785.europe-west1.run.app/ )
deploy	🧪 Post-deploy smoke tests	2025-10-31T21:36:18.5542019Z [2025-10-31T21:36:18.553Z] 
deploy	🧪 Post-deploy smoke tests	2025-10-31T21:36:18.5542848Z ✅ Smoke tests passed
deploy	🧪 Post-deploy smoke tests	2025-10-31T21:36:18.5548507Z Wrote smoke artifacts: /home/runner/work/medplat/medplat/tmp/smoke-2025-10-31T21-36-18-554Z.log /home/runner/work/medplat/medplat/tmp/smoke-2025-10-31T21-36-18-554Z.json
deploy	📦 Upload smoke test artifacts	﻿2025-10-31T21:36:18.5639362Z ##[group]Run actions/upload-artifact@v4
deploy	📦 Upload smoke test artifacts	2025-10-31T21:36:18.5639759Z with:
deploy	📦 Upload smoke test artifacts	2025-10-31T21:36:18.5640052Z   name: smoke-test-artifacts
deploy	📦 Upload smoke test artifacts	2025-10-31T21:36:18.5640388Z   path: tmp
deploy	📦 Upload smoke test artifacts	2025-10-31T21:36:18.5640674Z   if-no-files-found: warn
deploy	📦 Upload smoke test artifacts	2025-10-31T21:36:18.5640998Z   compression-level: 6
deploy	📦 Upload smoke test artifacts	2025-10-31T21:36:18.5641310Z   overwrite: false
deploy	📦 Upload smoke test artifacts	2025-10-31T21:36:18.5641617Z   include-hidden-files: false
deploy	📦 Upload smoke test artifacts	2025-10-31T21:36:18.5641942Z env:
deploy	📦 Upload smoke test artifacts	2025-10-31T21:36:18.5642243Z   GCP_PROJECT: ***
deploy	📦 Upload smoke test artifacts	2025-10-31T21:36:18.5642787Z   CLOUDSDK_AUTH_CREDENTIAL_FILE_OVERRIDE: /home/runner/work/medplat/medplat/gha-creds-a42fcbba47b38ca8.json
deploy	📦 Upload smoke test artifacts	2025-10-31T21:36:18.5643592Z   GOOGLE_APPLICATION_CREDENTIALS: /home/runner/work/medplat/medplat/gha-creds-a42fcbba47b38ca8.json
deploy	📦 Upload smoke test artifacts	2025-10-31T21:36:18.5644312Z   GOOGLE_GHA_CREDS_PATH: /home/runner/work/medplat/medplat/gha-creds-a42fcbba47b38ca8.json
deploy	📦 Upload smoke test artifacts	2025-10-31T21:36:18.5644862Z   CLOUDSDK_CORE_PROJECT: ***
deploy	📦 Upload smoke test artifacts	2025-10-31T21:36:18.5645210Z   CLOUDSDK_PROJECT: ***
deploy	📦 Upload smoke test artifacts	2025-10-31T21:36:18.5645543Z   GCLOUD_PROJECT: ***
deploy	📦 Upload smoke test artifacts	2025-10-31T21:36:18.5645895Z   GOOGLE_CLOUD_PROJECT: ***
deploy	📦 Upload smoke test artifacts	2025-10-31T21:36:18.5646296Z   CLOUDSDK_METRICS_ENVIRONMENT: github-actions-setup-gcloud
deploy	📦 Upload smoke test artifacts	2025-10-31T21:36:18.5646749Z   CLOUDSDK_METRICS_ENVIRONMENT_VERSION: 2.2.1
deploy	📦 Upload smoke test artifacts	2025-10-31T21:36:18.5647477Z ##[endgroup]
deploy	📦 Upload smoke test artifacts	2025-10-31T21:36:18.7796330Z With the provided path, there will be 3 files uploaded
deploy	📦 Upload smoke test artifacts	2025-10-31T21:36:18.7802293Z Artifact name is valid!
deploy	📦 Upload smoke test artifacts	2025-10-31T21:36:18.7804145Z Root directory input is valid!
deploy	📦 Upload smoke test artifacts	2025-10-31T21:36:19.0074691Z Beginning upload of artifact content to blob storage
deploy	📦 Upload smoke test artifacts	2025-10-31T21:36:19.2561443Z Uploaded bytes 1029
deploy	📦 Upload smoke test artifacts	2025-10-31T21:36:19.3224226Z Finished uploading artifact content to blob storage!
deploy	📦 Upload smoke test artifacts	2025-10-31T21:36:19.3227059Z SHA256 digest of uploaded artifact zip is 202da645347eabf1e32332e78a97d35bd4520804682a5a657c25e0da526d94ed
deploy	📦 Upload smoke test artifacts	2025-10-31T21:36:19.3229083Z Finalizing artifact upload
deploy	📦 Upload smoke test artifacts	2025-10-31T21:36:19.4655249Z Artifact smoke-test-artifacts.zip successfully finalized. Artifact ID 4434495252
deploy	📦 Upload smoke test artifacts	2025-10-31T21:36:19.4657593Z Artifact smoke-test-artifacts has been successfully uploaded! Final size is 1029 bytes. Artifact ID is 4434495252
deploy	📦 Upload smoke test artifacts	2025-10-31T21:36:19.4665463Z Artifact download URL: https://github.com/Tazaai/medplat/actions/runs/18985764179/artifacts/4434495252
deploy	Post ☁️ Authenticate to Google Cloud (service account key)	﻿2025-10-31T21:36:19.4812806Z Post job cleanup.
deploy	Post ☁️ Authenticate to Google Cloud (service account key)	2025-10-31T21:36:19.5667068Z Removed exported credentials at "/home/runner/work/medplat/medplat/gha-creds-a42fcbba47b38ca8.json".
deploy	Post Run actions/checkout@v4	﻿2025-10-31T21:36:19.5769767Z Post job cleanup.
deploy	Post Run actions/checkout@v4	2025-10-31T21:36:19.6737363Z [command]/usr/bin/git version
deploy	Post Run actions/checkout@v4	2025-10-31T21:36:19.6775019Z git version 2.51.2
deploy	Post Run actions/checkout@v4	2025-10-31T21:36:19.6820917Z Temporarily overriding HOME='/home/runner/work/_temp/d9c92392-2bd3-49d6-adad-d609b2b634b5' before making global git config changes
deploy	Post Run actions/checkout@v4	2025-10-31T21:36:19.6822426Z Adding repository directory to the temporary git global config as a safe directory
deploy	Post Run actions/checkout@v4	2025-10-31T21:36:19.6835114Z [command]/usr/bin/git config --global --add safe.directory /home/runner/work/medplat/medplat
deploy	Post Run actions/checkout@v4	2025-10-31T21:36:19.6872774Z [command]/usr/bin/git config --local --name-only --get-regexp core\.sshCommand
deploy	Post Run actions/checkout@v4	2025-10-31T21:36:19.6907501Z [command]/usr/bin/git submodule foreach --recursive sh -c "git config --local --name-only --get-regexp 'core\.sshCommand' && git config --local --unset-all 'core.sshCommand' || :"
deploy	Post Run actions/checkout@v4	2025-10-31T21:36:19.7145735Z [command]/usr/bin/git config --local --name-only --get-regexp http\.https\:\/\/github\.com\/\.extraheader
deploy	Post Run actions/checkout@v4	2025-10-31T21:36:19.7168906Z http.https://github.com/.extraheader
deploy	Post Run actions/checkout@v4	2025-10-31T21:36:19.7181820Z [command]/usr/bin/git config --local --unset-all http.https://github.com/.extraheader
deploy	Post Run actions/checkout@v4	2025-10-31T21:36:19.7213538Z [command]/usr/bin/git submodule foreach --recursive sh -c "git config --local --name-only --get-regexp 'http\.https\:\/\/github\.com\/\.extraheader' && git config --local --unset-all 'http.https://github.com/.extraheader' || :"
deploy	Complete job	﻿2025-10-31T21:36:19.7551602Z Cleaning up orphan processes
